COMMAND: mvn.cmd -s D:\Khedma\Mr wiem\mutation-test-pipeline\.mvn\settings.xml -DskipTests compile

STDOUT:
[INFO] Scanning for projects...
[INFO] 
[INFO] ----------< org.apache.maven.scm:maven-scm-provider-accurev >-----------
[INFO] Building Maven SCM AccuRev Provider 2.0.0-M1-SNAPSHOT
[INFO]   from pom.xml
[INFO] --------------------------------[ jar ]---------------------------------
[WARNING] The POM for org.apache.maven.scm:maven-scm-test:jar:2.0.0-M1-SNAPSHOT is missing, no dependency information available
[WARNING] The POM for org.apache.maven.scm:maven-scm-api:jar:2.0.0-M1-SNAPSHOT is missing, no dependency information available
[INFO] ------------------------------------------------------------------------
[INFO] BUILD FAILURE
[INFO] ------------------------------------------------------------------------
[INFO] Total time:  0.321 s
[INFO] Finished at: 2026-02-25T18:59:35-05:00
[INFO] ------------------------------------------------------------------------
[ERROR] Failed to execute goal on project maven-scm-provider-accurev: Could not resolve dependencies for project org.apache.maven.scm:maven-scm-provider-accurev:jar:2.0.0-M1-SNAPSHOT
[ERROR] dependency: org.apache.maven.scm:maven-scm-api:jar:2.0.0-M1-SNAPSHOT (compile)
[ERROR] 	org.apache.maven.scm:maven-scm-api:jar:2.0.0-M1-SNAPSHOT was not found in https://repository.apache.org/content/groups/snapshots-group/ during a previous attempt. This failure was cached in the local repository and resolution is not reattempted until the update interval of apache.snapshots has elapsed or updates are forced
[ERROR] 
[ERROR] -> [Help 1]
[ERROR] 
[ERROR] To see the full stack trace of the errors, re-run Maven with the -e switch.
[ERROR] Re-run Maven using the -X switch to enable full debug logging.
[ERROR] 
[ERROR] For more information about the errors and possible solutions, please read the following articles:
[ERROR] [Help 1] http://cwiki.apache.org/confluence/display/MAVEN/DependencyResolutionException

STDERR:
