COMMAND: mvn.cmd -s D:\Khedma\Mr wiem\mutation-test-pipeline\.mvn\settings.xml -DskipTests compile

STDOUT:
[INFO] Scanning for projects...
[INFO] 
[INFO] -------------< org.apache.synapse:synapse-nhttp-transport >-------------
[INFO] Building Apache Synapse - Non-blocking HTTP/s Transport 3.0.3-SNAPSHOT
[INFO]   from pom.xml
[INFO] -------------------------------[ bundle ]-------------------------------
Downloading from apache.snapshots: https://repository.apache.org/snapshots/org/apache/synapse/synapse-commons/3.0.3-SNAPSHOT/maven-metadata.xml
Downloading from apache.snapshots: https://repository.apache.org/snapshots/org/apache/synapse/synapse-commons/3.0.3-SNAPSHOT/synapse-commons-3.0.3-SNAPSHOT.pom
[WARNING] The POM for org.apache.synapse:synapse-commons:jar:3.0.3-SNAPSHOT is missing, no dependency information available
Downloading from apache.snapshots: https://repository.apache.org/snapshots/org/apache/synapse/synapse-commons/3.0.3-SNAPSHOT/synapse-commons-3.0.3-SNAPSHOT.jar
[INFO] ------------------------------------------------------------------------
[INFO] BUILD FAILURE
[INFO] ------------------------------------------------------------------------
[INFO] Total time:  2.127 s
[INFO] Finished at: 2026-02-25T13:12:23-05:00
[INFO] ------------------------------------------------------------------------
[ERROR] Failed to execute goal on project synapse-nhttp-transport: Could not resolve dependencies for project org.apache.synapse:synapse-nhttp-transport:bundle:3.0.3-SNAPSHOT
[ERROR] dependency: org.apache.synapse:synapse-commons:jar:3.0.3-SNAPSHOT (compile)
[ERROR] 	Could not find artifact org.apache.synapse:synapse-commons:jar:3.0.3-SNAPSHOT in apache.snapshots (https://repository.apache.org/snapshots)
[ERROR] 
[ERROR] -> [Help 1]
[ERROR] 
[ERROR] To see the full stack trace of the errors, re-run Maven with the -e switch.
[ERROR] Re-run Maven using the -X switch to enable full debug logging.
[ERROR] 
[ERROR] For more information about the errors and possible solutions, please read the following articles:
[ERROR] [Help 1] http://cwiki.apache.org/confluence/display/MAVEN/DependencyResolutionException

STDERR:
