COMMAND: mvn.cmd -s D:\Khedma\Mr wiem\mutation-test-pipeline\.mvn\settings.xml -DskipTests compile

STDOUT:
[INFO] Scanning for projects...
[INFO] 
[INFO] --------------< org.apache.jackrabbit:jackrabbit-spi2dav >--------------
[INFO] Building Jackrabbit SPI to WebDAV 2.23.3-beta-SNAPSHOT
[INFO]   from pom.xml
[INFO] --------------------------------[ jar ]---------------------------------
[WARNING] The POM for org.apache.jackrabbit:jackrabbit-spi:jar:2.23.3-beta-SNAPSHOT is missing, no dependency information available
[WARNING] The POM for org.apache.jackrabbit:jackrabbit-spi-commons:jar:2.23.3-beta-SNAPSHOT is missing, no dependency information available
[WARNING] The POM for org.apache.jackrabbit:jackrabbit-jcr-commons:jar:2.23.3-beta-SNAPSHOT is missing, no dependency information available
[WARNING] The POM for org.apache.jackrabbit:jackrabbit-webdav:jar:2.23.3-beta-SNAPSHOT is missing, no dependency information available
[WARNING] The POM for org.apache.jackrabbit:jackrabbit-jcr-tests:jar:2.23.3-beta-SNAPSHOT is missing, no dependency information available
[WARNING] The POM for org.apache.jackrabbit:jackrabbit-jcr2spi:jar:2.23.3-beta-SNAPSHOT is missing, no dependency information available
[WARNING] The POM for org.apache.jackrabbit:jackrabbit-jcr2spi:jar:tests:2.23.3-beta-SNAPSHOT is missing, no dependency information available
[WARNING] The POM for org.apache.jackrabbit:jackrabbit-spi:jar:tests:2.23.3-beta-SNAPSHOT is missing, no dependency information available
[WARNING] The POM for org.apache.jackrabbit:jackrabbit-jcr-server:jar:tests:2.23.3-beta-SNAPSHOT is missing, no dependency information available
[WARNING] The POM for org.apache.jackrabbit:jackrabbit-jcr-server:jar:2.23.3-beta-SNAPSHOT is missing, no dependency information available
[WARNING] The POM for org.apache.jackrabbit:jackrabbit-core:jar:2.23.3-beta-SNAPSHOT is missing, no dependency information available
[INFO] ------------------------------------------------------------------------
[INFO] BUILD FAILURE
[INFO] ------------------------------------------------------------------------
[INFO] Total time:  0.479 s
[INFO] Finished at: 2026-02-25T13:14:14-05:00
[INFO] ------------------------------------------------------------------------
[ERROR] Failed to execute goal on project jackrabbit-spi2dav: Could not resolve dependencies for project org.apache.jackrabbit:jackrabbit-spi2dav:jar:2.23.3-beta-SNAPSHOT
[ERROR] dependency: org.apache.jackrabbit:jackrabbit-spi:jar:2.23.3-beta-SNAPSHOT (compile)
[ERROR] 	Could not find artifact org.apache.jackrabbit:jackrabbit-spi:jar:2.23.3-beta-SNAPSHOT
[ERROR] dependency: org.apache.jackrabbit:jackrabbit-spi-commons:jar:2.23.3-beta-SNAPSHOT (compile)
[ERROR] 	Could not find artifact org.apache.jackrabbit:jackrabbit-spi-commons:jar:2.23.3-beta-SNAPSHOT
[ERROR] dependency: org.apache.jackrabbit:jackrabbit-jcr-commons:jar:2.23.3-beta-SNAPSHOT (compile)
[ERROR] 	Could not find artifact org.apache.jackrabbit:jackrabbit-jcr-commons:jar:2.23.3-beta-SNAPSHOT
[ERROR] dependency: org.apache.jackrabbit:jackrabbit-webdav:jar:2.23.3-beta-SNAPSHOT (compile)
[ERROR] 	Could not find artifact org.apache.jackrabbit:jackrabbit-webdav:jar:2.23.3-beta-SNAPSHOT
[ERROR] dependency: org.apache.jackrabbit:jackrabbit-jcr-tests:jar:2.23.3-beta-SNAPSHOT (test)
[ERROR] 	Could not find artifact org.apache.jackrabbit:jackrabbit-jcr-tests:jar:2.23.3-beta-SNAPSHOT
[ERROR] dependency: org.apache.jackrabbit:jackrabbit-jcr2spi:jar:2.23.3-beta-SNAPSHOT (test)
[ERROR] 	Could not find artifact org.apache.jackrabbit:jackrabbit-jcr2spi:jar:2.23.3-beta-SNAPSHOT
[ERROR] dependency: org.apache.jackrabbit:jackrabbit-jcr2spi:jar:tests:2.23.3-beta-SNAPSHOT (test)
[ERROR] 	Could not find artifact org.apache.jackrabbit:jackrabbit-jcr2spi:jar:tests:2.23.3-beta-SNAPSHOT
[ERROR] dependency: org.apache.jackrabbit:jackrabbit-spi:jar:tests:2.23.3-beta-SNAPSHOT (test)
[ERROR] 	Could not find artifact org.apache.jackrabbit:jackrabbit-spi:jar:tests:2.23.3-beta-SNAPSHOT
[ERROR] dependency: org.apache.jackrabbit:jackrabbit-jcr-server:jar:tests:2.23.3-beta-SNAPSHOT (test)
[ERROR] 	Could not find artifact org.apache.jackrabbit:jackrabbit-jcr-server:jar:tests:2.23.3-beta-SNAPSHOT
[ERROR] dependency: org.apache.jackrabbit:jackrabbit-jcr-server:jar:2.23.3-beta-SNAPSHOT (test)
[ERROR] 	Could not find artifact org.apache.jackrabbit:jackrabbit-jcr-server:jar:2.23.3-beta-SNAPSHOT
[ERROR] dependency: org.apache.jackrabbit:jackrabbit-core:jar:2.23.3-beta-SNAPSHOT (test)
[ERROR] 	Could not find artifact org.apache.jackrabbit:jackrabbit-core:jar:2.23.3-beta-SNAPSHOT
[ERROR] 
[ERROR] -> [Help 1]
[ERROR] 
[ERROR] To see the full stack trace of the errors, re-run Maven with the -e switch.
[ERROR] Re-run Maven using the -X switch to enable full debug logging.
[ERROR] 
[ERROR] For more information about the errors and possible solutions, please read the following articles:
[ERROR] [Help 1] http://cwiki.apache.org/confluence/display/MAVEN/DependencyResolutionException

STDERR:
