COMMAND: mvn.cmd -s D:\Khedma\Mr wiem\mutation-test-pipeline\.mvn\settings.xml -DskipTests compile

STDOUT:
[INFO] Scanning for projects...
[WARNING] 
[WARNING] Some problems were encountered while building the effective model for by.bsu.onewire:common:jar:1.0-SNAPSHOT
[WARNING] 'build.plugins.plugin.version' for org.apache.maven.plugins:maven-compiler-plugin is missing. @ by.bsu:onewire:1.0-SNAPSHOT, D:\Khedma\Mr wiem\mutation-test-pipeline\target-repos\172187\home\pom.xml, line 26, column 15
[WARNING] 'build.plugins.plugin.version' for org.apache.maven.plugins:maven-surefire-plugin is missing. @ by.bsu:onewire:1.0-SNAPSHOT, D:\Khedma\Mr wiem\mutation-test-pipeline\target-repos\172187\home\pom.xml, line 41, column 15
[WARNING] 'build.plugins.plugin.version' for org.apache.maven.plugins:maven-resources-plugin is missing. @ by.bsu:onewire:1.0-SNAPSHOT, D:\Khedma\Mr wiem\mutation-test-pipeline\target-repos\172187\home\pom.xml, line 50, column 15
[WARNING] 'build.plugins.plugin.version' for org.apache.maven.plugins:maven-eclipse-plugin is missing. @ by.bsu:onewire:1.0-SNAPSHOT, D:\Khedma\Mr wiem\mutation-test-pipeline\target-repos\172187\home\pom.xml, line 34, column 15
[WARNING] 
[WARNING] It is highly recommended to fix these problems because they threaten the stability of your build.
[WARNING] 
[WARNING] For this reason, future Maven versions might no longer support building such malformed projects.
[WARNING] 
[INFO] 
[INFO] -----------------------< by.bsu.onewire:common >------------------------
[INFO] Building common 1.0-SNAPSHOT
[INFO]   from pom.xml
[INFO] --------------------------------[ jar ]---------------------------------
Downloading from central: https://repo1.maven.org/maven2/org/apache/maven/plugins/maven-eclipse-plugin/maven-metadata.xml
Progress (1): 741 B
                   
Downloaded from central: https://repo1.maven.org/maven2/org/apache/maven/plugins/maven-eclipse-plugin/maven-metadata.xml (741 B at 2.7 kB/s)
Downloading from central: https://repo1.maven.org/maven2/org/apache/maven/plugins/maven-eclipse-plugin/2.10/maven-eclipse-plugin-2.10.pom
Progress (1): 737 B
Progress (1): 1.7 kB
Progress (1): 5.2 kB
Progress (1): 9.5 kB
Progress (1): 11 kB 
Progress (1): 14 kB
Progress (1): 18 kB
Progress (1): 19 kB
                   
Downloaded from central: https://repo1.maven.org/maven2/org/apache/maven/plugins/maven-eclipse-plugin/2.10/maven-eclipse-plugin-2.10.pom (19 kB at 389 kB/s)
Downloading from central: https://repo1.maven.org/maven2/org/apache/maven/plugins/maven-plugins/25/maven-plugins-25.pom
Progress (1): 753 B
Progress (1): 2.0 kB
Progress (1): 3.8 kB
Progress (1): 5.8 kB
Progress (1): 7.9 kB
Progress (1): 9.6 kB
                    
Downloaded from central: https://repo1.maven.org/maven2/org/apache/maven/plugins/maven-plugins/25/maven-plugins-25.pom (9.6 kB at 177 kB/s)
Downloading from central: https://repo1.maven.org/maven2/org/apache/maven/plugins/maven-eclipse-plugin/2.10/maven-eclipse-plugin-2.10.jar
Progress (1): 1.4/224 kB
Progress (1): 2.7/224 kB
Progress (1): 4.1/224 kB
Progress (1): 5.5/224 kB
Progress (1): 6.8/224 kB
Progress (1): 8.2/224 kB
Progress (1): 9.6/224 kB
Progress (1): 11/224 kB 
Progress (1): 12/224 kB
Progress (1): 14/224 kB
Progress (1): 15/224 kB
Progress (1): 16/224 kB
Progress (1): 18/224 kB
Progress (1): 19/224 kB
Progress (1): 21/224 kB
Progress (1): 22/224 kB
Progress (1): 23/224 kB
Progress (1): 25/224 kB
Progress (1): 26/224 kB
Progress (1): 27/224 kB
Progress (1): 29/224 kB
Progress (1): 30/224 kB
Progress (1): 31/224 kB
Progress (1): 33/224 kB
Progress (1): 34/224 kB
Progress (1): 36/224 kB
Progress (1): 37/224 kB
Progress (1): 38/224 kB
Progress (1): 40/224 kB
Progress (1): 41/224 kB
Progress (1): 42/224 kB
Progress (1): 47/224 kB
Progress (1): 51/224 kB
Progress (1): 55/224 kB
Progress (1): 59/224 kB
Progress (1): 64/224 kB
Progress (1): 68/224 kB
Progress (1): 72/224 kB
Progress (1): 76/224 kB
Progress (1): 80/224 kB
Progress (1): 85/224 kB
Progress (1): 89/224 kB
Progress (1): 93/224 kB
Progress (1): 97/224 kB
Progress (1): 102/224 kB
Progress (1): 106/224 kB
Progress (1): 110/224 kB
Progress (1): 114/224 kB
Progress (1): 119/224 kB
Progress (1): 123/224 kB
Progress (1): 127/224 kB
Progress (1): 131/224 kB
Progress (1): 135/224 kB
Progress (1): 140/224 kB
Progress (1): 144/224 kB
Progress (1): 148/224 kB
Progress (1): 152/224 kB
Progress (1): 156/224 kB
Progress (1): 161/224 kB
Progress (1): 165/224 kB
Progress (1): 169/224 kB
Progress (1): 173/224 kB
Progress (1): 178/224 kB
Progress (1): 182/224 kB
Progress (1): 186/224 kB
Progress (1): 190/224 kB
Progress (1): 195/224 kB
Progress (1): 199/224 kB
Progress (1): 203/224 kB
Progress (1): 207/224 kB
Progress (1): 211/224 kB
Progress (1): 224 kB    
                    
Downloaded from central: https://repo1.maven.org/maven2/org/apache/maven/plugins/maven-eclipse-plugin/2.10/maven-eclipse-plugin-2.10.jar (224 kB at 2.8 MB/s)
Downloading from central: https://repo1.maven.org/maven2/com/dalsemi/onewire/owapi/1.10/owapi-1.10.pom
[WARNING] The POM for com.dalsemi.onewire:owapi:jar:1.10 is missing, no dependency information available
[INFO] 
[INFO] --- resources:3.3.1:resources (default-resources) @ common ---
[INFO] Copying 10 resources from src\main\java to target\classes
[INFO] 
[INFO] --- compiler:3.13.0:compile (default-compile) @ common ---
[INFO] Recompiling the module because of changed source code.
[WARNING] File encoding has not been set, using platform encoding windows-1252, i.e. build is platform dependent!
[INFO] Compiling 9 source files with javac [debug target 1.6] to target\classes
[WARNING] bootstrap class path not set in conjunction with -source 1.6
[INFO] ------------------------------------------------------------------------
[INFO] BUILD SUCCESS
[INFO] ------------------------------------------------------------------------
[INFO] Total time:  2.047 s
[INFO] Finished at: 2026-02-24T21:26:12-05:00
[INFO] ------------------------------------------------------------------------

STDERR:
