COMMAND: mvn.cmd -U -s D:\Khedma\Mr wiem\mutation-test-pipeline\target-repos\206366\.mvn\settings.xml -DskipTests compile

STDOUT:
[INFO] Scanning for projects...
[INFO] 
[INFO] ---------------------< org.apache.mina:mina-coap >----------------------
[INFO] Building Apache MINA CoAP (constrained application protocol) 3.0.0-M3-SNAPSHOT 3.0.0-M3-SNAPSHOT
[INFO]   from pom.xml
[INFO] --------------------------------[ jar ]---------------------------------
Downloading from central-https: https://repo1.maven.org/maven2/org/apache/maven/plugins/maven-remote-resources-plugin/1.4/maven-remote-resources-plugin-1.4.pom
Progress (1): 775 B
Progress (1): 1.7 kB
Progress (1): 4.8 kB
Progress (1): 8.2 kB
Progress (1): 12 kB 
Progress (1): 14 kB
                   
Downloaded from central-https: https://repo1.maven.org/maven2/org/apache/maven/plugins/maven-remote-resources-plugin/1.4/maven-remote-resources-plugin-1.4.pom (14 kB at 46 kB/s)
Downloading from central-https: https://repo1.maven.org/maven2/org/apache/maven/plugins/maven-plugins/23/maven-plugins-23.pom
Progress (1): 758 B
Progress (1): 1.9 kB
Progress (1): 3.7 kB
Progress (1): 6.3 kB
Progress (1): 8.5 kB
Progress (1): 9.2 kB
                    
Downloaded from central-https: https://repo1.maven.org/maven2/org/apache/maven/plugins/maven-plugins/23/maven-plugins-23.pom (9.2 kB at 164 kB/s)
Downloading from central-https: https://repo1.maven.org/maven2/org/apache/maven/plugins/maven-remote-resources-plugin/1.4/maven-remote-resources-plugin-1.4.jar
Progress (1): 0.9/67 kB
Progress (1): 2.3/67 kB
Progress (1): 3.6/67 kB
Progress (1): 5.0/67 kB
Progress (1): 6.4/67 kB
Progress (1): 7.7/67 kB
Progress (1): 9.1/67 kB
Progress (1): 10/67 kB 
Progress (1): 12/67 kB
Progress (1): 13/67 kB
Progress (1): 14/67 kB
Progress (1): 16/67 kB
Progress (1): 17/67 kB
Progress (1): 18/67 kB
Progress (1): 20/67 kB
Progress (1): 21/67 kB
Progress (1): 23/67 kB
Progress (1): 24/67 kB
Progress (1): 25/67 kB
Progress (1): 27/67 kB
Progress (1): 28/67 kB
Progress (1): 29/67 kB
Progress (1): 31/67 kB
Progress (1): 32/67 kB
Progress (1): 33/67 kB
Progress (1): 35/67 kB
Progress (1): 36/67 kB
Progress (1): 38/67 kB
Progress (1): 39/67 kB
Progress (1): 40/67 kB
Progress (1): 42/67 kB
Progress (1): 43/67 kB
Progress (1): 44/67 kB
Progress (1): 49/67 kB
Progress (1): 53/67 kB
Progress (1): 57/67 kB
Progress (1): 61/67 kB
Progress (1): 66/67 kB
Progress (1): 67 kB   
                   
Downloaded from central-https: https://repo1.maven.org/maven2/org/apache/maven/plugins/maven-remote-resources-plugin/1.4/maven-remote-resources-plugin-1.4.jar (67 kB at 1.1 MB/s)
Downloading from central-https: https://repo1.maven.org/maven2/org/apache/maven/plugins/maven-source-plugin/2.1.2/maven-source-plugin-2.1.2.pom
Progress (1): 785 B
Progress (1): 3.0 kB
Progress (1): 5.2 kB
                    
Downloaded from central-https: https://repo1.maven.org/maven2/org/apache/maven/plugins/maven-source-plugin/2.1.2/maven-source-plugin-2.1.2.pom (5.2 kB at 110 kB/s)
Downloading from central-https: https://repo1.maven.org/maven2/org/apache/maven/plugins/maven-plugins/18/maven-plugins-18.pom
Progress (1): 757 B
Progress (1): 2.3 kB
Progress (1): 6.8 kB
Progress (1): 9.2 kB
Progress (1): 13 kB 
Progress (1): 13 kB
                   
Downloaded from central-https: https://repo1.maven.org/maven2/org/apache/maven/plugins/maven-plugins/18/maven-plugins-18.pom (13 kB at 265 kB/s)
Downloading from central-https: https://repo1.maven.org/maven2/org/apache/maven/plugins/maven-source-plugin/2.1.2/maven-source-plugin-2.1.2.jar
Progress (1): 3.8/24 kB
Progress (1): 8.0/24 kB
Progress (1): 12/24 kB 
Progress (1): 16/24 kB
Progress (1): 21/24 kB
Progress (1): 24 kB   
                   
Downloaded from central-https: https://repo1.maven.org/maven2/org/apache/maven/plugins/maven-source-plugin/2.1.2/maven-source-plugin-2.1.2.jar (24 kB at 523 kB/s)
Downloading from central-https: https://repo1.maven.org/maven2/org/apache/maven/plugins/maven-enforcer-plugin/1.3/maven-enforcer-plugin-1.3.pom
Progress (1): 830 B
Progress (1): 3.4 kB
Progress (1): 5.6 kB
Progress (1): 6.5 kB
                    
Downloaded from central-https: https://repo1.maven.org/maven2/org/apache/maven/plugins/maven-enforcer-plugin/1.3/maven-enforcer-plugin-1.3.pom (6.5 kB at 138 kB/s)
Downloading from central-https: https://repo1.maven.org/maven2/org/apache/maven/plugins/maven-enforcer-plugin/1.3/maven-enforcer-plugin-1.3.jar
Progress (1): 3.8/26 kB
Progress (1): 8.0/26 kB
Progress (1): 12/26 kB 
Progress (1): 16/26 kB
Progress (1): 21/26 kB
Progress (1): 25/26 kB
Progress (1): 26 kB   
                   
Downloaded from central-https: https://repo1.maven.org/maven2/org/apache/maven/plugins/maven-enforcer-plugin/1.3/maven-enforcer-plugin-1.3.jar (26 kB at 547 kB/s)
Downloading from central-https: https://repo1.maven.org/maven2/org/apache/maven/plugins/maven-resources-plugin/2.6/maven-resources-plugin-2.6.pom
Progress (1): 773 B
Progress (1): 2.1 kB
Progress (1): 5.7 kB
Progress (1): 8.1 kB
                    
Downloaded from central-https: https://repo1.maven.org/maven2/org/apache/maven/plugins/maven-resources-plugin/2.6/maven-resources-plugin-2.6.pom (8.1 kB at 156 kB/s)
Downloading from central-https: https://repo1.maven.org/maven2/org/apache/maven/plugins/maven-resources-plugin/2.6/maven-resources-plugin-2.6.jar
Progress (1): 3.8/30 kB
Progress (1): 8.0/30 kB
Progress (1): 8.2/30 kB
Progress (1): 12/30 kB 
Progress (1): 17/30 kB
Progress (1): 21/30 kB
Progress (1): 25/30 kB
Progress (1): 29/30 kB
Progress (1): 30 kB   
                   
Downloaded from central-https: https://repo1.maven.org/maven2/org/apache/maven/plugins/maven-resources-plugin/2.6/maven-resources-plugin-2.6.jar (30 kB at 642 kB/s)
Downloading from central-https: https://repo1.maven.org/maven2/org/apache/maven/plugins/maven-compiler-plugin/3.1/maven-compiler-plugin-3.1.pom
Progress (1): 759 B
Progress (1): 2.3 kB
Progress (1): 6.7 kB
Progress (1): 9.2 kB
Progress (1): 10 kB 
                   
Downloaded from central-https: https://repo1.maven.org/maven2/org/apache/maven/plugins/maven-compiler-plugin/3.1/maven-compiler-plugin-3.1.pom (10 kB at 217 kB/s)
Downloading from central-https: https://repo1.maven.org/maven2/org/apache/maven/plugins/maven-plugins/24/maven-plugins-24.pom
Progress (1): 752 B
Progress (1): 2.3 kB
Progress (1): 4.1 kB
Progress (1): 6.6 kB
Progress (1): 10 kB 
Progress (1): 11 kB
                   
Downloaded from central-https: https://repo1.maven.org/maven2/org/apache/maven/plugins/maven-plugins/24/maven-plugins-24.pom (11 kB at 225 kB/s)
Downloading from central-https: https://repo1.maven.org/maven2/org/apache/maven/plugins/maven-compiler-plugin/3.1/maven-compiler-plugin-3.1.jar
Progress (1): 3.4/43 kB
Progress (1): 20/43 kB 
Progress (1): 36/43 kB
Progress (1): 43 kB   
                   
Downloaded from central-https: https://repo1.maven.org/maven2/org/apache/maven/plugins/maven-compiler-plugin/3.1/maven-compiler-plugin-3.1.jar (43 kB at 859 kB/s)
[WARNING] Parameter 'showDeprecations' is unknown for plugin 'maven-compiler-plugin:3.1:compile (default-compile)'
Downloading from apache-snapshots: https://repository.apache.org/snapshots/org/apache/mina/mina-core/3.0.0-M3-SNAPSHOT/maven-metadata.xml
Downloading from sonatype-snapshots: https://oss.sonatype.org/content/repositories/snapshots/org/apache/mina/mina-core/3.0.0-M3-SNAPSHOT/maven-metadata.xml
Progress (1): 1.2 kB
                    
Downloaded from apache-snapshots: https://repository.apache.org/snapshots/org/apache/mina/mina-core/3.0.0-M3-SNAPSHOT/maven-metadata.xml (1.2 kB at 1.9 kB/s)
[WARNING] Could not transfer metadata org.apache.mina:mina-core:3.0.0-M3-SNAPSHOT/maven-metadata.xml from/to maven-default-http-blocker (http://0.0.0.0/): Blocked mirror for repositories: [apache.snapshots (http://repository.apache.org/snapshots, default, snapshots)]
[WARNING] org.apache.mina:mina-core:3.0.0-M3-SNAPSHOT/maven-metadata.xml failed to transfer from http://0.0.0.0/ during a previous attempt. This failure was cached in the local repository and resolution will not be reattempted until the update interval of maven-default-http-blocker has elapsed or updates are forced. Original error: Could not transfer metadata org.apache.mina:mina-core:3.0.0-M3-SNAPSHOT/maven-metadata.xml from/to maven-default-http-blocker (http://0.0.0.0/): Blocked mirror for repositories: [apache.snapshots (http://repository.apache.org/snapshots, default, snapshots)]
Downloading from apache-snapshots: https://repository.apache.org/snapshots/org/apache/mina/mina-core/3.0.0-M3-SNAPSHOT/mina-core-3.0.0-M3-20130806.154157-3.pom
Progress (1): 2.2 kB
                    
Downloaded from apache-snapshots: https://repository.apache.org/snapshots/org/apache/mina/mina-core/3.0.0-M3-SNAPSHOT/mina-core-3.0.0-M3-20130806.154157-3.pom (2.2 kB at 14 kB/s)
Downloading from apache-snapshots: https://repository.apache.org/snapshots/org/apache/mina/mina-parent/3.0.0-M3-SNAPSHOT/maven-metadata.xml
Downloading from sonatype-snapshots: https://oss.sonatype.org/content/repositories/snapshots/org/apache/mina/mina-parent/3.0.0-M3-SNAPSHOT/maven-metadata.xml
Progress (1): 833 B
                   
Downloaded from apache-snapshots: https://repository.apache.org/snapshots/org/apache/mina/mina-parent/3.0.0-M3-SNAPSHOT/maven-metadata.xml (833 B at 2.6 kB/s)
[WARNING] Could not transfer metadata org.apache.mina:mina-parent:3.0.0-M3-SNAPSHOT/maven-metadata.xml from/to maven-default-http-blocker (http://0.0.0.0/): Blocked mirror for repositories: [apache.snapshots (http://repository.apache.org/snapshots, default, snapshots)]
Downloading from apache-snapshots: https://repository.apache.org/snapshots/org/apache/mina/mina-parent/3.0.0-M3-SNAPSHOT/mina-parent-3.0.0-M3-20130806.154033-3.pom
Progress (1): 7.5/22 kB
Progress (1): 8.2/22 kB
Progress (1): 16/22 kB 
Progress (1): 22 kB   
                   
Downloaded from apache-snapshots: https://repository.apache.org/snapshots/org/apache/mina/mina-parent/3.0.0-M3-SNAPSHOT/mina-parent-3.0.0-M3-20130806.154033-3.pom (22 kB at 73 kB/s)
Downloading from apache-snapshots: https://repository.apache.org/snapshots/org/apache/mina/mina-codec/3.0.0-M3-SNAPSHOT/maven-metadata.xml
Downloading from sonatype-snapshots: https://oss.sonatype.org/content/repositories/snapshots/org/apache/mina/mina-codec/3.0.0-M3-SNAPSHOT/maven-metadata.xml
Progress (1): 1.4 kB
                    
Downloaded from apache-snapshots: https://repository.apache.org/snapshots/org/apache/mina/mina-codec/3.0.0-M3-SNAPSHOT/maven-metadata.xml (1.4 kB at 4.5 kB/s)
[WARNING] Could not transfer metadata org.apache.mina:mina-codec:3.0.0-M3-SNAPSHOT/maven-metadata.xml from/to maven-default-http-blocker (http://0.0.0.0/): Blocked mirror for repositories: [apache.snapshots (http://repository.apache.org/snapshots, default, snapshots)]
[WARNING] org.apache.mina:mina-codec:3.0.0-M3-SNAPSHOT/maven-metadata.xml failed to transfer from http://0.0.0.0/ during a previous attempt. This failure was cached in the local repository and resolution will not be reattempted until the update interval of maven-default-http-blocker has elapsed or updates are forced. Original error: Could not transfer metadata org.apache.mina:mina-codec:3.0.0-M3-SNAPSHOT/maven-metadata.xml from/to maven-default-http-blocker (http://0.0.0.0/): Blocked mirror for repositories: [apache.snapshots (http://repository.apache.org/snapshots, default, snapshots)]
Downloading from apache-snapshots: https://repository.apache.org/snapshots/org/apache/mina/mina-codec/3.0.0-M3-SNAPSHOT/mina-codec-3.0.0-M3-20130806.154059-3.pom
Progress (1): 2.8 kB
                    
Downloaded from apache-snapshots: https://repository.apache.org/snapshots/org/apache/mina/mina-codec/3.0.0-M3-SNAPSHOT/mina-codec-3.0.0-M3-20130806.154059-3.pom (2.8 kB at 17 kB/s)
Downloading from apache-snapshots: https://repository.apache.org/snapshots/org/apache/mina/mina-core/3.0.0-M3-SNAPSHOT/mina-core-3.0.0-M3-20130806.154157-3.jar
Downloading from apache-snapshots: https://repository.apache.org/snapshots/org/apache/mina/mina-codec/3.0.0-M3-SNAPSHOT/mina-codec-3.0.0-M3-20130806.154059-3.jar
Progress (1): 7.5/130 kB
Progress (1): 8.2/130 kB
Progress (1): 16/130 kB 
Progress (1): 23/130 kB
Progress (1): 25/130 kB
Progress (1): 33/130 kB
Progress (1): 39/130 kB
Progress (1): 41/130 kB
Progress (1): 49/130 kB
Progress (1): 55/130 kB
Progress (1): 57/130 kB
Progress (1): 66/130 kB
Progress (1): 74/130 kB
Progress (1): 82/130 kB
Progress (1): 82/130 kB
Progress (1): 90/130 kB
Progress (1): 98/130 kB
Progress (1): 98/130 kB
Progress (1): 106/130 kB
Progress (1): 114/130 kB
Progress (1): 115/130 kB
Progress (1): 123/130 kB
Progress (1): 130/130 kB
Progress (1): 130 kB    
Progress (2): 130 kB | 7.5/46 kB
Progress (2): 130 kB | 8.2/46 kB
                                
Downloaded from apache-snapshots: https://repository.apache.org/snapshots/org/apache/mina/mina-core/3.0.0-M3-SNAPSHOT/mina-core-3.0.0-M3-20130806.154157-3.jar (130 kB at 283 kB/s)
Progress (1): 16/46 kB
Progress (1): 23/46 kB
Progress (1): 25/46 kB
Progress (1): 33/46 kB
Progress (1): 39/46 kB
Progress (1): 41/46 kB
Progress (1): 46 kB   
                   
Downloaded from apache-snapshots: https://repository.apache.org/snapshots/org/apache/mina/mina-codec/3.0.0-M3-SNAPSHOT/mina-codec-3.0.0-M3-20130806.154059-3.jar (46 kB at 61 kB/s)
[INFO] 
[INFO] --- enforcer:1.3:enforce (enforce-java-17) @ mina-coap ---
[INFO] 
[INFO] --- remote-resources:1.4:process (default) @ mina-coap ---
[WARNING] org.apache.mina:mina-parent:3.0.0-M3-SNAPSHOT/maven-metadata.xml failed to transfer from http://0.0.0.0/ during a previous attempt. This failure was cached in the local repository and resolution will not be reattempted until the update interval of maven-default-http-blocker has elapsed or updates are forced. Original error: Could not transfer metadata org.apache.mina:mina-parent:3.0.0-M3-SNAPSHOT/maven-metadata.xml from/to maven-default-http-blocker (http://0.0.0.0/): Blocked mirror for repositories: [apache.snapshots (http://repository.apache.org/snapshots, default, snapshots)]
[INFO] 
[INFO] --- resources:2.6:resources (default-resources) @ mina-coap ---
[INFO] Using 'UTF-8' encoding to copy filtered resources.
[INFO] skip non existing resourceDirectory D:\Khedma\Mr wiem\mutation-test-pipeline\target-repos\206366\coap\src\main\resources
[INFO] Copying 3 resources
[INFO] 
[INFO] --- compiler:3.1:compile (default-compile) @ mina-coap ---
[INFO] Changes detected - recompiling the module!
[INFO] Compiling 14 source files to D:\Khedma\Mr wiem\mutation-test-pipeline\target-repos\206366\coap\target\classes
[INFO] -------------------------------------------------------------
[WARNING] COMPILATION WARNING : 
[INFO] -------------------------------------------------------------
[WARNING] /D:/Khedma/Mr wiem/mutation-test-pipeline/target-repos/206366/coap/src/main/java/org/apache/mina/coap/retry/CoapRetryFilter.java: D:\Khedma\Mr wiem\mutation-test-pipeline\target-repos\206366\coap\src\main\java\org\apache\mina\coap\retry\CoapRetryFilter.java uses or overrides a deprecated API.
[WARNING] /D:/Khedma/Mr wiem/mutation-test-pipeline/target-repos/206366/coap/src/main/java/org/apache/mina/coap/retry/CoapRetryFilter.java: Recompile with -Xlint:deprecation for details.
[INFO] 2 warnings 
[INFO] -------------------------------------------------------------
[INFO] -------------------------------------------------------------
[ERROR] COMPILATION ERROR : 
[INFO] -------------------------------------------------------------
[ERROR] /D:/Khedma/Mr wiem/mutation-test-pipeline/target-repos/206366/coap/src/main/java/org/apache/mina/coap/retry/CoapRetryFilter.java:[95,27] cannot find symbol
  symbol:   method callWriteMessageForRead(org.apache.mina.coap.CoapMessage)
  location: variable controller of type org.apache.mina.filterchain.ReadFilterChainController
[INFO] 1 error
[INFO] -------------------------------------------------------------
[INFO] ------------------------------------------------------------------------
[INFO] BUILD FAILURE
[INFO] ------------------------------------------------------------------------
[INFO] Total time:  5.871 s
[INFO] Finished at: 2026-02-25T19:32:26-05:00
[INFO] ------------------------------------------------------------------------
[ERROR] Failed to execute goal org.apache.maven.plugins:maven-compiler-plugin:3.1:compile (default-compile) on project mina-coap: Compilation failure
[ERROR] /D:/Khedma/Mr wiem/mutation-test-pipeline/target-repos/206366/coap/src/main/java/org/apache/mina/coap/retry/CoapRetryFilter.java:[95,27] cannot find symbol
[ERROR]   symbol:   method callWriteMessageForRead(org.apache.mina.coap.CoapMessage)
[ERROR]   location: variable controller of type org.apache.mina.filterchain.ReadFilterChainController
[ERROR] 
[ERROR] -> [Help 1]
[ERROR] 
[ERROR] To see the full stack trace of the errors, re-run Maven with the -e switch.
[ERROR] Re-run Maven using the -X switch to enable full debug logging.
[ERROR] 
[ERROR] For more information about the errors and possible solutions, please read the following articles:
[ERROR] [Help 1] http://cwiki.apache.org/confluence/display/MAVEN/MojoFailureException

STDERR:
