COMMAND: mvn.cmd -s D:\Khedma\Mr wiem\mutation-test-pipeline\.mvn\settings.xml -DskipTests compile

STDOUT:
[INFO] Scanning for projects...
[INFO] 
[INFO] -------------< org.apache.httpcomponents.core5:httpcore5 >--------------
[INFO] Building Apache HttpComponents Core HTTP/1.1 5.5-alpha1-SNAPSHOT
[INFO]   from pom.xml
[INFO] --------------------------------[ jar ]---------------------------------
[INFO] 
[INFO] --- enforcer:3.1.0:enforce (enforce-maven-version) @ httpcore5 ---
[INFO] 
[INFO] --- enforcer:3.1.0:enforce (enforce-java-version) @ httpcore5 ---
[INFO] 
[INFO] --- checkstyle:3.3.1:checkstyle (validate) @ httpcore5 ---
[INFO] Rendering content with org.apache.maven.skins:maven-default-skin:jar:1.3 skin.
[INFO] Starting audit...
Audit done.
[INFO] 
[INFO] --- checkstyle:3.3.1:checkstyle (validate-main) @ httpcore5 ---
[INFO] Rendering content with org.apache.maven.skins:maven-default-skin:jar:1.3 skin.
[INFO] Starting audit...
Audit done.
[INFO] 
[INFO] --- build-helper:3.2.0:parse-version (parse-version) @ httpcore5 ---
[INFO] 
[INFO] --- remote-resources:1.7.0:process (process-resource-bundles) @ httpcore5 ---
[INFO] Preparing remote bundle org.apache:apache-jar-resource-bundle:1.4
[INFO] Copying 3 resources from 1 bundle.
[INFO] 
[INFO] --- resources:3.2.0:resources (default-resources) @ httpcore5 ---
[INFO] Using 'UTF-8' encoding to copy filtered resources.
[INFO] Using 'UTF-8' encoding to copy filtered properties files.
[INFO] Copying 1 resource
[INFO] Copying 3 resources
[INFO] The encoding used to copy filtered properties files have not been set. This means that the same encoding will be used to copy filtered properties files as when copying other filtered resources. This might not be what you want! Run your build with --debug to see which files might be affected. Read more at https://maven.apache.org/plugins/maven-resources-plugin/examples/filtering-properties-files.html
[INFO] 
[INFO] --- compiler:3.10.1:compile (default-compile) @ httpcore5 ---
[INFO] Nothing to compile - all classes are up to date
[INFO] ------------------------------------------------------------------------
[INFO] BUILD SUCCESS
[INFO] ------------------------------------------------------------------------
[INFO] Total time:  2.411 s
[INFO] Finished at: 2026-02-25T14:09:38-05:00
[INFO] ------------------------------------------------------------------------

STDERR:
