COMMAND: mvn.cmd -s D:\Khedma\Mr wiem\mutation-test-pipeline\.mvn\settings.xml -DskipTests compile

STDOUT:
[INFO] Scanning for projects...
[WARNING] 
[WARNING] Some problems were encountered while building the effective model for de.javakaffee.msm:memcached-session-manager:jar:2.3.3-SNAPSHOT
[WARNING] Reporting configuration should be done in <reporting> section, not in maven-site-plugin <configuration> as reportPlugins parameter.
[WARNING] 
[WARNING] It is highly recommended to fix these problems because they threaten the stability of your build.
[WARNING] 
[WARNING] For this reason, future Maven versions might no longer support building such malformed projects.
[WARNING] 
[INFO] 
[INFO] ------------< de.javakaffee.msm:memcached-session-manager >-------------
[INFO] Building memcached-session-manager core 2.3.3-SNAPSHOT
[INFO]   from pom.xml
[INFO] --------------------------------[ jar ]---------------------------------
[WARNING] 1 problem was encountered while building the effective model for org.javassist:javassist:jar:3.18.1-GA during dependency collection step for project (use -X to see details)
[INFO] 
[INFO] --- enforcer:1.4.1:enforce (enforce-maven) @ memcached-session-manager ---
[INFO] 
[INFO] --- resources:3.3.1:resources (default-resources) @ memcached-session-manager ---
[INFO] skip non existing resourceDirectory D:\Khedma\Mr wiem\mutation-test-pipeline\target-repos\152812\core\src\main\resources
[INFO] 
[INFO] --- compiler:3.13.0:compile (default-compile) @ memcached-session-manager ---
[INFO] Recompiling the module because of changed source code.
[INFO] Compiling 46 source files with javac [debug target 1.6] to target\classes
[INFO] -------------------------------------------------------------
[WARNING] COMPILATION WARNING : 
[INFO] -------------------------------------------------------------
[WARNING] bootstrap class path not set in conjunction with -source 6
[INFO] 1 warning
[INFO] -------------------------------------------------------------
[INFO] -------------------------------------------------------------
[ERROR] COMPILATION ERROR : 
[INFO] -------------------------------------------------------------
[ERROR] Source option 6 is no longer supported. Use 7 or later.
[ERROR] Target option 6 is no longer supported. Use 7 or later.
[INFO] 2 errors 
[INFO] -------------------------------------------------------------
[INFO] ------------------------------------------------------------------------
[INFO] BUILD FAILURE
[INFO] ------------------------------------------------------------------------
[INFO] Total time:  1.204 s
[INFO] Finished at: 2026-02-25T19:24:40-05:00
[INFO] ------------------------------------------------------------------------
[ERROR] Failed to execute goal org.apache.maven.plugins:maven-compiler-plugin:3.13.0:compile (default-compile) on project memcached-session-manager: Compilation failure: Compilation failure: 
[ERROR] Source option 6 is no longer supported. Use 7 or later.
[ERROR] Target option 6 is no longer supported. Use 7 or later.
[ERROR] -> [Help 1]
[ERROR] 
[ERROR] To see the full stack trace of the errors, re-run Maven with the -e switch.
[ERROR] Re-run Maven using the -X switch to enable full debug logging.
[ERROR] 
[ERROR] For more information about the errors and possible solutions, please read the following articles:
[ERROR] [Help 1] http://cwiki.apache.org/confluence/display/MAVEN/MojoFailureException

STDERR:
