COMMAND: mvn.cmd -U -s D:\Khedma\Mr wiem\mutation-test-pipeline\.mvn\settings.xml -DskipTests compile

STDOUT:
[INFO] Scanning for projects...
[INFO] 
[INFO] -------------------< org.apache.zookeeper:zookeeper >-------------------
[INFO] Building Apache ZooKeeper - Server 3.10.0-SNAPSHOT
[INFO]   from pom.xml
[INFO] --------------------------------[ jar ]---------------------------------
Downloading from apache.snapshots: https://repository.apache.org/snapshots/org/apache/zookeeper/zookeeper-jute/3.10.0-SNAPSHOT/maven-metadata.xml
Downloading from apache.snapshots: https://repository.apache.org/snapshots/org/apache/zookeeper/zookeeper-jute/3.10.0-SNAPSHOT/zookeeper-jute-3.10.0-SNAPSHOT.pom
[WARNING] The POM for org.apache.zookeeper:zookeeper-jute:jar:3.10.0-SNAPSHOT is missing, no dependency information available
Downloading from apache.snapshots: https://repository.apache.org/snapshots/net/minidev/json-smart/maven-metadata.xml
Downloading from central: https://repo1.maven.org/maven2/net/minidev/json-smart/maven-metadata.xml
Progress (1): 1.4 kB
                    
Downloaded from central: https://repo1.maven.org/maven2/net/minidev/json-smart/maven-metadata.xml (1.4 kB at 9.7 kB/s)
Downloading from apache.snapshots: https://repository.apache.org/snapshots/org/apache/zookeeper/zookeeper-jute/3.10.0-SNAPSHOT/zookeeper-jute-3.10.0-SNAPSHOT.jar
[INFO] ------------------------------------------------------------------------
[INFO] BUILD FAILURE
[INFO] ------------------------------------------------------------------------
[INFO] Total time:  2.033 s
[INFO] Finished at: 2026-02-25T19:26:22-05:00
[INFO] ------------------------------------------------------------------------
[ERROR] Failed to execute goal on project zookeeper: Could not resolve dependencies for project org.apache.zookeeper:zookeeper:jar:3.10.0-SNAPSHOT
[ERROR] dependency: org.apache.zookeeper:zookeeper-jute:jar:3.10.0-SNAPSHOT (compile)
[ERROR] 	Could not find artifact org.apache.zookeeper:zookeeper-jute:jar:3.10.0-SNAPSHOT in apache.snapshots (https://repository.apache.org/snapshots)
[ERROR] 
[ERROR] -> [Help 1]
[ERROR] 
[ERROR] To see the full stack trace of the errors, re-run Maven with the -e switch.
[ERROR] Re-run Maven using the -X switch to enable full debug logging.
[ERROR] 
[ERROR] For more information about the errors and possible solutions, please read the following articles:
[ERROR] [Help 1] http://cwiki.apache.org/confluence/display/MAVEN/DependencyResolutionException

STDERR:
