COMMAND: mvn.cmd -s D:\Khedma\Mr wiem\mutation-test-pipeline\.mvn\settings.xml org.pitest:pitest-maven:1.6.9:mutationCoverage -DtargetClasses=org.red5.server.service.ConversionUtils -DtargetTests=org.red5.server.service.ConversionUtilsTest -DoutputFormats=XML,HTML

STDOUT:
[INFO] Scanning for projects...
[INFO] 
[INFO] -------------------------< org.red5:red5-base >-------------------------
[INFO] Building red5-base 0.8rc2-SNAPSHOT
[INFO]   from pom.xml
[INFO] --------------------------------[ jar ]---------------------------------
[WARNING] The POM for opensymphony:quartz-all:jar:1.6.0 is missing, no dependency information available
[WARNING] The artifact xml-apis:xml-apis:jar:2.0.2 has been relocated to xml-apis:xml-apis:jar:1.0.b2
[INFO] 
[INFO] --- pitest:1.6.9:mutationCoverage (default-cli) @ red5-base ---
[INFO] Found plugin : Default csv report plugin
[INFO] Found plugin : Default xml report plugin
[INFO] Found plugin : Default html report plugin
[INFO] Found plugin : Static initializer code detector plugin
[INFO] Found plugin : Static initializer filter plugin
[INFO] Found plugin : Excluded annotations plugin
[INFO] Found plugin : Try with resources filter
[INFO] Found plugin : Inlined finally block filter plugin
[INFO] Found plugin : Implicit null check filter
[INFO] Found plugin : Method reference null check filter
[INFO] Found plugin : For each loop filter
[INFO] Found plugin : Enum constructor filter
[INFO] Found plugin : Record junk mutation filter
[INFO] Found plugin : Logging calls filter
[INFO] Found plugin : Infinite for loop filter
[INFO] Found plugin : Long running iterator loop filter
[INFO] Found plugin : For loop counter filter
[INFO] Found plugin : Kotlin junk mutations filter
[INFO] Found plugin : Max mutations per class limit
[INFO] Found plugin : Equals shortcut equivalent mutant filter
[INFO] Found plugin : Trivial return vals equivalence filter
[INFO] Found plugin : Null stream flatmap filter
[INFO] Found plugin : Mutant export plugin
[INFO] Found shared classpath plugin : Default mutation engine
[INFO] Found shared classpath plugin : JUnit plugin
[INFO] Found shared classpath plugin : TestNG plugin
[INFO] Adding org.pitest:pitest to SUT classpath
[INFO] Mutating from D:\Khedma\Mr wiem\mutation-test-pipeline\target-repos\103035\red5_base\target\classes
[INFO] ------------------------------------------------------------------------
[INFO] BUILD FAILURE
[INFO] ------------------------------------------------------------------------
[INFO] Total time:  2.014 s
[INFO] Finished at: 2026-02-23T22:57:47-05:00
[INFO] ------------------------------------------------------------------------
[ERROR] Failed to execute goal org.pitest:pitest-maven:1.6.9:mutationCoverage (default-cli) on project red5-base: Execution default-cli of goal org.pitest:pitest-maven:1.6.9:mutationCoverage failed: Coverage generation minion exited abnormally. Please check the classpath and/or enable test plugin for used test tool.
[ERROR] 
[ERROR] Please copy and paste the information and the complete stacktrace below when reporting an issue
[ERROR] VM : OpenJDK 64-Bit Server VM
[ERROR] Vendor : Temurin
[ERROR] Version : 25.472-b08
[ERROR] Uptime : 3037
[ERROR] Input -> 
[ERROR]  1 : -Dclassworlds.conf=C:\ProgramData\chocolatey\lib\maven\apache-maven-3.9.12\bin\m2.conf
[ERROR]  2 : -Dmaven.home=C:\ProgramData\chocolatey\lib\maven\apache-maven-3.9.12
[ERROR]  3 : -Dlibrary.jansi.path=C:\ProgramData\chocolatey\lib\maven\apache-maven-3.9.12\lib\jansi-native
[ERROR]  4 : -Dmaven.multiModuleProjectDirectory=D:\Khedma\Mr wiem\mutation-test-pipeline
[ERROR] BootClassPathSupported : true
[ERROR] 
[ERROR] 
[ERROR] Please copy and paste the information and the complete stacktrace below when reporting an issue
[ERROR] VM : OpenJDK 64-Bit Server VM
[ERROR] Vendor : Temurin
[ERROR] Version : 25.472-b08
[ERROR] Uptime : 3038
[ERROR] Input -> 
[ERROR]  1 : -Dclassworlds.conf=C:\ProgramData\chocolatey\lib\maven\apache-maven-3.9.12\bin\m2.conf
[ERROR]  2 : -Dmaven.home=C:\ProgramData\chocolatey\lib\maven\apache-maven-3.9.12
[ERROR]  3 : -Dlibrary.jansi.path=C:\ProgramData\chocolatey\lib\maven\apache-maven-3.9.12\lib\jansi-native
[ERROR]  4 : -Dmaven.multiModuleProjectDirectory=D:\Khedma\Mr wiem\mutation-test-pipeline
[ERROR] BootClassPathSupported : true
[ERROR] 
[ERROR] -> [Help 1]
[ERROR] 
[ERROR] To see the full stack trace of the errors, re-run Maven with the -e switch.
[ERROR] Re-run Maven using the -X switch to enable full debug logging.
[ERROR] 
[ERROR] For more information about the errors and possible solutions, please read the following articles:
[ERROR] [Help 1] http://cwiki.apache.org/confluence/display/MAVEN/PluginExecutionException

STDERR:
10:57:47 PM PIT >> INFO : Verbose logging is disabled. If you encounter a problem, please enable it before reporting an issue.
10:57:47 PM PIT >> INFO : Incremental analysis reduced number of mutations by 0
10:57:47 PM PIT >> INFO : Created  1 mutation test units in pre scan
10:57:47 PM PIT >> INFO : Sending 1 test classes to minion
10:57:47 PM PIT >> INFO : Sent tests to minion
10:57:47 PM PIT >> SEVERE : Error generating coverage. Please check that your classpath contains modern JUnit 4 or PIT test plugin for other test tool (JUnit 5, TestNG, ...) is enabled.
