COMMAND: mvn.cmd -s D:\Khedma\Mr wiem\mutation-test-pipeline\.mvn\settings.xml -DskipTests compile

STDOUT:
[INFO] Scanning for projects...
[INFO] 
[INFO] ------------------< org.apache.jspwiki:jspwiki-main >-------------------
[INFO] Building Apache JSPWiki Main Jar 3.0.0-SNAPSHOT
[INFO]   from pom.xml
[INFO] --------------------------------[ jar ]---------------------------------
[WARNING] The POM for org.apache.jspwiki:jspwiki-util:jar:3.0.0-SNAPSHOT is missing, no dependency information available
[WARNING] The POM for org.apache.jspwiki:jspwiki-event:jar:3.0.0-SNAPSHOT is missing, no dependency information available
[WARNING] The POM for org.apache.jspwiki:jspwiki-api:jar:3.0.0-SNAPSHOT is missing, no dependency information available
[WARNING] The POM for org.apache.jspwiki:jspwiki-cache:jar:3.0.0-SNAPSHOT is missing, no dependency information available
[WARNING] The POM for org.apache.jspwiki:jspwiki-http:jar:3.0.0-SNAPSHOT is missing, no dependency information available
[WARNING] The POM for org.apache.jspwiki:jspwiki-wysiwyg:jar:3.0.0-SNAPSHOT is missing, no dependency information available
[INFO] ------------------------------------------------------------------------
[INFO] BUILD FAILURE
[INFO] ------------------------------------------------------------------------
[INFO] Total time:  0.530 s
[INFO] Finished at: 2026-02-25T18:57:52-05:00
[INFO] ------------------------------------------------------------------------
[ERROR] Failed to execute goal on project jspwiki-main: Could not resolve dependencies for project org.apache.jspwiki:jspwiki-main:jar:3.0.0-SNAPSHOT
[ERROR] dependency: org.apache.jspwiki:jspwiki-util:jar:3.0.0-SNAPSHOT (compile)
[ERROR] 	Could not find artifact org.apache.jspwiki:jspwiki-util:jar:3.0.0-SNAPSHOT
[ERROR] dependency: org.apache.jspwiki:jspwiki-event:jar:3.0.0-SNAPSHOT (compile)
[ERROR] 	Could not find artifact org.apache.jspwiki:jspwiki-event:jar:3.0.0-SNAPSHOT
[ERROR] dependency: org.apache.jspwiki:jspwiki-api:jar:3.0.0-SNAPSHOT (compile)
[ERROR] 	Could not find artifact org.apache.jspwiki:jspwiki-api:jar:3.0.0-SNAPSHOT
[ERROR] dependency: org.apache.jspwiki:jspwiki-cache:jar:3.0.0-SNAPSHOT (compile)
[ERROR] 	Could not find artifact org.apache.jspwiki:jspwiki-cache:jar:3.0.0-SNAPSHOT
[ERROR] dependency: org.apache.jspwiki:jspwiki-http:jar:3.0.0-SNAPSHOT (compile)
[ERROR] 	Could not find artifact org.apache.jspwiki:jspwiki-http:jar:3.0.0-SNAPSHOT
[ERROR] dependency: org.apache.jspwiki:jspwiki-wysiwyg:jar:3.0.0-SNAPSHOT (compile)
[ERROR] 	Could not find artifact org.apache.jspwiki:jspwiki-wysiwyg:jar:3.0.0-SNAPSHOT
[ERROR] 
[ERROR] -> [Help 1]
[ERROR] 
[ERROR] To see the full stack trace of the errors, re-run Maven with the -e switch.
[ERROR] Re-run Maven using the -X switch to enable full debug logging.
[ERROR] 
[ERROR] For more information about the errors and possible solutions, please read the following articles:
[ERROR] [Help 1] http://cwiki.apache.org/confluence/display/MAVEN/DependencyResolutionException

STDERR:
