COMMAND: mvn.cmd -s D:\Khedma\Mr wiem\mutation-test-pipeline\.mvn\settings.xml -DskipTests compile

STDOUT:
[INFO] Scanning for projects...
[INFO] 
[INFO] --------< org.apache.httpcomponents.client5:httpclient5-cache >---------
[INFO] Building Apache HttpClient Cache 5.7-alpha1-SNAPSHOT
[INFO]   from pom.xml
[INFO] --------------------------------[ jar ]---------------------------------
[WARNING] The POM for org.apache.httpcomponents.client5:httpclient5:jar:5.7-alpha1-SNAPSHOT is missing, no dependency information available
[WARNING] The POM for org.apache.httpcomponents.client5:httpclient5:jar:tests:5.7-alpha1-SNAPSHOT is missing, no dependency information available
[INFO] ------------------------------------------------------------------------
[INFO] BUILD FAILURE
[INFO] ------------------------------------------------------------------------
[INFO] Total time:  0.411 s
[INFO] Finished at: 2026-02-25T13:14:05-05:00
[INFO] ------------------------------------------------------------------------
[ERROR] Failed to execute goal on project httpclient5-cache: Could not resolve dependencies for project org.apache.httpcomponents.client5:httpclient5-cache:jar:5.7-alpha1-SNAPSHOT
[ERROR] dependency: org.apache.httpcomponents.client5:httpclient5:jar:5.7-alpha1-SNAPSHOT (compile)
[ERROR] 	org.apache.httpcomponents.client5:httpclient5:jar:5.7-alpha1-SNAPSHOT was not found in https://repository.apache.org/snapshots during a previous attempt. This failure was cached in the local repository and resolution is not reattempted until the update interval of apache.snapshots has elapsed or updates are forced
[ERROR] 
[ERROR] -> [Help 1]
[ERROR] 
[ERROR] To see the full stack trace of the errors, re-run Maven with the -e switch.
[ERROR] Re-run Maven using the -X switch to enable full debug logging.
[ERROR] 
[ERROR] For more information about the errors and possible solutions, please read the following articles:
[ERROR] [Help 1] http://cwiki.apache.org/confluence/display/MAVEN/DependencyResolutionException

STDERR:
