COMMAND: mvn.cmd -s D:\Khedma\Mr wiem\mutation-test-pipeline\.mvn\settings.xml -DskipTests compile

STDOUT:
[INFO] Scanning for projects...
Downloading from central: https://repo1.maven.org/maven2/org/junit/junit-bom/5.14.1/junit-bom-5.14.1.pom
Progress (1): 908 B
Progress (1): 2.5 kB
Progress (1): 5.7 kB
                    
Downloaded from central: https://repo1.maven.org/maven2/org/junit/junit-bom/5.14.1/junit-bom-5.14.1.pom (5.7 kB at 23 kB/s)
Downloading from central: https://repo1.maven.org/maven2/io/opentelemetry/opentelemetry-bom/1.58.0/opentelemetry-bom-1.58.0.pom
Progress (1): 961 B
Progress (1): 6.0 kB
                    
Downloaded from central: https://repo1.maven.org/maven2/io/opentelemetry/opentelemetry-bom/1.58.0/opentelemetry-bom-1.58.0.pom (6.0 kB at 102 kB/s)
[INFO] 
[INFO] --------< org.apache.httpcomponents.client5:httpclient5-cache >---------
[INFO] Building Apache HttpClient Cache 5.7-alpha1-SNAPSHOT
[INFO]   from pom.xml
[INFO] --------------------------------[ jar ]---------------------------------
Downloading from apache.snapshots: https://repository.apache.org/snapshots/org/apache/httpcomponents/client5/httpclient5/5.7-alpha1-SNAPSHOT/maven-metadata.xml
Downloading from apache.snapshots: https://repository.apache.org/snapshots/org/apache/httpcomponents/client5/httpclient5/5.7-alpha1-SNAPSHOT/httpclient5-5.7-alpha1-SNAPSHOT.pom
[WARNING] The POM for org.apache.httpcomponents.client5:httpclient5:jar:5.7-alpha1-SNAPSHOT is missing, no dependency information available
Downloading from central: https://repo1.maven.org/maven2/org/ehcache/modules/ehcache-api/3.11.1/ehcache-api-3.11.1.pom
Progress (1): 1.0 kB
Progress (1): 2.0 kB
                    
Downloaded from central: https://repo1.maven.org/maven2/org/ehcache/modules/ehcache-api/3.11.1/ehcache-api-3.11.1.pom (2.0 kB at 27 kB/s)
Downloading from central: https://repo1.maven.org/maven2/net/spy/spymemcached/2.12.3/spymemcached-2.12.3.pom
Progress (1): 1.1 kB
Progress (1): 1.9 kB
                    
Downloaded from central: https://repo1.maven.org/maven2/net/spy/spymemcached/2.12.3/spymemcached-2.12.3.pom (1.9 kB at 30 kB/s)
[WARNING] The POM for org.apache.httpcomponents.client5:httpclient5:jar:tests:5.7-alpha1-SNAPSHOT is missing, no dependency information available
Downloading from central: https://repo1.maven.org/maven2/org/junit/jupiter/junit-jupiter/5.14.1/junit-jupiter-5.14.1.pom
Progress (1): 943 B
Progress (1): 2.6 kB
Progress (1): 3.2 kB
                    
Downloaded from central: https://repo1.maven.org/maven2/org/junit/jupiter/junit-jupiter/5.14.1/junit-jupiter-5.14.1.pom (3.2 kB at 45 kB/s)
Downloading from central: https://repo1.maven.org/maven2/org/junit/jupiter/junit-jupiter-api/5.14.1/junit-jupiter-api-5.14.1.pom
Progress (1): 951 B
Progress (1): 2.6 kB
Progress (1): 3.2 kB
                    
Downloaded from central: https://repo1.maven.org/maven2/org/junit/jupiter/junit-jupiter-api/5.14.1/junit-jupiter-api-5.14.1.pom (3.2 kB at 53 kB/s)
Downloading from central: https://repo1.maven.org/maven2/org/junit/platform/junit-platform-commons/1.14.1/junit-platform-commons-1.14.1.pom
Progress (1): 967 B
Progress (1): 2.6 kB
Progress (1): 2.9 kB
                    
Downloaded from central: https://repo1.maven.org/maven2/org/junit/platform/junit-platform-commons/1.14.1/junit-platform-commons-1.14.1.pom (2.9 kB at 55 kB/s)
Downloading from central: https://repo1.maven.org/maven2/org/junit/jupiter/junit-jupiter-params/5.14.1/junit-jupiter-params-5.14.1.pom
Progress (1): 961 B
Progress (1): 2.6 kB
Progress (1): 3.0 kB
                    
Downloaded from central: https://repo1.maven.org/maven2/org/junit/jupiter/junit-jupiter-params/5.14.1/junit-jupiter-params-5.14.1.pom (3.0 kB at 47 kB/s)
Downloading from central: https://repo1.maven.org/maven2/org/junit/jupiter/junit-jupiter-engine/5.14.1/junit-jupiter-engine-5.14.1.pom
Progress (1): 959 B
Progress (1): 2.6 kB
Progress (1): 3.2 kB
                    
Downloaded from central: https://repo1.maven.org/maven2/org/junit/jupiter/junit-jupiter-engine/5.14.1/junit-jupiter-engine-5.14.1.pom (3.2 kB at 45 kB/s)
Downloading from central: https://repo1.maven.org/maven2/org/junit/platform/junit-platform-engine/1.14.1/junit-platform-engine-1.14.1.pom
Progress (1): 957 B
Progress (1): 2.6 kB
Progress (1): 3.2 kB
                    
Downloaded from central: https://repo1.maven.org/maven2/org/junit/platform/junit-platform-engine/1.14.1/junit-platform-engine-1.14.1.pom (3.2 kB at 58 kB/s)
Downloading from central: https://repo1.maven.org/maven2/com/github/ben-manes/caffeine/caffeine/2.9.3/caffeine-2.9.3.pom
Progress (1): 978 B
Progress (1): 2.1 kB
                    
Downloaded from central: https://repo1.maven.org/maven2/com/github/ben-manes/caffeine/caffeine/2.9.3/caffeine-2.9.3.pom (2.1 kB at 37 kB/s)
Downloading from central: https://repo1.maven.org/maven2/org/checkerframework/checker-qual/3.19.0/checker-qual-3.19.0.pom
Progress (1): 940 B
Progress (1): 2.1 kB
                    
Downloaded from central: https://repo1.maven.org/maven2/org/checkerframework/checker-qual/3.19.0/checker-qual-3.19.0.pom (2.1 kB at 43 kB/s)
Downloading from central: https://repo1.maven.org/maven2/com/google/errorprone/error_prone_annotations/2.10.0/error_prone_annotations-2.10.0.pom
Progress (1): 835 B
Progress (1): 2.1 kB
                    
Downloaded from central: https://repo1.maven.org/maven2/com/google/errorprone/error_prone_annotations/2.10.0/error_prone_annotations-2.10.0.pom (2.1 kB at 41 kB/s)
Downloading from central: https://repo1.maven.org/maven2/com/google/errorprone/error_prone_parent/2.10.0/error_prone_parent-2.10.0.pom
Progress (1): 731 B
Progress (1): 1.8 kB
Progress (1): 3.7 kB
Progress (1): 7.4 kB
Progress (1): 8.9 kB
Progress (1): 10 kB 
                   
Downloaded from central: https://repo1.maven.org/maven2/com/google/errorprone/error_prone_parent/2.10.0/error_prone_parent-2.10.0.pom (10 kB at 190 kB/s)
Downloading from apache.snapshots: https://repository.apache.org/snapshots/org/apache/httpcomponents/client5/httpclient5/5.7-alpha1-SNAPSHOT/httpclient5-5.7-alpha1-SNAPSHOT.jar
Downloading from central: https://repo1.maven.org/maven2/org/ehcache/modules/ehcache-api/3.11.1/ehcache-api-3.11.1.jar
Downloading from central: https://repo1.maven.org/maven2/net/spy/spymemcached/2.12.3/spymemcached-2.12.3.jar
Downloading from central: https://repo1.maven.org/maven2/com/github/ben-manes/caffeine/caffeine/2.9.3/caffeine-2.9.3.jar
Downloading from central: https://repo1.maven.org/maven2/org/checkerframework/checker-qual/3.19.0/checker-qual-3.19.0.jar
Downloading from central: https://repo1.maven.org/maven2/com/google/errorprone/error_prone_annotations/2.10.0/error_prone_annotations-2.10.0.jar
Progress (1): 0.9/474 kB
Progress (1): 2.3/474 kB
Progress (1): 3.7/474 kB
Progress (1): 5.0/474 kB
Progress (1): 6.4/474 kB
Progress (1): 7.8/474 kB
Progress (1): 9.1/474 kB
Progress (1): 11/474 kB 
Progress (1): 15/474 kB
Progress (1): 16/474 kB
Progress (1): 21/474 kB
Progress (1): 25/474 kB
Progress (1): 29/474 kB
Progress (1): 33/474 kB
Progress (1): 37/474 kB
Progress (1): 41/474 kB
Progress (1): 45/474 kB
Progress (1): 50/474 kB
Progress (1): 54/474 kB
Progress (1): 58/474 kB
Progress (1): 62/474 kB
Progress (1): 66/474 kB
Progress (1): 70/474 kB
Progress (1): 74/474 kB
Progress (1): 78/474 kB
Progress (1): 82/474 kB
Progress (1): 87/474 kB
Progress (1): 91/474 kB
Progress (1): 95/474 kB
Progress (2): 95/474 kB | 0.9/222 kB
Progress (2): 95/474 kB | 2.3/222 kB
Progress (2): 99/474 kB | 2.3/222 kB
Progress (2): 99/474 kB | 3.7/222 kB
Progress (2): 104/474 kB | 3.7/222 kB
Progress (2): 104/474 kB | 5.0/222 kB
Progress (2): 104/474 kB | 6.4/222 kB
Progress (2): 108/474 kB | 6.4/222 kB
Progress (2): 108/474 kB | 7.8/222 kB
Progress (2): 108/474 kB | 9.1/222 kB
Progress (2): 112/474 kB | 9.1/222 kB
Progress (2): 112/474 kB | 11/222 kB 
Progress (2): 115/474 kB | 11/222 kB
Progress (2): 115/474 kB | 12/222 kB
Progress (2): 119/474 kB | 12/222 kB
Progress (2): 119/474 kB | 12/222 kB
Progress (3): 119/474 kB | 12/222 kB | 0.9/912 kB
Progress (3): 119/474 kB | 14/222 kB | 0.9/912 kB
Progress (3): 119/474 kB | 14/222 kB | 2.3/912 kB
Progress (3): 123/474 kB | 14/222 kB | 2.3/912 kB
Progress (3): 123/474 kB | 15/222 kB | 2.3/912 kB
Progress (3): 123/474 kB | 15/222 kB | 3.7/912 kB
Progress (3): 127/474 kB | 15/222 kB | 3.7/912 kB
Progress (3): 127/474 kB | 16/222 kB | 3.7/912 kB
Progress (3): 132/474 kB | 16/222 kB | 3.7/912 kB
Progress (3): 132/474 kB | 16/222 kB | 5.0/912 kB
Progress (3): 132/474 kB | 18/222 kB | 5.0/912 kB
Progress (3): 136/474 kB | 18/222 kB | 5.0/912 kB
Progress (3): 136/474 kB | 19/222 kB | 5.0/912 kB
Progress (3): 136/474 kB | 19/222 kB | 6.4/912 kB
Progress (3): 140/474 kB | 19/222 kB | 6.4/912 kB
Progress (3): 140/474 kB | 21/222 kB | 6.4/912 kB
Progress (3): 140/474 kB | 21/222 kB | 7.8/912 kB
Progress (3): 140/474 kB | 22/222 kB | 7.8/912 kB
Progress (3): 144/474 kB | 22/222 kB | 7.8/912 kB
Progress (3): 144/474 kB | 22/222 kB | 8.2/912 kB
Progress (3): 144/474 kB | 23/222 kB | 8.2/912 kB
Progress (3): 149/474 kB | 23/222 kB | 8.2/912 kB
Progress (3): 149/474 kB | 23/222 kB | 9.6/912 kB
Progress (3): 149/474 kB | 25/222 kB | 9.6/912 kB
Progress (3): 149/474 kB | 25/222 kB | 11/912 kB 
Progress (3): 153/474 kB | 25/222 kB | 11/912 kB
Progress (3): 153/474 kB | 26/222 kB | 11/912 kB
Progress (3): 153/474 kB | 26/222 kB | 12/912 kB
Progress (3): 157/474 kB | 26/222 kB | 12/912 kB
Progress (3): 157/474 kB | 27/222 kB | 12/912 kB
Progress (3): 157/474 kB | 27/222 kB | 14/912 kB
Progress (3): 157/474 kB | 29/222 kB | 14/912 kB
Progress (3): 157/474 kB | 29/222 kB | 15/912 kB
Progress (3): 161/474 kB | 29/222 kB | 15/912 kB
Progress (3): 161/474 kB | 30/222 kB | 15/912 kB
Progress (3): 161/474 kB | 30/222 kB | 16/912 kB
Progress (3): 161/474 kB | 31/222 kB | 16/912 kB
Progress (3): 165/474 kB | 31/222 kB | 16/912 kB
Progress (3): 165/474 kB | 31/222 kB | 18/912 kB
Progress (3): 165/474 kB | 31/222 kB | 19/912 kB
Progress (3): 170/474 kB | 31/222 kB | 19/912 kB
Progress (3): 170/474 kB | 33/222 kB | 19/912 kB
Progress (3): 170/474 kB | 33/222 kB | 21/912 kB
Progress (3): 170/474 kB | 34/222 kB | 21/912 kB
Progress (3): 174/474 kB | 34/222 kB | 21/912 kB
Progress (3): 174/474 kB | 34/222 kB | 22/912 kB
Progress (3): 174/474 kB | 34/222 kB | 23/912 kB
Progress (3): 174/474 kB | 36/222 kB | 23/912 kB
Progress (3): 180/474 kB | 36/222 kB | 23/912 kB
Progress (3): 180/474 kB | 36/222 kB | 25/912 kB
Progress (3): 180/474 kB | 37/222 kB | 25/912 kB
Progress (3): 180/474 kB | 37/222 kB | 26/912 kB
Progress (3): 180/474 kB | 38/222 kB | 26/912 kB
Progress (3): 180/474 kB | 38/222 kB | 27/912 kB
Progress (3): 180/474 kB | 40/222 kB | 27/912 kB
Progress (3): 180/474 kB | 40/222 kB | 29/912 kB
Progress (3): 180/474 kB | 41/222 kB | 29/912 kB
Progress (3): 180/474 kB | 41/222 kB | 30/912 kB
Progress (3): 180/474 kB | 42/222 kB | 30/912 kB
Progress (3): 180/474 kB | 42/222 kB | 31/912 kB
Progress (3): 180/474 kB | 44/222 kB | 31/912 kB
Progress (3): 197/474 kB | 44/222 kB | 31/912 kB
Progress (3): 197/474 kB | 45/222 kB | 31/912 kB
Progress (3): 197/474 kB | 45/222 kB | 33/912 kB
Progress (3): 197/474 kB | 47/222 kB | 33/912 kB
Progress (3): 197/474 kB | 47/222 kB | 34/912 kB
Progress (3): 197/474 kB | 48/222 kB | 34/912 kB
Progress (3): 197/474 kB | 48/222 kB | 36/912 kB
Progress (3): 197/474 kB | 49/222 kB | 36/912 kB
Progress (3): 197/474 kB | 49/222 kB | 37/912 kB
Progress (3): 197/474 kB | 51/222 kB | 37/912 kB
Progress (3): 197/474 kB | 51/222 kB | 38/912 kB
Progress (3): 197/474 kB | 52/222 kB | 38/912 kB
Progress (3): 197/474 kB | 52/222 kB | 40/912 kB
Progress (3): 197/474 kB | 53/222 kB | 40/912 kB
Progress (3): 197/474 kB | 55/222 kB | 40/912 kB
Progress (3): 197/474 kB | 55/222 kB | 41/912 kB
Progress (3): 197/474 kB | 55/222 kB | 42/912 kB
Progress (3): 197/474 kB | 59/222 kB | 42/912 kB
Progress (3): 197/474 kB | 59/222 kB | 44/912 kB
Progress (3): 197/474 kB | 59/222 kB | 45/912 kB
Progress (3): 197/474 kB | 63/222 kB | 45/912 kB
Progress (3): 197/474 kB | 63/222 kB | 47/912 kB
Progress (3): 197/474 kB | 67/222 kB | 47/912 kB
Progress (3): 197/474 kB | 67/222 kB | 48/912 kB
Progress (3): 197/474 kB | 67/222 kB | 49/912 kB
Progress (3): 197/474 kB | 67/222 kB | 51/912 kB
Progress (3): 197/474 kB | 72/222 kB | 51/912 kB
Progress (3): 197/474 kB | 72/222 kB | 52/912 kB
Progress (3): 197/474 kB | 76/222 kB | 52/912 kB
Progress (3): 197/474 kB | 76/222 kB | 53/912 kB
Progress (3): 197/474 kB | 76/222 kB | 55/912 kB
Progress (3): 197/474 kB | 80/222 kB | 55/912 kB
Progress (3): 197/474 kB | 80/222 kB | 59/912 kB
Progress (3): 197/474 kB | 80/222 kB | 63/912 kB
Progress (3): 197/474 kB | 84/222 kB | 63/912 kB
Progress (3): 197/474 kB | 89/222 kB | 63/912 kB
Progress (4): 197/474 kB | 89/222 kB | 63/912 kB | 0.9/16 kB
Progress (4): 197/474 kB | 89/222 kB | 63/912 kB | 2.3/16 kB
Progress (4): 197/474 kB | 93/222 kB | 63/912 kB | 2.3/16 kB
Progress (4): 197/474 kB | 93/222 kB | 63/912 kB | 3.7/16 kB
Progress (4): 197/474 kB | 97/222 kB | 63/912 kB | 3.7/16 kB
Progress (4): 197/474 kB | 97/222 kB | 63/912 kB | 5.0/16 kB
Progress (4): 197/474 kB | 101/222 kB | 63/912 kB | 5.0/16 kB
Progress (4): 197/474 kB | 101/222 kB | 63/912 kB | 6.4/16 kB
Progress (4): 197/474 kB | 101/222 kB | 67/912 kB | 6.4/16 kB
Progress (4): 197/474 kB | 101/222 kB | 67/912 kB | 7.8/16 kB
Progress (4): 197/474 kB | 105/222 kB | 67/912 kB | 7.8/16 kB
Progress (4): 213/474 kB | 105/222 kB | 67/912 kB | 7.8/16 kB
Progress (4): 213/474 kB | 110/222 kB | 67/912 kB | 7.8/16 kB
Progress (4): 213/474 kB | 110/222 kB | 72/912 kB | 7.8/16 kB
Progress (4): 213/474 kB | 110/222 kB | 72/912 kB | 9.1/16 kB
Progress (4): 213/474 kB | 114/222 kB | 72/912 kB | 9.1/16 kB
Progress (4): 213/474 kB | 114/222 kB | 72/912 kB | 11/16 kB 
Progress (4): 213/474 kB | 114/222 kB | 76/912 kB | 11/16 kB
Progress (4): 229/474 kB | 114/222 kB | 76/912 kB | 11/16 kB
Progress (4): 229/474 kB | 114/222 kB | 76/912 kB | 12/16 kB
Progress (4): 229/474 kB | 118/222 kB | 76/912 kB | 12/16 kB
Progress (4): 229/474 kB | 118/222 kB | 76/912 kB | 13/16 kB
Progress (4): 229/474 kB | 118/222 kB | 76/912 kB | 15/16 kB
Progress (4): 229/474 kB | 122/222 kB | 76/912 kB | 15/16 kB
Progress (4): 229/474 kB | 122/222 kB | 80/912 kB | 15/16 kB
Progress (4): 246/474 kB | 122/222 kB | 80/912 kB | 15/16 kB
Progress (4): 246/474 kB | 122/222 kB | 80/912 kB | 16/16 kB
Progress (4): 246/474 kB | 122/222 kB | 80/912 kB | 16 kB   
Progress (4): 246/474 kB | 122/222 kB | 84/912 kB | 16 kB
Progress (4): 246/474 kB | 127/222 kB | 84/912 kB | 16 kB
Progress (4): 262/474 kB | 127/222 kB | 84/912 kB | 16 kB
Progress (4): 262/474 kB | 127/222 kB | 89/912 kB | 16 kB
Progress (4): 262/474 kB | 131/222 kB | 89/912 kB | 16 kB
Progress (4): 262/474 kB | 131/222 kB | 93/912 kB | 16 kB
Progress (4): 262/474 kB | 135/222 kB | 93/912 kB | 16 kB
Progress (4): 262/474 kB | 135/222 kB | 97/912 kB | 16 kB
Progress (4): 262/474 kB | 139/222 kB | 97/912 kB | 16 kB
Progress (4): 279/474 kB | 139/222 kB | 97/912 kB | 16 kB
Progress (4): 279/474 kB | 139/222 kB | 101/912 kB | 16 kB
Progress (4): 279/474 kB | 143/222 kB | 101/912 kB | 16 kB
Progress (4): 279/474 kB | 143/222 kB | 105/912 kB | 16 kB
Progress (4): 279/474 kB | 143/222 kB | 110/912 kB | 16 kB
Progress (4): 279/474 kB | 143/222 kB | 114/912 kB | 16 kB
Progress (4): 279/474 kB | 148/222 kB | 114/912 kB | 16 kB
Progress (4): 295/474 kB | 148/222 kB | 114/912 kB | 16 kB
Progress (4): 295/474 kB | 148/222 kB | 118/912 kB | 16 kB
Progress (4): 295/474 kB | 152/222 kB | 118/912 kB | 16 kB
Progress (4): 295/474 kB | 152/222 kB | 122/912 kB | 16 kB
Progress (4): 295/474 kB | 152/222 kB | 123/912 kB | 16 kB
Progress (4): 295/474 kB | 152/222 kB | 127/912 kB | 16 kB
Progress (4): 295/474 kB | 156/222 kB | 127/912 kB | 16 kB
Progress (4): 295/474 kB | 160/222 kB | 127/912 kB | 16 kB
Progress (4): 311/474 kB | 160/222 kB | 127/912 kB | 16 kB
Progress (4): 328/474 kB | 160/222 kB | 127/912 kB | 16 kB
Progress (4): 344/474 kB | 160/222 kB | 127/912 kB | 16 kB
Progress (4): 344/474 kB | 165/222 kB | 127/912 kB | 16 kB
Progress (4): 344/474 kB | 169/222 kB | 127/912 kB | 16 kB
Progress (4): 344/474 kB | 173/222 kB | 127/912 kB | 16 kB
Progress (4): 360/474 kB | 173/222 kB | 127/912 kB | 16 kB
Progress (4): 360/474 kB | 177/222 kB | 127/912 kB | 16 kB
Progress (4): 360/474 kB | 181/222 kB | 127/912 kB | 16 kB
Progress (4): 377/474 kB | 181/222 kB | 127/912 kB | 16 kB
Progress (4): 377/474 kB | 186/222 kB | 127/912 kB | 16 kB
Progress (4): 377/474 kB | 190/222 kB | 127/912 kB | 16 kB
Progress (4): 393/474 kB | 190/222 kB | 127/912 kB | 16 kB
Progress (4): 393/474 kB | 194/222 kB | 127/912 kB | 16 kB
Progress (4): 393/474 kB | 198/222 kB | 127/912 kB | 16 kB
Progress (4): 410/474 kB | 198/222 kB | 127/912 kB | 16 kB
Progress (4): 410/474 kB | 203/222 kB | 127/912 kB | 16 kB
Progress (4): 426/474 kB | 203/222 kB | 127/912 kB | 16 kB
Progress (4): 442/474 kB | 203/222 kB | 127/912 kB | 16 kB
Progress (4): 459/474 kB | 203/222 kB | 127/912 kB | 16 kB
Progress (4): 459/474 kB | 207/222 kB | 127/912 kB | 16 kB
Progress (4): 459/474 kB | 211/222 kB | 127/912 kB | 16 kB
Progress (4): 459/474 kB | 215/222 kB | 127/912 kB | 16 kB
Progress (4): 459/474 kB | 219/222 kB | 127/912 kB | 16 kB
Progress (4): 459/474 kB | 222 kB | 127/912 kB | 16 kB    
Progress (4): 459/474 kB | 222 kB | 131/912 kB | 16 kB
Progress (4): 459/474 kB | 222 kB | 136/912 kB | 16 kB
Progress (4): 459/474 kB | 222 kB | 140/912 kB | 16 kB
Progress (4): 459/474 kB | 222 kB | 144/912 kB | 16 kB
                                                      
Downloaded from central: https://repo1.maven.org/maven2/com/google/errorprone/error_prone_annotations/2.10.0/error_prone_annotations-2.10.0.jar (16 kB at 151 kB/s)
Progress (3): 474 kB | 222 kB | 144/912 kB
Progress (3): 474 kB | 222 kB | 148/912 kB
Progress (3): 474 kB | 222 kB | 152/912 kB
Progress (3): 474 kB | 222 kB | 157/912 kB
Progress (3): 474 kB | 222 kB | 161/912 kB
Progress (3): 474 kB | 222 kB | 165/912 kB
Progress (3): 474 kB | 222 kB | 169/912 kB
Progress (3): 474 kB | 222 kB | 174/912 kB
Progress (3): 474 kB | 222 kB | 178/912 kB
Progress (3): 474 kB | 222 kB | 182/912 kB
Progress (3): 474 kB | 222 kB | 186/912 kB
Progress (3): 474 kB | 222 kB | 191/912 kB
Progress (3): 474 kB | 222 kB | 195/912 kB
Progress (3): 474 kB | 222 kB | 199/912 kB
Progress (3): 474 kB | 222 kB | 203/912 kB
Progress (3): 474 kB | 222 kB | 207/912 kB
Progress (3): 474 kB | 222 kB | 212/912 kB
Progress (3): 474 kB | 222 kB | 216/912 kB
Progress (3): 474 kB | 222 kB | 220/912 kB
Progress (3): 474 kB | 222 kB | 237/912 kB
Progress (3): 474 kB | 222 kB | 253/912 kB
Progress (3): 474 kB | 222 kB | 254/912 kB
Progress (3): 474 kB | 222 kB | 270/912 kB
Progress (3): 474 kB | 222 kB | 287/912 kB
                                          
Downloaded from central: https://repo1.maven.org/maven2/org/checkerframework/checker-qual/3.19.0/checker-qual-3.19.0.jar (222 kB at 1.8 MB/s)
Downloaded from central: https://repo1.maven.org/maven2/net/spy/spymemcached/2.12.3/spymemcached-2.12.3.jar (474 kB at 3.9 MB/s)
Progress (1): 303/912 kB
Progress (1): 319/912 kB
Progress (1): 336/912 kB
Progress (1): 352/912 kB
Progress (1): 369/912 kB
Progress (1): 385/912 kB
Progress (1): 401/912 kB
Progress (1): 418/912 kB
Progress (1): 434/912 kB
Progress (1): 451/912 kB
Progress (1): 467/912 kB
Progress (1): 483/912 kB
Progress (1): 500/912 kB
Progress (1): 516/912 kB
Progress (1): 532/912 kB
Progress (1): 549/912 kB
Progress (1): 565/912 kB
Progress (1): 582/912 kB
Progress (1): 598/912 kB
Progress (1): 614/912 kB
Progress (1): 631/912 kB
Progress (1): 647/912 kB
Progress (1): 664/912 kB
Progress (1): 680/912 kB
Progress (1): 696/912 kB
Progress (1): 713/912 kB
Progress (1): 729/912 kB
Progress (1): 745/912 kB
Progress (1): 762/912 kB
Progress (1): 778/912 kB
Progress (1): 795/912 kB
Progress (1): 811/912 kB
Progress (1): 827/912 kB
Progress (1): 844/912 kB
Progress (1): 860/912 kB
Progress (1): 877/912 kB
Progress (1): 893/912 kB
Progress (1): 909/912 kB
Progress (1): 912 kB    
                    
Downloaded from central: https://repo1.maven.org/maven2/com/github/ben-manes/caffeine/caffeine/2.9.3/caffeine-2.9.3.jar (912 kB at 5.3 MB/s)
Progress (1): 0.9/67 kB
Progress (1): 2.3/67 kB
Progress (1): 3.7/67 kB
Progress (1): 5.0/67 kB
Progress (1): 6.4/67 kB
Progress (1): 7.8/67 kB
Progress (1): 9.1/67 kB
Progress (1): 11/67 kB 
Progress (1): 12/67 kB
Progress (1): 13/67 kB
Progress (1): 15/67 kB
Progress (1): 16/67 kB
Progress (1): 17/67 kB
Progress (1): 19/67 kB
Progress (1): 20/67 kB
Progress (1): 21/67 kB
Progress (1): 23/67 kB
Progress (1): 24/67 kB
Progress (1): 26/67 kB
Progress (1): 27/67 kB
Progress (1): 28/67 kB
Progress (1): 30/67 kB
Progress (1): 31/67 kB
Progress (1): 32/67 kB
Progress (1): 34/67 kB
Progress (1): 35/67 kB
Progress (1): 37/67 kB
Progress (1): 38/67 kB
Progress (1): 39/67 kB
Progress (1): 41/67 kB
Progress (1): 42/67 kB
Progress (1): 43/67 kB
Progress (1): 45/67 kB
Progress (1): 46/67 kB
Progress (1): 47/67 kB
Progress (1): 49/67 kB
Progress (1): 50/67 kB
Progress (1): 52/67 kB
Progress (1): 53/67 kB
Progress (1): 54/67 kB
Progress (1): 56/67 kB
Progress (1): 60/67 kB
Progress (1): 64/67 kB
Progress (1): 67 kB   
                   
Downloaded from central: https://repo1.maven.org/maven2/org/ehcache/modules/ehcache-api/3.11.1/ehcache-api-3.11.1.jar (67 kB at 236 kB/s)
[INFO] ------------------------------------------------------------------------
[INFO] BUILD FAILURE
[INFO] ------------------------------------------------------------------------
[INFO] Total time:  3.151 s
[INFO] Finished at: 2026-02-24T21:29:10-05:00
[INFO] ------------------------------------------------------------------------
[ERROR] Failed to execute goal on project httpclient5-cache: Could not resolve dependencies for project org.apache.httpcomponents.client5:httpclient5-cache:jar:5.7-alpha1-SNAPSHOT
[ERROR] dependency: org.apache.httpcomponents.client5:httpclient5:jar:5.7-alpha1-SNAPSHOT (compile)
[ERROR] 	Could not find artifact org.apache.httpcomponents.client5:httpclient5:jar:5.7-alpha1-SNAPSHOT in apache.snapshots (https://repository.apache.org/snapshots)
[ERROR] 
[ERROR] -> [Help 1]
[ERROR] 
[ERROR] To see the full stack trace of the errors, re-run Maven with the -e switch.
[ERROR] Re-run Maven using the -X switch to enable full debug logging.
[ERROR] 
[ERROR] For more information about the errors and possible solutions, please read the following articles:
[ERROR] [Help 1] http://cwiki.apache.org/confluence/display/MAVEN/DependencyResolutionException

STDERR:
