COMMAND: mvn.cmd -s D:\Khedma\Mr wiem\mutation-test-pipeline\.mvn\settings.xml -DskipTests compile

STDOUT:
[INFO] Scanning for projects...
[INFO] 
[INFO] -------------< org.apache.maven.plugins:maven-ejb-plugin >--------------
[INFO] Building Apache Maven EJB Plugin 3.0.1-SNAPSHOT
[INFO]   from pom.xml
[INFO] ----------------------------[ maven-plugin ]----------------------------
[WARNING] Parameter 'useJava5' is unknown for plugin 'maven-plugin-plugin:3.4:helpmojo (generate-helpmojo)'
[INFO] 
[INFO] --- enforcer:1.4.1:enforce (enforce-bytecode-version) @ maven-ejb-plugin ---
[INFO] ------------------------------------------------------------------------
[INFO] BUILD FAILURE
[INFO] ------------------------------------------------------------------------
[INFO] Total time:  1.186 s
[INFO] Finished at: 2026-02-24T21:36:50-05:00
[INFO] ------------------------------------------------------------------------
[ERROR] Failed to execute goal org.apache.maven.plugins:maven-enforcer-plugin:1.4.1:enforce (enforce-bytecode-version) on project maven-ejb-plugin: Execution enforce-bytecode-version of goal org.apache.maven.plugins:maven-enforcer-plugin:1.4.1:enforce failed.: NullPointerException -> [Help 1]
[ERROR] 
[ERROR] To see the full stack trace of the errors, re-run Maven with the -e switch.
[ERROR] Re-run Maven using the -X switch to enable full debug logging.
[ERROR] 
[ERROR] For more information about the errors and possible solutions, please read the following articles:
[ERROR] [Help 1] http://cwiki.apache.org/confluence/display/MAVEN/PluginExecutionException

STDERR:
