COMMAND: mvn.cmd -s D:\Khedma\Mr wiem\mutation-test-pipeline\.mvn\settings.xml -DskipTests compile

STDOUT:
[INFO] Scanning for projects...
[INFO] 
[INFO] ---------------------< org.jredis:jredis-core-ri >----------------------
[INFO] Building JRedis - Core - RI a.0-SNAPSHOT
[INFO]   from pom.xml
[INFO] --------------------------------[ jar ]---------------------------------
[WARNING] The POM for org.jredis:jredis-core-api:jar:a.0-SNAPSHOT is missing, no dependency information available
Downloading from central: https://repo1.maven.org/maven2/org/testng/testng/7.7.0/testng-7.7.0.pom
Progress (1): 983 B
Progress (1): 2.9 kB
                    
Downloaded from central: https://repo1.maven.org/maven2/org/testng/testng/7.7.0/testng-7.7.0.pom (2.9 kB at 6.3 kB/s)
Downloading from central: https://repo1.maven.org/maven2/com/beust/jcommander/1.82/jcommander-1.82.pom
Progress (1): 1.0 kB
Progress (1): 1.5 kB
                    
Downloaded from central: https://repo1.maven.org/maven2/com/beust/jcommander/1.82/jcommander-1.82.pom (1.5 kB at 20 kB/s)
Downloading from central: https://repo1.maven.org/maven2/org/webjars/jquery/3.6.1/jquery-3.6.1.pom
Progress (1): 1.2 kB
Progress (1): 2.8 kB
Progress (1): 7.4 kB
                    
Downloaded from central: https://repo1.maven.org/maven2/org/webjars/jquery/3.6.1/jquery-3.6.1.pom (7.4 kB at 23 kB/s)
Downloading from central: https://repo1.maven.org/maven2/log4j/log4j/1.2.12/log4j-1.2.12.jar
Progress (1): 0.9/358 kB
Progress (1): 2.3/358 kB
Progress (1): 3.7/358 kB
Progress (1): 5.0/358 kB
Progress (1): 6.4/358 kB
Progress (1): 7.8/358 kB
Progress (1): 9.1/358 kB
Progress (1): 11/358 kB 
Progress (1): 12/358 kB
Progress (1): 13/358 kB
Progress (1): 15/358 kB
Progress (1): 16/358 kB
Progress (1): 17/358 kB
Progress (1): 19/358 kB
Progress (1): 20/358 kB
Progress (1): 21/358 kB
Progress (1): 23/358 kB
Progress (1): 24/358 kB
Progress (1): 26/358 kB
Progress (1): 27/358 kB
Progress (1): 28/358 kB
Progress (1): 30/358 kB
Progress (1): 31/358 kB
Progress (1): 32/358 kB
Progress (1): 34/358 kB
Progress (1): 35/358 kB
Progress (1): 37/358 kB
Progress (1): 38/358 kB
Progress (1): 39/358 kB
Progress (1): 41/358 kB
Progress (1): 42/358 kB
Progress (1): 43/358 kB
Progress (1): 45/358 kB
Progress (1): 49/358 kB
Progress (1): 53/358 kB
Progress (1): 57/358 kB
Progress (1): 62/358 kB
Progress (1): 66/358 kB
Progress (1): 70/358 kB
Progress (1): 74/358 kB
Progress (1): 79/358 kB
Progress (1): 83/358 kB
Progress (1): 87/358 kB
Progress (1): 91/358 kB
Progress (1): 95/358 kB
Progress (1): 100/358 kB
Progress (1): 104/358 kB
Progress (1): 108/358 kB
Progress (1): 112/358 kB
Progress (1): 117/358 kB
Progress (1): 121/358 kB
Progress (1): 125/358 kB
Progress (1): 129/358 kB
Progress (1): 134/358 kB
Progress (1): 138/358 kB
Progress (1): 142/358 kB
Progress (1): 146/358 kB
Progress (1): 150/358 kB
Progress (1): 155/358 kB
Progress (1): 159/358 kB
Progress (1): 163/358 kB
Progress (1): 167/358 kB
Progress (1): 172/358 kB
Progress (1): 176/358 kB
Progress (1): 180/358 kB
Progress (1): 184/358 kB
Progress (1): 189/358 kB
Progress (1): 193/358 kB
Progress (1): 197/358 kB
Progress (1): 201/358 kB
Progress (1): 205/358 kB
Progress (1): 210/358 kB
Progress (1): 214/358 kB
Progress (1): 230/358 kB
Progress (1): 247/358 kB
Progress (1): 263/358 kB
Progress (1): 279/358 kB
Progress (1): 296/358 kB
Progress (1): 312/358 kB
Progress (1): 329/358 kB
Progress (1): 345/358 kB
Progress (1): 358 kB    
                    
Downloaded from central: https://repo1.maven.org/maven2/log4j/log4j/1.2.12/log4j-1.2.12.jar (358 kB at 3.9 MB/s)
[INFO] ------------------------------------------------------------------------
[INFO] BUILD FAILURE
[INFO] ------------------------------------------------------------------------
[INFO] Total time:  1.811 s
[INFO] Finished at: 2026-02-24T21:25:49-05:00
[INFO] ------------------------------------------------------------------------
[ERROR] Failed to execute goal on project jredis-core-ri: Could not resolve dependencies for project org.jredis:jredis-core-ri:jar:a.0-SNAPSHOT
[ERROR] dependency: org.jredis:jredis-core-api:jar:a.0-SNAPSHOT (compile)
[ERROR] 	Could not find artifact org.jredis:jredis-core-api:jar:a.0-SNAPSHOT
[ERROR] 
[ERROR] -> [Help 1]
[ERROR] 
[ERROR] To see the full stack trace of the errors, re-run Maven with the -e switch.
[ERROR] Re-run Maven using the -X switch to enable full debug logging.
[ERROR] 
[ERROR] For more information about the errors and possible solutions, please read the following articles:
[ERROR] [Help 1] http://cwiki.apache.org/confluence/display/MAVEN/DependencyResolutionException

STDERR:
