COMMAND: mvn.cmd -s D:\Khedma\Mr wiem\mutation-test-pipeline\.mvn\settings.xml -DskipTests compile

STDOUT:
[INFO] Scanning for projects...
[INFO] 
[INFO] -------------< org.apache.httpcomponents.core5:httpcore5 >--------------
[INFO] Building Apache HttpComponents Core HTTP/1.1 5.5-alpha1-SNAPSHOT
[INFO]   from pom.xml
[INFO] --------------------------------[ jar ]---------------------------------
[INFO] 
[INFO] --- enforcer:3.1.0:enforce (enforce-maven-version) @ httpcore5 ---
[INFO] 
[INFO] --- enforcer:3.1.0:enforce (enforce-java-version) @ httpcore5 ---
[INFO] 
[INFO] --- checkstyle:3.3.1:checkstyle (validate) @ httpcore5 ---
[INFO] Rendering content with org.apache.maven.skins:maven-default-skin:jar:1.3 skin.
[INFO] Starting audit...
Audit done.
[INFO] 
[INFO] --- checkstyle:3.3.1:checkstyle (validate-main) @ httpcore5 ---
[INFO] Rendering content with org.apache.maven.skins:maven-default-skin:jar:1.3 skin.
[INFO] Starting audit...
[ERROR] D:\Khedma\Mr wiem\mutation-test-pipeline\target-repos\206398\httpcore5\src\test\java\org\apache\hc\core5\util\TimeoutValueExceptionAiTest.java:1: Line does not match expected header line of '/*'. [Header]
[ERROR] D:\Khedma\Mr wiem\mutation-test-pipeline\target-repos\206398\httpcore5\src\test\java\org\apache\hc\core5\util\TimeoutValueExceptionAiTest.java:10:5: Test method has public visibility. It should be package private. [TestCaseMethodVisibility]
[ERROR] D:\Khedma\Mr wiem\mutation-test-pipeline\target-repos\206398\httpcore5\src\test\java\org\apache\hc\core5\util\TimeoutValueExceptionAiTest.java:11:31: Variable 'exception' should be declared final. [FinalLocalVariable]
[ERROR] D:\Khedma\Mr wiem\mutation-test-pipeline\target-repos\206398\httpcore5\src\test\java\org\apache\hc\core5\util\TimeoutValueExceptionAiTest.java:17:5: Test method has public visibility. It should be package private. [TestCaseMethodVisibility]
[ERROR] D:\Khedma\Mr wiem\mutation-test-pipeline\target-repos\206398\httpcore5\src\test\java\org\apache\hc\core5\util\TimeoutValueExceptionAiTest.java:18:31: Variable 'exception' should be declared final. [FinalLocalVariable]
[ERROR] D:\Khedma\Mr wiem\mutation-test-pipeline\target-repos\206398\httpcore5\src\test\java\org\apache\hc\core5\util\TimeoutValueExceptionAiTest.java:24:5: Test method has public visibility. It should be package private. [TestCaseMethodVisibility]
[ERROR] D:\Khedma\Mr wiem\mutation-test-pipeline\target-repos\206398\httpcore5\src\test\java\org\apache\hc\core5\util\TimeoutValueExceptionAiTest.java:25:31: Variable 'exception' should be declared final. [FinalLocalVariable]
[ERROR] D:\Khedma\Mr wiem\mutation-test-pipeline\target-repos\206398\httpcore5\src\test\java\org\apache\hc\core5\util\TimeoutValueExceptionAiTest.java:31:5: Test method has public visibility. It should be package private. [TestCaseMethodVisibility]
[ERROR] D:\Khedma\Mr wiem\mutation-test-pipeline\target-repos\206398\httpcore5\src\test\java\org\apache\hc\core5\util\TimeoutValueExceptionAiTest.java:32:31: Variable 'exception' should be declared final. [FinalLocalVariable]
[ERROR] D:\Khedma\Mr wiem\mutation-test-pipeline\target-repos\206398\httpcore5\src\test\java\org\apache\hc\core5\util\TimeoutValueExceptionAiTest.java:38:5: Test method has public visibility. It should be package private. [TestCaseMethodVisibility]
[ERROR] D:\Khedma\Mr wiem\mutation-test-pipeline\target-repos\206398\httpcore5\src\test\java\org\apache\hc\core5\util\TimeoutValueExceptionAiTest.java:39:31: Variable 'exception' should be declared final. [FinalLocalVariable]
[ERROR] D:\Khedma\Mr wiem\mutation-test-pipeline\target-repos\206398\httpcore5\src\test\java\org\apache\hc\core5\util\TimeoutValueExceptionAiTest.java:44:5: Test method has public visibility. It should be package private. [TestCaseMethodVisibility]
[ERROR] D:\Khedma\Mr wiem\mutation-test-pipeline\target-repos\206398\httpcore5\src\test\java\org\apache\hc\core5\util\TimeoutValueExceptionAiTest.java:45:31: Variable 'exception' should be declared final. [FinalLocalVariable]
[ERROR] D:\Khedma\Mr wiem\mutation-test-pipeline\target-repos\206398\httpcore5\src\test\java\org\apache\hc\core5\util\TimeoutValueExceptionAiTest.java:50:5: Test method has public visibility. It should be package private. [TestCaseMethodVisibility]
[ERROR] D:\Khedma\Mr wiem\mutation-test-pipeline\target-repos\206398\httpcore5\src\test\java\org\apache\hc\core5\util\TimeoutValueExceptionAiTest.java:51:31: Variable 'exception' should be declared final. [FinalLocalVariable]
[ERROR] D:\Khedma\Mr wiem\mutation-test-pipeline\target-repos\206398\httpcore5\src\test\java\org\apache\hc\core5\util\TimeoutValueExceptionAiTest.java:56:5: Test method has public visibility. It should be package private. [TestCaseMethodVisibility]
[ERROR] D:\Khedma\Mr wiem\mutation-test-pipeline\target-repos\206398\httpcore5\src\test\java\org\apache\hc\core5\util\TimeoutValueExceptionAiTest.java:57:31: Variable 'exception' should be declared final. [FinalLocalVariable]
Audit done.
[INFO] ------------------------------------------------------------------------
[INFO] BUILD FAILURE
[INFO] ------------------------------------------------------------------------
[INFO] Total time:  7.121 s
[INFO] Finished at: 2026-02-25T19:33:23-05:00
[INFO] ------------------------------------------------------------------------
[ERROR] Failed to execute goal org.apache.maven.plugins:maven-checkstyle-plugin:3.3.1:checkstyle (validate-main) on project httpcore5: An error has occurred in Checkstyle report generation.: Failed during checkstyle execution: There are 17 errors reported by Checkstyle 9.3 with hc-stylecheck/default.xml ruleset. -> [Help 1]
[ERROR] 
[ERROR] To see the full stack trace of the errors, re-run Maven with the -e switch.
[ERROR] Re-run Maven using the -X switch to enable full debug logging.
[ERROR] 
[ERROR] For more information about the errors and possible solutions, please read the following articles:
[ERROR] [Help 1] http://cwiki.apache.org/confluence/display/MAVEN/MojoExecutionException

STDERR:
