COMMAND: mvn.cmd -s D:\Khedma\Mr wiem\mutation-test-pipeline\.mvn\settings.xml -DskipTests compile

STDOUT:
[INFO] Scanning for projects...
[INFO] 
[INFO] -------------------------< de.linsin:alterego >-------------------------
[INFO] Building alterego 0.1
[INFO]   from pom.xml
[INFO] --------------------------------[ jar ]---------------------------------
[INFO] 
[INFO] --- resources:3.3.1:resources (default-resources) @ alterego ---
[WARNING] Using platform encoding (Cp1252 actually) to copy filtered resources, i.e. build is platform dependent!
[INFO] skip non existing resourceDirectory D:\Khedma\Mr wiem\mutation-test-pipeline\target-repos\168535\alterego\src\main\resources
[INFO] 
[INFO] --- compiler:2.0.2:compile (default-compile) @ alterego ---
Downloading from central: https://repo1.maven.org/maven2/org/apache/maven/maven-plugin-api/2.0/maven-plugin-api-2.0.pom
Progress (1): 601 B
                   
Downloaded from central: https://repo1.maven.org/maven2/org/apache/maven/maven-plugin-api/2.0/maven-plugin-api-2.0.pom (601 B at 2.0 kB/s)
Downloading from central: https://repo1.maven.org/maven2/org/apache/maven/maven/2.0/maven-2.0.pom
Progress (1): 1.0 kB
Progress (1): 3.4 kB
Progress (1): 6.3 kB
Progress (1): 8.8 kB
                    
Downloaded from central: https://repo1.maven.org/maven2/org/apache/maven/maven/2.0/maven-2.0.pom (8.8 kB at 137 kB/s)
Downloading from central: https://repo1.maven.org/maven2/org/codehaus/plexus/plexus-compiler-api/1.5.3/plexus-compiler-api-1.5.3.pom
Progress (1): 624 B
                   
Downloaded from central: https://repo1.maven.org/maven2/org/codehaus/plexus/plexus-compiler-api/1.5.3/plexus-compiler-api-1.5.3.pom (624 B at 11 kB/s)
Downloading from central: https://repo1.maven.org/maven2/org/codehaus/plexus/plexus-compiler/1.5.3/plexus-compiler-1.5.3.pom
Progress (1): 1.5 kB
                    
Downloaded from central: https://repo1.maven.org/maven2/org/codehaus/plexus/plexus-compiler/1.5.3/plexus-compiler-1.5.3.pom (1.5 kB at 24 kB/s)
Downloading from central: https://repo1.maven.org/maven2/org/codehaus/plexus/plexus-compiler-manager/1.5.3/plexus-compiler-manager-1.5.3.pom
Progress (1): 634 B
                   
Downloaded from central: https://repo1.maven.org/maven2/org/codehaus/plexus/plexus-compiler-manager/1.5.3/plexus-compiler-manager-1.5.3.pom (634 B at 13 kB/s)
Downloading from central: https://repo1.maven.org/maven2/org/codehaus/plexus/plexus-compiler-javac/1.5.3/plexus-compiler-javac-1.5.3.pom
Progress (1): 797 B
                   
Downloaded from central: https://repo1.maven.org/maven2/org/codehaus/plexus/plexus-compiler-javac/1.5.3/plexus-compiler-javac-1.5.3.pom (797 B at 16 kB/s)
Downloading from central: https://repo1.maven.org/maven2/org/codehaus/plexus/plexus-compilers/1.5.3/plexus-compilers-1.5.3.pom
Progress (1): 1.4 kB
Progress (1): 3.5 kB
Progress (1): 6.3 kB
Progress (1): 7.6 kB
                    
Downloaded from central: https://repo1.maven.org/maven2/org/codehaus/plexus/plexus-compilers/1.5.3/plexus-compilers-1.5.3.pom (7.6 kB at 132 kB/s)
Downloading from central: https://repo1.maven.org/maven2/org/codehaus/plexus/plexus-utils/1.0.5/plexus-utils-1.0.5.pom
Progress (1): 918 B
                   
Downloaded from central: https://repo1.maven.org/maven2/org/codehaus/plexus/plexus-utils/1.0.5/plexus-utils-1.0.5.pom (918 B at 9.6 kB/s)
Downloading from central: https://repo1.maven.org/maven2/org/apache/maven/maven-artifact/2.0/maven-artifact-2.0.pom
Progress (1): 723 B
                   
Downloaded from central: https://repo1.maven.org/maven2/org/apache/maven/maven-artifact/2.0/maven-artifact-2.0.pom (723 B at 15 kB/s)
Downloading from central: https://repo1.maven.org/maven2/org/apache/maven/maven-plugin-api/2.0/maven-plugin-api-2.0.jar
Downloading from central: https://repo1.maven.org/maven2/org/codehaus/plexus/plexus-utils/1.0.4/plexus-utils-1.0.4.jar
Downloading from central: https://repo1.maven.org/maven2/org/codehaus/plexus/plexus-compiler-api/1.5.3/plexus-compiler-api-1.5.3.jar
Downloading from central: https://repo1.maven.org/maven2/org/codehaus/plexus/plexus-container-default/1.0-alpha-8/plexus-container-default-1.0-alpha-8.jar
Downloading from central: https://repo1.maven.org/maven2/org/codehaus/plexus/plexus-compiler-manager/1.5.3/plexus-compiler-manager-1.5.3.jar
Progress (1): 0.9/10 kB
Progress (1): 2.3/10 kB
Progress (1): 3.6/10 kB
Progress (1): 5.0/10 kB
Progress (1): 6.4/10 kB
Progress (1): 7.7/10 kB
Progress (1): 9.1/10 kB
Progress (1): 10 kB    
                   
Downloaded from central: https://repo1.maven.org/maven2/org/apache/maven/maven-plugin-api/2.0/maven-plugin-api-2.0.jar (10 kB at 156 kB/s)
Downloading from central: https://repo1.maven.org/maven2/org/codehaus/plexus/plexus-compiler-javac/1.5.3/plexus-compiler-javac-1.5.3.jar
Progress (1): 0.9/5.3 kB
Progress (1): 2.3/5.3 kB
Progress (1): 3.6/5.3 kB
Progress (1): 5.0/5.3 kB
Progress (1): 5.3 kB    
Progress (2): 5.3 kB | 0.9/164 kB
Progress (3): 5.3 kB | 0.9/164 kB | 0.9/195 kB
Progress (3): 5.3 kB | 2.3/164 kB | 0.9/195 kB
Progress (3): 5.3 kB | 2.3/164 kB | 2.3/195 kB
Progress (3): 5.3 kB | 3.6/164 kB | 2.3/195 kB
Progress (3): 5.3 kB | 3.6/164 kB | 3.6/195 kB
Progress (3): 5.3 kB | 3.6/164 kB | 5.0/195 kB
Progress (3): 5.3 kB | 3.6/164 kB | 6.4/195 kB
Progress (3): 5.3 kB | 5.0/164 kB | 6.4/195 kB
Progress (3): 5.3 kB | 5.0/164 kB | 7.7/195 kB
Progress (3): 5.3 kB | 5.0/164 kB | 9.1/195 kB
Progress (3): 5.3 kB | 5.0/164 kB | 10/195 kB 
Progress (3): 5.3 kB | 5.0/164 kB | 12/195 kB
Progress (3): 5.3 kB | 5.0/164 kB | 13/195 kB
Progress (3): 5.3 kB | 5.0/164 kB | 15/195 kB
Progress (3): 5.3 kB | 5.0/164 kB | 16/195 kB
Progress (3): 5.3 kB | 5.0/164 kB | 17/195 kB
Progress (3): 5.3 kB | 5.0/164 kB | 19/195 kB
Progress (3): 5.3 kB | 5.0/164 kB | 20/195 kB
Progress (3): 5.3 kB | 6.4/164 kB | 20/195 kB
Progress (3): 5.3 kB | 6.4/164 kB | 21/195 kB
Progress (3): 5.3 kB | 6.4/164 kB | 23/195 kB
Progress (3): 5.3 kB | 6.4/164 kB | 24/195 kB
Progress (4): 5.3 kB | 6.4/164 kB | 24/195 kB | 0.9/14 kB
Progress (4): 5.3 kB | 6.4/164 kB | 24/195 kB | 2.3/14 kB
Progress (4): 5.3 kB | 6.4/164 kB | 24/195 kB | 3.6/14 kB
Progress (4): 5.3 kB | 7.7/164 kB | 24/195 kB | 3.6/14 kB
Progress (4): 5.3 kB | 7.7/164 kB | 24/195 kB | 5.0/14 kB
Progress (4): 5.3 kB | 7.7/164 kB | 26/195 kB | 5.0/14 kB
Progress (4): 5.3 kB | 7.7/164 kB | 26/195 kB | 6.4/14 kB
Progress (4): 5.3 kB | 7.7/164 kB | 27/195 kB | 6.4/14 kB
Progress (4): 5.3 kB | 7.7/164 kB | 27/195 kB | 7.7/14 kB
Progress (4): 5.3 kB | 7.7/164 kB | 28/195 kB | 7.7/14 kB
Progress (4): 5.3 kB | 7.7/164 kB | 28/195 kB | 9.1/14 kB
Progress (4): 5.3 kB | 7.7/164 kB | 30/195 kB | 9.1/14 kB
Progress (4): 5.3 kB | 7.7/164 kB | 30/195 kB | 10/14 kB 
Progress (4): 5.3 kB | 7.7/164 kB | 31/195 kB | 10/14 kB
Progress (4): 5.3 kB | 7.7/164 kB | 31/195 kB | 12/14 kB
Progress (4): 5.3 kB | 7.7/164 kB | 32/195 kB | 12/14 kB
Progress (4): 5.3 kB | 7.7/164 kB | 32/195 kB | 13/14 kB
Progress (4): 5.3 kB | 7.7/164 kB | 32/195 kB | 14 kB   
Progress (4): 5.3 kB | 7.7/164 kB | 34/195 kB | 14 kB
Progress (4): 5.3 kB | 7.7/164 kB | 35/195 kB | 14 kB
Progress (4): 5.3 kB | 7.7/164 kB | 36/195 kB | 14 kB
Progress (4): 5.3 kB | 7.7/164 kB | 38/195 kB | 14 kB
Progress (5): 5.3 kB | 7.7/164 kB | 38/195 kB | 14 kB | 0.9/20 kB
Progress (5): 5.3 kB | 9.1/164 kB | 38/195 kB | 14 kB | 0.9/20 kB
Progress (5): 5.3 kB | 9.1/164 kB | 39/195 kB | 14 kB | 0.9/20 kB
Progress (5): 5.3 kB | 9.1/164 kB | 39/195 kB | 14 kB | 2.3/20 kB
Progress (5): 5.3 kB | 10/164 kB | 39/195 kB | 14 kB | 2.3/20 kB 
Progress (5): 5.3 kB | 10/164 kB | 41/195 kB | 14 kB | 2.3/20 kB
Progress (5): 5.3 kB | 10/164 kB | 41/195 kB | 14 kB | 3.6/20 kB
Progress (5): 5.3 kB | 12/164 kB | 41/195 kB | 14 kB | 3.6/20 kB
Progress (5): 5.3 kB | 12/164 kB | 42/195 kB | 14 kB | 3.6/20 kB
Progress (5): 5.3 kB | 13/164 kB | 42/195 kB | 14 kB | 3.6/20 kB
Progress (5): 5.3 kB | 13/164 kB | 42/195 kB | 14 kB | 5.0/20 kB
Progress (5): 5.3 kB | 13/164 kB | 43/195 kB | 14 kB | 5.0/20 kB
Progress (5): 5.3 kB | 15/164 kB | 43/195 kB | 14 kB | 5.0/20 kB
Progress (5): 5.3 kB | 15/164 kB | 43/195 kB | 14 kB | 6.4/20 kB
Progress (5): 5.3 kB | 15/164 kB | 45/195 kB | 14 kB | 6.4/20 kB
Progress (5): 5.3 kB | 16/164 kB | 45/195 kB | 14 kB | 6.4/20 kB
                                                                
Downloaded from central: https://repo1.maven.org/maven2/org/codehaus/plexus/plexus-compiler-manager/1.5.3/plexus-compiler-manager-1.5.3.jar (5.3 kB at 45 kB/s)
Downloading from central: https://repo1.maven.org/maven2/org/apache/maven/maven-artifact/2.0/maven-artifact-2.0.jar
Progress (4): 17/164 kB | 45/195 kB | 14 kB | 6.4/20 kB
Progress (4): 17/164 kB | 45/195 kB | 14 kB | 7.7/20 kB
Progress (4): 17/164 kB | 46/195 kB | 14 kB | 7.7/20 kB
Progress (4): 17/164 kB | 46/195 kB | 14 kB | 8.2/20 kB
Progress (4): 19/164 kB | 46/195 kB | 14 kB | 8.2/20 kB
Progress (4): 19/164 kB | 47/195 kB | 14 kB | 8.2/20 kB
Progress (4): 20/164 kB | 47/195 kB | 14 kB | 8.2/20 kB
Progress (4): 20/164 kB | 47/195 kB | 14 kB | 9.6/20 kB
Progress (4): 20/164 kB | 49/195 kB | 14 kB | 9.6/20 kB
Progress (4): 20/164 kB | 49/195 kB | 14 kB | 11/20 kB 
Progress (4): 21/164 kB | 49/195 kB | 14 kB | 11/20 kB
Progress (4): 21/164 kB | 50/195 kB | 14 kB | 11/20 kB
Progress (4): 21/164 kB | 50/195 kB | 14 kB | 12/20 kB
Progress (4): 23/164 kB | 50/195 kB | 14 kB | 12/20 kB
Progress (4): 23/164 kB | 52/195 kB | 14 kB | 12/20 kB
Progress (4): 23/164 kB | 52/195 kB | 14 kB | 14/20 kB
Progress (4): 24/164 kB | 52/195 kB | 14 kB | 14/20 kB
Progress (4): 24/164 kB | 53/195 kB | 14 kB | 14/20 kB
Progress (4): 26/164 kB | 53/195 kB | 14 kB | 14/20 kB
Progress (4): 26/164 kB | 53/195 kB | 14 kB | 15/20 kB
Progress (4): 26/164 kB | 54/195 kB | 14 kB | 15/20 kB
Progress (4): 27/164 kB | 54/195 kB | 14 kB | 15/20 kB
Progress (4): 27/164 kB | 56/195 kB | 14 kB | 15/20 kB
Progress (4): 28/164 kB | 56/195 kB | 14 kB | 15/20 kB
Progress (4): 28/164 kB | 56/195 kB | 14 kB | 16/20 kB
Progress (4): 28/164 kB | 60/195 kB | 14 kB | 16/20 kB
Progress (4): 28/164 kB | 60/195 kB | 14 kB | 18/20 kB
Progress (4): 29/164 kB | 60/195 kB | 14 kB | 18/20 kB
Progress (4): 29/164 kB | 60/195 kB | 14 kB | 19/20 kB
Progress (4): 31/164 kB | 60/195 kB | 14 kB | 19/20 kB
Progress (4): 31/164 kB | 60/195 kB | 14 kB | 20 kB   
Progress (4): 32/164 kB | 60/195 kB | 14 kB | 20 kB
Progress (4): 33/164 kB | 60/195 kB | 14 kB | 20 kB
Progress (4): 35/164 kB | 60/195 kB | 14 kB | 20 kB
Progress (4): 36/164 kB | 60/195 kB | 14 kB | 20 kB
Progress (4): 38/164 kB | 60/195 kB | 14 kB | 20 kB
Progress (4): 39/164 kB | 60/195 kB | 14 kB | 20 kB
Progress (4): 40/164 kB | 60/195 kB | 14 kB | 20 kB
Progress (4): 42/164 kB | 60/195 kB | 14 kB | 20 kB
Progress (4): 43/164 kB | 60/195 kB | 14 kB | 20 kB
Progress (4): 44/164 kB | 60/195 kB | 14 kB | 20 kB
Progress (4): 46/164 kB | 60/195 kB | 14 kB | 20 kB
Progress (4): 47/164 kB | 60/195 kB | 14 kB | 20 kB
Progress (4): 49/164 kB | 60/195 kB | 14 kB | 20 kB
Progress (4): 50/164 kB | 60/195 kB | 14 kB | 20 kB
Progress (4): 51/164 kB | 60/195 kB | 14 kB | 20 kB
Progress (4): 53/164 kB | 60/195 kB | 14 kB | 20 kB
Progress (4): 54/164 kB | 60/195 kB | 14 kB | 20 kB
Progress (4): 55/164 kB | 60/195 kB | 14 kB | 20 kB
Progress (4): 60/164 kB | 60/195 kB | 14 kB | 20 kB
Progress (4): 64/164 kB | 60/195 kB | 14 kB | 20 kB
Progress (4): 68/164 kB | 60/195 kB | 14 kB | 20 kB
Progress (4): 72/164 kB | 60/195 kB | 14 kB | 20 kB
Progress (4): 77/164 kB | 60/195 kB | 14 kB | 20 kB
Progress (4): 81/164 kB | 60/195 kB | 14 kB | 20 kB
Progress (4): 85/164 kB | 60/195 kB | 14 kB | 20 kB
                                                   
Downloaded from central: https://repo1.maven.org/maven2/org/codehaus/plexus/plexus-compiler-javac/1.5.3/plexus-compiler-javac-1.5.3.jar (14 kB at 109 kB/s)
Progress (3): 89/164 kB | 60/195 kB | 20 kB
Progress (3): 93/164 kB | 60/195 kB | 20 kB
Progress (3): 98/164 kB | 60/195 kB | 20 kB
Progress (3): 102/164 kB | 60/195 kB | 20 kB
Progress (3): 102/164 kB | 64/195 kB | 20 kB
Progress (3): 106/164 kB | 64/195 kB | 20 kB
Progress (3): 106/164 kB | 68/195 kB | 20 kB
Progress (3): 110/164 kB | 68/195 kB | 20 kB
Progress (3): 110/164 kB | 73/195 kB | 20 kB
Progress (3): 115/164 kB | 73/195 kB | 20 kB
Progress (3): 115/164 kB | 77/195 kB | 20 kB
Progress (3): 119/164 kB | 77/195 kB | 20 kB
Progress (3): 119/164 kB | 81/195 kB | 20 kB
Progress (3): 123/164 kB | 81/195 kB | 20 kB
Progress (3): 123/164 kB | 85/195 kB | 20 kB
Progress (3): 127/164 kB | 85/195 kB | 20 kB
Progress (3): 127/164 kB | 89/195 kB | 20 kB
Progress (3): 131/164 kB | 89/195 kB | 20 kB
Progress (3): 136/164 kB | 89/195 kB | 20 kB
Progress (3): 140/164 kB | 89/195 kB | 20 kB
Progress (3): 144/164 kB | 89/195 kB | 20 kB
Progress (3): 148/164 kB | 89/195 kB | 20 kB
Progress (3): 153/164 kB | 89/195 kB | 20 kB
Progress (3): 157/164 kB | 89/195 kB | 20 kB
Progress (3): 159/164 kB | 89/195 kB | 20 kB
Progress (3): 159/164 kB | 94/195 kB | 20 kB
Progress (3): 163/164 kB | 94/195 kB | 20 kB
Progress (3): 163/164 kB | 98/195 kB | 20 kB
Progress (3): 164 kB | 98/195 kB | 20 kB    
Progress (3): 164 kB | 102/195 kB | 20 kB
Progress (3): 164 kB | 106/195 kB | 20 kB
Progress (3): 164 kB | 111/195 kB | 20 kB
                                         
Downloaded from central: https://repo1.maven.org/maven2/org/codehaus/plexus/plexus-compiler-api/1.5.3/plexus-compiler-api-1.5.3.jar (20 kB at 148 kB/s)
Progress (2): 164 kB | 115/195 kB
Progress (2): 164 kB | 119/195 kB
Progress (2): 164 kB | 123/195 kB
Progress (2): 164 kB | 128/195 kB
Progress (2): 164 kB | 132/195 kB
Progress (2): 164 kB | 136/195 kB
Progress (2): 164 kB | 140/195 kB
Progress (2): 164 kB | 144/195 kB
Progress (2): 164 kB | 149/195 kB
Progress (2): 164 kB | 153/195 kB
Progress (2): 164 kB | 157/195 kB
Progress (2): 164 kB | 161/195 kB
Progress (2): 164 kB | 166/195 kB
Progress (2): 164 kB | 170/195 kB
Progress (2): 164 kB | 174/195 kB
Progress (2): 164 kB | 178/195 kB
                                 
Downloaded from central: https://repo1.maven.org/maven2/org/codehaus/plexus/plexus-utils/1.0.4/plexus-utils-1.0.4.jar (164 kB at 1.2 MB/s)
Progress (1): 183/195 kB
Progress (1): 187/195 kB
Progress (1): 191/195 kB
Progress (1): 195/195 kB
Progress (1): 195 kB    
                    
Downloaded from central: https://repo1.maven.org/maven2/org/codehaus/plexus/plexus-container-default/1.0-alpha-8/plexus-container-default-1.0-alpha-8.jar (195 kB at 1.2 MB/s)
Progress (1): 0.9/79 kB
Progress (1): 2.3/79 kB
Progress (1): 3.6/79 kB
Progress (1): 5.0/79 kB
Progress (1): 9.2/79 kB
Progress (1): 13/79 kB 
Progress (1): 18/79 kB
Progress (1): 22/79 kB
Progress (1): 26/79 kB
Progress (1): 30/79 kB
Progress (1): 35/79 kB
Progress (1): 39/79 kB
Progress (1): 43/79 kB
Progress (1): 47/79 kB
Progress (1): 52/79 kB
Progress (1): 56/79 kB
Progress (1): 60/79 kB
Progress (1): 64/79 kB
Progress (1): 68/79 kB
Progress (1): 73/79 kB
Progress (1): 77/79 kB
Progress (1): 79 kB   
                   
Downloaded from central: https://repo1.maven.org/maven2/org/apache/maven/maven-artifact/2.0/maven-artifact-2.0.jar (79 kB at 408 kB/s)
[INFO] Compiling 5 source files to D:\Khedma\Mr wiem\mutation-test-pipeline\target-repos\168535\alterego\target\classes
[INFO] ------------------------------------------------------------------------
[INFO] BUILD FAILURE
[INFO] ------------------------------------------------------------------------
[INFO] Total time:  1.759 s
[INFO] Finished at: 2026-02-25T19:26:51-05:00
[INFO] ------------------------------------------------------------------------
[ERROR] Failed to execute goal org.apache.maven.plugins:maven-compiler-plugin:2.0.2:compile (default-compile) on project alterego: Compilation failure: Compilation failure: 
[ERROR] error: Source option 5 is no longer supported. Use 7 or later.
[ERROR] error: Target option 5 is no longer supported. Use 7 or later.
[ERROR] -> [Help 1]
[ERROR] 
[ERROR] To see the full stack trace of the errors, re-run Maven with the -e switch.
[ERROR] Re-run Maven using the -X switch to enable full debug logging.
[ERROR] 
[ERROR] For more information about the errors and possible solutions, please read the following articles:
[ERROR] [Help 1] http://cwiki.apache.org/confluence/display/MAVEN/MojoFailureException

STDERR:
