COMMAND: mvn.cmd -s D:\Khedma\Mr wiem\mutation-test-pipeline\.mvn\settings.xml -DskipTests compile

STDOUT:
[INFO] Scanning for projects...
[INFO] 
[INFO] --------< org.apache.directory.server:apacheds-xdbm-partition >---------
[INFO] Building ApacheDS Generalized (X) DBM Partition 2.0.0.AM28-SNAPSHOT
[INFO]   from pom.xml
[INFO] -------------------------------[ bundle ]-------------------------------
[WARNING] Parameter 'maven.compiler.release' is unknown for plugin 'maven-compiler-plugin:3.13.0:compile (default-compile)'
[INFO] 
[INFO] --- enforcer:3.5.0:enforce (enforce-maven-version) @ apacheds-xdbm-partition ---
[INFO] Rule 0: org.apache.maven.enforcer.rules.version.RequireMavenVersion passed
[INFO] 
[INFO] --- enforcer:3.5.0:enforce (enforce-java-version) @ apacheds-xdbm-partition ---
[INFO] Rule 0: org.apache.maven.enforcer.rules.version.RequireJavaVersion passed
[INFO] 
[INFO] --- checkstyle:3.6.0:check (validate) @ apacheds-xdbm-partition ---
[INFO] You have 0 Checkstyle violations.
[INFO] 
[INFO] --- remote-resources:3.3.0:process (process-resource-bundles) @ apacheds-xdbm-partition ---
[INFO] Preparing remote bundle org.apache.apache.resources:apache-jar-resource-bundle:1.5
[INFO] Copying 3 resources from 1 bundle.
[INFO] 
[INFO] --- resources:3.3.1:resources (default-resources) @ apacheds-xdbm-partition ---
[INFO] skip non existing resourceDirectory D:\Khedma\Mr wiem\mutation-test-pipeline\target-repos\206437\xdbm-partition\src\main\resources
[INFO] Copying 3 resources from target\maven-shared-archive-resources to target\classes
[INFO] 
[INFO] --- compiler:3.13.0:compile (default-compile) @ apacheds-xdbm-partition ---
[INFO] Nothing to compile - all classes are up to date.
[INFO] ------------------------------------------------------------------------
[INFO] BUILD SUCCESS
[INFO] ------------------------------------------------------------------------
[INFO] Total time:  2.763 s
[INFO] Finished at: 2026-02-25T13:14:58-05:00
[INFO] ------------------------------------------------------------------------

STDERR:
