COMMAND: mvn.cmd -s D:\Khedma\Mr wiem\mutation-test-pipeline\.mvn\settings.xml -DskipTests compile

STDOUT:
[INFO] Scanning for projects...
[INFO] 
[INFO] ---------------------< com.dbdeploy:dbdeploy-core >---------------------
[INFO] Building dbdeploy-core 3.0-SNAPSHOT
[INFO]   from pom.xml
[INFO] --------------------------------[ jar ]---------------------------------
[INFO] 
[INFO] --- enforcer:1.0-beta-1:enforce (enforce-maven) @ dbdeploy-core ---
[INFO] 
[INFO] --- resources:3.3.1:resources (default-resources) @ dbdeploy-core ---
[INFO] Copying 14 resources from src\main\resources to target\classes
[INFO] 
[INFO] --- compiler:3.13.0:compile (default-compile) @ dbdeploy-core ---
[INFO] Nothing to compile - all classes are up to date.
[INFO] ------------------------------------------------------------------------
[INFO] BUILD SUCCESS
[INFO] ------------------------------------------------------------------------
[INFO] Total time:  1.011 s
[INFO] Finished at: 2026-02-25T12:46:07-05:00
[INFO] ------------------------------------------------------------------------

STDERR:
