COMMAND: mvn.cmd -s D:\Khedma\Mr wiem\mutation-test-pipeline\.mvn\settings.xml -DskipTests compile

STDOUT:
[INFO] Scanning for projects...
[INFO] 
[INFO] -------------------< org.apache.openjpa:openjpa-lib >-------------------
[INFO] Building OpenJPA Utilities Library 4.1.2-SNAPSHOT
[INFO]   from pom.xml
[INFO] --------------------------------[ jar ]---------------------------------
[INFO] 
[INFO] --- buildnumber:3.2.1:create (default) @ openjpa-lib ---
[INFO] Storing buildNumber: February 24, 2026 at 9:37 PM at timestamp: 1771987024859
[INFO] Executing: cmd.exe /X /C "git symbolic-ref HEAD"
[INFO] Working directory: D:\Khedma\Mr wiem\mutation-test-pipeline\target-repos\206364\openjpa-lib
[INFO] Storing scmBranch: master
[INFO] 
[INFO] --- enforcer:3.5.0:enforce (enforce-maven-version) @ openjpa-lib ---
[INFO] Rule 0: org.apache.maven.enforcer.rules.version.RequireMavenVersion passed
[INFO] 
[INFO] --- enforcer:3.5.0:enforce (enforce-java-version) @ openjpa-lib ---
[INFO] Rule 0: org.apache.maven.enforcer.rules.version.RequireJavaVersion passed
[INFO] 
[INFO] --- enforcer:3.5.0:enforce (default) @ openjpa-lib ---
[INFO] Rule 0: org.apache.maven.enforcer.rules.version.RequireMavenVersion passed
[INFO] ------------------------------------------------------------------------
[INFO] BUILD FAILURE
[INFO] ------------------------------------------------------------------------
[INFO] Total time:  1.051 s
[INFO] Finished at: 2026-02-24T21:37:05-05:00
[INFO] ------------------------------------------------------------------------
[ERROR] Failed to execute goal org.apache.maven.plugins:maven-enforcer-plugin:3.5.0:enforce (default) on project openjpa-lib: 
[ERROR] Rule 1: org.apache.maven.enforcer.rules.version.RequireJavaVersion failed with message:
[ERROR] Detected JDK version 1.8.0-472 (JAVA_HOME=C:\Program Files\Eclipse Adoptium\jdk-8.0.472.8-hotspot\jre) is not in the allowed range [11,).
[ERROR] -> [Help 1]
[ERROR] 
[ERROR] To see the full stack trace of the errors, re-run Maven with the -e switch.
[ERROR] Re-run Maven using the -X switch to enable full debug logging.
[ERROR] 
[ERROR] For more information about the errors and possible solutions, please read the following articles:
[ERROR] [Help 1] http://cwiki.apache.org/confluence/display/MAVEN/MojoExecutionException

STDERR:
