COMMAND: mvn.cmd -s D:\Khedma\Mr wiem\mutation-test-pipeline\.mvn\settings.xml -DskipTests compile

STDOUT:
[INFO] Scanning for projects...
[INFO] 
[INFO] -------------------< org.constretto:constretto-core >-------------------
[INFO] Building Constretto :: Core implementation - 3.0.0-SNAPSHOT 3.0.0-SNAPSHOT
[INFO]   from pom.xml
[INFO] --------------------------------[ jar ]---------------------------------
[WARNING] The POM for org.constretto:constretto-api:jar:3.0.0-SNAPSHOT is missing, no dependency information available
[INFO] ------------------------------------------------------------------------
[INFO] BUILD FAILURE
[INFO] ------------------------------------------------------------------------
[INFO] Total time:  0.536 s
[INFO] Finished at: 2026-02-25T19:27:30-05:00
[INFO] ------------------------------------------------------------------------
[ERROR] Failed to execute goal on project constretto-core: Could not resolve dependencies for project org.constretto:constretto-core:jar:3.0.0-SNAPSHOT
[ERROR] dependency: org.constretto:constretto-api:jar:3.0.0-SNAPSHOT (compile)
[ERROR] 	Could not find artifact org.constretto:constretto-api:jar:3.0.0-SNAPSHOT
[ERROR] 
[ERROR] -> [Help 1]
[ERROR] 
[ERROR] To see the full stack trace of the errors, re-run Maven with the -e switch.
[ERROR] Re-run Maven using the -X switch to enable full debug logging.
[ERROR] 
[ERROR] For more information about the errors and possible solutions, please read the following articles:
[ERROR] [Help 1] http://cwiki.apache.org/confluence/display/MAVEN/DependencyResolutionException

STDERR:
