COMMAND: mvn.cmd -U -s D:\Khedma\Mr wiem\mutation-test-pipeline\target-repos\32578\.mvn\settings.xml -DskipTests compile

STDOUT:
[INFO] Scanning for projects...
[WARNING] 
[WARNING] Some problems were encountered while building the effective model for org.appfuse:appfuse-service:jar:2.1.0-M2-SNAPSHOT
[WARNING] The expression ${pom.groupId} is deprecated. Please use ${project.groupId} instead.
[WARNING] The expression ${pom.version} is deprecated. Please use ${project.version} instead.
[WARNING] 
[WARNING] It is highly recommended to fix these problems because they threaten the stability of your build.
[WARNING] 
[WARNING] For this reason, future Maven versions might no longer support building such malformed projects.
[WARNING] 
[INFO] 
[INFO] --------------------< org.appfuse:appfuse-service >---------------------
[INFO] Building AppFuse Service Module 2.1.0-M2-SNAPSHOT
[INFO]   from pom.xml
[INFO] --------------------------------[ jar ]---------------------------------
Downloading from oss-sonatype-https: https://oss.sonatype.org/content/repositories/appfuse-snapshots/org/appfuse/appfuse-hibernate/2.1.0-M2-SNAPSHOT/maven-metadata.xml
Downloading from sonatype-snapshots: https://oss.sonatype.org/content/repositories/snapshots/org/appfuse/appfuse-hibernate/2.1.0-M2-SNAPSHOT/maven-metadata.xml
Downloading from apache-snapshots: https://repository.apache.org/snapshots/org/appfuse/appfuse-hibernate/2.1.0-M2-SNAPSHOT/maven-metadata.xml
Downloading from apache-snapshots: https://repository.apache.org/snapshots/org/appfuse/appfuse-hibernate/2.1.0-M2-SNAPSHOT/appfuse-hibernate-2.1.0-M2-SNAPSHOT.pom
Downloading from sonatype-snapshots: https://oss.sonatype.org/content/repositories/snapshots/org/appfuse/appfuse-hibernate/2.1.0-M2-SNAPSHOT/appfuse-hibernate-2.1.0-M2-SNAPSHOT.pom
Downloading from oss-sonatype-https: https://oss.sonatype.org/content/repositories/appfuse-snapshots/org/appfuse/appfuse-hibernate/2.1.0-M2-SNAPSHOT/appfuse-hibernate-2.1.0-M2-SNAPSHOT.pom
[WARNING] The POM for org.appfuse:appfuse-hibernate:jar:2.1.0-M2-SNAPSHOT is missing, no dependency information available
[INFO] Artifact commons-collections:commons-collections:jar:3.2 is present in the local repository, but cached from a remote repository ID that is unavailable in current build context, verifying that is downloadable from [central-https (https://repo1.maven.org/maven2, default, releases), apache-snapshots (https://repository.apache.org/snapshots, default, snapshots), sonatype-snapshots (https://oss.sonatype.org/content/repositories/snapshots/, default, snapshots), oss-sonatype-https (https://oss.sonatype.org/content/repositories/appfuse-snapshots, default, snapshots)]
[INFO] Artifact javax.activation:activation:jar:1.1 is present in the local repository, but cached from a remote repository ID that is unavailable in current build context, verifying that is downloadable from [central-https (https://repo1.maven.org/maven2, default, releases), apache-snapshots (https://repository.apache.org/snapshots, default, snapshots), sonatype-snapshots (https://oss.sonatype.org/content/repositories/snapshots/, default, snapshots), oss-sonatype-https (https://oss.sonatype.org/content/repositories/appfuse-snapshots, default, snapshots)]
[INFO] Artifact javax.servlet:servlet-api:jar:2.3 is present in the local repository, but cached from a remote repository ID that is unavailable in current build context, verifying that is downloadable from [central-https (https://repo1.maven.org/maven2, default, releases), apache-snapshots (https://repository.apache.org/snapshots, default, snapshots), sonatype-snapshots (https://oss.sonatype.org/content/repositories/snapshots/, default, snapshots), oss-sonatype-https (https://oss.sonatype.org/content/repositories/appfuse-snapshots, default, snapshots)]
[INFO] Artifact org.apache.geronimo.specs:geronimo-javamail_1.4_spec:jar:1.6 is present in the local repository, but cached from a remote repository ID that is unavailable in current build context, verifying that is downloadable from [central-https (https://repo1.maven.org/maven2, default, releases), apache-snapshots (https://repository.apache.org/snapshots, default, snapshots), sonatype-snapshots (https://oss.sonatype.org/content/repositories/snapshots/, default, snapshots), oss-sonatype-https (https://oss.sonatype.org/content/repositories/appfuse-snapshots, default, snapshots), maven-default-http-blocker (http://0.0.0.0/, default, releases+snapshots, blocked)]
[INFO] Artifact commons-codec:commons-codec:jar:1.3 is present in the local repository, but cached from a remote repository ID that is unavailable in current build context, verifying that is downloadable from [central-https (https://repo1.maven.org/maven2, default, releases), apache-snapshots (https://repository.apache.org/snapshots, default, snapshots), sonatype-snapshots (https://oss.sonatype.org/content/repositories/snapshots/, default, snapshots), oss-sonatype-https (https://oss.sonatype.org/content/repositories/appfuse-snapshots, default, snapshots), maven-default-http-blocker (http://0.0.0.0/, default, releases+snapshots, blocked)]
[INFO] Artifact stax:stax-api:jar:1.0.1 is present in the local repository, but cached from a remote repository ID that is unavailable in current build context, verifying that is downloadable from [central-https (https://repo1.maven.org/maven2, default, releases), apache-snapshots (https://repository.apache.org/snapshots, default, snapshots), sonatype-snapshots (https://oss.sonatype.org/content/repositories/snapshots/, default, snapshots), oss-sonatype-https (https://oss.sonatype.org/content/repositories/appfuse-snapshots, default, snapshots)]
[INFO] Artifact org.apache.geronimo.specs:geronimo-stax-api_1.0_spec:jar:1.0.1 is present in the local repository, but cached from a remote repository ID that is unavailable in current build context, verifying that is downloadable from [central-https (https://repo1.maven.org/maven2, default, releases), apache-snapshots (https://repository.apache.org/snapshots, default, snapshots), sonatype-snapshots (https://oss.sonatype.org/content/repositories/snapshots/, default, snapshots), oss-sonatype-https (https://oss.sonatype.org/content/repositories/appfuse-snapshots, default, snapshots)]
[INFO] Artifact wsdl4j:wsdl4j:jar:1.6.2 is present in the local repository, but cached from a remote repository ID that is unavailable in current build context, verifying that is downloadable from [central-https (https://repo1.maven.org/maven2, default, releases), apache-snapshots (https://repository.apache.org/snapshots, default, snapshots), sonatype-snapshots (https://oss.sonatype.org/content/repositories/snapshots/, default, snapshots), oss-sonatype-https (https://oss.sonatype.org/content/repositories/appfuse-snapshots, default, snapshots)]
[INFO] Artifact xml-resolver:xml-resolver:jar:1.2 is present in the local repository, but cached from a remote repository ID that is unavailable in current build context, verifying that is downloadable from [central-https (https://repo1.maven.org/maven2, default, releases), apache-snapshots (https://repository.apache.org/snapshots, default, snapshots), sonatype-snapshots (https://oss.sonatype.org/content/repositories/snapshots/, default, snapshots), oss-sonatype-https (https://oss.sonatype.org/content/repositories/appfuse-snapshots, default, snapshots)]
[INFO] Artifact org.apache.geronimo.specs:geronimo-ws-metadata_2.0_spec:jar:1.1.2 is present in the local repository, but cached from a remote repository ID that is unavailable in current build context, verifying that is downloadable from [central-https (https://repo1.maven.org/maven2, default, releases), apache-snapshots (https://repository.apache.org/snapshots, default, snapshots), sonatype-snapshots (https://oss.sonatype.org/content/repositories/snapshots/, default, snapshots), oss-sonatype-https (https://oss.sonatype.org/content/repositories/appfuse-snapshots, default, snapshots)]
[INFO] Artifact aopalliance:aopalliance:jar:1.0 is present in the local repository, but cached from a remote repository ID that is unavailable in current build context, verifying that is downloadable from [central-https (https://repo1.maven.org/maven2, default, releases), apache-snapshots (https://repository.apache.org/snapshots, default, snapshots), sonatype-snapshots (https://oss.sonatype.org/content/repositories/snapshots/, default, snapshots), oss-sonatype-https (https://oss.sonatype.org/content/repositories/appfuse-snapshots, default, snapshots)]
[INFO] Artifact commons-collections:commons-collections:jar:3.2 is present in the local repository, but cached from a remote repository ID that is unavailable in current build context, verifying that is downloadable from [central-https (https://repo1.maven.org/maven2, default, releases), apache-snapshots (https://repository.apache.org/snapshots, default, snapshots), sonatype-snapshots (https://oss.sonatype.org/content/repositories/snapshots/, default, snapshots), oss-sonatype-https (https://oss.sonatype.org/content/repositories/appfuse-snapshots, default, snapshots)]
[INFO] Artifact javax.activation:activation:jar:1.1 is present in the local repository, but cached from a remote repository ID that is unavailable in current build context, verifying that is downloadable from [central-https (https://repo1.maven.org/maven2, default, releases), apache-snapshots (https://repository.apache.org/snapshots, default, snapshots), sonatype-snapshots (https://oss.sonatype.org/content/repositories/snapshots/, default, snapshots), oss-sonatype-https (https://oss.sonatype.org/content/repositories/appfuse-snapshots, default, snapshots)]
[INFO] Artifact javax.servlet:servlet-api:jar:2.3 is present in the local repository, but cached from a remote repository ID that is unavailable in current build context, verifying that is downloadable from [central-https (https://repo1.maven.org/maven2, default, releases), apache-snapshots (https://repository.apache.org/snapshots, default, snapshots), sonatype-snapshots (https://oss.sonatype.org/content/repositories/snapshots/, default, snapshots), oss-sonatype-https (https://oss.sonatype.org/content/repositories/appfuse-snapshots, default, snapshots)]
[INFO] Artifact org.apache.geronimo.specs:geronimo-javamail_1.4_spec:jar:1.6 is present in the local repository, but cached from a remote repository ID that is unavailable in current build context, verifying that is downloadable from [central-https (https://repo1.maven.org/maven2, default, releases), apache-snapshots (https://repository.apache.org/snapshots, default, snapshots), sonatype-snapshots (https://oss.sonatype.org/content/repositories/snapshots/, default, snapshots), oss-sonatype-https (https://oss.sonatype.org/content/repositories/appfuse-snapshots, default, snapshots), maven-default-http-blocker (http://0.0.0.0/, default, releases+snapshots, blocked)]
[INFO] Artifact commons-codec:commons-codec:jar:1.3 is present in the local repository, but cached from a remote repository ID that is unavailable in current build context, verifying that is downloadable from [central-https (https://repo1.maven.org/maven2, default, releases), apache-snapshots (https://repository.apache.org/snapshots, default, snapshots), sonatype-snapshots (https://oss.sonatype.org/content/repositories/snapshots/, default, snapshots), oss-sonatype-https (https://oss.sonatype.org/content/repositories/appfuse-snapshots, default, snapshots), maven-default-http-blocker (http://0.0.0.0/, default, releases+snapshots, blocked)]
[INFO] Artifact stax:stax-api:jar:1.0.1 is present in the local repository, but cached from a remote repository ID that is unavailable in current build context, verifying that is downloadable from [central-https (https://repo1.maven.org/maven2, default, releases), apache-snapshots (https://repository.apache.org/snapshots, default, snapshots), sonatype-snapshots (https://oss.sonatype.org/content/repositories/snapshots/, default, snapshots), oss-sonatype-https (https://oss.sonatype.org/content/repositories/appfuse-snapshots, default, snapshots)]
[INFO] Artifact org.apache.geronimo.specs:geronimo-stax-api_1.0_spec:jar:1.0.1 is present in the local repository, but cached from a remote repository ID that is unavailable in current build context, verifying that is downloadable from [central-https (https://repo1.maven.org/maven2, default, releases), apache-snapshots (https://repository.apache.org/snapshots, default, snapshots), sonatype-snapshots (https://oss.sonatype.org/content/repositories/snapshots/, default, snapshots), oss-sonatype-https (https://oss.sonatype.org/content/repositories/appfuse-snapshots, default, snapshots)]
[INFO] Artifact wsdl4j:wsdl4j:jar:1.6.2 is present in the local repository, but cached from a remote repository ID that is unavailable in current build context, verifying that is downloadable from [central-https (https://repo1.maven.org/maven2, default, releases), apache-snapshots (https://repository.apache.org/snapshots, default, snapshots), sonatype-snapshots (https://oss.sonatype.org/content/repositories/snapshots/, default, snapshots), oss-sonatype-https (https://oss.sonatype.org/content/repositories/appfuse-snapshots, default, snapshots)]
[INFO] Artifact xml-resolver:xml-resolver:jar:1.2 is present in the local repository, but cached from a remote repository ID that is unavailable in current build context, verifying that is downloadable from [central-https (https://repo1.maven.org/maven2, default, releases), apache-snapshots (https://repository.apache.org/snapshots, default, snapshots), sonatype-snapshots (https://oss.sonatype.org/content/repositories/snapshots/, default, snapshots), oss-sonatype-https (https://oss.sonatype.org/content/repositories/appfuse-snapshots, default, snapshots)]
[INFO] Artifact org.apache.geronimo.specs:geronimo-ws-metadata_2.0_spec:jar:1.1.2 is present in the local repository, but cached from a remote repository ID that is unavailable in current build context, verifying that is downloadable from [central-https (https://repo1.maven.org/maven2, default, releases), apache-snapshots (https://repository.apache.org/snapshots, default, snapshots), sonatype-snapshots (https://oss.sonatype.org/content/repositories/snapshots/, default, snapshots), oss-sonatype-https (https://oss.sonatype.org/content/repositories/appfuse-snapshots, default, snapshots)]
[INFO] Artifact aopalliance:aopalliance:jar:1.0 is present in the local repository, but cached from a remote repository ID that is unavailable in current build context, verifying that is downloadable from [central-https (https://repo1.maven.org/maven2, default, releases), apache-snapshots (https://repository.apache.org/snapshots, default, snapshots), sonatype-snapshots (https://oss.sonatype.org/content/repositories/snapshots/, default, snapshots), oss-sonatype-https (https://oss.sonatype.org/content/repositories/appfuse-snapshots, default, snapshots)]
Downloading from apache-snapshots: https://repository.apache.org/snapshots/org/appfuse/appfuse-hibernate/2.1.0-M2-SNAPSHOT/appfuse-hibernate-2.1.0-M2-SNAPSHOT.jar
Downloading from sonatype-snapshots: https://oss.sonatype.org/content/repositories/snapshots/org/appfuse/appfuse-hibernate/2.1.0-M2-SNAPSHOT/appfuse-hibernate-2.1.0-M2-SNAPSHOT.jar
Downloading from oss-sonatype-https: https://oss.sonatype.org/content/repositories/appfuse-snapshots/org/appfuse/appfuse-hibernate/2.1.0-M2-SNAPSHOT/appfuse-hibernate-2.1.0-M2-SNAPSHOT.jar
Downloading from central-https: https://repo1.maven.org/maven2/org/aspectj/aspectjweaver/1.6.6/aspectjweaver-1.6.6.jar
Downloading from central-https: https://repo1.maven.org/maven2/org/aspectj/aspectjrt/1.6.6/aspectjrt-1.6.6.jar
Downloading from central-https: https://repo1.maven.org/maven2/commons-collections/commons-collections/3.2/commons-collections-3.2.jar
Downloading from central-https: https://repo1.maven.org/maven2/net/sf/ehcache/ehcache-core/1.7.0/ehcache-core-1.7.0.jar
Downloading from central-https: https://repo1.maven.org/maven2/javax/mail/mail/1.4.1/mail-1.4.1.jar
Progress (1): 1.4/448 kB
Progress (1): 2.7/448 kB
Progress (1): 4.1/448 kB
Progress (1): 5.5/448 kB
Progress (1): 6.8/448 kB
Progress (1): 8.2/448 kB
Progress (1): 9.6/448 kB
Progress (1): 11/448 kB 
Progress (1): 12/448 kB
Progress (1): 14/448 kB
Progress (1): 15/448 kB
Progress (1): 16/448 kB
Progress (1): 18/448 kB
Progress (1): 19/448 kB
Progress (1): 21/448 kB
Progress (1): 22/448 kB
Progress (1): 23/448 kB
Progress (1): 25/448 kB
Progress (1): 26/448 kB
Progress (1): 27/448 kB
Progress (1): 29/448 kB
Progress (1): 30/448 kB
Progress (1): 31/448 kB
Progress (1): 33/448 kB
Progress (1): 34/448 kB
Progress (1): 36/448 kB
Progress (1): 37/448 kB
Progress (1): 38/448 kB
Progress (1): 40/448 kB
Progress (1): 41/448 kB
Progress (1): 42/448 kB
Progress (1): 44/448 kB
Progress (1): 45/448 kB
Progress (1): 47/448 kB
Progress (1): 48/448 kB
Progress (1): 49/448 kB
Progress (1): 51/448 kB
Progress (1): 52/448 kB
Progress (1): 53/448 kB
Progress (1): 55/448 kB
Progress (1): 59/448 kB
Progress (1): 63/448 kB
Progress (1): 66/448 kB
Progress (1): 70/448 kB
Progress (1): 74/448 kB
Progress (1): 78/448 kB
Progress (1): 82/448 kB
Progress (1): 86/448 kB
Progress (1): 90/448 kB
Progress (1): 95/448 kB
Progress (1): 99/448 kB
Progress (1): 103/448 kB
Progress (1): 107/448 kB
Progress (1): 112/448 kB
Progress (1): 116/448 kB
Progress (1): 120/448 kB
Progress (1): 124/448 kB
Progress (1): 128/448 kB
Progress (1): 133/448 kB
Progress (1): 137/448 kB
Progress (1): 141/448 kB
Progress (1): 145/448 kB
Progress (1): 147/448 kB
Progress (1): 152/448 kB
Progress (1): 156/448 kB
Progress (1): 160/448 kB
Progress (1): 164/448 kB
Progress (1): 169/448 kB
Progress (1): 172/448 kB
Progress (1): 176/448 kB
Progress (1): 180/448 kB
Progress (1): 185/448 kB
Progress (1): 188/448 kB
Progress (1): 193/448 kB
Progress (1): 197/448 kB
Progress (1): 201/448 kB
Progress (1): 205/448 kB
Progress (1): 209/448 kB
Progress (1): 213/448 kB
Progress (1): 217/448 kB
Progress (1): 234/448 kB
Progress (1): 250/448 kB
Progress (1): 267/448 kB
Progress (1): 283/448 kB
Progress (1): 299/448 kB
Progress (1): 316/448 kB
Progress (1): 332/448 kB
Progress (1): 336/448 kB
Progress (1): 352/448 kB
Progress (1): 369/448 kB
Progress (1): 385/448 kB
Progress (1): 401/448 kB
Progress (1): 418/448 kB
Progress (1): 434/448 kB
Progress (1): 448 kB    
                    
Downloaded from central-https: https://repo1.maven.org/maven2/javax/mail/mail/1.4.1/mail-1.4.1.jar (448 kB at 784 kB/s)
Downloading from central-https: https://repo1.maven.org/maven2/javax/activation/activation/1.1/activation-1.1.jar
Progress (1): 0/1.6 MB
Progress (1): 0/1.6 MB
Progress (1): 0/1.6 MB
Progress (1): 0/1.6 MB
Progress (1): 0/1.6 MB
Progress (1): 0/1.6 MB
Progress (1): 0/1.6 MB
Progress (1): 0/1.6 MB
Progress (1): 0/1.6 MB
Progress (1): 0/1.6 MB
Progress (1): 0/1.6 MB
Progress (1): 0/1.6 MB
Progress (1): 0/1.6 MB
Progress (1): 0/1.6 MB
Progress (1): 0/1.6 MB
Progress (1): 0/1.6 MB
Progress (1): 0/1.6 MB
Progress (1): 0/1.6 MB
Progress (1): 0/1.6 MB
Progress (1): 0/1.6 MB
Progress (1): 0/1.6 MB
Progress (1): 0/1.6 MB
Progress (1): 0/1.6 MB
Progress (1): 0/1.6 MB
Progress (1): 0/1.6 MB
Progress (1): 0/1.6 MB
Progress (1): 0/1.6 MB
Progress (1): 0/1.6 MB
Progress (1): 0/1.6 MB
Progress (1): 0/1.6 MB
Progress (1): 0/1.6 MB
Progress (1): 0/1.6 MB
Progress (1): 0/1.6 MB
Progress (1): 0/1.6 MB
Progress (1): 0/1.6 MB
Progress (1): 0/1.6 MB
Progress (1): 0.1/1.6 MB
Progress (1): 0.1/1.6 MB
Progress (1): 0.1/1.6 MB
Progress (1): 0.1/1.6 MB
Progress (1): 0.1/1.6 MB
Progress (1): 0.1/1.6 MB
                        
Downloaded from central-https: https://repo1.maven.org/maven2/javax/activation/activation/1.1/activation-1.1.jar (0 B at 0 B/s)
Downloading from central-https: https://repo1.maven.org/maven2/org/jmock/jmock/2.5.1/jmock-2.5.1.jar
Progress (1): 0.1/1.6 MB
Progress (1): 0.1/1.6 MB
Progress (1): 0.1/1.6 MB
Progress (1): 0.1/1.6 MB
Progress (1): 0.1/1.6 MB
Progress (1): 0.1/1.6 MB
Progress (1): 0.1/1.6 MB
Progress (1): 0.1/1.6 MB
Progress (1): 0.1/1.6 MB
Progress (1): 0.1/1.6 MB
Progress (1): 0.1/1.6 MB
Progress (1): 0.1/1.6 MB
Progress (1): 0.1/1.6 MB
Progress (1): 0.1/1.6 MB
Progress (1): 0.1/1.6 MB
Progress (1): 0.1/1.6 MB
Progress (1): 0.1/1.6 MB
Progress (1): 0.1/1.6 MB
Progress (1): 0.1/1.6 MB
Progress (1): 0.1/1.6 MB
Progress (1): 0.1/1.6 MB
Progress (1): 0.2/1.6 MB
Progress (1): 0.2/1.6 MB
Progress (1): 0.2/1.6 MB
Progress (1): 0.2/1.6 MB
Progress (1): 0.2/1.6 MB
Progress (1): 0.2/1.6 MB
Progress (1): 0.2/1.6 MB
Progress (1): 0.2/1.6 MB
Progress (1): 0.2/1.6 MB
Progress (1): 0.2/1.6 MB
Progress (1): 0.2/1.6 MB
Progress (1): 0.2/1.6 MB
Progress (1): 0.2/1.6 MB
Progress (1): 0.2/1.6 MB
Progress (1): 0.2/1.6 MB
Progress (1): 0.2/1.6 MB
Progress (1): 0.2/1.6 MB
Progress (1): 0.2/1.6 MB
Progress (1): 0.2/1.6 MB
Progress (1): 0.3/1.6 MB
Progress (1): 0.3/1.6 MB
Progress (1): 0.3/1.6 MB
Progress (1): 0.3/1.6 MB
Progress (1): 0.3/1.6 MB
Progress (1): 0.3/1.6 MB
Progress (1): 0.4/1.6 MB
Progress (1): 0.4/1.6 MB
Progress (1): 0.4/1.6 MB
Progress (1): 0.4/1.6 MB
Progress (1): 0.4/1.6 MB
Progress (1): 0.4/1.6 MB
Progress (1): 0.5/1.6 MB
Progress (1): 0.5/1.6 MB
Progress (1): 0.5/1.6 MB
Progress (1): 0.5/1.6 MB
Progress (1): 0.5/1.6 MB
Progress (1): 0.5/1.6 MB
Progress (1): 0.6/1.6 MB
Progress (1): 0.6/1.6 MB
Progress (1): 0.6/1.6 MB
Progress (1): 0.6/1.6 MB
Progress (1): 0.6/1.6 MB
Progress (1): 0.6/1.6 MB
Progress (1): 0.7/1.6 MB
Progress (1): 0.7/1.6 MB
Progress (1): 0.7/1.6 MB
Progress (1): 0.7/1.6 MB
Progress (1): 0.7/1.6 MB
Progress (1): 0.7/1.6 MB
Progress (1): 0.7/1.6 MB
Progress (1): 0.8/1.6 MB
Progress (1): 0.8/1.6 MB
Progress (1): 0.8/1.6 MB
Progress (1): 0.8/1.6 MB
Progress (1): 0.8/1.6 MB
Progress (1): 0.8/1.6 MB
Progress (1): 0.9/1.6 MB
Progress (1): 0.9/1.6 MB
Progress (1): 0.9/1.6 MB
Progress (1): 0.9/1.6 MB
Progress (1): 0.9/1.6 MB
Progress (1): 0.9/1.6 MB
Progress (1): 1.0/1.6 MB
Progress (1): 1.0/1.6 MB
Progress (1): 1.0/1.6 MB
Progress (1): 1.0/1.6 MB
Progress (1): 1.0/1.6 MB
Progress (1): 1.0/1.6 MB
Progress (1): 1.1/1.6 MB
Progress (1): 1.1/1.6 MB
Progress (1): 1.1/1.6 MB
Progress (1): 1.1/1.6 MB
Progress (1): 1.1/1.6 MB
Progress (1): 1.1/1.6 MB
Progress (1): 1.2/1.6 MB
Progress (2): 1.2/1.6 MB | 8.2/138 kB
Progress (2): 1.2/1.6 MB | 8.2/138 kB
Progress (2): 1.2/1.6 MB | 8.2/138 kB
Progress (2): 1.2/1.6 MB | 16/138 kB 
Progress (2): 1.2/1.6 MB | 16/138 kB
Progress (2): 1.2/1.6 MB | 33/138 kB
Progress (2): 1.2/1.6 MB | 41/138 kB
Progress (2): 1.2/1.6 MB | 41/138 kB
Progress (2): 1.2/1.6 MB | 57/138 kB
Progress (2): 1.2/1.6 MB | 57/138 kB
Progress (2): 1.3/1.6 MB | 57/138 kB
Progress (2): 1.3/1.6 MB | 74/138 kB
Progress (2): 1.3/1.6 MB | 74/138 kB
Progress (2): 1.3/1.6 MB | 74/138 kB
Progress (2): 1.3/1.6 MB | 82/138 kB
Progress (2): 1.3/1.6 MB | 82/138 kB
Progress (2): 1.3/1.6 MB | 98/138 kB
Progress (2): 1.3/1.6 MB | 98/138 kB
Progress (2): 1.3/1.6 MB | 115/138 kB
Progress (2): 1.3/1.6 MB | 115/138 kB
Progress (2): 1.3/1.6 MB | 131/138 kB
Progress (2): 1.4/1.6 MB | 131/138 kB
Progress (2): 1.4/1.6 MB | 138 kB    
Progress (2): 1.4/1.6 MB | 138 kB
Progress (2): 1.4/1.6 MB | 138 kB
Progress (2): 1.4/1.6 MB | 138 kB
Progress (2): 1.4/1.6 MB | 138 kB
Progress (2): 1.4/1.6 MB | 138 kB
Progress (2): 1.5/1.6 MB | 138 kB
Progress (2): 1.5/1.6 MB | 138 kB
Progress (2): 1.5/1.6 MB | 138 kB
Progress (2): 1.5/1.6 MB | 138 kB
Progress (2): 1.5/1.6 MB | 138 kB
Progress (2): 1.5/1.6 MB | 138 kB
Progress (2): 1.6/1.6 MB | 138 kB
Progress (2): 1.6/1.6 MB | 138 kB
Progress (2): 1.6/1.6 MB | 138 kB
Progress (2): 1.6 MB | 138 kB    
                             
Downloaded from central-https: https://repo1.maven.org/maven2/org/jmock/jmock/2.5.1/jmock-2.5.1.jar (138 kB at 204 kB/s)
Downloading from central-https: https://repo1.maven.org/maven2/org/hamcrest/hamcrest-library/1.1/hamcrest-library-1.1.jar
Downloaded from central-https: https://repo1.maven.org/maven2/commons-collections/commons-collections/3.2/commons-collections-3.2.jar (0 B at 0 B/s)
Downloading from central-https: https://repo1.maven.org/maven2/org/jmock/jmock-junit4/2.5.1/jmock-junit4-2.5.1.jar
Downloaded from central-https: https://repo1.maven.org/maven2/org/aspectj/aspectjweaver/1.6.6/aspectjweaver-1.6.6.jar (1.6 MB at 2.3 MB/s)
Downloading from central-https: https://repo1.maven.org/maven2/commons-logging/commons-logging/1.1/commons-logging-1.1.jar
Progress (1): 0.9/267 kB
Progress (1): 2.3/267 kB
Progress (1): 3.6/267 kB
Progress (1): 5.0/267 kB
Progress (1): 6.4/267 kB
Progress (1): 7.7/267 kB
Progress (1): 9.1/267 kB
Progress (1): 10/267 kB 
Progress (1): 12/267 kB
Progress (1): 13/267 kB
Progress (1): 14/267 kB
Progress (1): 16/267 kB
Progress (1): 17/267 kB
Progress (1): 18/267 kB
Progress (1): 20/267 kB
Progress (1): 21/267 kB
Progress (1): 22/267 kB
Progress (1): 24/267 kB
Progress (1): 25/267 kB
Progress (1): 27/267 kB
Progress (1): 28/267 kB
Progress (1): 29/267 kB
Progress (1): 31/267 kB
Progress (1): 32/267 kB
Progress (1): 33/267 kB
Progress (1): 35/267 kB
Progress (1): 36/267 kB
Progress (1): 38/267 kB
Progress (1): 39/267 kB
Progress (1): 40/267 kB
Progress (1): 42/267 kB
Progress (1): 43/267 kB
Progress (1): 44/267 kB
Progress (1): 46/267 kB
Progress (1): 47/267 kB
Progress (1): 48/267 kB
Progress (1): 50/267 kB
Progress (1): 51/267 kB
Progress (1): 52/267 kB
Progress (1): 54/267 kB
Progress (1): 55/267 kB
Progress (1): 59/267 kB
Progress (1): 63/267 kB
Progress (1): 67/267 kB
Progress (1): 71/267 kB
Progress (2): 71/267 kB | 1.4/116 kB
Progress (2): 76/267 kB | 1.4/116 kB
Progress (2): 76/267 kB | 2.7/116 kB
Progress (2): 80/267 kB | 2.7/116 kB
Progress (2): 84/267 kB | 2.7/116 kB
Progress (2): 84/267 kB | 4.1/116 kB
Progress (2): 88/267 kB | 4.1/116 kB
Progress (2): 88/267 kB | 5.5/116 kB
Progress (2): 93/267 kB | 5.5/116 kB
Progress (2): 93/267 kB | 6.8/116 kB
Progress (2): 97/267 kB | 6.8/116 kB
Progress (2): 97/267 kB | 8.2/116 kB
Progress (2): 99/267 kB | 8.2/116 kB
Progress (2): 99/267 kB | 9.6/116 kB
Progress (2): 99/267 kB | 11/116 kB 
Progress (2): 99/267 kB | 12/116 kB
Progress (2): 99/267 kB | 14/116 kB
Progress (2): 99/267 kB | 15/116 kB
Progress (2): 99/267 kB | 16/116 kB
Progress (2): 99/267 kB | 18/116 kB
Progress (2): 99/267 kB | 19/116 kB
Progress (2): 99/267 kB | 20/116 kB
Progress (2): 99/267 kB | 22/116 kB
Progress (2): 99/267 kB | 23/116 kB
Progress (2): 99/267 kB | 25/116 kB
Progress (2): 99/267 kB | 26/116 kB
Progress (2): 99/267 kB | 27/116 kB
Progress (2): 99/267 kB | 29/116 kB
Progress (2): 99/267 kB | 30/116 kB
Progress (2): 99/267 kB | 31/116 kB
Progress (2): 99/267 kB | 33/116 kB
Progress (2): 103/267 kB | 33/116 kB
Progress (2): 103/267 kB | 34/116 kB
Progress (2): 103/267 kB | 36/116 kB
Progress (2): 107/267 kB | 36/116 kB
Progress (2): 107/267 kB | 37/116 kB
Progress (2): 107/267 kB | 38/116 kB
Progress (2): 109/267 kB | 38/116 kB
Progress (2): 109/267 kB | 40/116 kB
Progress (2): 109/267 kB | 41/116 kB
Progress (2): 109/267 kB | 42/116 kB
Progress (2): 109/267 kB | 44/116 kB
Progress (2): 109/267 kB | 45/116 kB
Progress (2): 109/267 kB | 46/116 kB
Progress (2): 109/267 kB | 48/116 kB
Progress (2): 109/267 kB | 49/116 kB
Progress (2): 109/267 kB | 51/116 kB
Progress (2): 109/267 kB | 52/116 kB
Progress (2): 109/267 kB | 53/116 kB
Progress (2): 109/267 kB | 55/116 kB
Progress (2): 109/267 kB | 59/116 kB
Progress (2): 109/267 kB | 63/116 kB
Progress (2): 113/267 kB | 63/116 kB
Progress (2): 113/267 kB | 67/116 kB
Progress (2): 117/267 kB | 67/116 kB
Progress (2): 117/267 kB | 72/116 kB
Progress (2): 122/267 kB | 72/116 kB
Progress (2): 122/267 kB | 76/116 kB
Progress (2): 125/267 kB | 76/116 kB
Progress (2): 125/267 kB | 80/116 kB
Progress (2): 129/267 kB | 80/116 kB
Progress (2): 129/267 kB | 84/116 kB
Progress (2): 134/267 kB | 84/116 kB
Progress (2): 134/267 kB | 88/116 kB
Progress (2): 138/267 kB | 88/116 kB
Progress (2): 138/267 kB | 93/116 kB
Progress (2): 142/267 kB | 93/116 kB
Progress (2): 142/267 kB | 97/116 kB
Progress (2): 146/267 kB | 97/116 kB
Progress (2): 146/267 kB | 101/116 kB
Progress (2): 150/267 kB | 101/116 kB
Progress (2): 154/267 kB | 101/116 kB
Progress (2): 159/267 kB | 101/116 kB
Progress (2): 163/267 kB | 101/116 kB
Progress (2): 167/267 kB | 101/116 kB
Progress (2): 171/267 kB | 101/116 kB
Progress (2): 175/267 kB | 101/116 kB
Progress (2): 180/267 kB | 101/116 kB
Progress (2): 184/267 kB | 101/116 kB
Progress (2): 188/267 kB | 101/116 kB
Progress (2): 192/267 kB | 101/116 kB
Progress (2): 197/267 kB | 101/116 kB
Progress (2): 197/267 kB | 101/116 kB
Progress (2): 201/267 kB | 101/116 kB
Progress (2): 201/267 kB | 101/116 kB
Progress (2): 206/267 kB | 101/116 kB
Progress (2): 210/267 kB | 101/116 kB
Progress (2): 213/267 kB | 101/116 kB
Progress (2): 230/267 kB | 101/116 kB
Progress (3): 230/267 kB | 101/116 kB | 3.4/53 kB
Progress (3): 230/267 kB | 101/116 kB | 20/53 kB 
Progress (4): 230/267 kB | 101/116 kB | 20/53 kB | 7.7/112 kB
Progress (4): 230/267 kB | 101/116 kB | 28/53 kB | 7.7/112 kB
Progress (4): 246/267 kB | 101/116 kB | 28/53 kB | 7.7/112 kB
Progress (4): 246/267 kB | 101/116 kB | 28/53 kB | 16/112 kB 
Progress (4): 246/267 kB | 101/116 kB | 44/53 kB | 16/112 kB
Progress (4): 246/267 kB | 101/116 kB | 44/53 kB | 32/112 kB
Progress (4): 263/267 kB | 101/116 kB | 44/53 kB | 32/112 kB
Progress (4): 263/267 kB | 101/116 kB | 53 kB | 32/112 kB   
Progress (4): 267 kB | 101/116 kB | 53 kB | 32/112 kB    
Progress (4): 267 kB | 101/116 kB | 53 kB | 49/112 kB
Progress (4): 267 kB | 101/116 kB | 53 kB | 65/112 kB
Progress (4): 267 kB | 101/116 kB | 53 kB | 81/112 kB
Progress (4): 267 kB | 101/116 kB | 53 kB | 98/112 kB
Progress (4): 267 kB | 101/116 kB | 53 kB | 112 kB   
Progress (4): 267 kB | 105/116 kB | 53 kB | 112 kB
Progress (4): 267 kB | 110/116 kB | 53 kB | 112 kB
Progress (4): 267 kB | 114/116 kB | 53 kB | 112 kB
Progress (4): 267 kB | 116 kB | 53 kB | 112 kB    
Progress (5): 267 kB | 116 kB | 53 kB | 112 kB | 0.9/8.6 kB
Progress (5): 267 kB | 116 kB | 53 kB | 112 kB | 2.3/8.6 kB
Progress (5): 267 kB | 116 kB | 53 kB | 112 kB | 3.4/8.6 kB
Progress (5): 267 kB | 116 kB | 53 kB | 112 kB | 4.7/8.6 kB
Progress (5): 267 kB | 116 kB | 53 kB | 112 kB | 6.1/8.6 kB
Progress (5): 267 kB | 116 kB | 53 kB | 112 kB | 7.5/8.6 kB
Progress (5): 267 kB | 116 kB | 53 kB | 112 kB | 8.6 kB    
                                                       
Downloaded from central-https: https://repo1.maven.org/maven2/commons-logging/commons-logging/1.1/commons-logging-1.1.jar (53 kB at 69 kB/s)
Downloading from central-https: https://repo1.maven.org/maven2/logkit/logkit/1.0.1/logkit-1.0.1.jar
Downloaded from central-https: https://repo1.maven.org/maven2/net/sf/ehcache/ehcache-core/1.7.0/ehcache-core-1.7.0.jar (267 kB at 349 kB/s)
Downloading from central-https: https://repo1.maven.org/maven2/avalon-framework/avalon-framework/4.1.3/avalon-framework-4.1.3.jar
Downloaded from central-https: https://repo1.maven.org/maven2/org/aspectj/aspectjrt/1.6.6/aspectjrt-1.6.6.jar (116 kB at 151 kB/s)
Downloading from central-https: https://repo1.maven.org/maven2/javax/servlet/servlet-api/2.3/servlet-api-2.3.jar
Downloaded from central-https: https://repo1.maven.org/maven2/org/hamcrest/hamcrest-library/1.1/hamcrest-library-1.1.jar (112 kB at 145 kB/s)
Downloading from central-https: https://repo1.maven.org/maven2/velocity/velocity/1.4/velocity-1.4.jar
Downloaded from central-https: https://repo1.maven.org/maven2/org/jmock/jmock-junit4/2.5.1/jmock-junit4-2.5.1.jar (8.6 kB at 11 kB/s)
Downloading from central-https: https://repo1.maven.org/maven2/org/apache/cxf/cxf-rt-frontend-jaxrs/2.2.4/cxf-rt-frontend-jaxrs-2.2.4.jar
Progress (1): 0.9/72 kB
Progress (1): 2.3/72 kB
Progress (1): 3.6/72 kB
Progress (1): 5.0/72 kB
Progress (1): 6.4/72 kB
Progress (1): 7.7/72 kB
Progress (1): 9.1/72 kB
Progress (1): 10/72 kB 
Progress (1): 12/72 kB
Progress (1): 13/72 kB
Progress (1): 15/72 kB
Progress (1): 16/72 kB
Progress (1): 17/72 kB
Progress (1): 19/72 kB
Progress (1): 20/72 kB
Progress (1): 21/72 kB
Progress (1): 23/72 kB
Progress (1): 24/72 kB
Progress (1): 26/72 kB
Progress (1): 27/72 kB
Progress (1): 28/72 kB
Progress (1): 30/72 kB
Progress (1): 31/72 kB
Progress (2): 31/72 kB | 3.8/64 kB
Progress (2): 32/72 kB | 3.8/64 kB
Progress (2): 34/72 kB | 3.8/64 kB
Progress (2): 35/72 kB | 3.8/64 kB
                                  
Downloaded from central-https: https://repo1.maven.org/maven2/javax/servlet/servlet-api/2.3/servlet-api-2.3.jar (0 B at 0 B/s)
Downloading from central-https: https://repo1.maven.org/maven2/org/apache/cxf/cxf-api/2.2.4/cxf-api-2.2.4.jar
Progress (2): 36/72 kB | 3.8/64 kB
Progress (2): 38/72 kB | 3.8/64 kB
Progress (2): 39/72 kB | 3.8/64 kB
Progress (2): 41/72 kB | 3.8/64 kB
Progress (2): 42/72 kB | 3.8/64 kB
Progress (2): 43/72 kB | 3.8/64 kB
Progress (2): 45/72 kB | 3.8/64 kB
Progress (2): 49/72 kB | 3.8/64 kB
Progress (2): 53/72 kB | 3.8/64 kB
Progress (2): 57/72 kB | 3.8/64 kB
Progress (2): 62/72 kB | 3.8/64 kB
Progress (2): 66/72 kB | 3.8/64 kB
Progress (2): 70/72 kB | 3.8/64 kB
Progress (2): 72 kB | 3.8/64 kB   
Progress (2): 72 kB | 8.0/64 kB
Progress (2): 72 kB | 12/64 kB 
Progress (2): 72 kB | 16/64 kB
Progress (2): 72 kB | 21/64 kB
Progress (2): 72 kB | 25/64 kB
Progress (2): 72 kB | 29/64 kB
Progress (2): 72 kB | 33/64 kB
Progress (2): 72 kB | 38/64 kB
Progress (2): 72 kB | 42/64 kB
Progress (2): 72 kB | 46/64 kB
Progress (2): 72 kB | 50/64 kB
Progress (2): 72 kB | 55/64 kB
Progress (2): 72 kB | 59/64 kB
Progress (2): 72 kB | 63/64 kB
Progress (2): 72 kB | 64 kB   
                           
Downloaded from central-https: https://repo1.maven.org/maven2/logkit/logkit/1.0.1/logkit-1.0.1.jar (72 kB at 89 kB/s)
Downloading from central-https: https://repo1.maven.org/maven2/org/apache/geronimo/specs/geronimo-activation_1.1_spec/1.0.2/geronimo-activation_1.1_spec-1.0.2.jar
Downloaded from central-https: https://repo1.maven.org/maven2/avalon-framework/avalon-framework/4.1.3/avalon-framework-4.1.3.jar (64 kB at 78 kB/s)
Downloading from central-https: https://repo1.maven.org/maven2/org/apache/neethi/neethi/2.0.4/neethi-2.0.4.jar
Progress (1): 8.2/361 kB
Progress (1): 16/361 kB 
Progress (1): 33/361 kB
Progress (1): 49/361 kB
Progress (1): 66/361 kB
Progress (1): 82/361 kB
Progress (1): 98/361 kB
Progress (1): 106/361 kB
Progress (1): 123/361 kB
Progress (1): 139/361 kB
Progress (1): 156/361 kB
Progress (1): 172/361 kB
Progress (1): 188/361 kB
Progress (1): 205/361 kB
Progress (1): 221/361 kB
Progress (1): 229/361 kB
Progress (1): 246/361 kB
Progress (1): 262/361 kB
Progress (1): 270/361 kB
Progress (1): 279/361 kB
Progress (1): 295/361 kB
Progress (1): 303/361 kB
Progress (1): 311/361 kB
Progress (1): 328/361 kB
Progress (1): 344/361 kB
Progress (2): 344/361 kB | 7.7/299 kB
Progress (2): 360/361 kB | 7.7/299 kB
Progress (2): 360/361 kB | 16/299 kB 
Progress (2): 360/361 kB | 32/299 kB
Progress (2): 360/361 kB | 49/299 kB
Progress (2): 360/361 kB | 65/299 kB
Progress (2): 361 kB | 65/299 kB    
Progress (2): 361 kB | 81/299 kB
Progress (3): 361 kB | 81/299 kB | 3.8/34 kB
Progress (3): 361 kB | 98/299 kB | 3.8/34 kB
Progress (3): 361 kB | 114/299 kB | 3.8/34 kB
Progress (3): 361 kB | 131/299 kB | 3.8/34 kB
Progress (3): 361 kB | 131/299 kB | 8.0/34 kB
Progress (3): 361 kB | 147/299 kB | 8.0/34 kB
Progress (3): 361 kB | 163/299 kB | 8.0/34 kB
Progress (3): 361 kB | 180/299 kB | 8.0/34 kB
Progress (3): 361 kB | 180/299 kB | 12/34 kB 
Progress (3): 361 kB | 196/299 kB | 12/34 kB
Progress (3): 361 kB | 196/299 kB | 16/34 kB
Progress (3): 361 kB | 196/299 kB | 21/34 kB
Progress (3): 361 kB | 213/299 kB | 21/34 kB
Progress (3): 361 kB | 213/299 kB | 25/34 kB
Progress (3): 361 kB | 213/299 kB | 29/34 kB
Progress (3): 361 kB | 229/299 kB | 29/34 kB
Progress (3): 361 kB | 229/299 kB | 33/34 kB
Progress (3): 361 kB | 229/299 kB | 34 kB   
Progress (3): 361 kB | 245/299 kB | 34 kB
Progress (3): 361 kB | 262/299 kB | 34 kB
Progress (3): 361 kB | 278/299 kB | 34 kB
Progress (3): 361 kB | 294/299 kB | 34 kB
Progress (3): 361 kB | 299 kB | 34 kB    
Progress (4): 361 kB | 299 kB | 34 kB | 3.8/33 kB
Progress (4): 361 kB | 299 kB | 34 kB | 8.0/33 kB
Progress (4): 361 kB | 299 kB | 34 kB | 12/33 kB 
Progress (4): 361 kB | 299 kB | 34 kB | 16/33 kB
Progress (4): 361 kB | 299 kB | 34 kB | 20/33 kB
Progress (4): 361 kB | 299 kB | 34 kB | 24/33 kB
Progress (4): 361 kB | 299 kB | 34 kB | 29/33 kB
Progress (4): 361 kB | 299 kB | 34 kB | 33/33 kB
Progress (4): 361 kB | 299 kB | 34 kB | 33 kB   
                                             
Downloaded from central-https: https://repo1.maven.org/maven2/velocity/velocity/1.4/velocity-1.4.jar (361 kB at 409 kB/s)
Downloading from central-https: https://repo1.maven.org/maven2/org/apache/cxf/cxf-common-schemas/2.2.4/cxf-common-schemas-2.2.4.jar
Downloaded from central-https: https://repo1.maven.org/maven2/org/apache/geronimo/specs/geronimo-activation_1.1_spec/1.0.2/geronimo-activation_1.1_spec-1.0.2.jar (34 kB at 39 kB/s)
Downloading from central-https: https://repo1.maven.org/maven2/org/apache/cxf/cxf-rt-core/2.2.4/cxf-rt-core-2.2.4.jar
Downloaded from central-https: https://repo1.maven.org/maven2/org/apache/cxf/cxf-api/2.2.4/cxf-api-2.2.4.jar (299 kB at 337 kB/s)
Downloading from central-https: https://repo1.maven.org/maven2/com/sun/xml/bind/jaxb-impl/2.1.12/jaxb-impl-2.1.12.jar
Downloaded from central-https: https://repo1.maven.org/maven2/org/apache/neethi/neethi/2.0.4/neethi-2.0.4.jar (33 kB at 37 kB/s)
Downloading from central-https: https://repo1.maven.org/maven2/org/apache/geronimo/specs/geronimo-javamail_1.4_spec/1.6/geronimo-javamail_1.4_spec-1.6.jar
Progress (1): 7.7/868 kB
Progress (1): 16/868 kB 
Progress (1): 32/868 kB
Progress (1): 49/868 kB
Progress (1): 65/868 kB
Progress (1): 81/868 kB
Progress (1): 98/868 kB
Progress (1): 114/868 kB
Progress (1): 131/868 kB
Progress (1): 147/868 kB
Progress (1): 163/868 kB
Progress (1): 180/868 kB
                        
Downloaded from central-https: https://repo1.maven.org/maven2/org/apache/geronimo/specs/geronimo-javamail_1.4_spec/1.6/geronimo-javamail_1.4_spec-1.6.jar (0 B at 0 B/s)
Downloading from central-https: https://repo1.maven.org/maven2/javax/ws/rs/jsr311-api/1.0/jsr311-api-1.0.jar
Progress (1): 196/868 kB
Progress (1): 213/868 kB
Progress (1): 229/868 kB
Progress (1): 245/868 kB
Progress (1): 262/868 kB
Progress (1): 278/868 kB
Progress (1): 294/868 kB
Progress (1): 311/868 kB
Progress (1): 327/868 kB
Progress (1): 344/868 kB
Progress (1): 360/868 kB
Progress (1): 376/868 kB
Progress (1): 393/868 kB
Progress (1): 409/868 kB
Progress (1): 426/868 kB
Progress (1): 442/868 kB
Progress (1): 458/868 kB
Progress (1): 475/868 kB
Progress (1): 491/868 kB
Progress (1): 507/868 kB
Progress (1): 524/868 kB
Progress (1): 540/868 kB
Progress (1): 557/868 kB
Progress (1): 573/868 kB
Progress (1): 589/868 kB
Progress (1): 606/868 kB
Progress (1): 622/868 kB
Progress (1): 639/868 kB
Progress (1): 655/868 kB
Progress (1): 671/868 kB
Progress (1): 688/868 kB
Progress (1): 704/868 kB
Progress (1): 720/868 kB
Progress (1): 737/868 kB
Progress (1): 753/868 kB
Progress (1): 770/868 kB
Progress (1): 786/868 kB
Progress (1): 802/868 kB
Progress (1): 819/868 kB
Progress (1): 835/868 kB
Progress (1): 852/868 kB
Progress (1): 868 kB    
                    
Downloaded from central-https: https://repo1.maven.org/maven2/com/sun/xml/bind/jaxb-impl/2.1.12/jaxb-impl-2.1.12.jar (868 kB at 858 kB/s)
Downloading from central-https: https://repo1.maven.org/maven2/org/apache/cxf/cxf-rt-bindings-xml/2.2.4/cxf-rt-bindings-xml-2.2.4.jar
Progress (1): 7.7/44 kB
Progress (1): 7.8/44 kB
Progress (1): 24/44 kB 
Progress (1): 41/44 kB
Progress (1): 44 kB   
                   
Downloaded from central-https: https://repo1.maven.org/maven2/javax/ws/rs/jsr311-api/1.0/jsr311-api-1.0.jar (44 kB at 42 kB/s)
Downloading from central-https: https://repo1.maven.org/maven2/org/apache/cxf/cxf-rt-databinding-aegis/2.2.4/cxf-rt-databinding-aegis-2.2.4.jar
Progress (1): 7.7/376 kB
Progress (1): 13/376 kB 
Progress (1): 16/376 kB
Progress (1): 24/376 kB
Progress (1): 40/376 kB
Progress (2): 40/376 kB | 4.2/47 kB
Progress (2): 40/376 kB | 8.2/47 kB
Progress (2): 40/376 kB | 12/47 kB 
Progress (2): 40/376 kB | 13/47 kB
Progress (2): 47/376 kB | 13/47 kB
Progress (2): 47/376 kB | 17/47 kB
Progress (2): 47/376 kB | 21/47 kB
Progress (2): 47/376 kB | 26/47 kB
Progress (2): 55/376 kB | 26/47 kB
Progress (2): 55/376 kB | 30/47 kB
Progress (2): 55/376 kB | 34/47 kB
Progress (2): 55/376 kB | 37/47 kB
Progress (2): 72/376 kB | 37/47 kB
Progress (2): 72/376 kB | 41/47 kB
Progress (2): 80/376 kB | 41/47 kB
Progress (2): 88/376 kB | 41/47 kB
Progress (2): 99/376 kB | 41/47 kB
Progress (2): 99/376 kB | 45/47 kB
Progress (2): 99/376 kB | 47 kB   
Progress (2): 107/376 kB | 47 kB
Progress (2): 110/376 kB | 47 kB
Progress (2): 118/376 kB | 47 kB
Progress (2): 124/376 kB | 47 kB
Progress (2): 141/376 kB | 47 kB
Progress (2): 157/376 kB | 47 kB
Progress (2): 165/376 kB | 47 kB
Progress (2): 182/376 kB | 47 kB
Progress (2): 198/376 kB | 47 kB
Progress (2): 213/376 kB | 47 kB
Progress (2): 216/376 kB | 47 kB
Progress (2): 232/376 kB | 47 kB
Progress (2): 248/376 kB | 47 kB
                                
Downloaded from central-https: https://repo1.maven.org/maven2/org/apache/cxf/cxf-common-schemas/2.2.4/cxf-common-schemas-2.2.4.jar (47 kB at 41 kB/s)
Downloading from central-https: https://repo1.maven.org/maven2/org/apache/abdera/abdera-core/0.4.0-incubating/abdera-core-0.4.0-incubating.jar
Progress (1): 265/376 kB
Progress (1): 273/376 kB
Progress (1): 281/376 kB
Progress (1): 289/376 kB
Progress (1): 298/376 kB
Progress (1): 314/376 kB
Progress (1): 322/376 kB
Progress (1): 339/376 kB
Progress (1): 347/376 kB
Progress (1): 363/376 kB
Progress (1): 376 kB    
                    
Downloaded from central-https: https://repo1.maven.org/maven2/org/apache/cxf/cxf-rt-frontend-jaxrs/2.2.4/cxf-rt-frontend-jaxrs-2.2.4.jar (376 kB at 321 kB/s)
Downloading from central-https: https://repo1.maven.org/maven2/org/apache/abdera/abdera-i18n/0.4.0-incubating/abdera-i18n-0.4.0-incubating.jar
Progress (1): 7.7/391 kB
Progress (1): 8.2/391 kB
Progress (1): 13/391 kB 
Progress (1): 21/391 kB
Progress (1): 37/391 kB
Progress (1): 41/391 kB
Progress (1): 43/391 kB
Progress (1): 51/391 kB
Progress (1): 59/391 kB
Progress (1): 68/391 kB
Progress (1): 76/391 kB
Progress (1): 92/391 kB
Progress (1): 94/391 kB
Progress (1): 99/391 kB
Progress (2): 99/391 kB | 3.8/154 kB
Progress (2): 99/391 kB | 8.0/154 kB
Progress (2): 99/391 kB | 12/154 kB 
Progress (2): 99/391 kB | 16/154 kB
Progress (2): 99/391 kB | 16/154 kB
Progress (2): 102/391 kB | 16/154 kB
Progress (2): 102/391 kB | 21/154 kB
Progress (2): 102/391 kB | 25/154 kB
Progress (2): 102/391 kB | 29/154 kB
Progress (2): 118/391 kB | 29/154 kB
Progress (2): 118/391 kB | 33/154 kB
Progress (2): 118/391 kB | 37/154 kB
Progress (2): 118/391 kB | 49/154 kB
Progress (2): 118/391 kB | 66/154 kB
Progress (2): 118/391 kB | 82/154 kB
Progress (2): 118/391 kB | 98/154 kB
Progress (2): 134/391 kB | 98/154 kB
Progress (2): 134/391 kB | 115/154 kB
Progress (2): 151/391 kB | 115/154 kB
Progress (2): 167/391 kB | 115/154 kB
Progress (2): 184/391 kB | 115/154 kB
Progress (2): 200/391 kB | 115/154 kB
Progress (2): 205/391 kB | 115/154 kB
Progress (2): 205/391 kB | 131/154 kB
Progress (2): 205/391 kB | 147/154 kB
Progress (2): 205/391 kB | 154 kB    
Progress (2): 208/391 kB | 154 kB
Progress (2): 225/391 kB | 154 kB
Progress (2): 233/391 kB | 154 kB
Progress (2): 249/391 kB | 154 kB
Progress (2): 266/391 kB | 154 kB
Progress (2): 274/391 kB | 154 kB
Progress (2): 282/391 kB | 154 kB
Progress (2): 298/391 kB | 154 kB
Progress (2): 306/391 kB | 154 kB
Progress (2): 323/391 kB | 154 kB
Progress (2): 339/391 kB | 154 kB
Progress (2): 347/391 kB | 154 kB
Progress (2): 364/391 kB | 154 kB
Progress (2): 380/391 kB | 154 kB
Progress (2): 391 kB | 154 kB    
                             
Downloaded from central-https: https://repo1.maven.org/maven2/org/apache/abdera/abdera-core/0.4.0-incubating/abdera-core-0.4.0-incubating.jar (154 kB at 126 kB/s)
Downloading from central-https: https://repo1.maven.org/maven2/commons-codec/commons-codec/1.3/commons-codec-1.3.jar
Progress (2): 391 kB | 3.4/610 kB
Progress (2): 391 kB | 20/610 kB 
Progress (2): 391 kB | 28/610 kB
Progress (2): 391 kB | 44/610 kB
Progress (2): 391 kB | 61/610 kB
Progress (2): 391 kB | 77/610 kB
Progress (2): 391 kB | 94/610 kB
Progress (2): 391 kB | 110/610 kB
Progress (2): 391 kB | 115/610 kB
Progress (2): 391 kB | 131/610 kB
Progress (2): 391 kB | 139/610 kB
Progress (2): 391 kB | 156/610 kB
                                 
Downloaded from central-https: https://repo1.maven.org/maven2/org/apache/cxf/cxf-rt-core/2.2.4/cxf-rt-core-2.2.4.jar (391 kB at 317 kB/s)
Downloading from central-https: https://repo1.maven.org/maven2/org/apache/abdera/abdera-parser/0.4.0-incubating/abdera-parser-0.4.0-incubating.jar
Progress (1): 172/610 kB
Progress (1): 180/610 kB
Progress (1): 197/610 kB
Progress (1): 213/610 kB
Progress (1): 229/610 kB
Progress (1): 238/610 kB
Progress (1): 246/610 kB
Progress (1): 262/610 kB
Progress (1): 270/610 kB
Progress (1): 287/610 kB
Progress (1): 295/610 kB
Progress (1): 303/610 kB
Progress (1): 319/610 kB
Progress (1): 328/610 kB
Progress (1): 344/610 kB
Progress (1): 352/610 kB
Progress (1): 360/610 kB
Progress (1): 369/610 kB
Progress (1): 377/610 kB
Progress (1): 393/610 kB
Progress (1): 410/610 kB
Progress (2): 410/610 kB | 7.7/37 kB
Progress (2): 426/610 kB | 7.7/37 kB
Progress (2): 434/610 kB | 7.7/37 kB
Progress (2): 451/610 kB | 7.7/37 kB
Progress (2): 459/610 kB | 7.7/37 kB
Progress (2): 475/610 kB | 7.7/37 kB
Progress (2): 475/610 kB | 13/37 kB 
Progress (2): 475/610 kB | 17/37 kB
Progress (2): 492/610 kB | 17/37 kB
Progress (2): 492/610 kB | 34/37 kB
Progress (2): 508/610 kB | 34/37 kB
Progress (2): 508/610 kB | 37 kB   
Progress (2): 524/610 kB | 37 kB
Progress (2): 541/610 kB | 37 kB
Progress (2): 557/610 kB | 37 kB
Progress (2): 573/610 kB | 37 kB
Progress (2): 590/610 kB | 37 kB
Progress (2): 606/610 kB | 37 kB
Progress (2): 610 kB | 37 kB    
                            
Downloaded from central-https: https://repo1.maven.org/maven2/commons-codec/commons-codec/1.3/commons-codec-1.3.jar (0 B at 0 B/s)
Downloading from central-https: https://repo1.maven.org/maven2/org/apache/ws/commons/axiom/axiom-impl/1.2.5/axiom-impl-1.2.5.jar
Downloaded from central-https: https://repo1.maven.org/maven2/org/apache/cxf/cxf-rt-bindings-xml/2.2.4/cxf-rt-bindings-xml-2.2.4.jar (37 kB at 30 kB/s)
Downloading from central-https: https://repo1.maven.org/maven2/org/apache/ws/commons/axiom/axiom-api/1.2.5/axiom-api-1.2.5.jar
Downloaded from central-https: https://repo1.maven.org/maven2/org/apache/abdera/abdera-i18n/0.4.0-incubating/abdera-i18n-0.4.0-incubating.jar (610 kB at 482 kB/s)
Downloading from central-https: https://repo1.maven.org/maven2/jaxen/jaxen/1.1.1/jaxen-1.1.1.jar
Progress (1): 8.2/139 kB
Progress (1): 16/139 kB 
Progress (1): 33/139 kB
Progress (1): 49/139 kB
Progress (1): 66/139 kB
Progress (2): 66/139 kB | 7.7/117 kB
Progress (2): 82/139 kB | 7.7/117 kB
Progress (2): 98/139 kB | 7.7/117 kB
Progress (2): 115/139 kB | 7.7/117 kB
Progress (2): 131/139 kB | 7.7/117 kB
Progress (2): 131/139 kB | 16/117 kB 
Progress (2): 139 kB | 16/117 kB    
Progress (2): 139 kB | 25/117 kB
Progress (2): 139 kB | 41/117 kB
Progress (2): 139 kB | 57/117 kB
Progress (2): 139 kB | 74/117 kB
Progress (2): 139 kB | 90/117 kB
Progress (3): 139 kB | 90/117 kB | 7.7/227 kB
Progress (3): 139 kB | 106/117 kB | 7.7/227 kB
Progress (3): 139 kB | 117 kB | 7.7/227 kB    
Progress (3): 139 kB | 117 kB | 16/227 kB 
Progress (3): 139 kB | 117 kB | 25/227 kB
Progress (3): 139 kB | 117 kB | 41/227 kB
Progress (3): 139 kB | 117 kB | 57/227 kB
Progress (3): 139 kB | 117 kB | 74/227 kB
Progress (3): 139 kB | 117 kB | 90/227 kB
Progress (3): 139 kB | 117 kB | 106/227 kB
Progress (3): 139 kB | 117 kB | 123/227 kB
Progress (3): 139 kB | 117 kB | 139/227 kB
Progress (3): 139 kB | 117 kB | 156/227 kB
Progress (3): 139 kB | 117 kB | 172/227 kB
Progress (3): 139 kB | 117 kB | 188/227 kB
Progress (3): 139 kB | 117 kB | 205/227 kB
Progress (3): 139 kB | 117 kB | 221/227 kB
Progress (3): 139 kB | 117 kB | 227 kB    
                                      
Downloaded from central-https: https://repo1.maven.org/maven2/org/apache/abdera/abdera-parser/0.4.0-incubating/abdera-parser-0.4.0-incubating.jar (139 kB at 106 kB/s)
Downloading from central-https: https://repo1.maven.org/maven2/org/apache/abdera/abdera-extensions-json/0.4.0-incubating/abdera-extensions-json-0.4.0-incubating.jar
Downloaded from central-https: https://repo1.maven.org/maven2/org/apache/ws/commons/axiom/axiom-impl/1.2.5/axiom-impl-1.2.5.jar (117 kB at 89 kB/s)
Downloading from central-https: https://repo1.maven.org/maven2/org/apache/abdera/abdera-extensions-main/0.4.0-incubating/abdera-extensions-main-0.4.0-incubating.jar
Downloaded from central-https: https://repo1.maven.org/maven2/jaxen/jaxen/1.1.1/jaxen-1.1.1.jar (227 kB at 171 kB/s)
Downloading from central-https: https://repo1.maven.org/maven2/org/codehaus/jettison/jettison/1.1/jettison-1.1.jar
Progress (1): 13/229 kB
Progress (1): 16/229 kB
Progress (1): 24/229 kB
Progress (1): 40/229 kB
Progress (1): 56/229 kB
Progress (1): 73/229 kB
Progress (1): 89/229 kB
Progress (1): 98/229 kB
Progress (2): 98/229 kB | 7.7/141 kB
Progress (2): 98/229 kB | 16/141 kB 
Progress (2): 98/229 kB | 32/141 kB
Progress (2): 98/229 kB | 49/141 kB
Progress (2): 98/229 kB | 65/141 kB
Progress (2): 106/229 kB | 65/141 kB
Progress (2): 106/229 kB | 81/141 kB
Progress (2): 123/229 kB | 81/141 kB
Progress (2): 123/229 kB | 98/141 kB
Progress (2): 139/229 kB | 98/141 kB
Progress (2): 139/229 kB | 114/141 kB
Progress (2): 156/229 kB | 114/141 kB
Progress (2): 158/229 kB | 114/141 kB
Progress (2): 158/229 kB | 131/141 kB
Progress (2): 166/229 kB | 131/141 kB
Progress (2): 166/229 kB | 141 kB    
Progress (2): 182/229 kB | 141 kB
Progress (2): 186/229 kB | 141 kB
Progress (2): 194/229 kB | 141 kB
Progress (2): 196/229 kB | 141 kB
Progress (2): 200/229 kB | 141 kB
Progress (2): 208/229 kB | 141 kB
Progress (2): 224/229 kB | 141 kB
Progress (2): 229 kB | 141 kB    
Progress (3): 229 kB | 141 kB | 7.7/68 kB
Progress (3): 229 kB | 141 kB | 16/68 kB 
Progress (3): 229 kB | 141 kB | 25/68 kB
                                        
Downloaded from central-https: https://repo1.maven.org/maven2/org/apache/ws/commons/axiom/axiom-api/1.2.5/axiom-api-1.2.5.jar (141 kB at 103 kB/s)
Downloading from central-https: https://repo1.maven.org/maven2/org/apache/xmlbeans/xmlbeans/2.4.0/xmlbeans-2.4.0.jar
Progress (2): 229 kB | 41/68 kB
Progress (2): 229 kB | 57/68 kB
Progress (2): 229 kB | 68 kB   
                            
Downloaded from central-https: https://repo1.maven.org/maven2/org/apache/cxf/cxf-rt-databinding-aegis/2.2.4/cxf-rt-databinding-aegis-2.2.4.jar (229 kB at 167 kB/s)
Downloading from central-https: https://repo1.maven.org/maven2/org/codehaus/woodstox/woodstox-core-asl/4.0.3/woodstox-core-asl-4.0.3.jar
Downloaded from central-https: https://repo1.maven.org/maven2/org/codehaus/jettison/jettison/1.1/jettison-1.1.jar (68 kB at 48 kB/s)
Downloading from central-https: https://repo1.maven.org/maven2/stax/stax-api/1.0.1/stax-api-1.0.1.jar
Progress (1): 0/2.7 MB
Progress (1): 0/2.7 MB
Progress (1): 0/2.7 MB
Progress (1): 0/2.7 MB
Progress (1): 0.1/2.7 MB
Progress (1): 0.1/2.7 MB
Progress (1): 0.1/2.7 MB
Progress (1): 0.1/2.7 MB
Progress (1): 0.1/2.7 MB
Progress (1): 0.1/2.7 MB
Progress (1): 0.1/2.7 MB
Progress (1): 0.2/2.7 MB
Progress (1): 0.2/2.7 MB
Progress (1): 0.2/2.7 MB
Progress (1): 0.2/2.7 MB
Progress (1): 0.2/2.7 MB
Progress (1): 0.2/2.7 MB
Progress (1): 0.2/2.7 MB
Progress (1): 0.3/2.7 MB
Progress (1): 0.3/2.7 MB
Progress (1): 0.3/2.7 MB
Progress (1): 0.3/2.7 MB
Progress (1): 0.3/2.7 MB
Progress (1): 0.3/2.7 MB
Progress (1): 0.4/2.7 MB
Progress (1): 0.4/2.7 MB
Progress (1): 0.4/2.7 MB
Progress (1): 0.4/2.7 MB
Progress (1): 0.4/2.7 MB
Progress (1): 0.4/2.7 MB
Progress (1): 0.4/2.7 MB
Progress (1): 0.4/2.7 MB
Progress (1): 0.4/2.7 MB
Progress (1): 0.5/2.7 MB
Progress (1): 0.5/2.7 MB
Progress (1): 0.5/2.7 MB
Progress (1): 0.5/2.7 MB
Progress (1): 0.5/2.7 MB
                        
Downloaded from central-https: https://repo1.maven.org/maven2/stax/stax-api/1.0.1/stax-api-1.0.1.jar (0 B at 0 B/s)
Downloading from central-https: https://repo1.maven.org/maven2/org/codehaus/woodstox/stax2-api/3.0.1/stax2-api-3.0.1.jar
Progress (1): 0.5/2.7 MB
Progress (1): 0.5/2.7 MB
Progress (1): 0.5/2.7 MB
Progress (1): 0.6/2.7 MB
Progress (1): 0.6/2.7 MB
Progress (1): 0.6/2.7 MB
Progress (1): 0.6/2.7 MB
Progress (1): 0.6/2.7 MB
Progress (1): 0.6/2.7 MB
Progress (1): 0.6/2.7 MB
Progress (1): 0.6/2.7 MB
Progress (1): 0.7/2.7 MB
Progress (1): 0.7/2.7 MB
Progress (1): 0.7/2.7 MB
Progress (2): 0.7/2.7 MB | 3.4/42 kB
Progress (2): 0.7/2.7 MB | 3.4/42 kB
Progress (2): 0.7/2.7 MB | 3.4/42 kB
Progress (2): 0.7/2.7 MB | 20/42 kB 
Progress (2): 0.7/2.7 MB | 36/42 kB
Progress (2): 0.7/2.7 MB | 36/42 kB
Progress (2): 0.7/2.7 MB | 42 kB   
Progress (2): 0.8/2.7 MB | 42 kB
Progress (3): 0.8/2.7 MB | 42 kB | 7.7/28 kB
Progress (3): 0.8/2.7 MB | 42 kB | 12/28 kB 
Progress (3): 0.8/2.7 MB | 42 kB | 12/28 kB
Progress (3): 0.8/2.7 MB | 42 kB | 12/28 kB
Progress (3): 0.8/2.7 MB | 42 kB | 28 kB   
Progress (3): 0.8/2.7 MB | 42 kB | 28 kB
Progress (3): 0.8/2.7 MB | 42 kB | 28 kB
Progress (3): 0.8/2.7 MB | 42 kB | 28 kB
Progress (3): 0.9/2.7 MB | 42 kB | 28 kB
Progress (3): 0.9/2.7 MB | 42 kB | 28 kB
Progress (3): 0.9/2.7 MB | 42 kB | 28 kB
Progress (3): 0.9/2.7 MB | 42 kB | 28 kB
Progress (3): 0.9/2.7 MB | 42 kB | 28 kB
Progress (3): 0.9/2.7 MB | 42 kB | 28 kB
Progress (3): 1.0/2.7 MB | 42 kB | 28 kB
Progress (3): 1.0/2.7 MB | 42 kB | 28 kB
Progress (3): 1.0/2.7 MB | 42 kB | 28 kB
Progress (3): 1.0/2.7 MB | 42 kB | 28 kB
Progress (3): 1.0/2.7 MB | 42 kB | 28 kB
Progress (3): 1.0/2.7 MB | 42 kB | 28 kB
Progress (3): 1.0/2.7 MB | 42 kB | 28 kB
Progress (3): 1.1/2.7 MB | 42 kB | 28 kB
Progress (3): 1.1/2.7 MB | 42 kB | 28 kB
Progress (3): 1.1/2.7 MB | 42 kB | 28 kB
Progress (3): 1.1/2.7 MB | 42 kB | 28 kB
Progress (3): 1.1/2.7 MB | 42 kB | 28 kB
                                        
Downloaded from central-https: https://repo1.maven.org/maven2/org/apache/abdera/abdera-extensions-main/0.4.0-incubating/abdera-extensions-main-0.4.0-incubating.jar (42 kB at 28 kB/s)
Downloading from central-https: https://repo1.maven.org/maven2/org/apache/cxf/cxf-common-utilities/2.2.4/cxf-common-utilities-2.2.4.jar
Progress (2): 1.1/2.7 MB | 28 kB
Progress (2): 1.2/2.7 MB | 28 kB
Progress (2): 1.2/2.7 MB | 28 kB
Progress (2): 1.2/2.7 MB | 28 kB
Progress (2): 1.2/2.7 MB | 28 kB
Progress (2): 1.2/2.7 MB | 28 kB
Progress (2): 1.2/2.7 MB | 28 kB
                                
Downloaded from central-https: https://repo1.maven.org/maven2/org/apache/abdera/abdera-extensions-json/0.4.0-incubating/abdera-extensions-json-0.4.0-incubating.jar (28 kB at 19 kB/s)
Downloading from central-https: https://repo1.maven.org/maven2/org/apache/geronimo/specs/geronimo-annotation_1.0_spec/1.1.1/geronimo-annotation_1.0_spec-1.1.1.jar
Progress (1): 1.3/2.7 MB
Progress (1): 1.3/2.7 MB
Progress (1): 1.3/2.7 MB
Progress (1): 1.3/2.7 MB
Progress (1): 1.3/2.7 MB
Progress (1): 1.3/2.7 MB
Progress (1): 1.4/2.7 MB
Progress (1): 1.4/2.7 MB
Progress (1): 1.4/2.7 MB
Progress (1): 1.4/2.7 MB
Progress (1): 1.4/2.7 MB
Progress (1): 1.4/2.7 MB
Progress (1): 1.5/2.7 MB
Progress (1): 1.5/2.7 MB
Progress (1): 1.5/2.7 MB
Progress (1): 1.5/2.7 MB
Progress (1): 1.5/2.7 MB
Progress (1): 1.5/2.7 MB
Progress (1): 1.6/2.7 MB
Progress (1): 1.6/2.7 MB
Progress (1): 1.6/2.7 MB
Progress (1): 1.6/2.7 MB
Progress (1): 1.6/2.7 MB
Progress (1): 1.6/2.7 MB
Progress (1): 1.7/2.7 MB
Progress (1): 1.7/2.7 MB
Progress (1): 1.7/2.7 MB
Progress (1): 1.7/2.7 MB
Progress (1): 1.7/2.7 MB
Progress (1): 1.7/2.7 MB
Progress (1): 1.8/2.7 MB
Progress (1): 1.8/2.7 MB
Progress (1): 1.8/2.7 MB
Progress (1): 1.8/2.7 MB
Progress (1): 1.8/2.7 MB
Progress (1): 1.8/2.7 MB
Progress (1): 1.9/2.7 MB
Progress (1): 1.9/2.7 MB
Progress (1): 1.9/2.7 MB
Progress (1): 1.9/2.7 MB
Progress (1): 1.9/2.7 MB
Progress (1): 1.9/2.7 MB
Progress (1): 1.9/2.7 MB
Progress (1): 2.0/2.7 MB
Progress (1): 2.0/2.7 MB
Progress (1): 2.0/2.7 MB
Progress (1): 2.0/2.7 MB
Progress (1): 2.0/2.7 MB
Progress (1): 2.0/2.7 MB
Progress (1): 2.1/2.7 MB
Progress (1): 2.1/2.7 MB
Progress (1): 2.1/2.7 MB
Progress (1): 2.1/2.7 MB
Progress (1): 2.1/2.7 MB
Progress (1): 2.1/2.7 MB
Progress (1): 2.2/2.7 MB
Progress (1): 2.2/2.7 MB
Progress (1): 2.2/2.7 MB
Progress (1): 2.2/2.7 MB
Progress (1): 2.2/2.7 MB
Progress (1): 2.2/2.7 MB
Progress (1): 2.3/2.7 MB
Progress (1): 2.3/2.7 MB
Progress (1): 2.3/2.7 MB
Progress (1): 2.3/2.7 MB
Progress (1): 2.3/2.7 MB
Progress (1): 2.3/2.7 MB
Progress (1): 2.4/2.7 MB
Progress (1): 2.4/2.7 MB
Progress (1): 2.4/2.7 MB
Progress (1): 2.4/2.7 MB
Progress (1): 2.4/2.7 MB
Progress (1): 2.4/2.7 MB
Progress (1): 2.5/2.7 MB
Progress (1): 2.5/2.7 MB
Progress (1): 2.5/2.7 MB
Progress (1): 2.5/2.7 MB
Progress (1): 2.5/2.7 MB
Progress (1): 2.5/2.7 MB
Progress (1): 2.6/2.7 MB
Progress (1): 2.6/2.7 MB
Progress (1): 2.6/2.7 MB
Progress (1): 2.6/2.7 MB
Progress (1): 2.6/2.7 MB
Progress (1): 2.6/2.7 MB
Progress (1): 2.7/2.7 MB
Progress (1): 2.7/2.7 MB
Progress (1): 2.7/2.7 MB
Progress (1): 2.7 MB    
Progress (2): 2.7 MB | 7.7/180 kB
Progress (2): 2.7 MB | 16/180 kB 
Progress (2): 2.7 MB | 32/180 kB
Progress (2): 2.7 MB | 49/180 kB
Progress (2): 2.7 MB | 65/180 kB
Progress (2): 2.7 MB | 81/180 kB
Progress (2): 2.7 MB | 82/180 kB
Progress (2): 2.7 MB | 98/180 kB
Progress (2): 2.7 MB | 115/180 kB
Progress (2): 2.7 MB | 131/180 kB
Progress (2): 2.7 MB | 139/180 kB
Progress (2): 2.7 MB | 156/180 kB
Progress (2): 2.7 MB | 164/180 kB
Progress (2): 2.7 MB | 180 kB    
Progress (3): 2.7 MB | 180 kB | 7.7/12 kB
Progress (3): 2.7 MB | 180 kB | 12 kB    
                                     
Downloaded from central-https: https://repo1.maven.org/maven2/org/apache/xmlbeans/xmlbeans/2.4.0/xmlbeans-2.4.0.jar (2.7 MB at 1.7 MB/s)
Downloading from central-https: https://repo1.maven.org/maven2/javax/xml/bind/jaxb-api/2.1/jaxb-api-2.1.jar
Downloaded from central-https: https://repo1.maven.org/maven2/org/codehaus/woodstox/stax2-api/3.0.1/stax2-api-3.0.1.jar (180 kB at 116 kB/s)
Downloading from central-https: https://repo1.maven.org/maven2/org/apache/geronimo/specs/geronimo-stax-api_1.0_spec/1.0.1/geronimo-stax-api_1.0_spec-1.0.1.jar
Downloaded from central-https: https://repo1.maven.org/maven2/org/apache/geronimo/specs/geronimo-annotation_1.0_spec/1.1.1/geronimo-annotation_1.0_spec-1.1.1.jar (12 kB at 8.0 kB/s)
Downloading from central-https: https://repo1.maven.org/maven2/wsdl4j/wsdl4j/1.6.2/wsdl4j-1.6.2.jar
Downloaded from central-https: https://repo1.maven.org/maven2/wsdl4j/wsdl4j/1.6.2/wsdl4j-1.6.2.jar (0 B at 0 B/s)
Downloading from central-https: https://repo1.maven.org/maven2/org/apache/ws/commons/schema/XmlSchema/1.4.5/XmlSchema-1.4.5.jar
Progress (1): 7.7/90 kB
Progress (1): 16/90 kB 
Progress (1): 25/90 kB
Progress (1): 41/90 kB
Progress (1): 57/90 kB
Progress (1): 74/90 kB
Progress (1): 90 kB   
                   
Downloaded from central-https: https://repo1.maven.org/maven2/javax/xml/bind/jaxb-api/2.1/jaxb-api-2.1.jar (90 kB at 55 kB/s)
Downloading from central-https: https://repo1.maven.org/maven2/org/apache/cxf/cxf-rt-transports-http/2.2.4/cxf-rt-transports-http-2.2.4.jar
Downloaded from central-https: https://repo1.maven.org/maven2/org/apache/geronimo/specs/geronimo-stax-api_1.0_spec/1.0.1/geronimo-stax-api_1.0_spec-1.0.1.jar (0 B at 0 B/s)
Downloading from central-https: https://repo1.maven.org/maven2/org/apache/cxf/cxf-rt-frontend-jaxws/2.2.4/cxf-rt-frontend-jaxws-2.2.4.jar
Progress (1): 7.7/146 kB
Progress (1): 16/146 kB 
Progress (1): 32/146 kB
Progress (1): 49/146 kB
Progress (1): 65/146 kB
Progress (1): 81/146 kB
Progress (1): 98/146 kB
Progress (1): 114/146 kB
Progress (1): 131/146 kB
Progress (1): 146 kB    
                    
Downloaded from central-https: https://repo1.maven.org/maven2/org/apache/ws/commons/schema/XmlSchema/1.4.5/XmlSchema-1.4.5.jar (146 kB at 86 kB/s)
Downloading from central-https: https://repo1.maven.org/maven2/xml-resolver/xml-resolver/1.2/xml-resolver-1.2.jar
Progress (1): 7.7/481 kB
Progress (1): 16/481 kB 
Progress (1): 32/481 kB
                       
Downloaded from central-https: https://repo1.maven.org/maven2/xml-resolver/xml-resolver/1.2/xml-resolver-1.2.jar (0 B at 0 B/s)
Downloading from central-https: https://repo1.maven.org/maven2/org/apache/geronimo/specs/geronimo-jaxws_2.1_spec/1.0/geronimo-jaxws_2.1_spec-1.0.jar
Progress (1): 49/481 kB
Progress (1): 65/481 kB
Progress (1): 81/481 kB
Progress (1): 98/481 kB
Progress (1): 114/481 kB
Progress (1): 131/481 kB
Progress (1): 147/481 kB
Progress (1): 163/481 kB
Progress (1): 180/481 kB
Progress (1): 196/481 kB
Progress (1): 213/481 kB
Progress (1): 229/481 kB
Progress (1): 245/481 kB
Progress (1): 262/481 kB
Progress (1): 278/481 kB
Progress (1): 294/481 kB
Progress (1): 311/481 kB
Progress (1): 327/481 kB
Progress (1): 344/481 kB
Progress (1): 360/481 kB
Progress (1): 376/481 kB
Progress (1): 393/481 kB
Progress (1): 409/481 kB
Progress (1): 426/481 kB
Progress (1): 442/481 kB
Progress (1): 458/481 kB
Progress (1): 475/481 kB
Progress (1): 481 kB    
                    
Downloaded from central-https: https://repo1.maven.org/maven2/org/codehaus/woodstox/woodstox-core-asl/4.0.3/woodstox-core-asl-4.0.3.jar (481 kB at 274 kB/s)
Downloading from central-https: https://repo1.maven.org/maven2/org/apache/geronimo/specs/geronimo-ws-metadata_2.0_spec/1.1.2/geronimo-ws-metadata_2.0_spec-1.1.2.jar
Progress (1): 7.7/291 kB
Progress (1): 13/291 kB 
Progress (1): 29/291 kB
Progress (1): 41/291 kB
Progress (1): 58/291 kB
Progress (1): 74/291 kB
Progress (1): 91/291 kB
Progress (1): 99/291 kB
Progress (1): 104/291 kB
Progress (1): 121/291 kB
Progress (1): 137/291 kB
Progress (1): 153/291 kB
Progress (1): 170/291 kB
Progress (1): 186/291 kB
Progress (1): 203/291 kB
Progress (1): 213/291 kB
Progress (1): 218/291 kB
Progress (1): 221/291 kB
Progress (1): 233/291 kB
Progress (1): 249/291 kB
Progress (1): 266/291 kB
Progress (1): 282/291 kB
Progress (1): 291 kB    
                    
Downloaded from central-https: https://repo1.maven.org/maven2/org/apache/cxf/cxf-common-utilities/2.2.4/cxf-common-utilities-2.2.4.jar (291 kB at 162 kB/s)
Downloading from central-https: https://repo1.maven.org/maven2/asm/asm/2.2.3/asm-2.2.3.jar
Downloaded from central-https: https://repo1.maven.org/maven2/org/apache/geronimo/specs/geronimo-ws-metadata_2.0_spec/1.1.2/geronimo-ws-metadata_2.0_spec-1.1.2.jar (0 B at 0 B/s)
Downloading from central-https: https://repo1.maven.org/maven2/org/apache/cxf/cxf-rt-bindings-soap/2.2.4/cxf-rt-bindings-soap-2.2.4.jar
Progress (1): 7.7/35 kB
Progress (1): 16/35 kB 
Progress (1): 16/35 kB
Progress (1): 33/35 kB
Progress (1): 35 kB   
Progress (2): 35 kB | 7.7/113 kB
                                
Downloaded from central-https: https://repo1.maven.org/maven2/asm/asm/2.2.3/asm-2.2.3.jar (35 kB at 19 kB/s)
Downloading from central-https: https://repo1.maven.org/maven2/org/apache/cxf/cxf-tools-common/2.2.4/cxf-tools-common-2.2.4.jar
Progress (1): 16/113 kB
Progress (1): 32/113 kB
Progress (1): 49/113 kB
Progress (1): 65/113 kB
Progress (1): 81/113 kB
Progress (1): 98/113 kB
Progress (1): 113 kB   
                    
Downloaded from central-https: https://repo1.maven.org/maven2/org/apache/cxf/cxf-rt-bindings-soap/2.2.4/cxf-rt-bindings-soap-2.2.4.jar (113 kB at 61 kB/s)
Downloading from central-https: https://repo1.maven.org/maven2/org/apache/cxf/cxf-rt-databinding-jaxb/2.2.4/cxf-rt-databinding-jaxb-2.2.4.jar
Progress (1): 7.7/296 kB
Progress (1): 13/296 kB 
Progress (1): 20/296 kB
Progress (1): 36/296 kB
Progress (1): 41/296 kB
Progress (2): 41/296 kB | 7.7/177 kB
Progress (3): 41/296 kB | 7.7/177 kB | 7.7/87 kB
Progress (3): 41/296 kB | 16/177 kB | 7.7/87 kB 
Progress (3): 41/296 kB | 32/177 kB | 7.7/87 kB
Progress (3): 41/296 kB | 32/177 kB | 12/87 kB 
Progress (3): 41/296 kB | 49/177 kB | 12/87 kB
Progress (3): 47/296 kB | 49/177 kB | 12/87 kB
Progress (3): 47/296 kB | 65/177 kB | 12/87 kB
Progress (3): 64/296 kB | 65/177 kB | 12/87 kB
Progress (3): 64/296 kB | 65/177 kB | 29/87 kB
Progress (3): 64/296 kB | 65/177 kB | 45/87 kB
Progress (3): 80/296 kB | 65/177 kB | 45/87 kB
Progress (3): 80/296 kB | 81/177 kB | 45/87 kB
Progress (3): 80/296 kB | 81/177 kB | 61/87 kB
Progress (3): 80/296 kB | 98/177 kB | 61/87 kB
Progress (3): 96/296 kB | 98/177 kB | 61/87 kB
Progress (3): 96/296 kB | 98/177 kB | 78/87 kB
Progress (3): 96/296 kB | 114/177 kB | 78/87 kB
Progress (3): 96/296 kB | 114/177 kB | 87 kB   
Progress (3): 96/296 kB | 131/177 kB | 87 kB
Progress (3): 96/296 kB | 147/177 kB | 87 kB
Progress (3): 96/296 kB | 163/177 kB | 87 kB
Progress (3): 96/296 kB | 177 kB | 87 kB    
Progress (3): 104/296 kB | 177 kB | 87 kB
Progress (3): 110/296 kB | 177 kB | 87 kB
Progress (3): 126/296 kB | 177 kB | 87 kB
Progress (3): 135/296 kB | 177 kB | 87 kB
Progress (3): 143/296 kB | 177 kB | 87 kB
Progress (3): 159/296 kB | 177 kB | 87 kB
Progress (3): 175/296 kB | 177 kB | 87 kB
Progress (3): 192/296 kB | 177 kB | 87 kB
Progress (3): 197/296 kB | 177 kB | 87 kB
                                         
Downloaded from central-https: https://repo1.maven.org/maven2/org/apache/cxf/cxf-rt-databinding-jaxb/2.2.4/cxf-rt-databinding-jaxb-2.2.4.jar (87 kB at 45 kB/s)
Downloading from central-https: https://repo1.maven.org/maven2/org/apache/cxf/cxf-rt-frontend-simple/2.2.4/cxf-rt-frontend-simple-2.2.4.jar
Downloaded from central-https: https://repo1.maven.org/maven2/org/apache/cxf/cxf-rt-transports-http/2.2.4/cxf-rt-transports-http-2.2.4.jar (177 kB at 91 kB/s)
Downloading from central-https: https://repo1.maven.org/maven2/org/apache/cxf/cxf-rt-ws-addr/2.2.4/cxf-rt-ws-addr-2.2.4.jar
Progress (2): 197/296 kB | 3.4/48 kB
Progress (2): 197/296 kB | 13/48 kB 
Progress (2): 197/296 kB | 16/48 kB
Progress (2): 197/296 kB | 24/48 kB
Progress (2): 197/296 kB | 40/48 kB
Progress (2): 197/296 kB | 41/48 kB
Progress (2): 213/296 kB | 41/48 kB
Progress (2): 227/296 kB | 41/48 kB
Progress (2): 243/296 kB | 41/48 kB
Progress (2): 260/296 kB | 41/48 kB
Progress (2): 268/296 kB | 41/48 kB
Progress (2): 284/296 kB | 41/48 kB
Progress (2): 293/296 kB | 41/48 kB
Progress (2): 296 kB | 41/48 kB    
Progress (2): 296 kB | 48 kB   
                            
Downloaded from central-https: https://repo1.maven.org/maven2/org/apache/geronimo/specs/geronimo-jaxws_2.1_spec/1.0/geronimo-jaxws_2.1_spec-1.0.jar (48 kB at 24 kB/s)
Downloading from central-https: https://repo1.maven.org/maven2/javax/xml/soap/saaj-api/1.3/saaj-api-1.3.jar
Downloaded from central-https: https://repo1.maven.org/maven2/org/apache/cxf/cxf-rt-frontend-jaxws/2.2.4/cxf-rt-frontend-jaxws-2.2.4.jar (296 kB at 150 kB/s)
Downloading from central-https: https://repo1.maven.org/maven2/com/sun/xml/messaging/saaj/saaj-impl/1.3.2/saaj-impl-1.3.2.jar
Progress (1): 7.7/19 kB
Progress (1): 16/19 kB 
Progress (1): 19 kB   
                   
Downloaded from central-https: https://repo1.maven.org/maven2/javax/xml/soap/saaj-api/1.3/saaj-api-1.3.jar (19 kB at 9.4 kB/s)
Downloading from central-https: https://repo1.maven.org/maven2/org/codehaus/jackson/jackson-jaxrs/1.2.1/jackson-jaxrs-1.2.1.jar
Progress (1): 8.2/278 kB
Progress (1): 16/278 kB 
Progress (1): 33/278 kB
Progress (1): 49/278 kB
Progress (1): 66/278 kB
Progress (1): 82/278 kB
Progress (1): 90/278 kB
Progress (1): 106/278 kB
Progress (1): 123/278 kB
Progress (1): 139/278 kB
Progress (1): 156/278 kB
Progress (1): 172/278 kB
Progress (1): 188/278 kB
Progress (1): 205/278 kB
Progress (1): 221/278 kB
Progress (1): 229/278 kB
Progress (1): 238/278 kB
Progress (1): 254/278 kB
Progress (1): 270/278 kB
Progress (1): 278 kB    
                    
Downloaded from central-https: https://repo1.maven.org/maven2/com/sun/xml/messaging/saaj/saaj-impl/1.3.2/saaj-impl-1.3.2.jar (278 kB at 136 kB/s)
Downloading from central-https: https://repo1.maven.org/maven2/org/codehaus/jackson/jackson-core-asl/1.2.1/jackson-core-asl-1.2.1.jar
Progress (1): 7.7/77 kB
Progress (2): 7.7/77 kB | 7.5/158 kB
Progress (2): 8.2/77 kB | 7.5/158 kB
Progress (2): 8.2/77 kB | 13/158 kB 
Progress (2): 8.2/77 kB | 21/158 kB
Progress (2): 8.2/77 kB | 32/158 kB
Progress (2): 13/77 kB | 32/158 kB 
Progress (2): 16/77 kB | 32/158 kB
Progress (2): 16/77 kB | 42/158 kB
Progress (2): 32/77 kB | 42/158 kB
Progress (2): 42/77 kB | 42/158 kB
Progress (2): 50/77 kB | 42/158 kB
Progress (2): 58/77 kB | 42/158 kB
Progress (2): 70/77 kB | 42/158 kB
Progress (2): 77 kB | 42/158 kB   
Progress (2): 77 kB | 58/158 kB
Progress (2): 77 kB | 62/158 kB
Progress (2): 77 kB | 78/158 kB
Progress (2): 77 kB | 94/158 kB
Progress (2): 77 kB | 98/158 kB
Progress (2): 77 kB | 115/158 kB
                                
Downloaded from central-https: https://repo1.maven.org/maven2/org/apache/cxf/cxf-rt-frontend-simple/2.2.4/cxf-rt-frontend-simple-2.2.4.jar (77 kB at 35 kB/s)
Downloading from central-https: https://repo1.maven.org/maven2/org/codehaus/jackson/jackson-mapper-asl/1.2.1/jackson-mapper-asl-1.2.1.jar
Progress (1): 131/158 kB
Progress (1): 147/158 kB
Progress (1): 158 kB    
                    
Downloaded from central-https: https://repo1.maven.org/maven2/org/apache/cxf/cxf-tools-common/2.2.4/cxf-tools-common-2.2.4.jar (158 kB at 71 kB/s)
Downloading from central-https: https://repo1.maven.org/maven2/org/springframework/spring-aop/3.0.0.RELEASE/spring-aop-3.0.0.RELEASE.jar
Progress (1): 7.7/69 kB
Progress (1): 13/69 kB 
Progress (1): 21/69 kB
Progress (1): 37/69 kB
Progress (1): 42/69 kB
Progress (1): 58/69 kB
Progress (1): 69 kB   
                   
Downloaded from central-https: https://repo1.maven.org/maven2/org/apache/cxf/cxf-rt-ws-addr/2.2.4/cxf-rt-ws-addr-2.2.4.jar (69 kB at 30 kB/s)
Downloading from central-https: https://repo1.maven.org/maven2/aopalliance/aopalliance/1.0/aopalliance-1.0.jar
Progress (1): 7.7/140 kB
Progress (1): 16/140 kB 
Progress (1): 32/140 kB
Progress (1): 49/140 kB
Progress (1): 65/140 kB
Progress (1): 81/140 kB
Progress (1): 98/140 kB
Progress (1): 114/140 kB
Progress (1): 131/140 kB
Progress (1): 140 kB    
                    
Downloaded from central-https: https://repo1.maven.org/maven2/aopalliance/aopalliance/1.0/aopalliance-1.0.jar (0 B at 0 B/s)
Downloading from central-https: https://repo1.maven.org/maven2/org/springframework/spring-asm/3.0.0.RELEASE/spring-asm-3.0.0.RELEASE.jar
Downloaded from central-https: https://repo1.maven.org/maven2/org/codehaus/jackson/jackson-core-asl/1.2.1/jackson-core-asl-1.2.1.jar (140 kB at 61 kB/s)
Downloading from central-https: https://repo1.maven.org/maven2/org/springframework/spring-beans/3.0.0.RELEASE/spring-beans-3.0.0.RELEASE.jar
Progress (1): 7.7/9.6 kB
Progress (1): 9.6 kB    
                    
Downloaded from central-https: https://repo1.maven.org/maven2/org/codehaus/jackson/jackson-jaxrs/1.2.1/jackson-jaxrs-1.2.1.jar (9.6 kB at 4.1 kB/s)
Downloading from central-https: https://repo1.maven.org/maven2/org/springframework/spring-core/3.0.0.RELEASE/spring-core-3.0.0.RELEASE.jar
Progress (1): 8.2/53 kB
Progress (1): 25/53 kB 
Progress (1): 41/53 kB
Progress (1): 53 kB   
Progress (2): 53 kB | 4.1/324 kB
Progress (2): 53 kB | 20/324 kB 
Progress (2): 53 kB | 37/324 kB
Progress (2): 53 kB | 53/324 kB
Progress (2): 53 kB | 70/324 kB
Progress (2): 53 kB | 86/324 kB
Progress (2): 53 kB | 98/324 kB
Progress (2): 53 kB | 115/324 kB
Progress (2): 53 kB | 131/324 kB
Progress (2): 53 kB | 147/324 kB
Progress (2): 53 kB | 164/324 kB
Progress (2): 53 kB | 180/324 kB
Progress (2): 53 kB | 197/324 kB
Progress (2): 53 kB | 213/324 kB
Progress (2): 53 kB | 229/324 kB
Progress (2): 53 kB | 246/324 kB
Progress (2): 53 kB | 262/324 kB
Progress (2): 53 kB | 279/324 kB
Progress (2): 53 kB | 295/324 kB
Progress (2): 53 kB | 311/324 kB
Progress (2): 53 kB | 324 kB    
                            
Downloaded from central-https: https://repo1.maven.org/maven2/org/springframework/spring-asm/3.0.0.RELEASE/spring-asm-3.0.0.RELEASE.jar (53 kB at 22 kB/s)
Downloading from central-https: https://repo1.maven.org/maven2/org/springframework/spring-aspects/3.0.0.RELEASE/spring-aspects-3.0.0.RELEASE.jar
Downloaded from central-https: https://repo1.maven.org/maven2/org/springframework/spring-aop/3.0.0.RELEASE/spring-aop-3.0.0.RELEASE.jar (324 kB at 137 kB/s)
Downloading from central-https: https://repo1.maven.org/maven2/org/springframework/spring-context/3.0.0.RELEASE/spring-context-3.0.0.RELEASE.jar
Progress (1): 7.7/359 kB
Progress (1): 12/359 kB 
Progress (1): 28/359 kB
Progress (1): 44/359 kB
Progress (1): 61/359 kB
Progress (1): 77/359 kB
Progress (1): 94/359 kB
Progress (1): 110/359 kB
Progress (1): 126/359 kB
Progress (1): 143/359 kB
Progress (1): 159/359 kB
Progress (1): 175/359 kB
Progress (1): 192/359 kB
Progress (1): 208/359 kB
Progress (1): 225/359 kB
Progress (1): 241/359 kB
Progress (1): 257/359 kB
Progress (1): 274/359 kB
Progress (1): 290/359 kB
Progress (1): 307/359 kB
Progress (1): 323/359 kB
Progress (1): 339/359 kB
Progress (1): 356/359 kB
Progress (1): 359 kB    
Progress (2): 359 kB | 7.7/552 kB
Progress (2): 359 kB | 16/552 kB 
Progress (2): 359 kB | 25/552 kB
Progress (2): 359 kB | 41/552 kB
Progress (2): 359 kB | 57/552 kB
Progress (2): 359 kB | 74/552 kB
Progress (2): 359 kB | 90/552 kB
Progress (2): 359 kB | 106/552 kB
Progress (2): 359 kB | 123/552 kB
Progress (2): 359 kB | 139/552 kB
Progress (2): 359 kB | 156/552 kB
Progress (2): 359 kB | 172/552 kB
Progress (2): 359 kB | 188/552 kB
Progress (2): 359 kB | 205/552 kB
Progress (2): 359 kB | 221/552 kB
Progress (2): 359 kB | 238/552 kB
Progress (2): 359 kB | 254/552 kB
Progress (2): 359 kB | 270/552 kB
Progress (2): 359 kB | 287/552 kB
Progress (2): 359 kB | 303/552 kB
Progress (2): 359 kB | 319/552 kB
Progress (2): 359 kB | 336/552 kB
Progress (2): 359 kB | 352/552 kB
Progress (2): 359 kB | 369/552 kB
Progress (2): 359 kB | 385/552 kB
Progress (2): 359 kB | 401/552 kB
Progress (2): 359 kB | 410/552 kB
Progress (2): 359 kB | 426/552 kB
Progress (2): 359 kB | 442/552 kB
Progress (2): 359 kB | 459/552 kB
Progress (2): 359 kB | 467/552 kB
Progress (2): 359 kB | 475/552 kB
Progress (2): 359 kB | 492/552 kB
Progress (2): 359 kB | 508/552 kB
Progress (2): 359 kB | 524/552 kB
                                 
Downloaded from central-https: https://repo1.maven.org/maven2/org/springframework/spring-core/3.0.0.RELEASE/spring-core-3.0.0.RELEASE.jar (359 kB at 147 kB/s)
Downloading from central-https: https://repo1.maven.org/maven2/org/springframework/spring-context-support/3.0.0.RELEASE/spring-context-support-3.0.0.RELEASE.jar
Progress (1): 541/552 kB
Progress (1): 552 kB    
Progress (2): 552 kB | 7.7/657 kB
Progress (2): 552 kB | 16/657 kB 
Progress (2): 552 kB | 32/657 kB
Progress (2): 552 kB | 49/657 kB
Progress (2): 552 kB | 65/657 kB
Progress (2): 552 kB | 81/657 kB
Progress (2): 552 kB | 98/657 kB
Progress (2): 552 kB | 114/657 kB
Progress (2): 552 kB | 131/657 kB
Progress (2): 552 kB | 147/657 kB
Progress (2): 552 kB | 163/657 kB
Progress (2): 552 kB | 180/657 kB
Progress (2): 552 kB | 196/657 kB
Progress (2): 552 kB | 213/657 kB
Progress (2): 552 kB | 229/657 kB
Progress (2): 552 kB | 245/657 kB
Progress (2): 552 kB | 262/657 kB
Progress (2): 552 kB | 278/657 kB
Progress (2): 552 kB | 294/657 kB
Progress (2): 552 kB | 311/657 kB
Progress (2): 552 kB | 327/657 kB
Progress (2): 552 kB | 344/657 kB
Progress (2): 552 kB | 360/657 kB
Progress (2): 552 kB | 376/657 kB
Progress (2): 552 kB | 393/657 kB
Progress (2): 552 kB | 409/657 kB
Progress (2): 552 kB | 426/657 kB
Progress (2): 552 kB | 442/657 kB
Progress (2): 552 kB | 458/657 kB
Progress (2): 552 kB | 475/657 kB
Progress (2): 552 kB | 491/657 kB
Progress (2): 552 kB | 507/657 kB
Progress (2): 552 kB | 524/657 kB
Progress (2): 552 kB | 540/657 kB
Progress (2): 552 kB | 557/657 kB
Progress (2): 552 kB | 573/657 kB
Progress (2): 552 kB | 589/657 kB
                                 
Downloaded from central-https: https://repo1.maven.org/maven2/org/springframework/spring-beans/3.0.0.RELEASE/spring-beans-3.0.0.RELEASE.jar (552 kB at 224 kB/s)
Downloading from central-https: https://repo1.maven.org/maven2/org/springframework/security/spring-security-core/3.0.0.RELEASE/spring-security-core-3.0.0.RELEASE.jar
Progress (1): 606/657 kB
Progress (1): 622/657 kB
Progress (1): 639/657 kB
Progress (1): 655/657 kB
Progress (1): 657 kB    
Progress (2): 657 kB | 8.2/347 kB
Progress (2): 657 kB | 16/347 kB 
Progress (2): 657 kB | 33/347 kB
Progress (2): 657 kB | 49/347 kB
Progress (2): 657 kB | 66/347 kB
Progress (2): 657 kB | 74/347 kB
Progress (2): 657 kB | 90/347 kB
Progress (2): 657 kB | 98/347 kB
Progress (2): 657 kB | 115/347 kB
Progress (2): 657 kB | 131/347 kB
Progress (2): 657 kB | 147/347 kB
Progress (2): 657 kB | 156/347 kB
Progress (2): 657 kB | 164/347 kB
Progress (2): 657 kB | 172/347 kB
Progress (2): 657 kB | 180/347 kB
Progress (2): 657 kB | 188/347 kB
Progress (2): 657 kB | 205/347 kB
Progress (2): 657 kB | 213/347 kB
Progress (2): 657 kB | 229/347 kB
Progress (2): 657 kB | 246/347 kB
Progress (2): 657 kB | 262/347 kB
Progress (2): 657 kB | 277/347 kB
Progress (2): 657 kB | 285/347 kB
Progress (2): 657 kB | 293/347 kB
Progress (2): 657 kB | 309/347 kB
Progress (2): 657 kB | 318/347 kB
Progress (2): 657 kB | 326/347 kB
Progress (2): 657 kB | 342/347 kB
Progress (2): 657 kB | 343/347 kB
Progress (2): 657 kB | 347 kB    
                             
Downloaded from central-https: https://repo1.maven.org/maven2/org/springframework/spring-context/3.0.0.RELEASE/spring-context-3.0.0.RELEASE.jar (657 kB at 263 kB/s)
Downloading from central-https: https://repo1.maven.org/maven2/org/springframework/spring-expression/3.0.0.RELEASE/spring-expression-3.0.0.RELEASE.jar
Downloaded from central-https: https://repo1.maven.org/maven2/org/codehaus/jackson/jackson-mapper-asl/1.2.1/jackson-mapper-asl-1.2.1.jar (347 kB at 139 kB/s)
Downloading from central-https: https://repo1.maven.org/maven2/org/springframework/spring-tx/3.0.0.RELEASE/spring-tx-3.0.0.RELEASE.jar
Progress (1): 7.7/101 kB
Progress (1): 16/101 kB 
Progress (1): 32/101 kB
Progress (1): 49/101 kB
Progress (1): 65/101 kB
Progress (1): 81/101 kB
Progress (1): 98/101 kB
Progress (1): 101 kB   
Progress (2): 101 kB | 7.7/308 kB
Progress (2): 101 kB | 16/308 kB 
Progress (2): 101 kB | 16/308 kB
Progress (2): 101 kB | 25/308 kB
                                
Downloaded from central-https: https://repo1.maven.org/maven2/org/springframework/spring-context-support/3.0.0.RELEASE/spring-context-support-3.0.0.RELEASE.jar (101 kB at 40 kB/s)
Downloading from central-https: https://repo1.maven.org/maven2/org/springframework/security/spring-security-config/3.0.0.RELEASE/spring-security-config-3.0.0.RELEASE.jar
Progress (1): 41/308 kB
Progress (1): 57/308 kB
Progress (1): 74/308 kB
Progress (1): 90/308 kB
Progress (1): 98/308 kB
Progress (1): 115/308 kB
Progress (1): 131/308 kB
Progress (1): 147/308 kB
Progress (1): 164/308 kB
Progress (1): 180/308 kB
Progress (1): 197/308 kB
Progress (1): 205/308 kB
Progress (1): 221/308 kB
Progress (1): 238/308 kB
Progress (1): 254/308 kB
Progress (1): 262/308 kB
Progress (1): 279/308 kB
Progress (1): 295/308 kB
Progress (1): 308 kB    
                    
Downloaded from central-https: https://repo1.maven.org/maven2/org/springframework/security/spring-security-core/3.0.0.RELEASE/spring-security-core-3.0.0.RELEASE.jar (308 kB at 121 kB/s)
Downloading from central-https: https://repo1.maven.org/maven2/junit/junit/4.7/junit-4.7.jar
Progress (1): 7.7/160 kB
Progress (1): 16/160 kB 
Progress (1): 32/160 kB
Progress (1): 49/160 kB
Progress (1): 65/160 kB
Progress (1): 81/160 kB
Progress (1): 98/160 kB
Progress (1): 114/160 kB
Progress (1): 131/160 kB
Progress (1): 147/160 kB
Progress (1): 160 kB    
Progress (2): 160 kB | 8.2/232 kB
Progress (2): 160 kB | 16/232 kB 
Progress (2): 160 kB | 33/232 kB
Progress (2): 160 kB | 49/232 kB
Progress (2): 160 kB | 66/232 kB
Progress (2): 160 kB | 82/232 kB
Progress (2): 160 kB | 98/232 kB
Progress (2): 160 kB | 115/232 kB
Progress (2): 160 kB | 123/232 kB
Progress (2): 160 kB | 139/232 kB
Progress (2): 160 kB | 147/232 kB
Progress (2): 160 kB | 164/232 kB
Progress (2): 160 kB | 180/232 kB
Progress (2): 160 kB | 188/232 kB
Progress (2): 160 kB | 197/232 kB
Progress (2): 160 kB | 213/232 kB
Progress (2): 160 kB | 229/232 kB
Progress (2): 160 kB | 232 kB    
                             
Downloaded from central-https: https://repo1.maven.org/maven2/org/springframework/security/spring-security-config/3.0.0.RELEASE/spring-security-config-3.0.0.RELEASE.jar (160 kB at 61 kB/s)
Downloading from central-https: https://repo1.maven.org/maven2/log4j/log4j/1.2.13/log4j-1.2.13.jar
Downloaded from central-https: https://repo1.maven.org/maven2/junit/junit/4.7/junit-4.7.jar (232 kB at 89 kB/s)
Downloading from central-https: https://repo1.maven.org/maven2/mysql/mysql-connector-java/5.1.10/mysql-connector-java-5.1.10.jar
Progress (1): 13/30 kB
Progress (1): 29/30 kB
Progress (1): 30 kB   
Progress (2): 30 kB | 8.2/358 kB
Progress (2): 30 kB | 16/358 kB 
Progress (2): 30 kB | 33/358 kB
Progress (2): 30 kB | 41/358 kB
Progress (2): 30 kB | 49/358 kB
Progress (2): 30 kB | 66/358 kB
Progress (2): 30 kB | 74/358 kB
Progress (2): 30 kB | 82/358 kB
Progress (2): 30 kB | 98/358 kB
Progress (2): 30 kB | 115/358 kB
Progress (2): 30 kB | 131/358 kB
Progress (2): 30 kB | 147/358 kB
Progress (2): 30 kB | 164/358 kB
Progress (2): 30 kB | 180/358 kB
Progress (2): 30 kB | 197/358 kB
Progress (2): 30 kB | 213/358 kB
Progress (2): 30 kB | 229/358 kB
Progress (2): 30 kB | 238/358 kB
Progress (2): 30 kB | 254/358 kB
                                
Downloaded from central-https: https://repo1.maven.org/maven2/org/springframework/spring-aspects/3.0.0.RELEASE/spring-aspects-3.0.0.RELEASE.jar (30 kB at 11 kB/s)
Downloading from central-https: https://repo1.maven.org/maven2/org/springframework/spring-test/3.0.0.RELEASE/spring-test-3.0.0.RELEASE.jar
Progress (1): 270/358 kB
Progress (1): 279/358 kB
Progress (1): 295/358 kB
Progress (1): 311/358 kB
Progress (1): 319/358 kB
Progress (1): 336/358 kB
Progress (1): 352/358 kB
Progress (1): 358 kB    
Progress (2): 358 kB | 8.2/724 kB
Progress (2): 358 kB | 16/724 kB 
Progress (2): 358 kB | 25/724 kB
Progress (2): 358 kB | 41/724 kB
Progress (2): 358 kB | 57/724 kB
Progress (2): 358 kB | 74/724 kB
Progress (2): 358 kB | 82/724 kB
Progress (2): 358 kB | 98/724 kB
Progress (2): 358 kB | 115/724 kB
Progress (2): 358 kB | 123/724 kB
Progress (2): 358 kB | 139/724 kB
Progress (2): 358 kB | 147/724 kB
Progress (2): 358 kB | 164/724 kB
Progress (2): 358 kB | 172/724 kB
Progress (2): 358 kB | 188/724 kB
Progress (2): 358 kB | 205/724 kB
Progress (2): 358 kB | 221/724 kB
Progress (2): 358 kB | 238/724 kB
Progress (2): 358 kB | 254/724 kB
Progress (2): 358 kB | 270/724 kB
Progress (2): 358 kB | 287/724 kB
Progress (2): 358 kB | 295/724 kB
Progress (2): 358 kB | 311/724 kB
Progress (2): 358 kB | 328/724 kB
Progress (2): 358 kB | 344/724 kB
Progress (2): 358 kB | 352/724 kB
Progress (2): 358 kB | 369/724 kB
Progress (2): 358 kB | 377/724 kB
Progress (2): 358 kB | 393/724 kB
Progress (2): 358 kB | 401/724 kB
Progress (2): 358 kB | 418/724 kB
Progress (2): 358 kB | 434/724 kB
Progress (2): 358 kB | 442/724 kB
Progress (2): 358 kB | 459/724 kB
Progress (2): 358 kB | 467/724 kB
Progress (2): 358 kB | 483/724 kB
Progress (2): 358 kB | 500/724 kB
Progress (2): 358 kB | 516/724 kB
Progress (2): 358 kB | 524/724 kB
Progress (2): 358 kB | 532/724 kB
Progress (2): 358 kB | 541/724 kB
                                 
Downloaded from central-https: https://repo1.maven.org/maven2/log4j/log4j/1.2.13/log4j-1.2.13.jar (358 kB at 133 kB/s)
Progress (1): 557/724 kB
Progress (1): 573/724 kB
Progress (1): 590/724 kB
Progress (1): 606/724 kB
Progress (1): 623/724 kB
Progress (1): 639/724 kB
Progress (1): 655/724 kB
Progress (1): 664/724 kB
Progress (1): 680/724 kB
Progress (1): 696/724 kB
Progress (1): 713/724 kB
Progress (1): 724 kB    
Progress (2): 724 kB | 7.7/154 kB
Progress (2): 724 kB | 16/154 kB 
Progress (2): 724 kB | 32/154 kB
Progress (2): 724 kB | 49/154 kB
Progress (2): 724 kB | 65/154 kB
Progress (2): 724 kB | 81/154 kB
Progress (2): 724 kB | 98/154 kB
Progress (2): 724 kB | 114/154 kB
Progress (2): 724 kB | 131/154 kB
Progress (2): 724 kB | 147/154 kB
Progress (2): 724 kB | 154 kB    
                             
Downloaded from central-https: https://repo1.maven.org/maven2/mysql/mysql-connector-java/5.1.10/mysql-connector-java-5.1.10.jar (724 kB at 267 kB/s)
Downloaded from central-https: https://repo1.maven.org/maven2/org/springframework/spring-expression/3.0.0.RELEASE/spring-expression-3.0.0.RELEASE.jar (154 kB at 57 kB/s)
Progress (1): 7.7/232 kB
Progress (1): 13/232 kB 
Progress (1): 29/232 kB
Progress (1): 32/232 kB
Progress (1): 42/232 kB
Progress (2): 42/232 kB | 7.7/207 kB
Progress (2): 42/232 kB | 16/207 kB 
Progress (2): 42/232 kB | 32/207 kB
Progress (2): 58/232 kB | 32/207 kB
Progress (2): 58/232 kB | 49/207 kB
Progress (2): 74/232 kB | 49/207 kB
Progress (2): 74/232 kB | 65/207 kB
Progress (2): 91/232 kB | 65/207 kB
Progress (2): 91/232 kB | 65/207 kB
Progress (2): 91/232 kB | 81/207 kB
Progress (2): 99/232 kB | 81/207 kB
Progress (2): 99/232 kB | 98/207 kB
Progress (2): 99/232 kB | 114/207 kB
Progress (2): 99/232 kB | 131/207 kB
Progress (2): 99/232 kB | 147/207 kB
Progress (2): 99/232 kB | 163/207 kB
Progress (2): 99/232 kB | 180/207 kB
Progress (2): 99/232 kB | 196/207 kB
Progress (2): 99/232 kB | 207 kB    
Progress (2): 115/232 kB | 207 kB
Progress (2): 132/232 kB | 207 kB
Progress (2): 140/232 kB | 207 kB
Progress (2): 156/232 kB | 207 kB
Progress (2): 172/232 kB | 207 kB
Progress (2): 189/232 kB | 207 kB
Progress (2): 205/232 kB | 207 kB
Progress (2): 213/232 kB | 207 kB
                                 
Downloaded from central-https: https://repo1.maven.org/maven2/org/springframework/spring-test/3.0.0.RELEASE/spring-test-3.0.0.RELEASE.jar (207 kB at 73 kB/s)
Progress (1): 230/232 kB
Progress (1): 232 kB    
                    
Downloaded from central-https: https://repo1.maven.org/maven2/org/springframework/spring-tx/3.0.0.RELEASE/spring-tx-3.0.0.RELEASE.jar (232 kB at 81 kB/s)
[INFO] ------------------------------------------------------------------------
[INFO] BUILD FAILURE
[INFO] ------------------------------------------------------------------------
[INFO] Total time:  5.191 s
[INFO] Finished at: 2026-02-25T19:20:50-05:00
[INFO] ------------------------------------------------------------------------
[ERROR] Failed to execute goal on project appfuse-service: Could not resolve dependencies for project org.appfuse:appfuse-service:jar:2.1.0-M2-SNAPSHOT
[ERROR] dependency: org.appfuse:appfuse-hibernate:jar:2.1.0-M2-SNAPSHOT (compile)
[ERROR] 	Could not find artifact org.appfuse:appfuse-hibernate:jar:2.1.0-M2-SNAPSHOT in apache-snapshots (https://repository.apache.org/snapshots)
[ERROR] 	Could not find artifact org.appfuse:appfuse-hibernate:jar:2.1.0-M2-SNAPSHOT in sonatype-snapshots (https://oss.sonatype.org/content/repositories/snapshots/)
[ERROR] 	Could not find artifact org.appfuse:appfuse-hibernate:jar:2.1.0-M2-SNAPSHOT in oss-sonatype-https (https://oss.sonatype.org/content/repositories/appfuse-snapshots)
[ERROR] 
[ERROR] -> [Help 1]
[ERROR] 
[ERROR] To see the full stack trace of the errors, re-run Maven with the -e switch.
[ERROR] Re-run Maven using the -X switch to enable full debug logging.
[ERROR] 
[ERROR] For more information about the errors and possible solutions, please read the following articles:
[ERROR] [Help 1] http://cwiki.apache.org/confluence/display/MAVEN/DependencyResolutionException

STDERR:
