COMMAND: mvn.cmd -s D:\Khedma\Mr wiem\mutation-test-pipeline\.mvn\settings.xml -DskipTests compile

STDOUT:
[INFO] Scanning for projects...
[INFO] 
[INFO] ---------------------< org.apache.mina:mina-coap >----------------------
[INFO] Building Apache MINA CoAP (constrained application protocol) 3.0.0-M3-SNAPSHOT 3.0.0-M3-SNAPSHOT
[INFO]   from pom.xml
[INFO] --------------------------------[ jar ]---------------------------------
[WARNING] Parameter 'showDeprecations' is unknown for plugin 'maven-compiler-plugin:3.1:compile (default-compile)'
[WARNING] Could not transfer metadata org.apache.mina:mina-core:3.0.0-M3-SNAPSHOT/maven-metadata.xml from/to maven-default-http-blocker (http://0.0.0.0/): Blocked mirror for repositories: [apache.snapshots (http://repository.apache.org/snapshots, default, snapshots)]
[WARNING] org.apache.mina:mina-core:3.0.0-M3-SNAPSHOT/maven-metadata.xml failed to transfer from http://0.0.0.0/ during a previous attempt. This failure was cached in the local repository and resolution will not be reattempted until the update interval of maven-default-http-blocker has elapsed or updates are forced. Original error: Could not transfer metadata org.apache.mina:mina-core:3.0.0-M3-SNAPSHOT/maven-metadata.xml from/to maven-default-http-blocker (http://0.0.0.0/): Blocked mirror for repositories: [apache.snapshots (http://repository.apache.org/snapshots, default, snapshots)]
[WARNING] Could not transfer metadata org.apache.mina:mina-parent:3.0.0-M3-SNAPSHOT/maven-metadata.xml from/to maven-default-http-blocker (http://0.0.0.0/): Blocked mirror for repositories: [apache.snapshots (http://repository.apache.org/snapshots, default, snapshots)]
[WARNING] Could not transfer metadata org.apache.mina:mina-codec:3.0.0-M3-SNAPSHOT/maven-metadata.xml from/to maven-default-http-blocker (http://0.0.0.0/): Blocked mirror for repositories: [apache.snapshots (http://repository.apache.org/snapshots, default, snapshots)]
[WARNING] org.apache.mina:mina-codec:3.0.0-M3-SNAPSHOT/maven-metadata.xml failed to transfer from http://0.0.0.0/ during a previous attempt. This failure was cached in the local repository and resolution will not be reattempted until the update interval of maven-default-http-blocker has elapsed or updates are forced. Original error: Could not transfer metadata org.apache.mina:mina-codec:3.0.0-M3-SNAPSHOT/maven-metadata.xml from/to maven-default-http-blocker (http://0.0.0.0/): Blocked mirror for repositories: [apache.snapshots (http://repository.apache.org/snapshots, default, snapshots)]
[INFO] 
[INFO] --- enforcer:1.3:enforce (enforce-java-17) @ mina-coap ---
[INFO] 
[INFO] --- remote-resources:1.4:process (default) @ mina-coap ---
[INFO] 
[INFO] --- resources:2.6:resources (default-resources) @ mina-coap ---
[INFO] Using 'UTF-8' encoding to copy filtered resources.
[INFO] skip non existing resourceDirectory D:\Khedma\Mr wiem\mutation-test-pipeline\target-repos\206366\coap\src\main\resources
[INFO] Copying 3 resources
[INFO] 
[INFO] --- compiler:3.1:compile (default-compile) @ mina-coap ---
[INFO] Changes detected - recompiling the module!
[INFO] Compiling 14 source files to D:\Khedma\Mr wiem\mutation-test-pipeline\target-repos\206366\coap\target\classes
[INFO] -------------------------------------------------------------
[WARNING] COMPILATION WARNING : 
[INFO] -------------------------------------------------------------
[WARNING] /D:/Khedma/Mr wiem/mutation-test-pipeline/target-repos/206366/coap/src/main/java/org/apache/mina/coap/retry/CoapRetryFilter.java: D:\Khedma\Mr wiem\mutation-test-pipeline\target-repos\206366\coap\src\main\java\org\apache\mina\coap\retry\CoapRetryFilter.java uses or overrides a deprecated API.
[WARNING] /D:/Khedma/Mr wiem/mutation-test-pipeline/target-repos/206366/coap/src/main/java/org/apache/mina/coap/retry/CoapRetryFilter.java: Recompile with -Xlint:deprecation for details.
[INFO] 2 warnings 
[INFO] -------------------------------------------------------------
[INFO] -------------------------------------------------------------
[ERROR] COMPILATION ERROR : 
[INFO] -------------------------------------------------------------
[ERROR] /D:/Khedma/Mr wiem/mutation-test-pipeline/target-repos/206366/coap/src/main/java/org/apache/mina/coap/retry/CoapRetryFilter.java:[95,27] cannot find symbol
  symbol:   method callWriteMessageForRead(org.apache.mina.coap.CoapMessage)
  location: variable controller of type org.apache.mina.filterchain.ReadFilterChainController
[INFO] 1 error
[INFO] -------------------------------------------------------------
[INFO] ------------------------------------------------------------------------
[INFO] BUILD FAILURE
[INFO] ------------------------------------------------------------------------
[INFO] Total time:  2.000 s
[INFO] Finished at: 2026-02-25T19:00:56-05:00
[INFO] ------------------------------------------------------------------------
[ERROR] Failed to execute goal org.apache.maven.plugins:maven-compiler-plugin:3.1:compile (default-compile) on project mina-coap: Compilation failure
[ERROR] /D:/Khedma/Mr wiem/mutation-test-pipeline/target-repos/206366/coap/src/main/java/org/apache/mina/coap/retry/CoapRetryFilter.java:[95,27] cannot find symbol
[ERROR]   symbol:   method callWriteMessageForRead(org.apache.mina.coap.CoapMessage)
[ERROR]   location: variable controller of type org.apache.mina.filterchain.ReadFilterChainController
[ERROR] 
[ERROR] -> [Help 1]
[ERROR] 
[ERROR] To see the full stack trace of the errors, re-run Maven with the -e switch.
[ERROR] Re-run Maven using the -X switch to enable full debug logging.
[ERROR] 
[ERROR] For more information about the errors and possible solutions, please read the following articles:
[ERROR] [Help 1] http://cwiki.apache.org/confluence/display/MAVEN/MojoFailureException

STDERR:
