COMMAND: mvn.cmd -s D:\Khedma\Mr wiem\mutation-test-pipeline\.mvn\settings.xml -DskipTests compile

STDOUT:
[INFO] Scanning for projects...
[WARNING] 
[WARNING] Some problems were encountered while building the effective model for org.appfuse:appfuse-service:jar:2.1.0-M2-SNAPSHOT
[WARNING] The expression ${pom.groupId} is deprecated. Please use ${project.groupId} instead.
[WARNING] The expression ${pom.version} is deprecated. Please use ${project.version} instead.
[WARNING] 
[WARNING] It is highly recommended to fix these problems because they threaten the stability of your build.
[WARNING] 
[WARNING] For this reason, future Maven versions might no longer support building such malformed projects.
[WARNING] 
[INFO] 
[INFO] --------------------< org.appfuse:appfuse-service >---------------------
[INFO] Building AppFuse Service Module 2.1.0-M2-SNAPSHOT
[INFO]   from pom.xml
[INFO] --------------------------------[ jar ]---------------------------------
Downloading from central: https://repo1.maven.org/maven2/org/codehaus/mojo/aspectj-maven-plugin/1.2/aspectj-maven-plugin-1.2.pom
Progress (1): 1.2 kB
Progress (1): 2.3 kB
Progress (1): 4.7 kB
Progress (1): 8.1 kB
Progress (1): 8.5 kB
                    
Downloaded from central: https://repo1.maven.org/maven2/org/codehaus/mojo/aspectj-maven-plugin/1.2/aspectj-maven-plugin-1.2.pom (8.5 kB at 24 kB/s)
Downloading from central: https://repo1.maven.org/maven2/org/codehaus/mojo/mojo-parent/21/mojo-parent-21.pom
Progress (1): 1.2 kB
Progress (1): 3.4 kB
Progress (1): 6.5 kB
Progress (1): 11 kB 
Progress (1): 13 kB
Progress (1): 16 kB
Progress (1): 19 kB
                   
Downloaded from central: https://repo1.maven.org/maven2/org/codehaus/mojo/mojo-parent/21/mojo-parent-21.pom (19 kB at 358 kB/s)
Downloading from central: https://repo1.maven.org/maven2/org/codehaus/mojo/aspectj-maven-plugin/1.2/aspectj-maven-plugin-1.2.jar
Progress (1): 0.9/37 kB
Progress (1): 2.3/37 kB
Progress (1): 3.4/37 kB
Progress (1): 4.8/37 kB
Progress (1): 6.2/37 kB
Progress (1): 7.5/37 kB
Progress (1): 8.9/37 kB
Progress (1): 10/37 kB 
Progress (1): 12/37 kB
Progress (1): 13/37 kB
Progress (1): 14/37 kB
Progress (1): 16/37 kB
Progress (1): 17/37 kB
Progress (1): 18/37 kB
Progress (1): 20/37 kB
Progress (1): 21/37 kB
Progress (1): 22/37 kB
Progress (1): 24/37 kB
Progress (1): 25/37 kB
Progress (1): 27/37 kB
Progress (1): 28/37 kB
Progress (1): 29/37 kB
Progress (1): 31/37 kB
Progress (1): 32/37 kB
Progress (1): 33/37 kB
Progress (1): 35/37 kB
Progress (1): 36/37 kB
Progress (1): 37 kB   
                   
Downloaded from central: https://repo1.maven.org/maven2/org/codehaus/mojo/aspectj-maven-plugin/1.2/aspectj-maven-plugin-1.2.jar (37 kB at 155 kB/s)
Downloading from central: https://repo1.maven.org/maven2/org/apache/maven/plugins/maven-compiler-plugin/2.0.2/maven-compiler-plugin-2.0.2.pom
Progress (1): 2.0 kB
Progress (1): 2.4 kB
                    
Downloaded from central: https://repo1.maven.org/maven2/org/apache/maven/plugins/maven-compiler-plugin/2.0.2/maven-compiler-plugin-2.0.2.pom (2.4 kB at 50 kB/s)
Downloading from central: https://repo1.maven.org/maven2/org/apache/maven/plugins/maven-plugins/8/maven-plugins-8.pom
Progress (1): 1.6 kB
Progress (1): 4.3 kB
Progress (1): 6.1 kB
                    
Downloaded from central: https://repo1.maven.org/maven2/org/apache/maven/plugins/maven-plugins/8/maven-plugins-8.pom (6.1 kB at 122 kB/s)
[INFO] Artifact org.apache.maven:maven-parent:pom:5 is present in the local repository, but cached from a remote repository ID that is unavailable in current build context, verifying that is downloadable from [maven-default-http-blocker (http://0.0.0.0/, default, snapshots, blocked), central (https://repo1.maven.org/maven2, default, releases)]
[INFO] Artifact org.apache.maven:maven-parent:pom:5 is present in the local repository, but cached from a remote repository ID that is unavailable in current build context, verifying that is downloadable from [maven-default-http-blocker (http://0.0.0.0/, default, snapshots, blocked), central (https://repo1.maven.org/maven2, default, releases)]
Downloading from central: https://repo1.maven.org/maven2/org/apache/maven/maven-parent/5/maven-parent-5.pom
Downloaded from central: https://repo1.maven.org/maven2/org/apache/maven/maven-parent/5/maven-parent-5.pom (0 B at 0 B/s)
[INFO] Artifact org.apache:apache:pom:3 is present in the local repository, but cached from a remote repository ID that is unavailable in current build context, verifying that is downloadable from [maven-default-http-blocker (http://0.0.0.0/, default, snapshots, blocked), central (https://repo1.maven.org/maven2, default, releases)]
[INFO] Artifact org.apache:apache:pom:3 is present in the local repository, but cached from a remote repository ID that is unavailable in current build context, verifying that is downloadable from [maven-default-http-blocker (http://0.0.0.0/, default, snapshots, blocked), central (https://repo1.maven.org/maven2, default, releases)]
Downloading from central: https://repo1.maven.org/maven2/org/apache/apache/3/apache-3.pom
Downloaded from central: https://repo1.maven.org/maven2/org/apache/apache/3/apache-3.pom (0 B at 0 B/s)
Downloading from central: https://repo1.maven.org/maven2/org/apache/maven/plugins/maven-compiler-plugin/2.0.2/maven-compiler-plugin-2.0.2.jar
Progress (1): 3.8/18 kB
Progress (1): 8.0/18 kB
Progress (1): 12/18 kB 
Progress (1): 12/18 kB
Progress (1): 17/18 kB
Progress (1): 18 kB   
                   
Downloaded from central: https://repo1.maven.org/maven2/org/apache/maven/plugins/maven-compiler-plugin/2.0.2/maven-compiler-plugin-2.0.2.jar (18 kB at 400 kB/s)
[WARNING] Could not transfer metadata org.appfuse:appfuse-hibernate:2.1.0-M2-SNAPSHOT/maven-metadata.xml from/to maven-default-http-blocker (http://0.0.0.0/): Blocked mirror for repositories: [appfuse-snapshots (http://oss.sonatype.org/content/repositories/appfuse-snapshots, default, snapshots)]
[WARNING] org.appfuse:appfuse-hibernate:2.1.0-M2-SNAPSHOT/maven-metadata.xml failed to transfer from http://0.0.0.0/ during a previous attempt. This failure was cached in the local repository and resolution will not be reattempted until the update interval of maven-default-http-blocker has elapsed or updates are forced. Original error: Could not transfer metadata org.appfuse:appfuse-hibernate:2.1.0-M2-SNAPSHOT/maven-metadata.xml from/to maven-default-http-blocker (http://0.0.0.0/): Blocked mirror for repositories: [appfuse-snapshots (http://oss.sonatype.org/content/repositories/appfuse-snapshots, default, snapshots)]
Downloading from central: https://repo1.maven.org/maven2/org/aspectj/aspectjweaver/1.6.6/aspectjweaver-1.6.6.pom
Progress (1): 908 B
                   
Downloaded from central: https://repo1.maven.org/maven2/org/aspectj/aspectjweaver/1.6.6/aspectjweaver-1.6.6.pom (908 B at 22 kB/s)
Downloading from central: https://repo1.maven.org/maven2/org/aspectj/aspectjrt/1.6.6/aspectjrt-1.6.6.pom
Progress (1): 905 B
                   
Downloaded from central: https://repo1.maven.org/maven2/org/aspectj/aspectjrt/1.6.6/aspectjrt-1.6.6.pom (905 B at 22 kB/s)
Downloading from central: https://repo1.maven.org/maven2/org/hamcrest/hamcrest-library/1.1/hamcrest-library-1.1.pom
Progress (1): 683 B
                   
Downloaded from central: https://repo1.maven.org/maven2/org/hamcrest/hamcrest-library/1.1/hamcrest-library-1.1.pom (683 B at 6.2 kB/s)
[INFO] Artifact javax.servlet:servlet-api:pom:2.3 is present in the local repository, but cached from a remote repository ID that is unavailable in current build context, verifying that is downloadable from [maven-default-http-blocker (http://0.0.0.0/, default, snapshots, blocked), central (https://repo1.maven.org/maven2, default, releases)]
[INFO] Artifact javax.servlet:servlet-api:pom:2.3 is present in the local repository, but cached from a remote repository ID that is unavailable in current build context, verifying that is downloadable from [maven-default-http-blocker (http://0.0.0.0/, default, snapshots, blocked), central (https://repo1.maven.org/maven2, default, releases)]
Downloading from central: https://repo1.maven.org/maven2/javax/servlet/servlet-api/2.3/servlet-api-2.3.pom
Downloaded from central: https://repo1.maven.org/maven2/javax/servlet/servlet-api/2.3/servlet-api-2.3.pom (0 B at 0 B/s)
Downloading from central: https://repo1.maven.org/maven2/org/apache/cxf/cxf-rt-frontend-jaxrs/2.2.4/cxf-rt-frontend-jaxrs-2.2.4.pom
Progress (1): 816 B
Progress (1): 3.8 kB
Progress (1): 7.4 kB
                    
Downloaded from central: https://repo1.maven.org/maven2/org/apache/cxf/cxf-rt-frontend-jaxrs/2.2.4/cxf-rt-frontend-jaxrs-2.2.4.pom (7.4 kB at 173 kB/s)
Downloading from central: https://repo1.maven.org/maven2/org/apache/cxf/cxf-parent/2.2.4/cxf-parent-2.2.4.pom
Progress (1): 749 B
Progress (1): 2.2 kB
Progress (1): 4.4 kB
Progress (1): 8.3 kB
Progress (1): 12 kB 
Progress (1): 16 kB
Progress (1): 22 kB
Progress (1): 28 kB
Progress (1): 31 kB
Progress (1): 41 kB
Progress (1): 50 kB
Progress (1): 53 kB
Progress (1): 57 kB
Progress (1): 59 kB
                   
Downloaded from central: https://repo1.maven.org/maven2/org/apache/cxf/cxf-parent/2.2.4/cxf-parent-2.2.4.pom (59 kB at 1.2 MB/s)
Downloading from central: https://repo1.maven.org/maven2/org/apache/cxf/cxf/2.2.4/cxf-2.2.4.pom
Progress (1): 788 B
Progress (1): 2.2 kB
Progress (1): 5.6 kB
Progress (1): 8.0 kB
Progress (1): 12 kB 
Progress (1): 17 kB
Progress (1): 22 kB
Progress (1): 23 kB
Progress (1): 29 kB
                   
Downloaded from central: https://repo1.maven.org/maven2/org/apache/cxf/cxf/2.2.4/cxf-2.2.4.pom (29 kB at 552 kB/s)
Downloading from central: https://repo1.maven.org/maven2/org/apache/cxf/cxf-common-utilities/2.2.4/cxf-common-utilities-2.2.4.pom
Progress (1): 845 B
Progress (1): 3.8 kB
Progress (1): 5.9 kB
                    
Downloaded from central: https://repo1.maven.org/maven2/org/apache/cxf/cxf-common-utilities/2.2.4/cxf-common-utilities-2.2.4.pom (5.9 kB at 122 kB/s)
Downloading from central: https://repo1.maven.org/maven2/org/springframework/spring-beans/2.5.5/spring-beans-2.5.5.pom
Progress (1): 1.3 kB
Progress (1): 2.2 kB
                    
Downloaded from central: https://repo1.maven.org/maven2/org/springframework/spring-beans/2.5.5/spring-beans-2.5.5.pom (2.2 kB at 52 kB/s)
Downloading from central: https://repo1.maven.org/maven2/org/springframework/spring-context/2.5.5/spring-context-2.5.5.pom
Progress (1): 1.2 kB
Progress (1): 3.5 kB
                    
Downloaded from central: https://repo1.maven.org/maven2/org/springframework/spring-context/2.5.5/spring-context-2.5.5.pom (3.5 kB at 77 kB/s)
Downloading from central: https://repo1.maven.org/maven2/org/apache/geronimo/specs/geronimo-annotation_1.0_spec/1.1.1/geronimo-annotation_1.0_spec-1.1.1.pom
Progress (1): 865 B
Progress (1): 2.2 kB
                    
Downloaded from central: https://repo1.maven.org/maven2/org/apache/geronimo/specs/geronimo-annotation_1.0_spec/1.1.1/geronimo-annotation_1.0_spec-1.1.1.pom (2.2 kB at 48 kB/s)
Downloading from central: https://repo1.maven.org/maven2/org/apache/geronimo/specs/specs/1.4/specs-1.4.pom
Progress (1): 865 B
Progress (1): 2.3 kB
Progress (1): 4.9 kB
Progress (1): 8.6 kB
Progress (1): 12 kB 
                   
Downloaded from central: https://repo1.maven.org/maven2/org/apache/geronimo/specs/specs/1.4/specs-1.4.pom (12 kB at 245 kB/s)
Downloading from central: https://repo1.maven.org/maven2/org/apache/geronimo/genesis/config/project-config/1.2/project-config-1.2.pom
Progress (1): 795 B
Progress (1): 2.2 kB
Progress (1): 5.0 kB
Progress (1): 7.8 kB
Progress (1): 14 kB 
Progress (1): 19 kB
Progress (1): 22 kB
                   
Downloaded from central: https://repo1.maven.org/maven2/org/apache/geronimo/genesis/config/project-config/1.2/project-config-1.2.pom (22 kB at 259 kB/s)
Downloading from central: https://repo1.maven.org/maven2/org/apache/geronimo/genesis/config/config/1.2/config-1.2.pom
Progress (1): 871 B
Progress (1): 1.8 kB
                    
Downloaded from central: https://repo1.maven.org/maven2/org/apache/geronimo/genesis/config/config/1.2/config-1.2.pom (1.8 kB at 39 kB/s)
Downloading from central: https://repo1.maven.org/maven2/org/apache/geronimo/genesis/genesis/1.2/genesis-1.2.pom
Progress (1): 803 B
Progress (1): 2.2 kB
Progress (1): 4.9 kB
Progress (1): 8.1 kB
Progress (1): 11 kB 
                   
Downloaded from central: https://repo1.maven.org/maven2/org/apache/geronimo/genesis/genesis/1.2/genesis-1.2.pom (11 kB at 185 kB/s)
Downloading from central: https://repo1.maven.org/maven2/org/apache/geronimo/specs/geronimo-stax-api_1.0_spec/1.0.1/geronimo-stax-api_1.0_spec-1.0.1.pom
Progress (1): 858 B
Progress (1): 2.2 kB
                    
Downloaded from central: https://repo1.maven.org/maven2/org/apache/geronimo/specs/geronimo-stax-api_1.0_spec/1.0.1/geronimo-stax-api_1.0_spec-1.0.1.pom (2.2 kB at 29 kB/s)
Downloading from central: https://repo1.maven.org/maven2/org/apache/geronimo/specs/specs/1.3/specs-1.3.pom
Progress (1): 881 B
Progress (1): 2.3 kB
Progress (1): 5.0 kB
Progress (1): 7.0 kB
Progress (1): 7.0 kB
                    
Downloaded from central: https://repo1.maven.org/maven2/org/apache/geronimo/specs/specs/1.3/specs-1.3.pom (7.0 kB at 111 kB/s)
Downloading from central: https://repo1.maven.org/maven2/org/apache/geronimo/genesis/config/project-config/1.1/project-config-1.1.pom
Progress (1): 1.2 kB
Progress (1): 3.9 kB
Progress (1): 7.8 kB
Progress (1): 12 kB 
Progress (1): 14 kB
                   
Downloaded from central: https://repo1.maven.org/maven2/org/apache/geronimo/genesis/config/project-config/1.1/project-config-1.1.pom (14 kB at 243 kB/s)
Downloading from central: https://repo1.maven.org/maven2/org/apache/geronimo/genesis/config/config/1.1/config-1.1.pom
Progress (1): 670 B
                   
Downloaded from central: https://repo1.maven.org/maven2/org/apache/geronimo/genesis/config/config/1.1/config-1.1.pom (670 B at 13 kB/s)
Downloading from central: https://repo1.maven.org/maven2/org/apache/geronimo/genesis/genesis/1.1/genesis-1.1.pom
Progress (1): 1.3 kB
Progress (1): 4.3 kB
Progress (1): 6.8 kB
                    
Downloaded from central: https://repo1.maven.org/maven2/org/apache/geronimo/genesis/genesis/1.1/genesis-1.1.pom (6.8 kB at 121 kB/s)
Downloading from central: https://repo1.maven.org/maven2/org/apache/ws/commons/schema/XmlSchema/1.4.5/XmlSchema-1.4.5.pom
Progress (1): 766 B
Progress (1): 1.9 kB
Progress (1): 4.1 kB
Progress (1): 6.7 kB
Progress (1): 10 kB 
Progress (1): 14 kB
Progress (1): 17 kB
                   
Downloaded from central: https://repo1.maven.org/maven2/org/apache/ws/commons/schema/XmlSchema/1.4.5/XmlSchema-1.4.5.pom (17 kB at 245 kB/s)
Downloading from central: https://repo1.maven.org/maven2/org/apache/cxf/cxf-api/2.2.4/cxf-api-2.2.4.pom
Progress (1): 803 B
Progress (1): 3.7 kB
Progress (1): 8.0 kB
Progress (1): 11 kB 
                   
Downloaded from central: https://repo1.maven.org/maven2/org/apache/cxf/cxf-api/2.2.4/cxf-api-2.2.4.pom (11 kB at 222 kB/s)
Downloading from central: https://repo1.maven.org/maven2/org/apache/geronimo/specs/geronimo-activation_1.1_spec/1.0.2/geronimo-activation_1.1_spec-1.0.2.pom
Progress (1): 864 B
Progress (1): 2.2 kB
                    
Downloaded from central: https://repo1.maven.org/maven2/org/apache/geronimo/specs/geronimo-activation_1.1_spec/1.0.2/geronimo-activation_1.1_spec-1.0.2.pom (2.2 kB at 44 kB/s)
Downloading from central: https://repo1.maven.org/maven2/org/apache/neethi/neethi/2.0.4/neethi-2.0.4.pom
Progress (1): 800 B
Progress (1): 2.0 kB
Progress (1): 4.0 kB
Progress (1): 6.3 kB
Progress (1): 9.1 kB
Progress (1): 9.9 kB
                    
Downloaded from central: https://repo1.maven.org/maven2/org/apache/neethi/neethi/2.0.4/neethi-2.0.4.pom (9.9 kB at 198 kB/s)
Downloading from central: https://repo1.maven.org/maven2/org/apache/cxf/cxf-common-schemas/2.2.4/cxf-common-schemas-2.2.4.pom
Progress (1): 868 B
Progress (1): 1.6 kB
                    
Downloaded from central: https://repo1.maven.org/maven2/org/apache/cxf/cxf-common-schemas/2.2.4/cxf-common-schemas-2.2.4.pom (1.6 kB at 30 kB/s)
Downloading from central: https://repo1.maven.org/maven2/org/apache/cxf/cxf-rt-core/2.2.4/cxf-rt-core-2.2.4.pom
Progress (1): 833 B
Progress (1): 3.1 kB
Progress (1): 3.5 kB
                    
Downloaded from central: https://repo1.maven.org/maven2/org/apache/cxf/cxf-rt-core/2.2.4/cxf-rt-core-2.2.4.pom (3.5 kB at 53 kB/s)
Downloading from central: https://repo1.maven.org/maven2/org/apache/geronimo/specs/geronimo-javamail_1.4_spec/1.6/geronimo-javamail_1.4_spec-1.6.pom
Progress (1): 838 B
Progress (1): 2.3 kB
Progress (1): 3.0 kB
                    
Downloaded from central: https://repo1.maven.org/maven2/org/apache/geronimo/specs/geronimo-javamail_1.4_spec/1.6/geronimo-javamail_1.4_spec-1.6.pom (3.0 kB at 52 kB/s)
Downloading from central: https://repo1.maven.org/maven2/org/apache/geronimo/specs/specs-parent/1.6/specs-parent-1.6.pom
Progress (1): 801 B
Progress (1): 2.3 kB
Progress (1): 5.0 kB
Progress (1): 5.9 kB
                    
Downloaded from central: https://repo1.maven.org/maven2/org/apache/geronimo/specs/specs-parent/1.6/specs-parent-1.6.pom (5.9 kB at 94 kB/s)
Downloading from central: https://repo1.maven.org/maven2/org/apache/geronimo/genesis/config/project-config/1.5/project-config-1.5.pom
Progress (1): 795 B
Progress (1): 2.2 kB
Progress (1): 5.2 kB
Progress (1): 9.6 kB
Progress (1): 13 kB 
Progress (1): 17 kB
                   
Downloaded from central: https://repo1.maven.org/maven2/org/apache/geronimo/genesis/config/project-config/1.5/project-config-1.5.pom (17 kB at 310 kB/s)
Downloading from central: https://repo1.maven.org/maven2/org/apache/geronimo/genesis/config/config/1.5/config-1.5.pom
Progress (1): 866 B
Progress (1): 2.2 kB
                    
Downloaded from central: https://repo1.maven.org/maven2/org/apache/geronimo/genesis/config/config/1.5/config-1.5.pom (2.2 kB at 43 kB/s)
Downloading from central: https://repo1.maven.org/maven2/org/apache/geronimo/genesis/genesis/1.5/genesis-1.5.pom
Progress (1): 800 B
Progress (1): 2.1 kB
Progress (1): 6.2 kB
Progress (1): 9.5 kB
Progress (1): 15 kB 
                   
Downloaded from central: https://repo1.maven.org/maven2/org/apache/geronimo/genesis/genesis/1.5/genesis-1.5.pom (15 kB at 277 kB/s)
Downloading from central: https://repo1.maven.org/maven2/org/apache/cxf/cxf-rt-bindings-xml/2.2.4/cxf-rt-bindings-xml-2.2.4.pom
Progress (1): 830 B
Progress (1): 3.1 kB
Progress (1): 3.8 kB
                    
Downloaded from central: https://repo1.maven.org/maven2/org/apache/cxf/cxf-rt-bindings-xml/2.2.4/cxf-rt-bindings-xml-2.2.4.pom (3.8 kB at 67 kB/s)
Downloading from central: https://repo1.maven.org/maven2/org/apache/cxf/cxf-rt-transports-http/2.2.4/cxf-rt-transports-http-2.2.4.pom
Progress (1): 828 B
Progress (1): 3.2 kB
Progress (1): 4.9 kB
                    
Downloaded from central: https://repo1.maven.org/maven2/org/apache/cxf/cxf-rt-transports-http/2.2.4/cxf-rt-transports-http-2.2.4.pom (4.9 kB at 92 kB/s)
Downloading from central: https://repo1.maven.org/maven2/org/apache/cxf/cxf-rt-databinding-aegis/2.2.4/cxf-rt-databinding-aegis-2.2.4.pom
Progress (1): 822 B
Progress (1): 4.1 kB
Progress (1): 4.6 kB
                    
Downloaded from central: https://repo1.maven.org/maven2/org/apache/cxf/cxf-rt-databinding-aegis/2.2.4/cxf-rt-databinding-aegis-2.2.4.pom (4.6 kB at 84 kB/s)
Downloading from central: https://repo1.maven.org/maven2/org/apache/abdera/abdera-core/0.4.0-incubating/abdera-core-0.4.0-incubating.pom
Progress (1): 857 B
Progress (1): 2.0 kB
                    
Downloaded from central: https://repo1.maven.org/maven2/org/apache/abdera/abdera-core/0.4.0-incubating/abdera-core-0.4.0-incubating.pom (2.0 kB at 34 kB/s)
Downloading from central: https://repo1.maven.org/maven2/org/apache/abdera/abdera/0.4.0-incubating/abdera-0.4.0-incubating.pom
Progress (1): 769 B
Progress (1): 2.8 kB
Progress (1): 5.6 kB
Progress (1): 8.9 kB
Progress (1): 12 kB 
Progress (1): 14 kB
                   
Downloaded from central: https://repo1.maven.org/maven2/org/apache/abdera/abdera/0.4.0-incubating/abdera-0.4.0-incubating.pom (14 kB at 252 kB/s)
Downloading from central: https://repo1.maven.org/maven2/org/apache/abdera/abdera-i18n/0.4.0-incubating/abdera-i18n-0.4.0-incubating.pom
Progress (1): 850 B
Progress (1): 1.9 kB
                    
Downloaded from central: https://repo1.maven.org/maven2/org/apache/abdera/abdera-i18n/0.4.0-incubating/abdera-i18n-0.4.0-incubating.pom (1.9 kB at 41 kB/s)
Downloading from central: https://repo1.maven.org/maven2/org/apache/abdera/abdera-parser/0.4.0-incubating/abdera-parser-0.4.0-incubating.pom
Progress (1): 848 B
Progress (1): 2.5 kB
                    
Downloaded from central: https://repo1.maven.org/maven2/org/apache/abdera/abdera-parser/0.4.0-incubating/abdera-parser-0.4.0-incubating.pom (2.5 kB at 43 kB/s)
Downloading from central: https://repo1.maven.org/maven2/org/apache/geronimo/specs/geronimo-activation_1.0.2_spec/1.1/geronimo-activation_1.0.2_spec-1.1.pom
Progress (1): 769 B
                   
Downloaded from central: https://repo1.maven.org/maven2/org/apache/geronimo/specs/geronimo-activation_1.0.2_spec/1.1/geronimo-activation_1.0.2_spec-1.1.pom (769 B at 16 kB/s)
Downloading from central: https://repo1.maven.org/maven2/org/apache/geronimo/specs/specs/1.1/specs-1.1.pom
Progress (1): 1.0 kB
Progress (1): 3.4 kB
Progress (1): 6.1 kB
Progress (1): 13 kB 
Progress (1): 13 kB
                   
Downloaded from central: https://repo1.maven.org/maven2/org/apache/geronimo/specs/specs/1.1/specs-1.1.pom (13 kB at 228 kB/s)
Downloading from central: https://repo1.maven.org/maven2/org/apache/apache/1/apache-1.pom
Progress (1): 805 B
Progress (1): 2.3 kB
Progress (1): 3.4 kB
                    
Downloaded from central: https://repo1.maven.org/maven2/org/apache/apache/1/apache-1.pom (3.4 kB at 58 kB/s)
Downloading from central: https://repo1.maven.org/maven2/org/apache/ws/commons/axiom/axiom-impl/1.2.5/axiom-impl-1.2.5.pom
Progress (1): 853 B
Progress (1): 2.3 kB
                    
Downloaded from central: https://repo1.maven.org/maven2/org/apache/ws/commons/axiom/axiom-impl/1.2.5/axiom-impl-1.2.5.pom (2.3 kB at 39 kB/s)
Downloading from central: https://repo1.maven.org/maven2/org/apache/ws/commons/axiom/axiom-parent/1.2.5/axiom-parent-1.2.5.pom
Progress (1): 1.1 kB
Progress (1): 3.7 kB
Progress (1): 7.4 kB
Progress (1): 12 kB 
Progress (1): 17 kB
Progress (1): 20 kB
Progress (1): 20 kB
                   
Downloaded from central: https://repo1.maven.org/maven2/org/apache/ws/commons/axiom/axiom-parent/1.2.5/axiom-parent-1.2.5.pom (20 kB at 358 kB/s)
Downloading from central: https://repo1.maven.org/maven2/org/apache/ws/commons/axiom/axiom-api/1.2.5/axiom-api-1.2.5.pom
Progress (1): 853 B
Progress (1): 2.8 kB
                    
Downloaded from central: https://repo1.maven.org/maven2/org/apache/ws/commons/axiom/axiom-api/1.2.5/axiom-api-1.2.5.pom (2.8 kB at 53 kB/s)
Downloading from central: https://repo1.maven.org/maven2/org/apache/abdera/abdera-extensions-json/0.4.0-incubating/abdera-extensions-json-0.4.0-incubating.pom
Progress (1): 857 B
Progress (1): 2.2 kB
                    
Downloaded from central: https://repo1.maven.org/maven2/org/apache/abdera/abdera-extensions-json/0.4.0-incubating/abdera-extensions-json-0.4.0-incubating.pom (2.2 kB at 28 kB/s)
Downloading from central: https://repo1.maven.org/maven2/org/apache/abdera/abdera-extensions-main/0.4.0-incubating/abdera-extensions-main-0.4.0-incubating.pom
Progress (1): 857 B
Progress (1): 2.1 kB
                    
Downloaded from central: https://repo1.maven.org/maven2/org/apache/abdera/abdera-extensions-main/0.4.0-incubating/abdera-extensions-main-0.4.0-incubating.pom (2.1 kB at 34 kB/s)
Downloading from central: https://repo1.maven.org/maven2/org/codehaus/jettison/jettison/1.1/jettison-1.1.pom
Progress (1): 1.4 kB
Progress (1): 3.4 kB
                    
Downloaded from central: https://repo1.maven.org/maven2/org/codehaus/jettison/jettison/1.1/jettison-1.1.pom (3.4 kB at 70 kB/s)
Downloading from central: https://repo1.maven.org/maven2/org/apache/xmlbeans/xmlbeans/2.4.0/xmlbeans-2.4.0.pom
Progress (1): 1.8 kB
Progress (1): 5.0 kB
                    
Downloaded from central: https://repo1.maven.org/maven2/org/apache/xmlbeans/xmlbeans/2.4.0/xmlbeans-2.4.0.pom (5.0 kB at 106 kB/s)
Downloading from central: https://repo1.maven.org/maven2/org/codehaus/woodstox/woodstox-core-asl/4.0.3/woodstox-core-asl-4.0.3.pom
Progress (1): 990 B
Progress (1): 1.6 kB
                    
Downloaded from central: https://repo1.maven.org/maven2/org/codehaus/woodstox/woodstox-core-asl/4.0.3/woodstox-core-asl-4.0.3.pom (1.6 kB at 35 kB/s)
Downloading from central: https://repo1.maven.org/maven2/org/codehaus/woodstox/stax2-api/3.0.1/stax2-api-3.0.1.pom
Progress (1): 923 B
Progress (1): 1.4 kB
                    
Downloaded from central: https://repo1.maven.org/maven2/org/codehaus/woodstox/stax2-api/3.0.1/stax2-api-3.0.1.pom (1.4 kB at 23 kB/s)
Downloading from central: https://repo1.maven.org/maven2/org/springframework/spring-core/2.5.5/spring-core-2.5.5.pom
Progress (1): 1.2 kB
Progress (1): 2.9 kB
                    
Downloaded from central: https://repo1.maven.org/maven2/org/springframework/spring-core/2.5.5/spring-core-2.5.5.pom (2.9 kB at 46 kB/s)
Downloading from central: https://repo1.maven.org/maven2/org/codehaus/woodstox/wstx-asl/3.2.8/wstx-asl-3.2.8.pom
Progress (1): 1.0 kB
Progress (1): 1.3 kB
                    
Downloaded from central: https://repo1.maven.org/maven2/org/codehaus/woodstox/wstx-asl/3.2.8/wstx-asl-3.2.8.pom (1.3 kB at 887 B/s)
Downloading from central: https://repo1.maven.org/maven2/org/apache/cxf/cxf-rt-frontend-jaxws/2.2.4/cxf-rt-frontend-jaxws-2.2.4.pom
Progress (1): 813 B
Progress (1): 4.0 kB
Progress (1): 6.2 kB
                    
Downloaded from central: https://repo1.maven.org/maven2/org/apache/cxf/cxf-rt-frontend-jaxws/2.2.4/cxf-rt-frontend-jaxws-2.2.4.pom (6.2 kB at 105 kB/s)
Downloading from central: https://repo1.maven.org/maven2/org/apache/geronimo/specs/geronimo-jaxws_2.1_spec/1.0/geronimo-jaxws_2.1_spec-1.0.pom
Progress (1): 838 B
Progress (1): 2.4 kB
Progress (1): 4.5 kB
                    
Downloaded from central: https://repo1.maven.org/maven2/org/apache/geronimo/specs/geronimo-jaxws_2.1_spec/1.0/geronimo-jaxws_2.1_spec-1.0.pom (4.5 kB at 86 kB/s)
Downloading from central: https://repo1.maven.org/maven2/org/apache/geronimo/specs/specs-parent/1.5/specs-parent-1.5.pom
Progress (1): 809 B
Progress (1): 2.3 kB
Progress (1): 5.0 kB
Progress (1): 5.6 kB
                    
Downloaded from central: https://repo1.maven.org/maven2/org/apache/geronimo/specs/specs-parent/1.5/specs-parent-1.5.pom (5.6 kB at 98 kB/s)
Downloading from central: https://repo1.maven.org/maven2/org/apache/geronimo/genesis/config/project-config/1.4/project-config-1.4.pom
Progress (1): 796 B
Progress (1): 2.2 kB
Progress (1): 5.0 kB
Progress (1): 9.1 kB
Progress (1): 12 kB 
Progress (1): 17 kB
Progress (1): 19 kB
                   
Downloaded from central: https://repo1.maven.org/maven2/org/apache/geronimo/genesis/config/project-config/1.4/project-config-1.4.pom (19 kB at 406 kB/s)
Downloading from central: https://repo1.maven.org/maven2/org/apache/geronimo/genesis/config/config/1.4/config-1.4.pom
Progress (1): 832 B
Progress (1): 2.8 kB
Progress (1): 3.9 kB
                    
Downloaded from central: https://repo1.maven.org/maven2/org/apache/geronimo/genesis/config/config/1.4/config-1.4.pom (3.9 kB at 87 kB/s)
Downloading from central: https://repo1.maven.org/maven2/org/apache/geronimo/genesis/genesis/1.4/genesis-1.4.pom
Progress (1): 813 B
Progress (1): 2.2 kB
Progress (1): 6.3 kB
Progress (1): 11 kB 
                   
Downloaded from central: https://repo1.maven.org/maven2/org/apache/geronimo/genesis/genesis/1.4/genesis-1.4.pom (11 kB at 188 kB/s)
Downloading from central: https://repo1.maven.org/maven2/org/apache/geronimo/specs/geronimo-ws-metadata_2.0_spec/1.1.2/geronimo-ws-metadata_2.0_spec-1.1.2.pom
Progress (1): 866 B
Progress (1): 2.2 kB
                    
Downloaded from central: https://repo1.maven.org/maven2/org/apache/geronimo/specs/geronimo-ws-metadata_2.0_spec/1.1.2/geronimo-ws-metadata_2.0_spec-1.1.2.pom (2.2 kB at 42 kB/s)
Downloading from central: https://repo1.maven.org/maven2/org/apache/cxf/cxf-rt-bindings-soap/2.2.4/cxf-rt-bindings-soap-2.2.4.pom
Progress (1): 833 B
Progress (1): 3.8 kB
Progress (1): 4.7 kB
                    
Downloaded from central: https://repo1.maven.org/maven2/org/apache/cxf/cxf-rt-bindings-soap/2.2.4/cxf-rt-bindings-soap-2.2.4.pom (4.7 kB at 97 kB/s)
Downloading from central: https://repo1.maven.org/maven2/org/apache/cxf/cxf-tools-common/2.2.4/cxf-tools-common-2.2.4.pom
Progress (1): 863 B
Progress (1): 3.8 kB
Progress (1): 3.9 kB
                    
Downloaded from central: https://repo1.maven.org/maven2/org/apache/cxf/cxf-tools-common/2.2.4/cxf-tools-common-2.2.4.pom (3.9 kB at 87 kB/s)
Downloading from central: https://repo1.maven.org/maven2/org/apache/cxf/cxf-rt-databinding-jaxb/2.2.4/cxf-rt-databinding-jaxb-2.2.4.pom
Progress (1): 814 B
Progress (1): 3.0 kB
Progress (1): 6.5 kB
                    
Downloaded from central: https://repo1.maven.org/maven2/org/apache/cxf/cxf-rt-databinding-jaxb/2.2.4/cxf-rt-databinding-jaxb-2.2.4.pom (6.5 kB at 134 kB/s)
Downloading from central: https://repo1.maven.org/maven2/org/apache/cxf/cxf-rt-frontend-simple/2.2.4/cxf-rt-frontend-simple-2.2.4.pom
Progress (1): 836 B
Progress (1): 3.7 kB
                    
Downloaded from central: https://repo1.maven.org/maven2/org/apache/cxf/cxf-rt-frontend-simple/2.2.4/cxf-rt-frontend-simple-2.2.4.pom (3.7 kB at 78 kB/s)
Downloading from central: https://repo1.maven.org/maven2/org/apache/cxf/cxf-rt-ws-addr/2.2.4/cxf-rt-ws-addr-2.2.4.pom
Progress (1): 838 B
Progress (1): 3.2 kB
                    
Downloaded from central: https://repo1.maven.org/maven2/org/apache/cxf/cxf-rt-ws-addr/2.2.4/cxf-rt-ws-addr-2.2.4.pom (3.2 kB at 75 kB/s)
Downloading from central: https://repo1.maven.org/maven2/org/codehaus/jackson/jackson-jaxrs/1.2.1/jackson-jaxrs-1.2.1.pom
Progress (1): 1.2 kB
Progress (1): 1.6 kB
                    
Downloaded from central: https://repo1.maven.org/maven2/org/codehaus/jackson/jackson-jaxrs/1.2.1/jackson-jaxrs-1.2.1.pom (1.6 kB at 36 kB/s)
Downloading from central: https://repo1.maven.org/maven2/org/codehaus/jackson/jackson-core-asl/1.2.1/jackson-core-asl-1.2.1.pom
Progress (1): 1.0 kB
                    
Downloaded from central: https://repo1.maven.org/maven2/org/codehaus/jackson/jackson-core-asl/1.2.1/jackson-core-asl-1.2.1.pom (1.0 kB at 24 kB/s)
Downloading from central: https://repo1.maven.org/maven2/org/codehaus/jackson/jackson-mapper-asl/1.2.1/jackson-mapper-asl-1.2.1.pom
Progress (1): 1.1 kB
Progress (1): 1.2 kB
                    
Downloaded from central: https://repo1.maven.org/maven2/org/codehaus/jackson/jackson-mapper-asl/1.2.1/jackson-mapper-asl-1.2.1.pom (1.2 kB at 25 kB/s)
Downloading from central: https://repo1.maven.org/maven2/org/springframework/spring-aop/3.0.0.RELEASE/spring-aop-3.0.0.RELEASE.pom
Progress (1): 2.0 kB
Progress (1): 2.6 kB
                    
Downloaded from central: https://repo1.maven.org/maven2/org/springframework/spring-aop/3.0.0.RELEASE/spring-aop-3.0.0.RELEASE.pom (2.6 kB at 60 kB/s)
Downloading from central: https://repo1.maven.org/maven2/org/springframework/spring-parent/3.0.0.RELEASE/spring-parent-3.0.0.RELEASE.pom
Progress (1): 1.0 kB
Progress (1): 3.8 kB
Progress (1): 6.4 kB
Progress (1): 8.1 kB
                    
Downloaded from central: https://repo1.maven.org/maven2/org/springframework/spring-parent/3.0.0.RELEASE/spring-parent-3.0.0.RELEASE.pom (8.1 kB at 173 kB/s)
Downloading from central: https://repo1.maven.org/maven2/org/springframework/spring-asm/3.0.0.RELEASE/spring-asm-3.0.0.RELEASE.pom
Progress (1): 1.1 kB
Progress (1): 2.1 kB
                    
Downloaded from central: https://repo1.maven.org/maven2/org/springframework/spring-asm/3.0.0.RELEASE/spring-asm-3.0.0.RELEASE.pom (2.1 kB at 24 kB/s)
Downloading from central: https://repo1.maven.org/maven2/org/springframework/spring-beans/3.0.0.RELEASE/spring-beans-3.0.0.RELEASE.pom
Progress (1): 1.6 kB
Progress (1): 2.2 kB
                    
Downloaded from central: https://repo1.maven.org/maven2/org/springframework/spring-beans/3.0.0.RELEASE/spring-beans-3.0.0.RELEASE.pom (2.2 kB at 53 kB/s)
Downloading from central: https://repo1.maven.org/maven2/org/springframework/spring-core/3.0.0.RELEASE/spring-core-3.0.0.RELEASE.pom
Progress (1): 1.8 kB
Progress (1): 2.4 kB
                    
Downloaded from central: https://repo1.maven.org/maven2/org/springframework/spring-core/3.0.0.RELEASE/spring-core-3.0.0.RELEASE.pom (2.4 kB at 53 kB/s)
Downloading from central: https://repo1.maven.org/maven2/org/springframework/spring-aspects/3.0.0.RELEASE/spring-aspects-3.0.0.RELEASE.pom
Progress (1): 2.1 kB
Progress (1): 2.5 kB
                    
Downloaded from central: https://repo1.maven.org/maven2/org/springframework/spring-aspects/3.0.0.RELEASE/spring-aspects-3.0.0.RELEASE.pom (2.5 kB at 50 kB/s)
Downloading from central: https://repo1.maven.org/maven2/org/springframework/spring-context/3.0.0.RELEASE/spring-context-3.0.0.RELEASE.pom
Progress (1): 1.7 kB
Progress (1): 6.3 kB
Progress (1): 6.7 kB
                    
Downloaded from central: https://repo1.maven.org/maven2/org/springframework/spring-context/3.0.0.RELEASE/spring-context-3.0.0.RELEASE.pom (6.7 kB at 155 kB/s)
Downloading from central: https://repo1.maven.org/maven2/org/springframework/spring-expression/3.0.0.RELEASE/spring-expression-3.0.0.RELEASE.pom
Progress (1): 1.5 kB
Progress (1): 1.6 kB
                    
Downloaded from central: https://repo1.maven.org/maven2/org/springframework/spring-expression/3.0.0.RELEASE/spring-expression-3.0.0.RELEASE.pom (1.6 kB at 38 kB/s)
Downloading from central: https://repo1.maven.org/maven2/org/springframework/spring-test/3.0.0.RELEASE/spring-test-3.0.0.RELEASE.pom
Progress (1): 2.1 kB
Progress (1): 5.5 kB
                    
Downloaded from central: https://repo1.maven.org/maven2/org/springframework/spring-test/3.0.0.RELEASE/spring-test-3.0.0.RELEASE.pom (5.5 kB at 120 kB/s)
Downloading from central: https://repo1.maven.org/maven2/org/springframework/spring-context-support/3.0.0.RELEASE/spring-context-support-3.0.0.RELEASE.pom
Progress (1): 1.8 kB
Progress (1): 4.5 kB
                    
Downloaded from central: https://repo1.maven.org/maven2/org/springframework/spring-context-support/3.0.0.RELEASE/spring-context-support-3.0.0.RELEASE.pom (4.5 kB at 93 kB/s)
Downloading from central: https://repo1.maven.org/maven2/org/springframework/security/spring-security-core/3.0.0.RELEASE/spring-security-core-3.0.0.RELEASE.pom
Progress (1): 3.0 kB
Progress (1): 3.6 kB
                    
Downloaded from central: https://repo1.maven.org/maven2/org/springframework/security/spring-security-core/3.0.0.RELEASE/spring-security-core-3.0.0.RELEASE.pom (3.6 kB at 77 kB/s)
Downloading from central: https://repo1.maven.org/maven2/org/springframework/security/spring-security-parent/3.0.0.RELEASE/spring-security-parent-3.0.0.RELEASE.pom
Progress (1): 1.2 kB
Progress (1): 3.3 kB
Progress (1): 6.3 kB
Progress (1): 9.7 kB
Progress (1): 14 kB 
Progress (1): 20 kB
Progress (1): 23 kB
                   
Downloaded from central: https://repo1.maven.org/maven2/org/springframework/security/spring-security-parent/3.0.0.RELEASE/spring-security-parent-3.0.0.RELEASE.pom (23 kB at 252 kB/s)
Downloading from central: https://repo1.maven.org/maven2/org/springframework/spring-tx/3.0.0.RELEASE/spring-tx-3.0.0.RELEASE.pom
Progress (1): 1.6 kB
Progress (1): 3.5 kB
                    
Downloaded from central: https://repo1.maven.org/maven2/org/springframework/spring-tx/3.0.0.RELEASE/spring-tx-3.0.0.RELEASE.pom (3.5 kB at 62 kB/s)
Downloading from central: https://repo1.maven.org/maven2/org/aspectj/aspectjrt/1.6.5/aspectjrt-1.6.5.pom
Progress (1): 905 B
                   
Downloaded from central: https://repo1.maven.org/maven2/org/aspectj/aspectjrt/1.6.5/aspectjrt-1.6.5.pom (905 B at 14 kB/s)
Downloading from central: https://repo1.maven.org/maven2/org/aspectj/aspectjweaver/1.6.5/aspectjweaver-1.6.5.pom
Progress (1): 908 B
                   
Downloaded from central: https://repo1.maven.org/maven2/org/aspectj/aspectjweaver/1.6.5/aspectjweaver-1.6.5.pom (908 B at 21 kB/s)
Downloading from central: https://repo1.maven.org/maven2/org/springframework/security/spring-security-config/3.0.0.RELEASE/spring-security-config-3.0.0.RELEASE.pom
Progress (1): 3.2 kB
Progress (1): 4.3 kB
                    
Downloaded from central: https://repo1.maven.org/maven2/org/springframework/security/spring-security-config/3.0.0.RELEASE/spring-security-config-3.0.0.RELEASE.pom (4.3 kB at 90 kB/s)
[INFO] ------------------------------------------------------------------------
[INFO] BUILD FAILURE
[INFO] ------------------------------------------------------------------------
[INFO] Total time:  7.840 s
[INFO] Finished at: 2026-02-25T19:35:57-05:00
[INFO] ------------------------------------------------------------------------
[ERROR] Failed to execute goal on project appfuse-service: Could not collect dependencies for project org.appfuse:appfuse-service:jar:2.1.0-M2-SNAPSHOT
[ERROR] Failed to read artifact descriptor for org.appfuse:appfuse-hibernate:jar:2.1.0-M2-SNAPSHOT
[ERROR] 	Caused by: The following artifacts could not be resolved: org.appfuse:appfuse-hibernate:pom:2.1.0-M2-SNAPSHOT (absent): Could not transfer artifact org.appfuse:appfuse-hibernate:pom:2.1.0-M2-SNAPSHOT from/to maven-default-http-blocker (http://0.0.0.0/): Blocked mirror for repositories: [appfuse-snapshots (http://oss.sonatype.org/content/repositories/appfuse-snapshots, default, snapshots)]
[ERROR] 
[ERROR] -> [Help 1]
[ERROR] 
[ERROR] To see the full stack trace of the errors, re-run Maven with the -e switch.
[ERROR] Re-run Maven using the -X switch to enable full debug logging.
[ERROR] 
[ERROR] For more information about the errors and possible solutions, please read the following articles:
[ERROR] [Help 1] http://cwiki.apache.org/confluence/display/MAVEN/DependencyResolutionException

STDERR:
