COMMAND: mvn.cmd -s D:\Khedma\Mr wiem\mutation-test-pipeline\.mvn\settings.xml -DskipTests compile

STDOUT:
[INFO] Scanning for projects...
[WARNING] Error injecting: org.eclipse.tycho.core.maven.TychoMavenLifecycleParticipant
java.lang.TypeNotPresentException: Type org.eclipse.tycho.core.maven.TychoMavenLifecycleParticipant not present
    at org.eclipse.sisu.space.URLClassSpace.loadClass (URLClassSpace.java:149)
    at org.eclipse.sisu.space.NamedClass.load (NamedClass.java:48)
    at org.eclipse.sisu.space.AbstractDeferredClass.get (AbstractDeferredClass.java:50)
    at com.google.inject.internal.ProviderInternalFactory.provision (ProviderInternalFactory.java:86)
    at com.google.inject.internal.InternalFactoryToInitializableAdapter.provision (InternalFactoryToInitializableAdapter.java:57)
    at com.google.inject.internal.ProviderInternalFactory$1.call (ProviderInternalFactory.java:67)
    at com.google.inject.internal.ProvisionListenerStackCallback$Provision.provision (ProvisionListenerStackCallback.java:109)
    at org.eclipse.sisu.bean.BeanScheduler$CycleActivator.onProvision (BeanScheduler.java:232)
    at com.google.inject.internal.ProvisionListenerStackCallback$Provision.provision (ProvisionListenerStackCallback.java:117)
    at com.google.inject.internal.ProvisionListenerStackCallback.provision (ProvisionListenerStackCallback.java:66)
    at com.google.inject.internal.ProviderInternalFactory.circularGet (ProviderInternalFactory.java:62)
    at com.google.inject.internal.InternalFactoryToInitializableAdapter.get (InternalFactoryToInitializableAdapter.java:47)
    at com.google.inject.internal.ProviderToInternalFactoryAdapter.get (ProviderToInternalFactoryAdapter.java:40)
    at com.google.inject.internal.SingletonScope$1.get (SingletonScope.java:169)
    at com.google.inject.internal.InternalFactoryToProviderAdapter.get (InternalFactoryToProviderAdapter.java:45)
    at com.google.inject.internal.InjectorImpl$1.get (InjectorImpl.java:1101)
    at org.eclipse.sisu.inject.LazyBeanEntry.getValue (LazyBeanEntry.java:83)
    at org.eclipse.sisu.plexus.LazyPlexusBean.getValue (LazyPlexusBean.java:53)
    at org.eclipse.sisu.wire.EntryListAdapter$ValueIterator.next (EntryListAdapter.java:113)
    at java.util.AbstractCollection.addAll (AbstractCollection.java:343)
    at org.apache.maven.DefaultMaven.getProjectScopedExtensionComponents (DefaultMaven.java:358)
    at org.apache.maven.DefaultMaven.getLifecycleParticipants (DefaultMaven.java:338)
    at org.apache.maven.DefaultMaven.doExecute (DefaultMaven.java:220)
    at org.apache.maven.DefaultMaven.doExecute (DefaultMaven.java:173)
    at org.apache.maven.DefaultMaven.execute (DefaultMaven.java:101)
    at org.apache.maven.cli.MavenCli.execute (MavenCli.java:919)
    at org.apache.maven.cli.MavenCli.doMain (MavenCli.java:285)
    at org.apache.maven.cli.MavenCli.main (MavenCli.java:207)
    at sun.reflect.NativeMethodAccessorImpl.invoke0 (Native Method)
    at sun.reflect.NativeMethodAccessorImpl.invoke (NativeMethodAccessorImpl.java:62)
    at sun.reflect.DelegatingMethodAccessorImpl.invoke (DelegatingMethodAccessorImpl.java:43)
    at java.lang.reflect.Method.invoke (Method.java:498)
    at org.codehaus.plexus.classworlds.launcher.Launcher.launchEnhanced (Launcher.java:255)
    at org.codehaus.plexus.classworlds.launcher.Launcher.launch (Launcher.java:201)
    at org.codehaus.plexus.classworlds.launcher.Launcher.mainWithExitCode (Launcher.java:361)
    at org.codehaus.plexus.classworlds.launcher.Launcher.main (Launcher.java:314)
Caused by: java.lang.UnsupportedClassVersionError: org/eclipse/tycho/core/maven/TychoMavenLifecycleParticipant has been compiled by a more recent version of the Java Runtime (class file version 55.0), this version of the Java Runtime only recognizes class file versions up to 52.0
    at java.lang.ClassLoader.defineClass1 (Native Method)
    at java.lang.ClassLoader.defineClass (ClassLoader.java:756)
    at java.security.SecureClassLoader.defineClass (SecureClassLoader.java:142)
    at java.net.URLClassLoader.defineClass (URLClassLoader.java:473)
    at java.net.URLClassLoader.access$100 (URLClassLoader.java:74)
    at java.net.URLClassLoader$1.run (URLClassLoader.java:369)
    at java.net.URLClassLoader$1.run (URLClassLoader.java:363)
    at java.security.AccessController.doPrivileged (Native Method)
    at java.net.URLClassLoader.findClass (URLClassLoader.java:362)
    at org.codehaus.plexus.classworlds.realm.ClassRealm.findClassInternal (ClassRealm.java:256)
    at org.codehaus.plexus.classworlds.realm.ClassRealm.loadClassFromSelf (ClassRealm.java:351)
    at org.codehaus.plexus.classworlds.strategy.SelfFirstStrategy.loadClass (SelfFirstStrategy.java:36)
    at org.codehaus.plexus.classworlds.realm.ClassRealm.unsynchronizedLoadClass (ClassRealm.java:225)
    at org.codehaus.plexus.classworlds.realm.ClassRealm.loadClass (ClassRealm.java:210)
    at org.codehaus.plexus.classworlds.realm.ClassRealm.loadClass (ClassRealm.java:205)
    at org.eclipse.sisu.space.URLClassSpace.loadClass (URLClassSpace.java:141)
    at org.eclipse.sisu.space.NamedClass.load (NamedClass.java:48)
    at org.eclipse.sisu.space.AbstractDeferredClass.get (AbstractDeferredClass.java:50)
    at com.google.inject.internal.ProviderInternalFactory.provision (ProviderInternalFactory.java:86)
    at com.google.inject.internal.InternalFactoryToInitializableAdapter.provision (InternalFactoryToInitializableAdapter.java:57)
    at com.google.inject.internal.ProviderInternalFactory$1.call (ProviderInternalFactory.java:67)
    at com.google.inject.internal.ProvisionListenerStackCallback$Provision.provision (ProvisionListenerStackCallback.java:109)
    at org.eclipse.sisu.bean.BeanScheduler$CycleActivator.onProvision (BeanScheduler.java:232)
    at com.google.inject.internal.ProvisionListenerStackCallback$Provision.provision (ProvisionListenerStackCallback.java:117)
    at com.google.inject.internal.ProvisionListenerStackCallback.provision (ProvisionListenerStackCallback.java:66)
    at com.google.inject.internal.ProviderInternalFactory.circularGet (ProviderInternalFactory.java:62)
    at com.google.inject.internal.InternalFactoryToInitializableAdapter.get (InternalFactoryToInitializableAdapter.java:47)
    at com.google.inject.internal.ProviderToInternalFactoryAdapter.get (ProviderToInternalFactoryAdapter.java:40)
    at com.google.inject.internal.SingletonScope$1.get (SingletonScope.java:169)
    at com.google.inject.internal.InternalFactoryToProviderAdapter.get (InternalFactoryToProviderAdapter.java:45)
    at com.google.inject.internal.InjectorImpl$1.get (InjectorImpl.java:1101)
    at org.eclipse.sisu.inject.LazyBeanEntry.getValue (LazyBeanEntry.java:83)
    at org.eclipse.sisu.plexus.LazyPlexusBean.getValue (LazyPlexusBean.java:53)
    at org.eclipse.sisu.wire.EntryListAdapter$ValueIterator.next (EntryListAdapter.java:113)
    at java.util.AbstractCollection.addAll (AbstractCollection.java:343)
    at org.apache.maven.DefaultMaven.getProjectScopedExtensionComponents (DefaultMaven.java:358)
    at org.apache.maven.DefaultMaven.getLifecycleParticipants (DefaultMaven.java:338)
    at org.apache.maven.DefaultMaven.doExecute (DefaultMaven.java:220)
    at org.apache.maven.DefaultMaven.doExecute (DefaultMaven.java:173)
    at org.apache.maven.DefaultMaven.execute (DefaultMaven.java:101)
    at org.apache.maven.cli.MavenCli.execute (MavenCli.java:919)
    at org.apache.maven.cli.MavenCli.doMain (MavenCli.java:285)
    at org.apache.maven.cli.MavenCli.main (MavenCli.java:207)
    at sun.reflect.NativeMethodAccessorImpl.invoke0 (Native Method)
    at sun.reflect.NativeMethodAccessorImpl.invoke (NativeMethodAccessorImpl.java:62)
    at sun.reflect.DelegatingMethodAccessorImpl.invoke (DelegatingMethodAccessorImpl.java:43)
    at java.lang.reflect.Method.invoke (Method.java:498)
    at org.codehaus.plexus.classworlds.launcher.Launcher.launchEnhanced (Launcher.java:255)
    at org.codehaus.plexus.classworlds.launcher.Launcher.launch (Launcher.java:201)
    at org.codehaus.plexus.classworlds.launcher.Launcher.mainWithExitCode (Launcher.java:361)
    at org.codehaus.plexus.classworlds.launcher.Launcher.main (Launcher.java:314)
[ERROR] Internal error: com.google.inject.ProvisionException: Unable to provision, see the following errors:
[ERROR] 
[ERROR] 1) [Guice/ErrorInCustomProvider]: TypeNotPresentException: Type TychoMavenLifecycleParticipant not present
[ERROR]   at ClassRealm[extension>org.eclipse.tycho:tycho-maven-plugin:2.3.0, parent: Launcher$AppClassLoader@7852e922]
[ERROR]       \_ installed by: WireModule -> PlexusBindingModule
[ERROR]   while locating AbstractMavenLifecycleParticipant annotated with @Named(value=TychoMavenLifecycleListener)
[ERROR] 
[ERROR] Learn more:
[ERROR]   https://github.com/google/guice/wiki/ERROR_IN_CUSTOM_PROVIDER
[ERROR] 
[ERROR] 1 error
[ERROR] 
[ERROR] ======================
[ERROR] Full classname legend:
[ERROR] ======================
[ERROR] AbstractMavenLifecycleParticipant: "org.apache.maven.AbstractMavenLifecycleParticipant"
[ERROR] Launcher$AppClassLoader:           "sun.misc.Launcher$AppClassLoader"
[ERROR] Named:                             "com.google.inject.name.Named"
[ERROR] PlexusBindingModule:               "org.eclipse.sisu.plexus.PlexusBindingModule"
[ERROR] TychoMavenLifecycleParticipant:    "org.eclipse.tycho.core.maven.TychoMavenLifecycleParticipant"
[ERROR] WireModule:                        "org.eclipse.sisu.wire.WireModule"
[ERROR] ========================
[ERROR] End of classname legend:
[ERROR] ========================: Type org.eclipse.tycho.core.maven.TychoMavenLifecycleParticipant not present: org/eclipse/tycho/core/maven/TychoMavenLifecycleParticipant has been compiled by a more recent version of the Java Runtime (class file version 55.0), this version of the Java Runtime only recognizes class file versions up to 52.0
[ERROR] -> [Help 1]
org.apache.maven.InternalErrorException: Internal error: com.google.inject.ProvisionException: Unable to provision, see the following errors:

1) [Guice/ErrorInCustomProvider]: TypeNotPresentException: Type TychoMavenLifecycleParticipant not present
  at ClassRealm[extension>org.eclipse.tycho:tycho-maven-plugin:2.3.0, parent: Launcher$AppClassLoader@7852e922]
      \_ installed by: WireModule -> PlexusBindingModule
  while locating AbstractMavenLifecycleParticipant annotated with @Named(value=TychoMavenLifecycleListener)

Learn more:
  https://github.com/google/guice/wiki/ERROR_IN_CUSTOM_PROVIDER

1 error

======================
Full classname legend:
======================
AbstractMavenLifecycleParticipant: "org.apache.maven.AbstractMavenLifecycleParticipant"
Launcher$AppClassLoader:           "sun.misc.Launcher$AppClassLoader"
Named:                             "com.google.inject.name.Named"
PlexusBindingModule:               "org.eclipse.sisu.plexus.PlexusBindingModule"
TychoMavenLifecycleParticipant:    "org.eclipse.tycho.core.maven.TychoMavenLifecycleParticipant"
WireModule:                        "org.eclipse.sisu.wire.WireModule"
========================
End of classname legend:
========================

    at org.apache.maven.DefaultMaven.execute (DefaultMaven.java:109)
    at org.apache.maven.cli.MavenCli.execute (MavenCli.java:919)
    at org.apache.maven.cli.MavenCli.doMain (MavenCli.java:285)
    at org.apache.maven.cli.MavenCli.main (MavenCli.java:207)
    at sun.reflect.NativeMethodAccessorImpl.invoke0 (Native Method)
    at sun.reflect.NativeMethodAccessorImpl.invoke (NativeMethodAccessorImpl.java:62)
    at sun.reflect.DelegatingMethodAccessorImpl.invoke (DelegatingMethodAccessorImpl.java:43)
    at java.lang.reflect.Method.invoke (Method.java:498)
    at org.codehaus.plexus.classworlds.launcher.Launcher.launchEnhanced (Launcher.java:255)
    at org.codehaus.plexus.classworlds.launcher.Launcher.launch (Launcher.java:201)
    at org.codehaus.plexus.classworlds.launcher.Launcher.mainWithExitCode (Launcher.java:361)
    at org.codehaus.plexus.classworlds.launcher.Launcher.main (Launcher.java:314)
Caused by: com.google.inject.ProvisionException: Unable to provision, see the following errors:

1) [Guice/ErrorInCustomProvider]: TypeNotPresentException: Type TychoMavenLifecycleParticipant not present
  at ClassRealm[extension>org.eclipse.tycho:tycho-maven-plugin:2.3.0, parent: Launcher$AppClassLoader@7852e922]
      \_ installed by: WireModule -> PlexusBindingModule
  while locating AbstractMavenLifecycleParticipant annotated with @Named(value=TychoMavenLifecycleListener)

Learn more:
  https://github.com/google/guice/wiki/ERROR_IN_CUSTOM_PROVIDER

1 error

======================
Full classname legend:
======================
AbstractMavenLifecycleParticipant: "org.apache.maven.AbstractMavenLifecycleParticipant"
Launcher$AppClassLoader:           "sun.misc.Launcher$AppClassLoader"
Named:                             "com.google.inject.name.Named"
PlexusBindingModule:               "org.eclipse.sisu.plexus.PlexusBindingModule"
TychoMavenLifecycleParticipant:    "org.eclipse.tycho.core.maven.TychoMavenLifecycleParticipant"
WireModule:                        "org.eclipse.sisu.wire.WireModule"
========================
End of classname legend:
========================

    at com.google.inject.internal.InternalProvisionException.toProvisionException (InternalProvisionException.java:251)
    at com.google.inject.internal.InjectorImpl$1.get (InjectorImpl.java:1104)
    at org.eclipse.sisu.inject.LazyBeanEntry.getValue (LazyBeanEntry.java:83)
    at org.eclipse.sisu.plexus.LazyPlexusBean.getValue (LazyPlexusBean.java:53)
    at org.eclipse.sisu.wire.EntryListAdapter$ValueIterator.next (EntryListAdapter.java:113)
    at java.util.AbstractCollection.addAll (AbstractCollection.java:343)
    at org.apache.maven.DefaultMaven.getProjectScopedExtensionComponents (DefaultMaven.java:358)
    at org.apache.maven.DefaultMaven.getLifecycleParticipants (DefaultMaven.java:338)
    at org.apache.maven.DefaultMaven.doExecute (DefaultMaven.java:220)
    at org.apache.maven.DefaultMaven.doExecute (DefaultMaven.java:173)
    at org.apache.maven.DefaultMaven.execute (DefaultMaven.java:101)
    at org.apache.maven.cli.MavenCli.execute (MavenCli.java:919)
    at org.apache.maven.cli.MavenCli.doMain (MavenCli.java:285)
    at org.apache.maven.cli.MavenCli.main (MavenCli.java:207)
    at sun.reflect.NativeMethodAccessorImpl.invoke0 (Native Method)
    at sun.reflect.NativeMethodAccessorImpl.invoke (NativeMethodAccessorImpl.java:62)
    at sun.reflect.DelegatingMethodAccessorImpl.invoke (DelegatingMethodAccessorImpl.java:43)
    at java.lang.reflect.Method.invoke (Method.java:498)
    at org.codehaus.plexus.classworlds.launcher.Launcher.launchEnhanced (Launcher.java:255)
    at org.codehaus.plexus.classworlds.launcher.Launcher.launch (Launcher.java:201)
    at org.codehaus.plexus.classworlds.launcher.Launcher.mainWithExitCode (Launcher.java:361)
    at org.codehaus.plexus.classworlds.launcher.Launcher.main (Launcher.java:314)
Caused by: java.lang.TypeNotPresentException: Type org.eclipse.tycho.core.maven.TychoMavenLifecycleParticipant not present
    at org.eclipse.sisu.space.URLClassSpace.loadClass (URLClassSpace.java:149)
    at org.eclipse.sisu.space.NamedClass.load (NamedClass.java:48)
    at org.eclipse.sisu.space.AbstractDeferredClass.get (AbstractDeferredClass.java:50)
    at com.google.inject.internal.ProviderInternalFactory.provision (ProviderInternalFactory.java:86)
    at com.google.inject.internal.InternalFactoryToInitializableAdapter.provision (InternalFactoryToInitializableAdapter.java:57)
    at com.google.inject.internal.ProviderInternalFactory$1.call (ProviderInternalFactory.java:67)
    at com.google.inject.internal.ProvisionListenerStackCallback$Provision.provision (ProvisionListenerStackCallback.java:109)
    at org.eclipse.sisu.bean.BeanScheduler$CycleActivator.onProvision (BeanScheduler.java:232)
    at com.google.inject.internal.ProvisionListenerStackCallback$Provision.provision (ProvisionListenerStackCallback.java:117)
    at com.google.inject.internal.ProvisionListenerStackCallback.provision (ProvisionListenerStackCallback.java:66)
    at com.google.inject.internal.ProviderInternalFactory.circularGet (ProviderInternalFactory.java:62)
    at com.google.inject.internal.InternalFactoryToInitializableAdapter.get (InternalFactoryToInitializableAdapter.java:47)
    at com.google.inject.internal.ProviderToInternalFactoryAdapter.get (ProviderToInternalFactoryAdapter.java:40)
    at com.google.inject.internal.SingletonScope$1.get (SingletonScope.java:169)
    at com.google.inject.internal.InternalFactoryToProviderAdapter.get (InternalFactoryToProviderAdapter.java:45)
    at com.google.inject.internal.InjectorImpl$1.get (InjectorImpl.java:1101)
    at org.eclipse.sisu.inject.LazyBeanEntry.getValue (LazyBeanEntry.java:83)
    at org.eclipse.sisu.plexus.LazyPlexusBean.getValue (LazyPlexusBean.java:53)
    at org.eclipse.sisu.wire.EntryListAdapter$ValueIterator.next (EntryListAdapter.java:113)
    at java.util.AbstractCollection.addAll (AbstractCollection.java:343)
    at org.apache.maven.DefaultMaven.getProjectScopedExtensionComponents (DefaultMaven.java:358)
    at org.apache.maven.DefaultMaven.getLifecycleParticipants (DefaultMaven.java:338)
    at org.apache.maven.DefaultMaven.doExecute (DefaultMaven.java:220)
    at org.apache.maven.DefaultMaven.doExecute (DefaultMaven.java:173)
    at org.apache.maven.DefaultMaven.execute (DefaultMaven.java:101)
    at org.apache.maven.cli.MavenCli.execute (MavenCli.java:919)
    at org.apache.maven.cli.MavenCli.doMain (MavenCli.java:285)
    at org.apache.maven.cli.MavenCli.main (MavenCli.java:207)
    at sun.reflect.NativeMethodAccessorImpl.invoke0 (Native Method)
    at sun.reflect.NativeMethodAccessorImpl.invoke (NativeMethodAccessorImpl.java:62)
    at sun.reflect.DelegatingMethodAccessorImpl.invoke (DelegatingMethodAccessorImpl.java:43)
    at java.lang.reflect.Method.invoke (Method.java:498)
    at org.codehaus.plexus.classworlds.launcher.Launcher.launchEnhanced (Launcher.java:255)
    at org.codehaus.plexus.classworlds.launcher.Launcher.launch (Launcher.java:201)
    at org.codehaus.plexus.classworlds.launcher.Launcher.mainWithExitCode (Launcher.java:361)
    at org.codehaus.plexus.classworlds.launcher.Launcher.main (Launcher.java:314)
Caused by: java.lang.UnsupportedClassVersionError: org/eclipse/tycho/core/maven/TychoMavenLifecycleParticipant has been compiled by a more recent version of the Java Runtime (class file version 55.0), this version of the Java Runtime only recognizes class file versions up to 52.0
    at java.lang.ClassLoader.defineClass1 (Native Method)
    at java.lang.ClassLoader.defineClass (ClassLoader.java:756)
    at java.security.SecureClassLoader.defineClass (SecureClassLoader.java:142)
    at java.net.URLClassLoader.defineClass (URLClassLoader.java:473)
    at java.net.URLClassLoader.access$100 (URLClassLoader.java:74)
    at java.net.URLClassLoader$1.run (URLClassLoader.java:369)
    at java.net.URLClassLoader$1.run (URLClassLoader.java:363)
    at java.security.AccessController.doPrivileged (Native Method)
    at java.net.URLClassLoader.findClass (URLClassLoader.java:362)
    at org.codehaus.plexus.classworlds.realm.ClassRealm.findClassInternal (ClassRealm.java:256)
    at org.codehaus.plexus.classworlds.realm.ClassRealm.loadClassFromSelf (ClassRealm.java:351)
    at org.codehaus.plexus.classworlds.strategy.SelfFirstStrategy.loadClass (SelfFirstStrategy.java:36)
    at org.codehaus.plexus.classworlds.realm.ClassRealm.unsynchronizedLoadClass (ClassRealm.java:225)
    at org.codehaus.plexus.classworlds.realm.ClassRealm.loadClass (ClassRealm.java:210)
    at org.codehaus.plexus.classworlds.realm.ClassRealm.loadClass (ClassRealm.java:205)
    at org.eclipse.sisu.space.URLClassSpace.loadClass (URLClassSpace.java:141)
    at org.eclipse.sisu.space.NamedClass.load (NamedClass.java:48)
    at org.eclipse.sisu.space.AbstractDeferredClass.get (AbstractDeferredClass.java:50)
    at com.google.inject.internal.ProviderInternalFactory.provision (ProviderInternalFactory.java:86)
    at com.google.inject.internal.InternalFactoryToInitializableAdapter.provision (InternalFactoryToInitializableAdapter.java:57)
    at com.google.inject.internal.ProviderInternalFactory$1.call (ProviderInternalFactory.java:67)
    at com.google.inject.internal.ProvisionListenerStackCallback$Provision.provision (ProvisionListenerStackCallback.java:109)
    at org.eclipse.sisu.bean.BeanScheduler$CycleActivator.onProvision (BeanScheduler.java:232)
    at com.google.inject.internal.ProvisionListenerStackCallback$Provision.provision (ProvisionListenerStackCallback.java:117)
    at com.google.inject.internal.ProvisionListenerStackCallback.provision (ProvisionListenerStackCallback.java:66)
    at com.google.inject.internal.ProviderInternalFactory.circularGet (ProviderInternalFactory.java:62)
    at com.google.inject.internal.InternalFactoryToInitializableAdapter.get (InternalFactoryToInitializableAdapter.java:47)
    at com.google.inject.internal.ProviderToInternalFactoryAdapter.get (ProviderToInternalFactoryAdapter.java:40)
    at com.google.inject.internal.SingletonScope$1.get (SingletonScope.java:169)
    at com.google.inject.internal.InternalFactoryToProviderAdapter.get (InternalFactoryToProviderAdapter.java:45)
    at com.google.inject.internal.InjectorImpl$1.get (InjectorImpl.java:1101)
    at org.eclipse.sisu.inject.LazyBeanEntry.getValue (LazyBeanEntry.java:83)
    at org.eclipse.sisu.plexus.LazyPlexusBean.getValue (LazyPlexusBean.java:53)
    at org.eclipse.sisu.wire.EntryListAdapter$ValueIterator.next (EntryListAdapter.java:113)
    at java.util.AbstractCollection.addAll (AbstractCollection.java:343)
    at org.apache.maven.DefaultMaven.getProjectScopedExtensionComponents (DefaultMaven.java:358)
    at org.apache.maven.DefaultMaven.getLifecycleParticipants (DefaultMaven.java:338)
    at org.apache.maven.DefaultMaven.doExecute (DefaultMaven.java:220)
    at org.apache.maven.DefaultMaven.doExecute (DefaultMaven.java:173)
    at org.apache.maven.DefaultMaven.execute (DefaultMaven.java:101)
    at org.apache.maven.cli.MavenCli.execute (MavenCli.java:919)
    at org.apache.maven.cli.MavenCli.doMain (MavenCli.java:285)
    at org.apache.maven.cli.MavenCli.main (MavenCli.java:207)
    at sun.reflect.NativeMethodAccessorImpl.invoke0 (Native Method)
    at sun.reflect.NativeMethodAccessorImpl.invoke (NativeMethodAccessorImpl.java:62)
    at sun.reflect.DelegatingMethodAccessorImpl.invoke (DelegatingMethodAccessorImpl.java:43)
    at java.lang.reflect.Method.invoke (Method.java:498)
    at org.codehaus.plexus.classworlds.launcher.Launcher.launchEnhanced (Launcher.java:255)
    at org.codehaus.plexus.classworlds.launcher.Launcher.launch (Launcher.java:201)
    at org.codehaus.plexus.classworlds.launcher.Launcher.mainWithExitCode (Launcher.java:361)
    at org.codehaus.plexus.classworlds.launcher.Launcher.main (Launcher.java:314)
[ERROR] 
[ERROR] To see the full stack trace of the errors, re-run Maven with the -e switch.
[ERROR] Re-run Maven using the -X switch to enable full debug logging.
[ERROR] 
[ERROR] For more information about the errors and possible solutions, please read the following articles:
[ERROR] [Help 1] http://cwiki.apache.org/confluence/display/MAVEN/InternalErrorException

STDERR:
