COMMAND: mvn.cmd -s D:\Khedma\Mr wiem\mutation-test-pipeline\target-repos\116547\.mvn\settings.xml -DskipTests compile

STDOUT:
[INFO] Scanning for projects...
[INFO] 
[INFO] ------------------< cuke4duke:cuke4duke-maven-plugin >------------------
[INFO] Building Cuke4Duke: Maven Plugin 0.4.4
[INFO]   from pom.xml
[INFO] ----------------------------[ maven-plugin ]----------------------------
[INFO] ------------------------------------------------------------------------
[INFO] BUILD FAILURE
[INFO] ------------------------------------------------------------------------
[INFO] Total time:  0.369 s
[INFO] Finished at: 2026-02-25T13:08:02-05:00
[INFO] ------------------------------------------------------------------------
[ERROR] Failed to execute goal on project cuke4duke-maven-plugin: Could not collect dependencies for project cuke4duke:cuke4duke-maven-plugin:maven-plugin:0.4.4
[ERROR] Failed to read artifact descriptor for cuke4duke:cuke4duke:jar:0.4.4
[ERROR] 	Caused by: The following artifacts could not be resolved: cuke4duke:cuke4duke:pom:0.4.4 (absent): Could not transfer artifact cuke4duke:cuke4duke:pom:0.4.4 from/to maven-default-http-blocker (http://0.0.0.0/): Blocked mirror for repositories: [codehaus (http://repository.codehaus.org, default, releases+snapshots), cukes (http://cukes.info/maven, default, releases+snapshots)]
[ERROR] 
[ERROR] -> [Help 1]
[ERROR] 
[ERROR] To see the full stack trace of the errors, re-run Maven with the -e switch.
[ERROR] Re-run Maven using the -X switch to enable full debug logging.
[ERROR] 
[ERROR] For more information about the errors and possible solutions, please read the following articles:
[ERROR] [Help 1] http://cwiki.apache.org/confluence/display/MAVEN/DependencyResolutionException

STDERR:
