COMMAND: mvn.cmd -s D:\Khedma\Mr wiem\mutation-test-pipeline\.mvn\settings.xml org.pitest:pitest-maven:mutationCoverage -DtargetClasses=org.red5.server.service.ConversionUtils -DtargetTests=org.red5.server.service.ConversionUtilsTest -DoutputFormats=XML,HTML

STDOUT:
[INFO] Scanning for projects...
Downloading from central: https://repo1.maven.org/maven2/org/pitest/pitest-maven/maven-metadata.xml
Progress (1): 4.7 kB
Progress (1): 4.8 kB
                    
Downloaded from central: https://repo1.maven.org/maven2/org/pitest/pitest-maven/maven-metadata.xml (4.8 kB at 11 kB/s)
[INFO] 
[INFO] -------------------------< org.red5:red5-base >-------------------------
[INFO] Building red5-base 0.8rc2-SNAPSHOT
[INFO]   from pom.xml
[INFO] --------------------------------[ jar ]---------------------------------
[WARNING] The POM for opensymphony:quartz-all:jar:1.6.0 is missing, no dependency information available
[WARNING] The artifact xml-apis:xml-apis:jar:2.0.2 has been relocated to xml-apis:xml-apis:jar:1.0.b2
[INFO] 
[INFO] --- pitest:1.22.1:mutationCoverage (default-cli) @ red5-base ---
[WARNING] Error injecting: org.pitest.maven.PitMojo
java.lang.TypeNotPresentException: Type org.pitest.maven.PitMojo not present
    at org.eclipse.sisu.space.URLClassSpace.loadClass (URLClassSpace.java:149)
    at org.eclipse.sisu.space.NamedClass.load (NamedClass.java:48)
    at org.eclipse.sisu.space.AbstractDeferredClass.get (AbstractDeferredClass.java:50)
    at com.google.inject.internal.ProviderInternalFactory.provision (ProviderInternalFactory.java:86)
    at com.google.inject.internal.InternalFactoryToInitializableAdapter.provision (InternalFactoryToInitializableAdapter.java:57)
    at com.google.inject.internal.ProviderInternalFactory$1.call (ProviderInternalFactory.java:67)
    at com.google.inject.internal.ProvisionListenerStackCallback$Provision.provision (ProvisionListenerStackCallback.java:109)
    at com.google.inject.internal.ProvisionListenerStackCallback$Provision.provision (ProvisionListenerStackCallback.java:124)
    at com.google.inject.internal.ProvisionListenerStackCallback.provision (ProvisionListenerStackCallback.java:66)
    at com.google.inject.internal.ProviderInternalFactory.circularGet (ProviderInternalFactory.java:62)
    at com.google.inject.internal.InternalFactoryToInitializableAdapter.get (InternalFactoryToInitializableAdapter.java:47)
    at com.google.inject.internal.InjectorImpl$1.get (InjectorImpl.java:1101)
    at org.eclipse.sisu.inject.Guice4$2.get (Guice4.java:235)
    at org.eclipse.sisu.inject.LazyBeanEntry.getValue (LazyBeanEntry.java:83)
    at org.eclipse.sisu.plexus.LazyPlexusBean.getValue (LazyPlexusBean.java:53)
    at org.codehaus.plexus.DefaultPlexusContainer.lookup (DefaultPlexusContainer.java:267)
    at org.codehaus.plexus.DefaultPlexusContainer.lookup (DefaultPlexusContainer.java:259)
    at org.apache.maven.plugin.internal.DefaultMavenPluginManager.getConfiguredMojo (DefaultMavenPluginManager.java:503)
    at org.apache.maven.plugin.DefaultBuildPluginManager.executeMojo (DefaultBuildPluginManager.java:114)
    at org.apache.maven.lifecycle.internal.MojoExecutor.doExecute2 (MojoExecutor.java:328)
    at org.apache.maven.lifecycle.internal.MojoExecutor.doExecute (MojoExecutor.java:316)
    at org.apache.maven.lifecycle.internal.MojoExecutor.execute (MojoExecutor.java:212)
    at org.apache.maven.lifecycle.internal.MojoExecutor.execute (MojoExecutor.java:174)
    at org.apache.maven.lifecycle.internal.MojoExecutor.access$000 (MojoExecutor.java:75)
    at org.apache.maven.lifecycle.internal.MojoExecutor$1.run (MojoExecutor.java:162)
    at org.apache.maven.plugin.DefaultMojosExecutionStrategy.execute (DefaultMojosExecutionStrategy.java:39)
    at org.apache.maven.lifecycle.internal.MojoExecutor.execute (MojoExecutor.java:159)
    at org.apache.maven.lifecycle.internal.LifecycleModuleBuilder.buildProject (LifecycleModuleBuilder.java:105)
    at org.apache.maven.lifecycle.internal.LifecycleModuleBuilder.buildProject (LifecycleModuleBuilder.java:73)
    at org.apache.maven.lifecycle.internal.builder.singlethreaded.SingleThreadedBuilder.build (SingleThreadedBuilder.java:53)
    at org.apache.maven.lifecycle.internal.LifecycleStarter.execute (LifecycleStarter.java:118)
    at org.apache.maven.DefaultMaven.doExecute (DefaultMaven.java:261)
    at org.apache.maven.DefaultMaven.doExecute (DefaultMaven.java:173)
    at org.apache.maven.DefaultMaven.execute (DefaultMaven.java:101)
    at org.apache.maven.cli.MavenCli.execute (MavenCli.java:919)
    at org.apache.maven.cli.MavenCli.doMain (MavenCli.java:285)
    at org.apache.maven.cli.MavenCli.main (MavenCli.java:207)
    at sun.reflect.NativeMethodAccessorImpl.invoke0 (Native Method)
    at sun.reflect.NativeMethodAccessorImpl.invoke (NativeMethodAccessorImpl.java:62)
    at sun.reflect.DelegatingMethodAccessorImpl.invoke (DelegatingMethodAccessorImpl.java:43)
    at java.lang.reflect.Method.invoke (Method.java:498)
    at org.codehaus.plexus.classworlds.launcher.Launcher.launchEnhanced (Launcher.java:255)
    at org.codehaus.plexus.classworlds.launcher.Launcher.launch (Launcher.java:201)
    at org.codehaus.plexus.classworlds.launcher.Launcher.mainWithExitCode (Launcher.java:361)
    at org.codehaus.plexus.classworlds.launcher.Launcher.main (Launcher.java:314)
Caused by: java.lang.UnsupportedClassVersionError: org/pitest/maven/PitMojo has been compiled by a more recent version of the Java Runtime (class file version 55.0), this version of the Java Runtime only recognizes class file versions up to 52.0
    at java.lang.ClassLoader.defineClass1 (Native Method)
    at java.lang.ClassLoader.defineClass (ClassLoader.java:756)
    at java.security.SecureClassLoader.defineClass (SecureClassLoader.java:142)
    at java.net.URLClassLoader.defineClass (URLClassLoader.java:473)
    at java.net.URLClassLoader.access$100 (URLClassLoader.java:74)
    at java.net.URLClassLoader$1.run (URLClassLoader.java:369)
    at java.net.URLClassLoader$1.run (URLClassLoader.java:363)
    at java.security.AccessController.doPrivileged (Native Method)
    at java.net.URLClassLoader.findClass (URLClassLoader.java:362)
    at org.codehaus.plexus.classworlds.realm.ClassRealm.findClassInternal (ClassRealm.java:256)
    at org.codehaus.plexus.classworlds.realm.ClassRealm.loadClassFromSelf (ClassRealm.java:351)
    at org.codehaus.plexus.classworlds.strategy.SelfFirstStrategy.loadClass (SelfFirstStrategy.java:36)
    at org.codehaus.plexus.classworlds.realm.ClassRealm.unsynchronizedLoadClass (ClassRealm.java:225)
    at org.codehaus.plexus.classworlds.realm.ClassRealm.loadClass (ClassRealm.java:210)
    at org.codehaus.plexus.classworlds.realm.ClassRealm.loadClass (ClassRealm.java:205)
    at org.eclipse.sisu.space.URLClassSpace.loadClass (URLClassSpace.java:141)
    at org.eclipse.sisu.space.NamedClass.load (NamedClass.java:48)
    at org.eclipse.sisu.space.AbstractDeferredClass.get (AbstractDeferredClass.java:50)
    at com.google.inject.internal.ProviderInternalFactory.provision (ProviderInternalFactory.java:86)
    at com.google.inject.internal.InternalFactoryToInitializableAdapter.provision (InternalFactoryToInitializableAdapter.java:57)
    at com.google.inject.internal.ProviderInternalFactory$1.call (ProviderInternalFactory.java:67)
    at com.google.inject.internal.ProvisionListenerStackCallback$Provision.provision (ProvisionListenerStackCallback.java:109)
    at com.google.inject.internal.ProvisionListenerStackCallback$Provision.provision (ProvisionListenerStackCallback.java:124)
    at com.google.inject.internal.ProvisionListenerStackCallback.provision (ProvisionListenerStackCallback.java:66)
    at com.google.inject.internal.ProviderInternalFactory.circularGet (ProviderInternalFactory.java:62)
    at com.google.inject.internal.InternalFactoryToInitializableAdapter.get (InternalFactoryToInitializableAdapter.java:47)
    at com.google.inject.internal.InjectorImpl$1.get (InjectorImpl.java:1101)
    at org.eclipse.sisu.inject.Guice4$2.get (Guice4.java:235)
    at org.eclipse.sisu.inject.LazyBeanEntry.getValue (LazyBeanEntry.java:83)
    at org.eclipse.sisu.plexus.LazyPlexusBean.getValue (LazyPlexusBean.java:53)
    at org.codehaus.plexus.DefaultPlexusContainer.lookup (DefaultPlexusContainer.java:267)
    at org.codehaus.plexus.DefaultPlexusContainer.lookup (DefaultPlexusContainer.java:259)
    at org.apache.maven.plugin.internal.DefaultMavenPluginManager.getConfiguredMojo (DefaultMavenPluginManager.java:503)
    at org.apache.maven.plugin.DefaultBuildPluginManager.executeMojo (DefaultBuildPluginManager.java:114)
    at org.apache.maven.lifecycle.internal.MojoExecutor.doExecute2 (MojoExecutor.java:328)
    at org.apache.maven.lifecycle.internal.MojoExecutor.doExecute (MojoExecutor.java:316)
    at org.apache.maven.lifecycle.internal.MojoExecutor.execute (MojoExecutor.java:212)
    at org.apache.maven.lifecycle.internal.MojoExecutor.execute (MojoExecutor.java:174)
    at org.apache.maven.lifecycle.internal.MojoExecutor.access$000 (MojoExecutor.java:75)
    at org.apache.maven.lifecycle.internal.MojoExecutor$1.run (MojoExecutor.java:162)
    at org.apache.maven.plugin.DefaultMojosExecutionStrategy.execute (DefaultMojosExecutionStrategy.java:39)
    at org.apache.maven.lifecycle.internal.MojoExecutor.execute (MojoExecutor.java:159)
    at org.apache.maven.lifecycle.internal.LifecycleModuleBuilder.buildProject (LifecycleModuleBuilder.java:105)
    at org.apache.maven.lifecycle.internal.LifecycleModuleBuilder.buildProject (LifecycleModuleBuilder.java:73)
    at org.apache.maven.lifecycle.internal.builder.singlethreaded.SingleThreadedBuilder.build (SingleThreadedBuilder.java:53)
    at org.apache.maven.lifecycle.internal.LifecycleStarter.execute (LifecycleStarter.java:118)
    at org.apache.maven.DefaultMaven.doExecute (DefaultMaven.java:261)
    at org.apache.maven.DefaultMaven.doExecute (DefaultMaven.java:173)
    at org.apache.maven.DefaultMaven.execute (DefaultMaven.java:101)
    at org.apache.maven.cli.MavenCli.execute (MavenCli.java:919)
    at org.apache.maven.cli.MavenCli.doMain (MavenCli.java:285)
    at org.apache.maven.cli.MavenCli.main (MavenCli.java:207)
    at sun.reflect.NativeMethodAccessorImpl.invoke0 (Native Method)
    at sun.reflect.NativeMethodAccessorImpl.invoke (NativeMethodAccessorImpl.java:62)
    at sun.reflect.DelegatingMethodAccessorImpl.invoke (DelegatingMethodAccessorImpl.java:43)
    at java.lang.reflect.Method.invoke (Method.java:498)
    at org.codehaus.plexus.classworlds.launcher.Launcher.launchEnhanced (Launcher.java:255)
    at org.codehaus.plexus.classworlds.launcher.Launcher.launch (Launcher.java:201)
    at org.codehaus.plexus.classworlds.launcher.Launcher.mainWithExitCode (Launcher.java:361)
    at org.codehaus.plexus.classworlds.launcher.Launcher.main (Launcher.java:314)
[INFO] ------------------------------------------------------------------------
[INFO] BUILD FAILURE
[INFO] ------------------------------------------------------------------------
[INFO] Total time:  2.266 s
[INFO] Finished at: 2026-02-23T22:56:25-05:00
[INFO] ------------------------------------------------------------------------
[ERROR] Failed to execute goal org.pitest:pitest-maven:1.22.1:mutationCoverage (default-cli) on project red5-base: Execution default-cli of goal org.pitest:pitest-maven:1.22.1:mutationCoverage failed: Unable to load the mojo 'mutationCoverage' in the plugin 'org.pitest:pitest-maven:1.22.1' due to an API incompatibility: org.codehaus.plexus.component.repository.exception.ComponentLookupException: org/pitest/maven/PitMojo has been compiled by a more recent version of the Java Runtime (class file version 55.0), this version of the Java Runtime only recognizes class file versions up to 52.0
[ERROR] -----------------------------------------------------
[ERROR] realm =    plugin>org.pitest:pitest-maven:1.22.1
[ERROR] strategy = org.codehaus.plexus.classworlds.strategy.SelfFirstStrategy
[ERROR] urls[0] = file:/C:/Users/Aymen%20Masmoudi/.m2/repository/org/pitest/pitest-maven/1.22.1/pitest-maven-1.22.1.jar
[ERROR] urls[1] = file:/C:/Users/Aymen%20Masmoudi/.m2/repository/org/pitest/pitest-entry/1.22.1/pitest-entry-1.22.1.jar
[ERROR] urls[2] = file:/C:/Users/Aymen%20Masmoudi/.m2/repository/org/pitest/pitest/1.22.1/pitest-1.22.1.jar
[ERROR] urls[3] = file:/C:/Users/Aymen%20Masmoudi/.m2/repository/org/ow2/asm/asm-commons/9.9.1/asm-commons-9.9.1.jar
[ERROR] urls[4] = file:/C:/Users/Aymen%20Masmoudi/.m2/repository/org/ow2/asm/asm/9.9.1/asm-9.9.1.jar
[ERROR] urls[5] = file:/C:/Users/Aymen%20Masmoudi/.m2/repository/org/ow2/asm/asm-util/9.9.1/asm-util-9.9.1.jar
[ERROR] urls[6] = file:/C:/Users/Aymen%20Masmoudi/.m2/repository/org/ow2/asm/asm-tree/9.9.1/asm-tree-9.9.1.jar
[ERROR] urls[7] = file:/C:/Users/Aymen%20Masmoudi/.m2/repository/org/ow2/asm/asm-analysis/9.9.1/asm-analysis-9.9.1.jar
[ERROR] urls[8] = file:/C:/Users/Aymen%20Masmoudi/.m2/repository/org/apache/commons/commons-text/1.14.0/commons-text-1.14.0.jar
[ERROR] urls[9] = file:/C:/Users/Aymen%20Masmoudi/.m2/repository/org/apache/commons/commons-lang3/3.18.0/commons-lang3-3.18.0.jar
[ERROR] urls[10] = file:/C:/Users/Aymen%20Masmoudi/.m2/repository/org/pitest/pitest-html-report/1.22.1/pitest-html-report-1.22.1.jar
[ERROR] urls[11] = file:/C:/Users/Aymen%20Masmoudi/.m2/repository/org/antlr/stringtemplate/3.2.1/stringtemplate-3.2.1.jar
[ERROR] urls[12] = file:/C:/Users/Aymen%20Masmoudi/.m2/repository/antlr/antlr/2.7.7/antlr-2.7.7.jar
[ERROR] urls[13] = file:/C:/Users/Aymen%20Masmoudi/.m2/repository/org/pitest/pitest-aggregator/1.22.1/pitest-aggregator-1.22.1.jar
[ERROR] urls[14] = file:/C:/Users/Aymen%20Masmoudi/.m2/repository/com/fasterxml/jackson/dataformat/jackson-dataformat-xml/2.17.0/jackson-dataformat-xml-2.17.0.jar
[ERROR] urls[15] = file:/C:/Users/Aymen%20Masmoudi/.m2/repository/com/fasterxml/jackson/core/jackson-core/2.17.0/jackson-core-2.17.0.jar
[ERROR] urls[16] = file:/C:/Users/Aymen%20Masmoudi/.m2/repository/com/fasterxml/jackson/core/jackson-annotations/2.17.0/jackson-annotations-2.17.0.jar
[ERROR] urls[17] = file:/C:/Users/Aymen%20Masmoudi/.m2/repository/com/fasterxml/jackson/core/jackson-databind/2.17.0/jackson-databind-2.17.0.jar
[ERROR] urls[18] = file:/C:/Users/Aymen%20Masmoudi/.m2/repository/net/bytebuddy/byte-buddy/1.14.9/byte-buddy-1.14.9.jar
[ERROR] urls[19] = file:/C:/Users/Aymen%20Masmoudi/.m2/repository/org/codehaus/woodstox/stax2-api/4.2.2/stax2-api-4.2.2.jar
[ERROR] urls[20] = file:/C:/Users/Aymen%20Masmoudi/.m2/repository/com/fasterxml/woodstox/woodstox-core/6.6.1/woodstox-core-6.6.1.jar
[ERROR] urls[21] = file:/C:/Users/Aymen%20Masmoudi/.m2/repository/org/apache/maven/reporting/maven-reporting-api/3.1.0/maven-reporting-api-3.1.0.jar
[ERROR] urls[22] = file:/C:/Users/Aymen%20Masmoudi/.m2/repository/org/apache/maven/doxia/doxia-sink-api/1.11.1/doxia-sink-api-1.11.1.jar
[ERROR] urls[23] = file:/C:/Users/Aymen%20Masmoudi/.m2/repository/org/apache/maven/doxia/doxia-logging-api/1.11.1/doxia-logging-api-1.11.1.jar
[ERROR] urls[24] = file:/C:/Users/Aymen%20Masmoudi/.m2/repository/commons-collections/commons-collections/3.2.2/commons-collections-3.2.2.jar
[ERROR] urls[25] = file:/C:/Users/Aymen%20Masmoudi/.m2/repository/commons-beanutils/commons-beanutils/1.11.0/commons-beanutils-1.11.0.jar
[ERROR] urls[26] = file:/C:/Users/Aymen%20Masmoudi/.m2/repository/commons-logging/commons-logging/1.3.5/commons-logging-1.3.5.jar
[ERROR] urls[27] = file:/C:/Users/Aymen%20Masmoudi/.m2/repository/org/codehaus/plexus/plexus-utils/3.3.1/plexus-utils-3.3.1.jar
[ERROR] urls[28] = file:/C:/Users/Aymen%20Masmoudi/.m2/repository/org/apache/maven/reporting/maven-reporting-impl/3.1.0/maven-reporting-impl-3.1.0.jar
[ERROR] urls[29] = file:/C:/Users/Aymen%20Masmoudi/.m2/repository/org/eclipse/sisu/org.eclipse.sisu.inject/0.3.5/org.eclipse.sisu.inject-0.3.5.jar
[ERROR] urls[30] = file:/C:/Users/Aymen%20Masmoudi/.m2/repository/org/codehaus/plexus/plexus-component-annotations/2.1.0/plexus-component-annotations-2.1.0.jar
[ERROR] urls[31] = file:/C:/Users/Aymen%20Masmoudi/.m2/repository/org/apache/maven/shared/maven-shared-utils/3.3.3/maven-shared-utils-3.3.3.jar
[ERROR] urls[32] = file:/C:/Users/Aymen%20Masmoudi/.m2/repository/commons-io/commons-io/2.6/commons-io-2.6.jar
[ERROR] urls[33] = file:/C:/Users/Aymen%20Masmoudi/.m2/repository/org/apache/maven/doxia/doxia-decoration-model/1.11.1/doxia-decoration-model-1.11.1.jar
[ERROR] urls[34] = file:/C:/Users/Aymen%20Masmoudi/.m2/repository/org/apache/maven/doxia/doxia-core/1.11.1/doxia-core-1.11.1.jar
[ERROR] urls[35] = file:/C:/Users/Aymen%20Masmoudi/.m2/repository/org/apache/xbean/xbean-reflect/3.7/xbean-reflect-3.7.jar
[ERROR] urls[36] = file:/C:/Users/Aymen%20Masmoudi/.m2/repository/com/google/collections/google-collections/1.0/google-collections-1.0.jar
[ERROR] urls[37] = file:/C:/Users/Aymen%20Masmoudi/.m2/repository/org/apache/httpcomponents/httpclient/4.5.13/httpclient-4.5.13.jar
[ERROR] urls[38] = file:/C:/Users/Aymen%20Masmoudi/.m2/repository/commons-codec/commons-codec/1.11/commons-codec-1.11.jar
[ERROR] urls[39] = file:/C:/Users/Aymen%20Masmoudi/.m2/repository/org/apache/httpcomponents/httpcore/4.4.14/httpcore-4.4.14.jar
[ERROR] urls[40] = file:/C:/Users/Aymen%20Masmoudi/.m2/repository/org/apache/maven/doxia/doxia-site-renderer/1.11.1/doxia-site-renderer-1.11.1.jar
[ERROR] urls[41] = file:/C:/Users/Aymen%20Masmoudi/.m2/repository/org/apache/maven/doxia/doxia-skin-model/1.11.1/doxia-skin-model-1.11.1.jar
[ERROR] urls[42] = file:/C:/Users/Aymen%20Masmoudi/.m2/repository/org/apache/maven/doxia/doxia-module-xhtml/1.11.1/doxia-module-xhtml-1.11.1.jar
[ERROR] urls[43] = file:/C:/Users/Aymen%20Masmoudi/.m2/repository/org/apache/maven/doxia/doxia-module-xhtml5/1.11.1/doxia-module-xhtml5-1.11.1.jar
[ERROR] urls[44] = file:/C:/Users/Aymen%20Masmoudi/.m2/repository/org/codehaus/plexus/plexus-i18n/1.0-beta-10/plexus-i18n-1.0-beta-10.jar
[ERROR] urls[45] = file:/C:/Users/Aymen%20Masmoudi/.m2/repository/org/codehaus/plexus/plexus-velocity/1.2/plexus-velocity-1.2.jar
[ERROR] urls[46] = file:/C:/Users/Aymen%20Masmoudi/.m2/repository/org/apache/velocity/velocity/1.7/velocity-1.7.jar
[ERROR] urls[47] = file:/C:/Users/Aymen%20Masmoudi/.m2/repository/commons-lang/commons-lang/2.4/commons-lang-2.4.jar
[ERROR] urls[48] = file:/C:/Users/Aymen%20Masmoudi/.m2/repository/org/apache/velocity/velocity-tools/2.0/velocity-tools-2.0.jar
[ERROR] urls[49] = file:/C:/Users/Aymen%20Masmoudi/.m2/repository/commons-digester/commons-digester/1.8/commons-digester-1.8.jar
[ERROR] urls[50] = file:/C:/Users/Aymen%20Masmoudi/.m2/repository/commons-chain/commons-chain/1.1/commons-chain-1.1.jar
[ERROR] urls[51] = file:/C:/Users/Aymen%20Masmoudi/.m2/repository/dom4j/dom4j/1.1/dom4j-1.1.jar
[ERROR] urls[52] = file:/C:/Users/Aymen%20Masmoudi/.m2/repository/oro/oro/2.0.8/oro-2.0.8.jar
[ERROR] urls[53] = file:/C:/Users/Aymen%20Masmoudi/.m2/repository/org/apache/maven/surefire/surefire-booter/3.2.5/surefire-booter-3.2.5.jar
[ERROR] urls[54] = file:/C:/Users/Aymen%20Masmoudi/.m2/repository/org/apache/maven/surefire/surefire-api/3.2.5/surefire-api-3.2.5.jar
[ERROR] urls[55] = file:/C:/Users/Aymen%20Masmoudi/.m2/repository/org/apache/maven/surefire/surefire-logger-api/3.2.5/surefire-logger-api-3.2.5.jar
[ERROR] urls[56] = file:/C:/Users/Aymen%20Masmoudi/.m2/repository/org/apache/maven/surefire/surefire-extensions-spi/3.2.5/surefire-extensions-spi-3.2.5.jar
[ERROR] urls[57] = file:/C:/Users/Aymen%20Masmoudi/.m2/repository/org/apache/maven/surefire/maven-surefire-common/3.2.5/maven-surefire-common-3.2.5.jar
[ERROR] urls[58] = file:/C:/Users/Aymen%20Masmoudi/.m2/repository/org/apache/maven/surefire/surefire-extensions-api/3.2.5/surefire-extensions-api-3.2.5.jar
[ERROR] urls[59] = file:/C:/Users/Aymen%20Masmoudi/.m2/repository/org/apache/maven/shared/maven-common-artifact-filters/3.1.1/maven-common-artifact-filters-3.1.1.jar
[ERROR] urls[60] = file:/C:/Users/Aymen%20Masmoudi/.m2/repository/org/codehaus/plexus/plexus-java/1.2.0/plexus-java-1.2.0.jar
[ERROR] urls[61] = file:/C:/Users/Aymen%20Masmoudi/.m2/repository/com/thoughtworks/qdox/qdox/2.0.3/qdox-2.0.3.jar
[ERROR] urls[62] = file:/C:/Users/Aymen%20Masmoudi/.m2/repository/org/apache/maven/surefire/surefire-shared-utils/3.2.5/surefire-shared-utils-3.2.5.jar
[ERROR] urls[63] = file:/C:/Users/Aymen%20Masmoudi/.m2/repository/org/slf4j/jul-to-slf4j/1.7.12/jul-to-slf4j-1.7.12.jar
[ERROR] urls[64] = file:/C:/Users/Aymen%20Masmoudi/.m2/repository/uk/org/lidalia/sysout-over-slf4j/1.0.2/sysout-over-slf4j-1.0.2.jar
[ERROR] Number of foreign imports: 1
[ERROR] import: Entry[import  from realm ClassRealm[maven.api, parent: null]]
[ERROR] 
[ERROR] -----------------------------------------------------
[ERROR] 
[ERROR] -> [Help 1]
[ERROR] 
[ERROR] To see the full stack trace of the errors, re-run Maven with the -e switch.
[ERROR] Re-run Maven using the -X switch to enable full debug logging.
[ERROR] 
[ERROR] For more information about the errors and possible solutions, please read the following articles:
[ERROR] [Help 1] http://cwiki.apache.org/confluence/display/MAVEN/PluginContainerException

STDERR:
