COMMAND: mvn.cmd -s D:\Khedma\Mr wiem\mutation-test-pipeline\.mvn\settings.xml -DskipTests compile

STDOUT:
[INFO] Scanning for projects...
[INFO] 
[INFO] -------------------------< de.linsin:alterego >-------------------------
[INFO] Building alterego 0.1
[INFO]   from pom.xml
[INFO] --------------------------------[ jar ]---------------------------------
Downloading from central: https://repo1.maven.org/maven2/pircbot/pircbot/1.4.6/pircbot-1.4.6.pom
Progress (1): 1.3 kB
Progress (1): 1.6 kB
                    
Downloaded from central: https://repo1.maven.org/maven2/pircbot/pircbot/1.4.6/pircbot-1.4.6.pom (1.6 kB at 3.5 kB/s)
Downloading from central: https://repo1.maven.org/maven2/commons-httpclient/commons-httpclient/3.1-rc1/commons-httpclient-3.1-rc1.pom
Progress (1): 954 B
Progress (1): 3.2 kB
Progress (1): 6.0 kB
Progress (1): 7.7 kB
                    
Downloaded from central: https://repo1.maven.org/maven2/commons-httpclient/commons-httpclient/3.1-rc1/commons-httpclient-3.1-rc1.pom (7.7 kB at 91 kB/s)
Downloading from central: https://repo1.maven.org/maven2/junit/junit/4.6/junit-4.6.pom
Progress (1): 1.0 kB
Progress (1): 1.2 kB
                    
Downloaded from central: https://repo1.maven.org/maven2/junit/junit/4.6/junit-4.6.pom (1.2 kB at 17 kB/s)
Downloading from central: https://repo1.maven.org/maven2/org/easymock/easymock/2.4/easymock-2.4.pom
Progress (1): 1.2 kB
Progress (1): 2.6 kB
Progress (1): 5.1 kB
Progress (1): 5.3 kB
                    
Downloaded from central: https://repo1.maven.org/maven2/org/easymock/easymock/2.4/easymock-2.4.pom (5.3 kB at 102 kB/s)
Downloading from central: https://repo1.maven.org/maven2/org/easymock/easymockclassextension/2.4/easymockclassextension-2.4.pom
Progress (1): 1.0 kB
Progress (1): 2.5 kB
Progress (1): 5.4 kB
Progress (1): 6.0 kB
                    
Downloaded from central: https://repo1.maven.org/maven2/org/easymock/easymockclassextension/2.4/easymockclassextension-2.4.pom (6.0 kB at 61 kB/s)
Downloading from central: https://repo1.maven.org/maven2/pircbot/pircbot/1.4.6/pircbot-1.4.6.jar
Downloading from central: https://repo1.maven.org/maven2/commons-httpclient/commons-httpclient/3.1-rc1/commons-httpclient-3.1-rc1.jar
Downloading from central: https://repo1.maven.org/maven2/commons-codec/commons-codec/1.2/commons-codec-1.2.jar
Progress (1): 0.9/308 kB
Progress (1): 2.3/308 kB
Progress (1): 3.7/308 kB
Progress (1): 5.0/308 kB
Progress (1): 6.4/308 kB
Progress (1): 7.8/308 kB
Progress (1): 9.1/308 kB
Progress (1): 11/308 kB 
Progress (1): 12/308 kB
Progress (1): 13/308 kB
Progress (1): 15/308 kB
Progress (1): 16/308 kB
Progress (1): 16/308 kB
Progress (1): 18/308 kB
Progress (1): 19/308 kB
Progress (1): 20/308 kB
Progress (1): 22/308 kB
Progress (1): 23/308 kB
Progress (1): 25/308 kB
Progress (1): 26/308 kB
Progress (1): 27/308 kB
Progress (1): 29/308 kB
Progress (1): 30/308 kB
Progress (1): 31/308 kB
Progress (1): 33/308 kB
Progress (1): 34/308 kB
Progress (1): 36/308 kB
Progress (1): 37/308 kB
Progress (1): 38/308 kB
Progress (1): 42/308 kB
Progress (1): 47/308 kB
Progress (1): 51/308 kB
Progress (1): 55/308 kB
Progress (1): 59/308 kB
Progress (1): 64/308 kB
Progress (1): 68/308 kB
Progress (1): 72/308 kB
Progress (1): 76/308 kB
Progress (1): 81/308 kB
Progress (1): 85/308 kB
Progress (1): 89/308 kB
Progress (1): 93/308 kB
Progress (1): 97/308 kB
Progress (1): 102/308 kB
Progress (1): 106/308 kB
Progress (1): 110/308 kB
Progress (1): 114/308 kB
Progress (1): 119/308 kB
Progress (1): 123/308 kB
Progress (1): 127/308 kB
Progress (1): 131/308 kB
Progress (1): 136/308 kB
Progress (1): 140/308 kB
Progress (1): 144/308 kB
Progress (1): 147/308 kB
Progress (1): 152/308 kB
Progress (1): 156/308 kB
Progress (1): 160/308 kB
Progress (1): 164/308 kB
Progress (1): 169/308 kB
Progress (1): 173/308 kB
Progress (1): 177/308 kB
Progress (1): 181/308 kB
Progress (1): 186/308 kB
Progress (1): 190/308 kB
Progress (1): 194/308 kB
Progress (1): 198/308 kB
Progress (1): 202/308 kB
Progress (1): 207/308 kB
Progress (1): 223/308 kB
Progress (1): 239/308 kB
Progress (1): 256/308 kB
Progress (2): 256/308 kB | 0.9/30 kB
Progress (2): 272/308 kB | 0.9/30 kB
Progress (2): 279/308 kB | 0.9/30 kB
Progress (2): 279/308 kB | 2.3/30 kB
Progress (2): 295/308 kB | 2.3/30 kB
Progress (2): 308 kB | 2.3/30 kB    
Progress (2): 308 kB | 3.7/30 kB
Progress (2): 308 kB | 5.0/30 kB
Progress (2): 308 kB | 6.4/30 kB
Progress (2): 308 kB | 7.8/30 kB
Progress (2): 308 kB | 9.1/30 kB
Progress (2): 308 kB | 11/30 kB 
Progress (2): 308 kB | 12/30 kB
Progress (2): 308 kB | 13/30 kB
Progress (2): 308 kB | 15/30 kB
Progress (2): 308 kB | 16/30 kB
Progress (2): 308 kB | 17/30 kB
Progress (2): 308 kB | 19/30 kB
Progress (2): 308 kB | 20/30 kB
Progress (2): 308 kB | 21/30 kB
Progress (2): 308 kB | 23/30 kB
Progress (2): 308 kB | 24/30 kB
Progress (2): 308 kB | 26/30 kB
Progress (2): 308 kB | 27/30 kB
Progress (2): 308 kB | 28/30 kB
Progress (2): 308 kB | 29/30 kB
Progress (2): 308 kB | 30/30 kB
Progress (2): 308 kB | 30 kB   
                            
Downloaded from central: https://repo1.maven.org/maven2/commons-httpclient/commons-httpclient/3.1-rc1/commons-httpclient-3.1-rc1.jar (308 kB at 2.9 MB/s)
Downloaded from central: https://repo1.maven.org/maven2/commons-codec/commons-codec/1.2/commons-codec-1.2.jar (30 kB at 266 kB/s)
Progress (1): 0.9/63 kB
Progress (1): 2.3/63 kB
Progress (1): 3.7/63 kB
Progress (1): 5.0/63 kB
Progress (1): 6.4/63 kB
Progress (1): 7.8/63 kB
Progress (1): 9.1/63 kB
Progress (1): 11/63 kB 
Progress (1): 12/63 kB
Progress (1): 13/63 kB
Progress (1): 14/63 kB
Progress (1): 16/63 kB
Progress (1): 17/63 kB
Progress (1): 18/63 kB
Progress (1): 20/63 kB
Progress (1): 21/63 kB
Progress (1): 22/63 kB
Progress (1): 24/63 kB
Progress (1): 25/63 kB
Progress (1): 27/63 kB
Progress (1): 28/63 kB
Progress (1): 29/63 kB
Progress (1): 31/63 kB
Progress (1): 32/63 kB
Progress (1): 33/63 kB
Progress (1): 35/63 kB
Progress (1): 36/63 kB
Progress (1): 37/63 kB
Progress (1): 39/63 kB
Progress (1): 40/63 kB
Progress (1): 41/63 kB
Progress (1): 43/63 kB
Progress (1): 44/63 kB
Progress (1): 46/63 kB
Progress (1): 47/63 kB
Progress (1): 48/63 kB
Progress (1): 50/63 kB
Progress (1): 51/63 kB
Progress (1): 52/63 kB
Progress (1): 54/63 kB
Progress (1): 55/63 kB
Progress (1): 59/63 kB
Progress (1): 63 kB   
                   
Downloaded from central: https://repo1.maven.org/maven2/pircbot/pircbot/1.4.6/pircbot-1.4.6.jar (63 kB at 169 kB/s)
[INFO] 
[INFO] --- resources:3.3.1:resources (default-resources) @ alterego ---
[WARNING] Using platform encoding (Cp1252 actually) to copy filtered resources, i.e. build is platform dependent!
[INFO] skip non existing resourceDirectory D:\Khedma\Mr wiem\mutation-test-pipeline\target-repos\168535\alterego\src\main\resources
[INFO] 
[INFO] --- compiler:2.0.2:compile (default-compile) @ alterego ---
[INFO] Compiling 5 source files to D:\Khedma\Mr wiem\mutation-test-pipeline\target-repos\168535\alterego\target\classes
[INFO] ------------------------------------------------------------------------
[INFO] BUILD SUCCESS
[INFO] ------------------------------------------------------------------------
[INFO] Total time:  2.489 s
[INFO] Finished at: 2026-02-24T21:25:56-05:00
[INFO] ------------------------------------------------------------------------

STDERR:
