COMMAND: mvn.cmd -s D:\Khedma\Mr wiem\mutation-test-pipeline\.mvn\settings.xml -DskipTests compile

STDOUT:
[INFO] Scanning for projects...
[INFO] 
[INFO] -------------------< org.apache.openjpa:openjpa-lib >-------------------
[INFO] Building OpenJPA Utilities Library 4.1.2-SNAPSHOT
[INFO]   from pom.xml
[INFO] --------------------------------[ jar ]---------------------------------
[INFO] 
[INFO] --- buildnumber:3.2.1:create (default) @ openjpa-lib ---
[INFO] Storing buildNumber: February 25, 2026 at 2:08 PM at timestamp: 1772046538763
[INFO] Executing: cmd.exe /X /C "git symbolic-ref HEAD"
[INFO] Working directory: D:\Khedma\Mr wiem\mutation-test-pipeline\target-repos\206364\openjpa-lib
[INFO] Storing scmBranch: master
[INFO] 
[INFO] --- enforcer:3.5.0:enforce (enforce-maven-version) @ openjpa-lib ---
[INFO] Rule 0: org.apache.maven.enforcer.rules.version.RequireMavenVersion passed
[INFO] 
[INFO] --- enforcer:3.5.0:enforce (enforce-java-version) @ openjpa-lib ---
[INFO] Rule 0: org.apache.maven.enforcer.rules.version.RequireJavaVersion passed
[INFO] 
[INFO] --- enforcer:3.5.0:enforce (default) @ openjpa-lib ---
[INFO] Rule 0: org.apache.maven.enforcer.rules.version.RequireMavenVersion passed
[INFO] Rule 1: org.apache.maven.enforcer.rules.version.RequireJavaVersion passed
[INFO] 
[INFO] --- checkstyle:3.6.0:checkstyle (default) @ openjpa-lib ---
[WARNING] Site model of 'org.apache.openjpa:openjpa-parent:pom:4.1.2-SNAPSHOT' for default locale is still using the old pre-version 2.0.0 model. You MUST migrate to the new model as soon as possible otherwise your build will break in the future!
[INFO] Rendering content with org.apache.maven.skins:maven-fluido-skin:jar:2.1.0 skin
[INFO] Starting audit...
[ERROR] D:\Khedma\Mr wiem\mutation-test-pipeline\target-repos\206364\openjpa-lib\src\main\java\org\apache\openjpa\lib\ant\AbstractTask.java:1: Expected line ending for file is LF(\n), but CRLF(\r\n) is detected. [NewlineAtEndOfFile]
[ERROR] D:\Khedma\Mr wiem\mutation-test-pipeline\target-repos\206364\openjpa-lib\src\main\java\org\apache\openjpa\lib\conf\AbstractProductDerivation.java:1: Expected line ending for file is LF(\n), but CRLF(\r\n) is detected. [NewlineAtEndOfFile]
[ERROR] D:\Khedma\Mr wiem\mutation-test-pipeline\target-repos\206364\openjpa-lib\src\main\java\org\apache\openjpa\lib\conf\BooleanValue.java:1: Expected line ending for file is LF(\n), but CRLF(\r\n) is detected. [NewlineAtEndOfFile]
[ERROR] D:\Khedma\Mr wiem\mutation-test-pipeline\target-repos\206364\openjpa-lib\src\main\java\org\apache\openjpa\lib\conf\BootstrapException.java:1: Expected line ending for file is LF(\n), but CRLF(\r\n) is detected. [NewlineAtEndOfFile]
[ERROR] D:\Khedma\Mr wiem\mutation-test-pipeline\target-repos\206364\openjpa-lib\src\main\java\org\apache\openjpa\lib\conf\ClassListValue.java:1: Expected line ending for file is LF(\n), but CRLF(\r\n) is detected. [NewlineAtEndOfFile]
[ERROR] D:\Khedma\Mr wiem\mutation-test-pipeline\target-repos\206364\openjpa-lib\src\main\java\org\apache\openjpa\lib\conf\Configurable.java:1: Expected line ending for file is LF(\n), but CRLF(\r\n) is detected. [NewlineAtEndOfFile]
[ERROR] D:\Khedma\Mr wiem\mutation-test-pipeline\target-repos\206364\openjpa-lib\src\main\java\org\apache\openjpa\lib\conf\Configuration.java:1: Expected line ending for file is LF(\n), but CRLF(\r\n) is detected. [NewlineAtEndOfFile]
[ERROR] D:\Khedma\Mr wiem\mutation-test-pipeline\target-repos\206364\openjpa-lib\src\main\java\org\apache\openjpa\lib\conf\ConfigurationImpl.java:1: Expected line ending for file is LF(\n), but CRLF(\r\n) is detected. [NewlineAtEndOfFile]
[ERROR] D:\Khedma\Mr wiem\mutation-test-pipeline\target-repos\206364\openjpa-lib\src\main\java\org\apache\openjpa\lib\conf\ConfigurationProvider.java:1: Expected line ending for file is LF(\n), but CRLF(\r\n) is detected. [NewlineAtEndOfFile]
[ERROR] D:\Khedma\Mr wiem\mutation-test-pipeline\target-repos\206364\openjpa-lib\src\main\java\org\apache\openjpa\lib\conf\Configurations.java:1: Expected line ending for file is LF(\n), but CRLF(\r\n) is detected. [NewlineAtEndOfFile]
[ERROR] D:\Khedma\Mr wiem\mutation-test-pipeline\target-repos\206364\openjpa-lib\src\main\java\org\apache\openjpa\lib\conf\DoubleValue.java:1: Expected line ending for file is LF(\n), but CRLF(\r\n) is detected. [NewlineAtEndOfFile]
[ERROR] D:\Khedma\Mr wiem\mutation-test-pipeline\target-repos\206364\openjpa-lib\src\main\java\org\apache\openjpa\lib\conf\FileValue.java:1: Expected line ending for file is LF(\n), but CRLF(\r\n) is detected. [NewlineAtEndOfFile]
[ERROR] D:\Khedma\Mr wiem\mutation-test-pipeline\target-repos\206364\openjpa-lib\src\main\java\org\apache\openjpa\lib\conf\GenericConfigurable.java:1: Expected line ending for file is LF(\n), but CRLF(\r\n) is detected. [NewlineAtEndOfFile]
[ERROR] D:\Khedma\Mr wiem\mutation-test-pipeline\target-repos\206364\openjpa-lib\src\main\java\org\apache\openjpa\lib\conf\IntValue.java:1: Expected line ending for file is LF(\n), but CRLF(\r\n) is detected. [NewlineAtEndOfFile]
[ERROR] D:\Khedma\Mr wiem\mutation-test-pipeline\target-repos\206364\openjpa-lib\src\main\java\org\apache\openjpa\lib\conf\MapConfigurationProvider.java:1: Expected line ending for file is LF(\n), but CRLF(\r\n) is detected. [NewlineAtEndOfFile]
[ERROR] D:\Khedma\Mr wiem\mutation-test-pipeline\target-repos\206364\openjpa-lib\src\main\java\org\apache\openjpa\lib\conf\ObjectValue.java:1: Expected line ending for file is LF(\n), but CRLF(\r\n) is detected. [NewlineAtEndOfFile]
[ERROR] D:\Khedma\Mr wiem\mutation-test-pipeline\target-repos\206364\openjpa-lib\src\main\java\org\apache\openjpa\lib\conf\PluginListValue.java:1: Expected line ending for file is LF(\n), but CRLF(\r\n) is detected. [NewlineAtEndOfFile]
[ERROR] D:\Khedma\Mr wiem\mutation-test-pipeline\target-repos\206364\openjpa-lib\src\main\java\org\apache\openjpa\lib\conf\PluginValue.java:1: Expected line ending for file is LF(\n), but CRLF(\r\n) is detected. [NewlineAtEndOfFile]
[ERROR] D:\Khedma\Mr wiem\mutation-test-pipeline\target-repos\206364\openjpa-lib\src\main\java\org\apache\openjpa\lib\conf\ProductDerivation.java:1: Expected line ending for file is LF(\n), but CRLF(\r\n) is detected. [NewlineAtEndOfFile]
[ERROR] D:\Khedma\Mr wiem\mutation-test-pipeline\target-repos\206364\openjpa-lib\src\main\java\org\apache\openjpa\lib\conf\ProductDerivations.java:1: Expected line ending for file is LF(\n), but CRLF(\r\n) is detected. [NewlineAtEndOfFile]
[ERROR] D:\Khedma\Mr wiem\mutation-test-pipeline\target-repos\206364\openjpa-lib\src\main\java\org\apache\openjpa\lib\conf\StringListValue.java:1: Expected line ending for file is LF(\n), but CRLF(\r\n) is detected. [NewlineAtEndOfFile]
[ERROR] D:\Khedma\Mr wiem\mutation-test-pipeline\target-repos\206364\openjpa-lib\src\main\java\org\apache\openjpa\lib\conf\StringValue.java:1: Expected line ending for file is LF(\n), but CRLF(\r\n) is detected. [NewlineAtEndOfFile]
[ERROR] D:\Khedma\Mr wiem\mutation-test-pipeline\target-repos\206364\openjpa-lib\src\main\java\org\apache\openjpa\lib\conf\Value.java:1: Expected line ending for file is LF(\n), but CRLF(\r\n) is detected. [NewlineAtEndOfFile]
[ERROR] D:\Khedma\Mr wiem\mutation-test-pipeline\target-repos\206364\openjpa-lib\src\main\java\org\apache\openjpa\lib\conf\ValueListener.java:1: Expected line ending for file is LF(\n), but CRLF(\r\n) is detected. [NewlineAtEndOfFile]
[ERROR] D:\Khedma\Mr wiem\mutation-test-pipeline\target-repos\206364\openjpa-lib\src\main\java\org\apache\openjpa\lib\encryption\EncryptionProvider.java:1: Expected line ending for file is LF(\n), but CRLF(\r\n) is detected. [NewlineAtEndOfFile]
[ERROR] D:\Khedma\Mr wiem\mutation-test-pipeline\target-repos\206364\openjpa-lib\src\main\java\org\apache\openjpa\lib\graph\BreadthFirstWalk.java:1: Expected line ending for file is LF(\n), but CRLF(\r\n) is detected. [NewlineAtEndOfFile]
[ERROR] D:\Khedma\Mr wiem\mutation-test-pipeline\target-repos\206364\openjpa-lib\src\main\java\org\apache\openjpa\lib\graph\DepthFirstAnalysis.java:1: Expected line ending for file is LF(\n), but CRLF(\r\n) is detected. [NewlineAtEndOfFile]
[ERROR] D:\Khedma\Mr wiem\mutation-test-pipeline\target-repos\206364\openjpa-lib\src\main\java\org\apache\openjpa\lib\graph\Edge.java:1: Expected line ending for file is LF(\n), but CRLF(\r\n) is detected. [NewlineAtEndOfFile]
[ERROR] D:\Khedma\Mr wiem\mutation-test-pipeline\target-repos\206364\openjpa-lib\src\main\java\org\apache\openjpa\lib\graph\Graph.java:1: Expected line ending for file is LF(\n), but CRLF(\r\n) is detected. [NewlineAtEndOfFile]
[ERROR] D:\Khedma\Mr wiem\mutation-test-pipeline\target-repos\206364\openjpa-lib\src\main\java\org\apache\openjpa\lib\graph\GraphVisitor.java:1: Expected line ending for file is LF(\n), but CRLF(\r\n) is detected. [NewlineAtEndOfFile]
[ERROR] D:\Khedma\Mr wiem\mutation-test-pipeline\target-repos\206364\openjpa-lib\src\main\java\org\apache\openjpa\lib\graph\NodeInfo.java:1: Expected line ending for file is LF(\n), but CRLF(\r\n) is detected. [NewlineAtEndOfFile]
[ERROR] D:\Khedma\Mr wiem\mutation-test-pipeline\target-repos\206364\openjpa-lib\src\main\java\org\apache\openjpa\lib\identifier\Identifier.java:1: Expected line ending for file is LF(\n), but CRLF(\r\n) is detected. [NewlineAtEndOfFile]
[ERROR] D:\Khedma\Mr wiem\mutation-test-pipeline\target-repos\206364\openjpa-lib\src\main\java\org\apache\openjpa\lib\identifier\IdentifierConfiguration.java:1: Expected line ending for file is LF(\n), but CRLF(\r\n) is detected. [NewlineAtEndOfFile]
[ERROR] D:\Khedma\Mr wiem\mutation-test-pipeline\target-repos\206364\openjpa-lib\src\main\java\org\apache\openjpa\lib\identifier\IdentifierImpl.java:1: Expected line ending for file is LF(\n), but CRLF(\r\n) is detected. [NewlineAtEndOfFile]
[ERROR] D:\Khedma\Mr wiem\mutation-test-pipeline\target-repos\206364\openjpa-lib\src\main\java\org\apache\openjpa\lib\identifier\IdentifierRule.java:1: Expected line ending for file is LF(\n), but CRLF(\r\n) is detected. [NewlineAtEndOfFile]
[ERROR] D:\Khedma\Mr wiem\mutation-test-pipeline\target-repos\206364\openjpa-lib\src\main\java\org\apache\openjpa\lib\identifier\IdentifierUtil.java:1: Expected line ending for file is LF(\n), but CRLF(\r\n) is detected. [NewlineAtEndOfFile]
[ERROR] D:\Khedma\Mr wiem\mutation-test-pipeline\target-repos\206364\openjpa-lib\src\main\java\org\apache\openjpa\lib\identifier\IdentifierUtilImpl.java:1: Expected line ending for file is LF(\n), but CRLF(\r\n) is detected. [NewlineAtEndOfFile]
[ERROR] D:\Khedma\Mr wiem\mutation-test-pipeline\target-repos\206364\openjpa-lib\src\main\java\org\apache\openjpa\lib\instrumentation\AbstractInstrument.java:1: Expected line ending for file is LF(\n), but CRLF(\r\n) is detected. [NewlineAtEndOfFile]
[ERROR] D:\Khedma\Mr wiem\mutation-test-pipeline\target-repos\206364\openjpa-lib\src\main\java\org\apache\openjpa\lib\instrumentation\AbstractInstrumentationProvider.java:1: Expected line ending for file is LF(\n), but CRLF(\r\n) is detected. [NewlineAtEndOfFile]
[ERROR] D:\Khedma\Mr wiem\mutation-test-pipeline\target-repos\206364\openjpa-lib\src\main\java\org\apache\openjpa\lib\instrumentation\Instrument.java:1: Expected line ending for file is LF(\n), but CRLF(\r\n) is detected. [NewlineAtEndOfFile]
[ERROR] D:\Khedma\Mr wiem\mutation-test-pipeline\target-repos\206364\openjpa-lib\src\main\java\org\apache\openjpa\lib\instrumentation\InstrumentationLevel.java:1: Expected line ending for file is LF(\n), but CRLF(\r\n) is detected. [NewlineAtEndOfFile]
[ERROR] D:\Khedma\Mr wiem\mutation-test-pipeline\target-repos\206364\openjpa-lib\src\main\java\org\apache\openjpa\lib\instrumentation\InstrumentationProvider.java:1: Expected line ending for file is LF(\n), but CRLF(\r\n) is detected. [NewlineAtEndOfFile]
[ERROR] D:\Khedma\Mr wiem\mutation-test-pipeline\target-repos\206364\openjpa-lib\src\main\java\org\apache\openjpa\lib\jdbc\AbstractJDBCListener.java:1: Expected line ending for file is LF(\n), but CRLF(\r\n) is detected. [NewlineAtEndOfFile]
[ERROR] D:\Khedma\Mr wiem\mutation-test-pipeline\target-repos\206364\openjpa-lib\src\main\java\org\apache\openjpa\lib\jdbc\ConfiguringConnectionDecorator.java:1: Expected line ending for file is LF(\n), but CRLF(\r\n) is detected. [NewlineAtEndOfFile]
[ERROR] D:\Khedma\Mr wiem\mutation-test-pipeline\target-repos\206364\openjpa-lib\src\main\java\org\apache\openjpa\lib\jdbc\ConnectionDecorator.java:1: Expected line ending for file is LF(\n), but CRLF(\r\n) is detected. [NewlineAtEndOfFile]
[ERROR] D:\Khedma\Mr wiem\mutation-test-pipeline\target-repos\206364\openjpa-lib\src\main\java\org\apache\openjpa\lib\jdbc\DataSourceLogs.java:1: Expected line ending for file is LF(\n), but CRLF(\r\n) is detected. [NewlineAtEndOfFile]
[ERROR] D:\Khedma\Mr wiem\mutation-test-pipeline\target-repos\206364\openjpa-lib\src\main\java\org\apache\openjpa\lib\jdbc\DecoratingDataSource.java:1: Expected line ending for file is LF(\n), but CRLF(\r\n) is detected. [NewlineAtEndOfFile]
[ERROR] D:\Khedma\Mr wiem\mutation-test-pipeline\target-repos\206364\openjpa-lib\src\main\java\org\apache\openjpa\lib\jdbc\DelegatingCallableStatement.java:1: Expected line ending for file is LF(\n), but CRLF(\r\n) is detected. [NewlineAtEndOfFile]
[ERROR] D:\Khedma\Mr wiem\mutation-test-pipeline\target-repos\206364\openjpa-lib\src\main\java\org\apache\openjpa\lib\jdbc\DelegatingConnection.java:1: Expected line ending for file is LF(\n), but CRLF(\r\n) is detected. [NewlineAtEndOfFile]
[ERROR] D:\Khedma\Mr wiem\mutation-test-pipeline\target-repos\206364\openjpa-lib\src\main\java\org\apache\openjpa\lib\jdbc\DelegatingDatabaseMetaData.java:1: Expected line ending for file is LF(\n), but CRLF(\r\n) is detected. [NewlineAtEndOfFile]
[ERROR] D:\Khedma\Mr wiem\mutation-test-pipeline\target-repos\206364\openjpa-lib\src\main\java\org\apache\openjpa\lib\jdbc\DelegatingDataSource.java:1: Expected line ending for file is LF(\n), but CRLF(\r\n) is detected. [NewlineAtEndOfFile]
[ERROR] D:\Khedma\Mr wiem\mutation-test-pipeline\target-repos\206364\openjpa-lib\src\main\java\org\apache\openjpa\lib\jdbc\DelegatingPreparedStatement.java:1: Expected line ending for file is LF(\n), but CRLF(\r\n) is detected. [NewlineAtEndOfFile]
[ERROR] D:\Khedma\Mr wiem\mutation-test-pipeline\target-repos\206364\openjpa-lib\src\main\java\org\apache\openjpa\lib\jdbc\DelegatingResultSet.java:1: Expected line ending for file is LF(\n), but CRLF(\r\n) is detected. [NewlineAtEndOfFile]
[ERROR] D:\Khedma\Mr wiem\mutation-test-pipeline\target-repos\206364\openjpa-lib\src\main\java\org\apache\openjpa\lib\jdbc\DelegatingStatement.java:1: Expected line ending for file is LF(\n), but CRLF(\r\n) is detected. [NewlineAtEndOfFile]
[ERROR] D:\Khedma\Mr wiem\mutation-test-pipeline\target-repos\206364\openjpa-lib\src\main\java\org\apache\openjpa\lib\jdbc\JDBCEvent.java:1: Expected line ending for file is LF(\n), but CRLF(\r\n) is detected. [NewlineAtEndOfFile]
[ERROR] D:\Khedma\Mr wiem\mutation-test-pipeline\target-repos\206364\openjpa-lib\src\main\java\org\apache\openjpa\lib\jdbc\JDBCEventConnectionDecorator.java:1: Expected line ending for file is LF(\n), but CRLF(\r\n) is detected. [NewlineAtEndOfFile]
[ERROR] D:\Khedma\Mr wiem\mutation-test-pipeline\target-repos\206364\openjpa-lib\src\main\java\org\apache\openjpa\lib\jdbc\JDBCListener.java:1: Expected line ending for file is LF(\n), but CRLF(\r\n) is detected. [NewlineAtEndOfFile]
[ERROR] D:\Khedma\Mr wiem\mutation-test-pipeline\target-repos\206364\openjpa-lib\src\main\java\org\apache\openjpa\lib\jdbc\LoggingConnectionDecorator.java:1: Expected line ending for file is LF(\n), but CRLF(\r\n) is detected. [NewlineAtEndOfFile]
[ERROR] D:\Khedma\Mr wiem\mutation-test-pipeline\target-repos\206364\openjpa-lib\src\main\java\org\apache\openjpa\lib\jdbc\ReportingSQLException.java:1: Expected line ending for file is LF(\n), but CRLF(\r\n) is detected. [NewlineAtEndOfFile]
[ERROR] D:\Khedma\Mr wiem\mutation-test-pipeline\target-repos\206364\openjpa-lib\src\main\java\org\apache\openjpa\lib\jdbc\SQLFormatter.java:1: Expected line ending for file is LF(\n), but CRLF(\r\n) is detected. [NewlineAtEndOfFile]
[ERROR] D:\Khedma\Mr wiem\mutation-test-pipeline\target-repos\206364\openjpa-lib\src\main\java\org\apache\openjpa\lib\log\AbstractLog.java:1: Expected line ending for file is LF(\n), but CRLF(\r\n) is detected. [NewlineAtEndOfFile]
[ERROR] D:\Khedma\Mr wiem\mutation-test-pipeline\target-repos\206364\openjpa-lib\src\main\java\org\apache\openjpa\lib\log\CommonsLogFactory.java:1: Expected line ending for file is LF(\n), but CRLF(\r\n) is detected. [NewlineAtEndOfFile]
[ERROR] D:\Khedma\Mr wiem\mutation-test-pipeline\target-repos\206364\openjpa-lib\src\main\java\org\apache\openjpa\lib\log\JULLogFactory.java:1: Expected line ending for file is LF(\n), but CRLF(\r\n) is detected. [NewlineAtEndOfFile]
[ERROR] D:\Khedma\Mr wiem\mutation-test-pipeline\target-repos\206364\openjpa-lib\src\main\java\org\apache\openjpa\lib\log\Log.java:1: Expected line ending for file is LF(\n), but CRLF(\r\n) is detected. [NewlineAtEndOfFile]
[ERROR] D:\Khedma\Mr wiem\mutation-test-pipeline\target-repos\206364\openjpa-lib\src\main\java\org\apache\openjpa\lib\log\Log4J2LogFactory.java:1: Expected line ending for file is LF(\n), but CRLF(\r\n) is detected. [NewlineAtEndOfFile]
[ERROR] D:\Khedma\Mr wiem\mutation-test-pipeline\target-repos\206364\openjpa-lib\src\main\java\org\apache\openjpa\lib\log\Log4JLogFactory.java:1: Expected line ending for file is LF(\n), but CRLF(\r\n) is detected. [NewlineAtEndOfFile]
[ERROR] D:\Khedma\Mr wiem\mutation-test-pipeline\target-repos\206364\openjpa-lib\src\main\java\org\apache\openjpa\lib\log\LogFactory.java:1: Expected line ending for file is LF(\n), but CRLF(\r\n) is detected. [NewlineAtEndOfFile]
[ERROR] D:\Khedma\Mr wiem\mutation-test-pipeline\target-repos\206364\openjpa-lib\src\main\java\org\apache\openjpa\lib\log\LogFactoryAdapter.java:1: Expected line ending for file is LF(\n), but CRLF(\r\n) is detected. [NewlineAtEndOfFile]
[ERROR] D:\Khedma\Mr wiem\mutation-test-pipeline\target-repos\206364\openjpa-lib\src\main\java\org\apache\openjpa\lib\log\LogFactoryImpl.java:1: Expected line ending for file is LF(\n), but CRLF(\r\n) is detected. [NewlineAtEndOfFile]
[ERROR] D:\Khedma\Mr wiem\mutation-test-pipeline\target-repos\206364\openjpa-lib\src\main\java\org\apache\openjpa\lib\log\LogOutputStream.java:1: Expected line ending for file is LF(\n), but CRLF(\r\n) is detected. [NewlineAtEndOfFile]
[ERROR] D:\Khedma\Mr wiem\mutation-test-pipeline\target-repos\206364\openjpa-lib\src\main\java\org\apache\openjpa\lib\log\MultiLogFactory.java:1: Expected line ending for file is LF(\n), but CRLF(\r\n) is detected. [NewlineAtEndOfFile]
[ERROR] D:\Khedma\Mr wiem\mutation-test-pipeline\target-repos\206364\openjpa-lib\src\main\java\org\apache\openjpa\lib\log\NoneLogFactory.java:1: Expected line ending for file is LF(\n), but CRLF(\r\n) is detected. [NewlineAtEndOfFile]
[ERROR] D:\Khedma\Mr wiem\mutation-test-pipeline\target-repos\206364\openjpa-lib\src\main\java\org\apache\openjpa\lib\log\SLF4JLogFactory.java:1: Expected line ending for file is LF(\n), but CRLF(\r\n) is detected. [NewlineAtEndOfFile]
[ERROR] D:\Khedma\Mr wiem\mutation-test-pipeline\target-repos\206364\openjpa-lib\src\main\java\org\apache\openjpa\lib\meta\CFMetaDataParser.java:1: Expected line ending for file is LF(\n), but CRLF(\r\n) is detected. [NewlineAtEndOfFile]
[ERROR] D:\Khedma\Mr wiem\mutation-test-pipeline\target-repos\206364\openjpa-lib\src\main\java\org\apache\openjpa\lib\meta\CFMetaDataSerializer.java:1: Expected line ending for file is LF(\n), but CRLF(\r\n) is detected. [NewlineAtEndOfFile]
[ERROR] D:\Khedma\Mr wiem\mutation-test-pipeline\target-repos\206364\openjpa-lib\src\main\java\org\apache\openjpa\lib\meta\ClassAnnotationMetaDataFilter.java:1: Expected line ending for file is LF(\n), but CRLF(\r\n) is detected. [NewlineAtEndOfFile]
[ERROR] D:\Khedma\Mr wiem\mutation-test-pipeline\target-repos\206364\openjpa-lib\src\main\java\org\apache\openjpa\lib\meta\ClassArgParser.java:1: Expected line ending for file is LF(\n), but CRLF(\r\n) is detected. [NewlineAtEndOfFile]
[ERROR] D:\Khedma\Mr wiem\mutation-test-pipeline\target-repos\206364\openjpa-lib\src\main\java\org\apache\openjpa\lib\meta\ClassMetaDataIterator.java:1: Expected line ending for file is LF(\n), but CRLF(\r\n) is detected. [NewlineAtEndOfFile]
[ERROR] D:\Khedma\Mr wiem\mutation-test-pipeline\target-repos\206364\openjpa-lib\src\main\java\org\apache\openjpa\lib\meta\ClasspathMetaDataIterator.java:1: Expected line ending for file is LF(\n), but CRLF(\r\n) is detected. [NewlineAtEndOfFile]
[ERROR] D:\Khedma\Mr wiem\mutation-test-pipeline\target-repos\206364\openjpa-lib\src\main\java\org\apache\openjpa\lib\meta\FileMetaDataIterator.java:1: Expected line ending for file is LF(\n), but CRLF(\r\n) is detected. [NewlineAtEndOfFile]
[ERROR] D:\Khedma\Mr wiem\mutation-test-pipeline\target-repos\206364\openjpa-lib\src\main\java\org\apache\openjpa\lib\meta\JarFileURLMetaDataIterator.java:1: Expected line ending for file is LF(\n), but CRLF(\r\n) is detected. [NewlineAtEndOfFile]
[ERROR] D:\Khedma\Mr wiem\mutation-test-pipeline\target-repos\206364\openjpa-lib\src\main\java\org\apache\openjpa\lib\meta\MetaDataFilter.java:1: Expected line ending for file is LF(\n), but CRLF(\r\n) is detected. [NewlineAtEndOfFile]
[ERROR] D:\Khedma\Mr wiem\mutation-test-pipeline\target-repos\206364\openjpa-lib\src\main\java\org\apache\openjpa\lib\meta\MetaDataIterator.java:1: Expected line ending for file is LF(\n), but CRLF(\r\n) is detected. [NewlineAtEndOfFile]
[ERROR] D:\Khedma\Mr wiem\mutation-test-pipeline\target-repos\206364\openjpa-lib\src\main\java\org\apache\openjpa\lib\meta\MetaDataIteratorChain.java:1: Expected line ending for file is LF(\n), but CRLF(\r\n) is detected. [NewlineAtEndOfFile]
[ERROR] D:\Khedma\Mr wiem\mutation-test-pipeline\target-repos\206364\openjpa-lib\src\main\java\org\apache\openjpa\lib\meta\MetaDataParser.java:1: Expected line ending for file is LF(\n), but CRLF(\r\n) is detected. [NewlineAtEndOfFile]
[ERROR] D:\Khedma\Mr wiem\mutation-test-pipeline\target-repos\206364\openjpa-lib\src\main\java\org\apache\openjpa\lib\meta\MetaDataSerializer.java:1: Expected line ending for file is LF(\n), but CRLF(\r\n) is detected. [NewlineAtEndOfFile]
[ERROR] D:\Khedma\Mr wiem\mutation-test-pipeline\target-repos\206364\openjpa-lib\src\main\java\org\apache\openjpa\lib\meta\ResourceMetaDataIterator.java:1: Expected line ending for file is LF(\n), but CRLF(\r\n) is detected. [NewlineAtEndOfFile]
[ERROR] D:\Khedma\Mr wiem\mutation-test-pipeline\target-repos\206364\openjpa-lib\src\main\java\org\apache\openjpa\lib\meta\SourceTracker.java:1: Expected line ending for file is LF(\n), but CRLF(\r\n) is detected. [NewlineAtEndOfFile]
[ERROR] D:\Khedma\Mr wiem\mutation-test-pipeline\target-repos\206364\openjpa-lib\src\main\java\org\apache\openjpa\lib\meta\SourceTrackers.java:1: Expected line ending for file is LF(\n), but CRLF(\r\n) is detected. [NewlineAtEndOfFile]
[ERROR] D:\Khedma\Mr wiem\mutation-test-pipeline\target-repos\206364\openjpa-lib\src\main\java\org\apache\openjpa\lib\meta\SuffixMetaDataFilter.java:1: Expected line ending for file is LF(\n), but CRLF(\r\n) is detected. [NewlineAtEndOfFile]
[ERROR] D:\Khedma\Mr wiem\mutation-test-pipeline\target-repos\206364\openjpa-lib\src\main\java\org\apache\openjpa\lib\meta\URLMetaDataIterator.java:1: Expected line ending for file is LF(\n), but CRLF(\r\n) is detected. [NewlineAtEndOfFile]
[ERROR] D:\Khedma\Mr wiem\mutation-test-pipeline\target-repos\206364\openjpa-lib\src\main\java\org\apache\openjpa\lib\meta\XMLMetaDataParser.java:1: Expected line ending for file is LF(\n), but CRLF(\r\n) is detected. [NewlineAtEndOfFile]
[ERROR] D:\Khedma\Mr wiem\mutation-test-pipeline\target-repos\206364\openjpa-lib\src\main\java\org\apache\openjpa\lib\meta\XMLMetaDataSerializer.java:1: Expected line ending for file is LF(\n), but CRLF(\r\n) is detected. [NewlineAtEndOfFile]
[ERROR] D:\Khedma\Mr wiem\mutation-test-pipeline\target-repos\206364\openjpa-lib\src\main\java\org\apache\openjpa\lib\meta\XMLVersionParser.java:1: Expected line ending for file is LF(\n), but CRLF(\r\n) is detected. [NewlineAtEndOfFile]
[ERROR] D:\Khedma\Mr wiem\mutation-test-pipeline\target-repos\206364\openjpa-lib\src\main\java\org\apache\openjpa\lib\meta\ZipFileMetaDataIterator.java:1: Expected line ending for file is LF(\n), but CRLF(\r\n) is detected. [NewlineAtEndOfFile]
[ERROR] D:\Khedma\Mr wiem\mutation-test-pipeline\target-repos\206364\openjpa-lib\src\main\java\org\apache\openjpa\lib\meta\ZipStreamMetaDataIterator.java:1: Expected line ending for file is LF(\n), but CRLF(\r\n) is detected. [NewlineAtEndOfFile]
[ERROR] D:\Khedma\Mr wiem\mutation-test-pipeline\target-repos\206364\openjpa-lib\src\main\java\org\apache\openjpa\lib\rop\AbstractListIterator.java:1: Expected line ending for file is LF(\n), but CRLF(\r\n) is detected. [NewlineAtEndOfFile]
[ERROR] D:\Khedma\Mr wiem\mutation-test-pipeline\target-repos\206364\openjpa-lib\src\main\java\org\apache\openjpa\lib\rop\AbstractNonSequentialResultList.java:1: Expected line ending for file is LF(\n), but CRLF(\r\n) is detected. [NewlineAtEndOfFile]
[ERROR] D:\Khedma\Mr wiem\mutation-test-pipeline\target-repos\206364\openjpa-lib\src\main\java\org\apache\openjpa\lib\rop\AbstractResultList.java:1: Expected line ending for file is LF(\n), but CRLF(\r\n) is detected. [NewlineAtEndOfFile]
[ERROR] D:\Khedma\Mr wiem\mutation-test-pipeline\target-repos\206364\openjpa-lib\src\main\java\org\apache\openjpa\lib\rop\AbstractSequentialResultList.java:1: Expected line ending for file is LF(\n), but CRLF(\r\n) is detected. [NewlineAtEndOfFile]
[ERROR] D:\Khedma\Mr wiem\mutation-test-pipeline\target-repos\206364\openjpa-lib\src\main\java\org\apache\openjpa\lib\rop\BatchedResultObjectProvider.java:1: Expected line ending for file is LF(\n), but CRLF(\r\n) is detected. [NewlineAtEndOfFile]
[ERROR] D:\Khedma\Mr wiem\mutation-test-pipeline\target-repos\206364\openjpa-lib\src\main\java\org\apache\openjpa\lib\rop\EagerResultList.java:1: Expected line ending for file is LF(\n), but CRLF(\r\n) is detected. [NewlineAtEndOfFile]
[ERROR] D:\Khedma\Mr wiem\mutation-test-pipeline\target-repos\206364\openjpa-lib\src\main\java\org\apache\openjpa\lib\rop\LazyForwardResultList.java:1: Expected line ending for file is LF(\n), but CRLF(\r\n) is detected. [NewlineAtEndOfFile]
[ERROR] D:\Khedma\Mr wiem\mutation-test-pipeline\target-repos\206364\openjpa-lib\src\main\java\org\apache\openjpa\lib\rop\ListResultList.java:1: Expected line ending for file is LF(\n), but CRLF(\r\n) is detected. [NewlineAtEndOfFile]
[ERROR] D:\Khedma\Mr wiem\mutation-test-pipeline\target-repos\206364\openjpa-lib\src\main\java\org\apache\openjpa\lib\rop\ListResultObjectProvider.java:1: Expected line ending for file is LF(\n), but CRLF(\r\n) is detected. [NewlineAtEndOfFile]
[ERROR] D:\Khedma\Mr wiem\mutation-test-pipeline\target-repos\206364\openjpa-lib\src\main\java\org\apache\openjpa\lib\rop\MergedResultObjectProvider.java:1: Expected line ending for file is LF(\n), but CRLF(\r\n) is detected. [NewlineAtEndOfFile]
[ERROR] D:\Khedma\Mr wiem\mutation-test-pipeline\target-repos\206364\openjpa-lib\src\main\java\org\apache\openjpa\lib\rop\RandomAccessResultList.java:1: Expected line ending for file is LF(\n), but CRLF(\r\n) is detected. [NewlineAtEndOfFile]
[ERROR] D:\Khedma\Mr wiem\mutation-test-pipeline\target-repos\206364\openjpa-lib\src\main\java\org\apache\openjpa\lib\rop\RangeResultObjectProvider.java:1: Expected line ending for file is LF(\n), but CRLF(\r\n) is detected. [NewlineAtEndOfFile]
[ERROR] D:\Khedma\Mr wiem\mutation-test-pipeline\target-repos\206364\openjpa-lib\src\main\java\org\apache\openjpa\lib\rop\ResultList.java:1: Expected line ending for file is LF(\n), but CRLF(\r\n) is detected. [NewlineAtEndOfFile]
[ERROR] D:\Khedma\Mr wiem\mutation-test-pipeline\target-repos\206364\openjpa-lib\src\main\java\org\apache\openjpa\lib\rop\ResultListIterator.java:1: Expected line ending for file is LF(\n), but CRLF(\r\n) is detected. [NewlineAtEndOfFile]
[ERROR] D:\Khedma\Mr wiem\mutation-test-pipeline\target-repos\206364\openjpa-lib\src\main\java\org\apache\openjpa\lib\rop\ResultObjectProvider.java:1: Expected line ending for file is LF(\n), but CRLF(\r\n) is detected. [NewlineAtEndOfFile]
[ERROR] D:\Khedma\Mr wiem\mutation-test-pipeline\target-repos\206364\openjpa-lib\src\main\java\org\apache\openjpa\lib\rop\ResultObjectProviderIterator.java:1: Expected line ending for file is LF(\n), but CRLF(\r\n) is detected. [NewlineAtEndOfFile]
[ERROR] D:\Khedma\Mr wiem\mutation-test-pipeline\target-repos\206364\openjpa-lib\src\main\java\org\apache\openjpa\lib\rop\SimpleResultList.java:1: Expected line ending for file is LF(\n), but CRLF(\r\n) is detected. [NewlineAtEndOfFile]
[ERROR] D:\Khedma\Mr wiem\mutation-test-pipeline\target-repos\206364\openjpa-lib\src\main\java\org\apache\openjpa\lib\rop\SoftRandomAccessResultList.java:1: Expected line ending for file is LF(\n), but CRLF(\r\n) is detected. [NewlineAtEndOfFile]
[ERROR] D:\Khedma\Mr wiem\mutation-test-pipeline\target-repos\206364\openjpa-lib\src\main\java\org\apache\openjpa\lib\rop\WindowResultList.java:1: Expected line ending for file is LF(\n), but CRLF(\r\n) is detected. [NewlineAtEndOfFile]
[ERROR] D:\Khedma\Mr wiem\mutation-test-pipeline\target-repos\206364\openjpa-lib\src\main\java\org\apache\openjpa\lib\util\Base16Encoder.java:1: Expected line ending for file is LF(\n), but CRLF(\r\n) is detected. [NewlineAtEndOfFile]
[ERROR] D:\Khedma\Mr wiem\mutation-test-pipeline\target-repos\206364\openjpa-lib\src\main\java\org\apache\openjpa\lib\util\Bytes.java:1: Expected line ending for file is LF(\n), but CRLF(\r\n) is detected. [NewlineAtEndOfFile]
[ERROR] D:\Khedma\Mr wiem\mutation-test-pipeline\target-repos\206364\openjpa-lib\src\main\java\org\apache\openjpa\lib\util\ClassUtil.java:1: Expected line ending for file is LF(\n), but CRLF(\r\n) is detected. [NewlineAtEndOfFile]
[ERROR] D:\Khedma\Mr wiem\mutation-test-pipeline\target-repos\206364\openjpa-lib\src\main\java\org\apache\openjpa\lib\util\Clearable.java:1: Expected line ending for file is LF(\n), but CRLF(\r\n) is detected. [NewlineAtEndOfFile]
[ERROR] D:\Khedma\Mr wiem\mutation-test-pipeline\target-repos\206364\openjpa-lib\src\main\java\org\apache\openjpa\lib\util\Closeable.java:1: Expected line ending for file is LF(\n), but CRLF(\r\n) is detected. [NewlineAtEndOfFile]
[ERROR] D:\Khedma\Mr wiem\mutation-test-pipeline\target-repos\206364\openjpa-lib\src\main\java\org\apache\openjpa\lib\util\CodeFormat.java:1: Expected line ending for file is LF(\n), but CRLF(\r\n) is detected. [NewlineAtEndOfFile]
[ERROR] D:\Khedma\Mr wiem\mutation-test-pipeline\target-repos\206364\openjpa-lib\src\main\java\org\apache\openjpa\lib\util\collections\AbstractCollectionDecorator.java:1: Expected line ending for file is LF(\n), but CRLF(\r\n) is detected. [NewlineAtEndOfFile]
[ERROR] D:\Khedma\Mr wiem\mutation-test-pipeline\target-repos\206364\openjpa-lib\src\main\java\org\apache\openjpa\lib\util\collections\AbstractDualBidiMap.java:1: Expected line ending for file is LF(\n), but CRLF(\r\n) is detected. [NewlineAtEndOfFile]
[ERROR] D:\Khedma\Mr wiem\mutation-test-pipeline\target-repos\206364\openjpa-lib\src\main\java\org\apache\openjpa\lib\util\collections\AbstractEmptyIterator.java:1: Expected line ending for file is LF(\n), but CRLF(\r\n) is detected. [NewlineAtEndOfFile]
[ERROR] D:\Khedma\Mr wiem\mutation-test-pipeline\target-repos\206364\openjpa-lib\src\main\java\org\apache\openjpa\lib\util\collections\AbstractEmptyMapIterator.java:1: Expected line ending for file is LF(\n), but CRLF(\r\n) is detected. [NewlineAtEndOfFile]
[ERROR] D:\Khedma\Mr wiem\mutation-test-pipeline\target-repos\206364\openjpa-lib\src\main\java\org\apache\openjpa\lib\util\collections\AbstractHashedMap.java:1: Expected line ending for file is LF(\n), but CRLF(\r\n) is detected. [NewlineAtEndOfFile]
[ERROR] D:\Khedma\Mr wiem\mutation-test-pipeline\target-repos\206364\openjpa-lib\src\main\java\org\apache\openjpa\lib\util\collections\AbstractIterableMap.java:1: Expected line ending for file is LF(\n), but CRLF(\r\n) is detected. [NewlineAtEndOfFile]
[ERROR] D:\Khedma\Mr wiem\mutation-test-pipeline\target-repos\206364\openjpa-lib\src\main\java\org\apache\openjpa\lib\util\collections\AbstractIteratorDecorator.java:1: Expected line ending for file is LF(\n), but CRLF(\r\n) is detected. [NewlineAtEndOfFile]
[ERROR] D:\Khedma\Mr wiem\mutation-test-pipeline\target-repos\206364\openjpa-lib\src\main\java\org\apache\openjpa\lib\util\collections\AbstractKeyValue.java:1: Expected line ending for file is LF(\n), but CRLF(\r\n) is detected. [NewlineAtEndOfFile]
[ERROR] D:\Khedma\Mr wiem\mutation-test-pipeline\target-repos\206364\openjpa-lib\src\main\java\org\apache\openjpa\lib\util\collections\AbstractLinkedMap.java:1: Expected line ending for file is LF(\n), but CRLF(\r\n) is detected. [NewlineAtEndOfFile]
[ERROR] D:\Khedma\Mr wiem\mutation-test-pipeline\target-repos\206364\openjpa-lib\src\main\java\org\apache\openjpa\lib\util\collections\AbstractListDecorator.java:1: Expected line ending for file is LF(\n), but CRLF(\r\n) is detected. [NewlineAtEndOfFile]
[ERROR] D:\Khedma\Mr wiem\mutation-test-pipeline\target-repos\206364\openjpa-lib\src\main\java\org\apache\openjpa\lib\util\collections\AbstractMapDecorator.java:1: Expected line ending for file is LF(\n), but CRLF(\r\n) is detected. [NewlineAtEndOfFile]
[ERROR] D:\Khedma\Mr wiem\mutation-test-pipeline\target-repos\206364\openjpa-lib\src\main\java\org\apache\openjpa\lib\util\collections\AbstractMapEntry.java:1: Expected line ending for file is LF(\n), but CRLF(\r\n) is detected. [NewlineAtEndOfFile]
[ERROR] D:\Khedma\Mr wiem\mutation-test-pipeline\target-repos\206364\openjpa-lib\src\main\java\org\apache\openjpa\lib\util\collections\AbstractMapEntryDecorator.java:1: Expected line ending for file is LF(\n), but CRLF(\r\n) is detected. [NewlineAtEndOfFile]
[ERROR] D:\Khedma\Mr wiem\mutation-test-pipeline\target-repos\206364\openjpa-lib\src\main\java\org\apache\openjpa\lib\util\collections\AbstractOrderedMapDecorator.java:1: Expected line ending for file is LF(\n), but CRLF(\r\n) is detected. [NewlineAtEndOfFile]
[ERROR] D:\Khedma\Mr wiem\mutation-test-pipeline\target-repos\206364\openjpa-lib\src\main\java\org\apache\openjpa\lib\util\collections\AbstractReferenceMap.java:1: Expected line ending for file is LF(\n), but CRLF(\r\n) is detected. [NewlineAtEndOfFile]
[ERROR] D:\Khedma\Mr wiem\mutation-test-pipeline\target-repos\206364\openjpa-lib\src\main\java\org\apache\openjpa\lib\util\collections\AbstractSerializableListDecorator.java:1: Expected line ending for file is LF(\n), but CRLF(\r\n) is detected. [NewlineAtEndOfFile]
[ERROR] D:\Khedma\Mr wiem\mutation-test-pipeline\target-repos\206364\openjpa-lib\src\main\java\org\apache\openjpa\lib\util\collections\AbstractSerializableSetDecorator.java:1: Expected line ending for file is LF(\n), but CRLF(\r\n) is detected. [NewlineAtEndOfFile]
[ERROR] D:\Khedma\Mr wiem\mutation-test-pipeline\target-repos\206364\openjpa-lib\src\main\java\org\apache\openjpa\lib\util\collections\AbstractSetDecorator.java:1: Expected line ending for file is LF(\n), but CRLF(\r\n) is detected. [NewlineAtEndOfFile]
[ERROR] D:\Khedma\Mr wiem\mutation-test-pipeline\target-repos\206364\openjpa-lib\src\main\java\org\apache\openjpa\lib\util\collections\AbstractSortedMapDecorator.java:1: Expected line ending for file is LF(\n), but CRLF(\r\n) is detected. [NewlineAtEndOfFile]
[ERROR] D:\Khedma\Mr wiem\mutation-test-pipeline\target-repos\206364\openjpa-lib\src\main\java\org\apache\openjpa\lib\util\collections\AbstractUntypedIteratorDecorator.java:1: Expected line ending for file is LF(\n), but CRLF(\r\n) is detected. [NewlineAtEndOfFile]
[ERROR] D:\Khedma\Mr wiem\mutation-test-pipeline\target-repos\206364\openjpa-lib\src\main\java\org\apache\openjpa\lib\util\collections\BidiMap.java:1: Expected line ending for file is LF(\n), but CRLF(\r\n) is detected. [NewlineAtEndOfFile]
[ERROR] D:\Khedma\Mr wiem\mutation-test-pipeline\target-repos\206364\openjpa-lib\src\main\java\org\apache\openjpa\lib\util\collections\BoundedMap.java:1: Expected line ending for file is LF(\n), but CRLF(\r\n) is detected. [NewlineAtEndOfFile]
[ERROR] D:\Khedma\Mr wiem\mutation-test-pipeline\target-repos\206364\openjpa-lib\src\main\java\org\apache\openjpa\lib\util\collections\ComparableComparator.java:1: Expected line ending for file is LF(\n), but CRLF(\r\n) is detected. [NewlineAtEndOfFile]
[ERROR] D:\Khedma\Mr wiem\mutation-test-pipeline\target-repos\206364\openjpa-lib\src\main\java\org\apache\openjpa\lib\util\collections\ComparatorChain.java:1: Expected line ending for file is LF(\n), but CRLF(\r\n) is detected. [NewlineAtEndOfFile]
[ERROR] D:\Khedma\Mr wiem\mutation-test-pipeline\target-repos\206364\openjpa-lib\src\main\java\org\apache\openjpa\lib\util\collections\DefaultMapEntry.java:1: Expected line ending for file is LF(\n), but CRLF(\r\n) is detected. [NewlineAtEndOfFile]
[ERROR] D:\Khedma\Mr wiem\mutation-test-pipeline\target-repos\206364\openjpa-lib\src\main\java\org\apache\openjpa\lib\util\collections\DualHashBidiMap.java:1: Expected line ending for file is LF(\n), but CRLF(\r\n) is detected. [NewlineAtEndOfFile]
[ERROR] D:\Khedma\Mr wiem\mutation-test-pipeline\target-repos\206364\openjpa-lib\src\main\java\org\apache\openjpa\lib\util\collections\DualTreeBidiMap.java:1: Expected line ending for file is LF(\n), but CRLF(\r\n) is detected. [NewlineAtEndOfFile]
[ERROR] D:\Khedma\Mr wiem\mutation-test-pipeline\target-repos\206364\openjpa-lib\src\main\java\org\apache\openjpa\lib\util\collections\EmptyIterator.java:1: Expected line ending for file is LF(\n), but CRLF(\r\n) is detected. [NewlineAtEndOfFile]
[ERROR] D:\Khedma\Mr wiem\mutation-test-pipeline\target-repos\206364\openjpa-lib\src\main\java\org\apache\openjpa\lib\util\collections\EmptyMapIterator.java:1: Expected line ending for file is LF(\n), but CRLF(\r\n) is detected. [NewlineAtEndOfFile]
[ERROR] D:\Khedma\Mr wiem\mutation-test-pipeline\target-repos\206364\openjpa-lib\src\main\java\org\apache\openjpa\lib\util\collections\EmptyOrderedIterator.java:1: Expected line ending for file is LF(\n), but CRLF(\r\n) is detected. [NewlineAtEndOfFile]
[ERROR] D:\Khedma\Mr wiem\mutation-test-pipeline\target-repos\206364\openjpa-lib\src\main\java\org\apache\openjpa\lib\util\collections\EmptyOrderedMapIterator.java:1: Expected line ending for file is LF(\n), but CRLF(\r\n) is detected. [NewlineAtEndOfFile]
[ERROR] D:\Khedma\Mr wiem\mutation-test-pipeline\target-repos\206364\openjpa-lib\src\main\java\org\apache\openjpa\lib\util\collections\EntrySetToMapIteratorAdapter.java:1: Expected line ending for file is LF(\n), but CRLF(\r\n) is detected. [NewlineAtEndOfFile]
[ERROR] D:\Khedma\Mr wiem\mutation-test-pipeline\target-repos\206364\openjpa-lib\src\main\java\org\apache\openjpa\lib\util\collections\FilterIterator.java:1: Expected line ending for file is LF(\n), but CRLF(\r\n) is detected. [NewlineAtEndOfFile]
[ERROR] D:\Khedma\Mr wiem\mutation-test-pipeline\target-repos\206364\openjpa-lib\src\main\java\org\apache\openjpa\lib\util\collections\IterableMap.java:1: Expected line ending for file is LF(\n), but CRLF(\r\n) is detected. [NewlineAtEndOfFile]
[ERROR] D:\Khedma\Mr wiem\mutation-test-pipeline\target-repos\206364\openjpa-lib\src\main\java\org\apache\openjpa\lib\util\collections\IterableSortedMap.java:1: Expected line ending for file is LF(\n), but CRLF(\r\n) is detected. [NewlineAtEndOfFile]
[ERROR] D:\Khedma\Mr wiem\mutation-test-pipeline\target-repos\206364\openjpa-lib\src\main\java\org\apache\openjpa\lib\util\collections\IteratorChain.java:1: Expected line ending for file is LF(\n), but CRLF(\r\n) is detected. [NewlineAtEndOfFile]
[ERROR] D:\Khedma\Mr wiem\mutation-test-pipeline\target-repos\206364\openjpa-lib\src\main\java\org\apache\openjpa\lib\util\collections\KeyValue.java:1: Expected line ending for file is LF(\n), but CRLF(\r\n) is detected. [NewlineAtEndOfFile]
[ERROR] D:\Khedma\Mr wiem\mutation-test-pipeline\target-repos\206364\openjpa-lib\src\main\java\org\apache\openjpa\lib\util\collections\LinkedMap.java:1: Expected line ending for file is LF(\n), but CRLF(\r\n) is detected. [NewlineAtEndOfFile]
[ERROR] D:\Khedma\Mr wiem\mutation-test-pipeline\target-repos\206364\openjpa-lib\src\main\java\org\apache\openjpa\lib\util\collections\ListIteratorWrapper.java:1: Expected line ending for file is LF(\n), but CRLF(\r\n) is detected. [NewlineAtEndOfFile]
[ERROR] D:\Khedma\Mr wiem\mutation-test-pipeline\target-repos\206364\openjpa-lib\src\main\java\org\apache\openjpa\lib\util\collections\LRUMap.java:1: Expected line ending for file is LF(\n), but CRLF(\r\n) is detected. [NewlineAtEndOfFile]
[ERROR] D:\Khedma\Mr wiem\mutation-test-pipeline\target-repos\206364\openjpa-lib\src\main\java\org\apache\openjpa\lib\util\collections\MapBackedSet.java:1: Expected line ending for file is LF(\n), but CRLF(\r\n) is detected. [NewlineAtEndOfFile]
[ERROR] D:\Khedma\Mr wiem\mutation-test-pipeline\target-repos\206364\openjpa-lib\src\main\java\org\apache\openjpa\lib\util\collections\MapIterator.java:1: Expected line ending for file is LF(\n), but CRLF(\r\n) is detected. [NewlineAtEndOfFile]
[ERROR] D:\Khedma\Mr wiem\mutation-test-pipeline\target-repos\206364\openjpa-lib\src\main\java\org\apache\openjpa\lib\util\collections\OrderedBidiMap.java:1: Expected line ending for file is LF(\n), but CRLF(\r\n) is detected. [NewlineAtEndOfFile]
[ERROR] D:\Khedma\Mr wiem\mutation-test-pipeline\target-repos\206364\openjpa-lib\src\main\java\org\apache\openjpa\lib\util\collections\OrderedIterator.java:1: Expected line ending for file is LF(\n), but CRLF(\r\n) is detected. [NewlineAtEndOfFile]
[ERROR] D:\Khedma\Mr wiem\mutation-test-pipeline\target-repos\206364\openjpa-lib\src\main\java\org\apache\openjpa\lib\util\collections\OrderedMap.java:1: Expected line ending for file is LF(\n), but CRLF(\r\n) is detected. [NewlineAtEndOfFile]
[ERROR] D:\Khedma\Mr wiem\mutation-test-pipeline\target-repos\206364\openjpa-lib\src\main\java\org\apache\openjpa\lib\util\collections\OrderedMapIterator.java:1: Expected line ending for file is LF(\n), but CRLF(\r\n) is detected. [NewlineAtEndOfFile]
[ERROR] D:\Khedma\Mr wiem\mutation-test-pipeline\target-repos\206364\openjpa-lib\src\main\java\org\apache\openjpa\lib\util\collections\package-info.java:1: Expected line ending for file is LF(\n), but CRLF(\r\n) is detected. [NewlineAtEndOfFile]
[ERROR] D:\Khedma\Mr wiem\mutation-test-pipeline\target-repos\206364\openjpa-lib\src\main\java\org\apache\openjpa\lib\util\collections\ReferenceIdentityMap.java:1: Expected line ending for file is LF(\n), but CRLF(\r\n) is detected. [NewlineAtEndOfFile]
[ERROR] D:\Khedma\Mr wiem\mutation-test-pipeline\target-repos\206364\openjpa-lib\src\main\java\org\apache\openjpa\lib\util\collections\ReferenceMap.java:1: Expected line ending for file is LF(\n), but CRLF(\r\n) is detected. [NewlineAtEndOfFile]
[ERROR] D:\Khedma\Mr wiem\mutation-test-pipeline\target-repos\206364\openjpa-lib\src\main\java\org\apache\openjpa\lib\util\collections\ResettableIterator.java:1: Expected line ending for file is LF(\n), but CRLF(\r\n) is detected. [NewlineAtEndOfFile]
[ERROR] D:\Khedma\Mr wiem\mutation-test-pipeline\target-repos\206364\openjpa-lib\src\main\java\org\apache\openjpa\lib\util\collections\ResettableListIterator.java:1: Expected line ending for file is LF(\n), but CRLF(\r\n) is detected. [NewlineAtEndOfFile]
[ERROR] D:\Khedma\Mr wiem\mutation-test-pipeline\target-repos\206364\openjpa-lib\src\main\java\org\apache\openjpa\lib\util\collections\SortedBidiMap.java:1: Expected line ending for file is LF(\n), but CRLF(\r\n) is detected. [NewlineAtEndOfFile]
[ERROR] D:\Khedma\Mr wiem\mutation-test-pipeline\target-repos\206364\openjpa-lib\src\main\java\org\apache\openjpa\lib\util\collections\TreeBidiMap.java:1: Expected line ending for file is LF(\n), but CRLF(\r\n) is detected. [NewlineAtEndOfFile]
[ERROR] D:\Khedma\Mr wiem\mutation-test-pipeline\target-repos\206364\openjpa-lib\src\main\java\org\apache\openjpa\lib\util\collections\Unmodifiable.java:1: Expected line ending for file is LF(\n), but CRLF(\r\n) is detected. [NewlineAtEndOfFile]
[ERROR] D:\Khedma\Mr wiem\mutation-test-pipeline\target-repos\206364\openjpa-lib\src\main\java\org\apache\openjpa\lib\util\collections\UnmodifiableCollection.java:1: Expected line ending for file is LF(\n), but CRLF(\r\n) is detected. [NewlineAtEndOfFile]
[ERROR] D:\Khedma\Mr wiem\mutation-test-pipeline\target-repos\206364\openjpa-lib\src\main\java\org\apache\openjpa\lib\util\collections\UnmodifiableEntrySet.java:1: Expected line ending for file is LF(\n), but CRLF(\r\n) is detected. [NewlineAtEndOfFile]
[ERROR] D:\Khedma\Mr wiem\mutation-test-pipeline\target-repos\206364\openjpa-lib\src\main\java\org\apache\openjpa\lib\util\collections\UnmodifiableIterator.java:1: Expected line ending for file is LF(\n), but CRLF(\r\n) is detected. [NewlineAtEndOfFile]
[ERROR] D:\Khedma\Mr wiem\mutation-test-pipeline\target-repos\206364\openjpa-lib\src\main\java\org\apache\openjpa\lib\util\collections\UnmodifiableList.java:1: Expected line ending for file is LF(\n), but CRLF(\r\n) is detected. [NewlineAtEndOfFile]
[ERROR] D:\Khedma\Mr wiem\mutation-test-pipeline\target-repos\206364\openjpa-lib\src\main\java\org\apache\openjpa\lib\util\collections\UnmodifiableListIterator.java:1: Expected line ending for file is LF(\n), but CRLF(\r\n) is detected. [NewlineAtEndOfFile]
[ERROR] D:\Khedma\Mr wiem\mutation-test-pipeline\target-repos\206364\openjpa-lib\src\main\java\org\apache\openjpa\lib\util\collections\UnmodifiableMapEntry.java:1: Expected line ending for file is LF(\n), but CRLF(\r\n) is detected. [NewlineAtEndOfFile]
[ERROR] D:\Khedma\Mr wiem\mutation-test-pipeline\target-repos\206364\openjpa-lib\src\main\java\org\apache\openjpa\lib\util\collections\UnmodifiableOrderedMap.java:1: Expected line ending for file is LF(\n), but CRLF(\r\n) is detected. [NewlineAtEndOfFile]
[ERROR] D:\Khedma\Mr wiem\mutation-test-pipeline\target-repos\206364\openjpa-lib\src\main\java\org\apache\openjpa\lib\util\collections\UnmodifiableOrderedMapIterator.java:1: Expected line ending for file is LF(\n), but CRLF(\r\n) is detected. [NewlineAtEndOfFile]
[ERROR] D:\Khedma\Mr wiem\mutation-test-pipeline\target-repos\206364\openjpa-lib\src\main\java\org\apache\openjpa\lib\util\collections\UnmodifiableSet.java:1: Expected line ending for file is LF(\n), but CRLF(\r\n) is detected. [NewlineAtEndOfFile]
[ERROR] D:\Khedma\Mr wiem\mutation-test-pipeline\target-repos\206364\openjpa-lib\src\main\java\org\apache\openjpa\lib\util\concurrent\AbstractConcurrentEventManager.java:1: Expected line ending for file is LF(\n), but CRLF(\r\n) is detected. [NewlineAtEndOfFile]
[ERROR] D:\Khedma\Mr wiem\mutation-test-pipeline\target-repos\206364\openjpa-lib\src\main\java\org\apache\openjpa\lib\util\concurrent\ConcurrentHashMap.java:1: Expected line ending for file is LF(\n), but CRLF(\r\n) is detected. [NewlineAtEndOfFile]
[ERROR] D:\Khedma\Mr wiem\mutation-test-pipeline\target-repos\206364\openjpa-lib\src\main\java\org\apache\openjpa\lib\util\concurrent\ConcurrentMap.java:1: Expected line ending for file is LF(\n), but CRLF(\r\n) is detected. [NewlineAtEndOfFile]
[ERROR] D:\Khedma\Mr wiem\mutation-test-pipeline\target-repos\206364\openjpa-lib\src\main\java\org\apache\openjpa\lib\util\concurrent\ConcurrentReferenceHashMap.java:1: Expected line ending for file is LF(\n), but CRLF(\r\n) is detected. [NewlineAtEndOfFile]
[ERROR] D:\Khedma\Mr wiem\mutation-test-pipeline\target-repos\206364\openjpa-lib\src\main\java\org\apache\openjpa\lib\util\concurrent\ConcurrentReferenceHashSet.java:1: Expected line ending for file is LF(\n), but CRLF(\r\n) is detected. [NewlineAtEndOfFile]
[ERROR] D:\Khedma\Mr wiem\mutation-test-pipeline\target-repos\206364\openjpa-lib\src\main\java\org\apache\openjpa\lib\util\EventManager.java:1: Expected line ending for file is LF(\n), but CRLF(\r\n) is detected. [NewlineAtEndOfFile]
[ERROR] D:\Khedma\Mr wiem\mutation-test-pipeline\target-repos\206364\openjpa-lib\src\main\java\org\apache\openjpa\lib\util\Files.java:1: Expected line ending for file is LF(\n), but CRLF(\r\n) is detected. [NewlineAtEndOfFile]
[ERROR] D:\Khedma\Mr wiem\mutation-test-pipeline\target-repos\206364\openjpa-lib\src\main\java\org\apache\openjpa\lib\util\FormatPreservingProperties.java:1: Expected line ending for file is LF(\n), but CRLF(\r\n) is detected. [NewlineAtEndOfFile]
[ERROR] D:\Khedma\Mr wiem\mutation-test-pipeline\target-repos\206364\openjpa-lib\src\main\java\org\apache\openjpa\lib\util\git\GitUtils.java:1: Expected line ending for file is LF(\n), but CRLF(\r\n) is detected. [NewlineAtEndOfFile]
[ERROR] D:\Khedma\Mr wiem\mutation-test-pipeline\target-repos\206364\openjpa-lib\src\main\java\org\apache\openjpa\lib\util\J2DoPrivHelper.java:1: Expected line ending for file is LF(\n), but CRLF(\r\n) is detected. [NewlineAtEndOfFile]
[ERROR] D:\Khedma\Mr wiem\mutation-test-pipeline\target-repos\206364\openjpa-lib\src\main\java\org\apache\openjpa\lib\util\JavaVendors.java:1: Expected line ending for file is LF(\n), but CRLF(\r\n) is detected. [NewlineAtEndOfFile]
[ERROR] D:\Khedma\Mr wiem\mutation-test-pipeline\target-repos\206364\openjpa-lib\src\main\java\org\apache\openjpa\lib\util\JavaVersions.java:1: Expected line ending for file is LF(\n), but CRLF(\r\n) is detected. [NewlineAtEndOfFile]
[ERROR] D:\Khedma\Mr wiem\mutation-test-pipeline\target-repos\206364\openjpa-lib\src\main\java\org\apache\openjpa\lib\util\Localizer.java:1: Expected line ending for file is LF(\n), but CRLF(\r\n) is detected. [NewlineAtEndOfFile]
[ERROR] D:\Khedma\Mr wiem\mutation-test-pipeline\target-repos\206364\openjpa-lib\src\main\java\org\apache\openjpa\lib\util\LRUMap.java:1: Expected line ending for file is LF(\n), but CRLF(\r\n) is detected. [NewlineAtEndOfFile]
[ERROR] D:\Khedma\Mr wiem\mutation-test-pipeline\target-repos\206364\openjpa-lib\src\main\java\org\apache\openjpa\lib\util\MultiClassLoader.java:1: Expected line ending for file is LF(\n), but CRLF(\r\n) is detected. [NewlineAtEndOfFile]
[ERROR] D:\Khedma\Mr wiem\mutation-test-pipeline\target-repos\206364\openjpa-lib\src\main\java\org\apache\openjpa\lib\util\Options.java:1: Expected line ending for file is LF(\n), but CRLF(\r\n) is detected. [NewlineAtEndOfFile]
[ERROR] D:\Khedma\Mr wiem\mutation-test-pipeline\target-repos\206364\openjpa-lib\src\main\java\org\apache\openjpa\lib\util\OrderedMap.java:1: Expected line ending for file is LF(\n), but CRLF(\r\n) is detected. [NewlineAtEndOfFile]
[ERROR] D:\Khedma\Mr wiem\mutation-test-pipeline\target-repos\206364\openjpa-lib\src\main\java\org\apache\openjpa\lib\util\ParameterTemplate.java:1: Expected line ending for file is LF(\n), but CRLF(\r\n) is detected. [NewlineAtEndOfFile]
[ERROR] D:\Khedma\Mr wiem\mutation-test-pipeline\target-repos\206364\openjpa-lib\src\main\java\org\apache\openjpa\lib\util\ParseException.java:1: Expected line ending for file is LF(\n), but CRLF(\r\n) is detected. [NewlineAtEndOfFile]
[ERROR] D:\Khedma\Mr wiem\mutation-test-pipeline\target-repos\206364\openjpa-lib\src\main\java\org\apache\openjpa\lib\util\ReferenceHashMap.java:1: Expected line ending for file is LF(\n), but CRLF(\r\n) is detected. [NewlineAtEndOfFile]
[ERROR] D:\Khedma\Mr wiem\mutation-test-pipeline\target-repos\206364\openjpa-lib\src\main\java\org\apache\openjpa\lib\util\ReferenceHashSet.java:1: Expected line ending for file is LF(\n), but CRLF(\r\n) is detected. [NewlineAtEndOfFile]
[ERROR] D:\Khedma\Mr wiem\mutation-test-pipeline\target-repos\206364\openjpa-lib\src\main\java\org\apache\openjpa\lib\util\ReferenceMap.java:1: Expected line ending for file is LF(\n), but CRLF(\r\n) is detected. [NewlineAtEndOfFile]
[ERROR] D:\Khedma\Mr wiem\mutation-test-pipeline\target-repos\206364\openjpa-lib\src\main\java\org\apache\openjpa\lib\util\Reflectable.java:1: Expected line ending for file is LF(\n), but CRLF(\r\n) is detected. [NewlineAtEndOfFile]
[ERROR] D:\Khedma\Mr wiem\mutation-test-pipeline\target-repos\206364\openjpa-lib\src\main\java\org\apache\openjpa\lib\util\ResourceBundleProvider.java:1: Expected line ending for file is LF(\n), but CRLF(\r\n) is detected. [NewlineAtEndOfFile]
[ERROR] D:\Khedma\Mr wiem\mutation-test-pipeline\target-repos\206364\openjpa-lib\src\main\java\org\apache\openjpa\lib\util\Services.java:1: Expected line ending for file is LF(\n), but CRLF(\r\n) is detected. [NewlineAtEndOfFile]
[ERROR] D:\Khedma\Mr wiem\mutation-test-pipeline\target-repos\206364\openjpa-lib\src\main\java\org\apache\openjpa\lib\util\SimpleRegex.java:1: Expected line ending for file is LF(\n), but CRLF(\r\n) is detected. [NewlineAtEndOfFile]
[ERROR] D:\Khedma\Mr wiem\mutation-test-pipeline\target-repos\206364\openjpa-lib\src\main\java\org\apache\openjpa\lib\util\SimpleResourceBundleProvider.java:1: Expected line ending for file is LF(\n), but CRLF(\r\n) is detected. [NewlineAtEndOfFile]
[ERROR] D:\Khedma\Mr wiem\mutation-test-pipeline\target-repos\206364\openjpa-lib\src\main\java\org\apache\openjpa\lib\util\SizedMap.java:1: Expected line ending for file is LF(\n), but CRLF(\r\n) is detected. [NewlineAtEndOfFile]
[ERROR] D:\Khedma\Mr wiem\mutation-test-pipeline\target-repos\206364\openjpa-lib\src\main\java\org\apache\openjpa\lib\util\StreamResourceBundleProvider.java:1: Expected line ending for file is LF(\n), but CRLF(\r\n) is detected. [NewlineAtEndOfFile]
[ERROR] D:\Khedma\Mr wiem\mutation-test-pipeline\target-repos\206364\openjpa-lib\src\main\java\org\apache\openjpa\lib\util\StringDistance.java:1: Expected line ending for file is LF(\n), but CRLF(\r\n) is detected. [NewlineAtEndOfFile]
[ERROR] D:\Khedma\Mr wiem\mutation-test-pipeline\target-repos\206364\openjpa-lib\src\main\java\org\apache\openjpa\lib\util\StringUtil.java:1: Expected line ending for file is LF(\n), but CRLF(\r\n) is detected. [NewlineAtEndOfFile]
[ERROR] D:\Khedma\Mr wiem\mutation-test-pipeline\target-repos\206364\openjpa-lib\src\main\java\org\apache\openjpa\lib\util\TemporaryClassLoader.java:1: Expected line ending for file is LF(\n), but CRLF(\r\n) is detected. [NewlineAtEndOfFile]
[ERROR] D:\Khedma\Mr wiem\mutation-test-pipeline\target-repos\206364\openjpa-lib\src\main\java\org\apache\openjpa\lib\util\TimestampHelper.java:1: Expected line ending for file is LF(\n), but CRLF(\r\n) is detected. [NewlineAtEndOfFile]
[ERROR] D:\Khedma\Mr wiem\mutation-test-pipeline\target-repos\206364\openjpa-lib\src\main\java\org\apache\openjpa\lib\util\TypedProperties.java:1: Expected line ending for file is LF(\n), but CRLF(\r\n) is detected. [NewlineAtEndOfFile]
[ERROR] D:\Khedma\Mr wiem\mutation-test-pipeline\target-repos\206364\openjpa-lib\src\main\java\org\apache\openjpa\lib\util\UUIDGenerator.java:1: Expected line ending for file is LF(\n), but CRLF(\r\n) is detected. [NewlineAtEndOfFile]
[ERROR] D:\Khedma\Mr wiem\mutation-test-pipeline\target-repos\206364\openjpa-lib\src\main\java\org\apache\openjpa\lib\util\ZipResourceBundleProvider.java:1: Expected line ending for file is LF(\n), but CRLF(\r\n) is detected. [NewlineAtEndOfFile]
[ERROR] D:\Khedma\Mr wiem\mutation-test-pipeline\target-repos\206364\openjpa-lib\src\main\java\org\apache\openjpa\lib\xml\Commentable.java:1: Expected line ending for file is LF(\n), but CRLF(\r\n) is detected. [NewlineAtEndOfFile]
[ERROR] D:\Khedma\Mr wiem\mutation-test-pipeline\target-repos\206364\openjpa-lib\src\main\java\org\apache\openjpa\lib\xml\DocTypeReader.java:1: Expected line ending for file is LF(\n), but CRLF(\r\n) is detected. [NewlineAtEndOfFile]
[ERROR] D:\Khedma\Mr wiem\mutation-test-pipeline\target-repos\206364\openjpa-lib\src\main\java\org\apache\openjpa\lib\xml\Location.java:1: Expected line ending for file is LF(\n), but CRLF(\r\n) is detected. [NewlineAtEndOfFile]
[ERROR] D:\Khedma\Mr wiem\mutation-test-pipeline\target-repos\206364\openjpa-lib\src\main\java\org\apache\openjpa\lib\xml\ValidatingErrorHandler.java:1: Expected line ending for file is LF(\n), but CRLF(\r\n) is detected. [NewlineAtEndOfFile]
[ERROR] D:\Khedma\Mr wiem\mutation-test-pipeline\target-repos\206364\openjpa-lib\src\main\java\org\apache\openjpa\lib\xml\XMLFactory.java:1: Expected line ending for file is LF(\n), but CRLF(\r\n) is detected. [NewlineAtEndOfFile]
[ERROR] D:\Khedma\Mr wiem\mutation-test-pipeline\target-repos\206364\openjpa-lib\src\main\java\org\apache\openjpa\lib\xml\XMLWriter.java:1: Expected line ending for file is LF(\n), but CRLF(\r\n) is detected. [NewlineAtEndOfFile]
[ERROR] D:\Khedma\Mr wiem\mutation-test-pipeline\target-repos\206364\openjpa-lib\src\test\java\org\apache\openjpa\lib\util\StringUtilTest.java:1: Expected line ending for file is LF(\n), but CRLF(\r\n) is detected. [NewlineAtEndOfFile]
[ERROR] D:\Khedma\Mr wiem\mutation-test-pipeline\target-repos\206364\openjpa-lib\src\main\resources\org\apache\openjpa\lib\ant\localizer.properties:1: Expected line ending for file is LF(\n), but CRLF(\r\n) is detected. [NewlineAtEndOfFile]
[ERROR] D:\Khedma\Mr wiem\mutation-test-pipeline\target-repos\206364\openjpa-lib\src\main\resources\org\apache\openjpa\lib\conf\localizer.properties:1: Expected line ending for file is LF(\n), but CRLF(\r\n) is detected. [NewlineAtEndOfFile]
[ERROR] D:\Khedma\Mr wiem\mutation-test-pipeline\target-repos\206364\openjpa-lib\src\main\resources\org\apache\openjpa\lib\graph\localizer.properties:1: Expected line ending for file is LF(\n), but CRLF(\r\n) is detected. [NewlineAtEndOfFile]
[ERROR] D:\Khedma\Mr wiem\mutation-test-pipeline\target-repos\206364\openjpa-lib\src\main\resources\org\apache\openjpa\lib\jdbc\localizer.properties:1: Expected line ending for file is LF(\n), but CRLF(\r\n) is detected. [NewlineAtEndOfFile]
[ERROR] D:\Khedma\Mr wiem\mutation-test-pipeline\target-repos\206364\openjpa-lib\src\main\resources\org\apache\openjpa\lib\log\localizer.properties:1: Expected line ending for file is LF(\n), but CRLF(\r\n) is detected. [NewlineAtEndOfFile]
[ERROR] D:\Khedma\Mr wiem\mutation-test-pipeline\target-repos\206364\openjpa-lib\src\main\resources\org\apache\openjpa\lib\meta\localizer.properties:1: Expected line ending for file is LF(\n), but CRLF(\r\n) is detected. [NewlineAtEndOfFile]
[ERROR] D:\Khedma\Mr wiem\mutation-test-pipeline\target-repos\206364\openjpa-lib\src\main\resources\org\apache\openjpa\lib\rop\localizer.properties:1: Expected line ending for file is LF(\n), but CRLF(\r\n) is detected. [NewlineAtEndOfFile]
[ERROR] D:\Khedma\Mr wiem\mutation-test-pipeline\target-repos\206364\openjpa-lib\src\main\resources\org\apache\openjpa\lib\util\localizer.properties:1: Expected line ending for file is LF(\n), but CRLF(\r\n) is detected. [NewlineAtEndOfFile]
[ERROR] D:\Khedma\Mr wiem\mutation-test-pipeline\target-repos\206364\openjpa-lib\src\main\resources\org\apache\openjpa\lib\xml\localizer.properties:1: Expected line ending for file is LF(\n), but CRLF(\r\n) is detected. [NewlineAtEndOfFile]
[ERROR] D:\Khedma\Mr wiem\mutation-test-pipeline\target-repos\206364\openjpa-lib\src\test\resources\localizer.properties:1: Expected line ending for file is LF(\n), but CRLF(\r\n) is detected. [NewlineAtEndOfFile]
[ERROR] D:\Khedma\Mr wiem\mutation-test-pipeline\target-repos\206364\openjpa-lib\src\test\resources\org\apache\openjpa\lib\conf\test\localizer.properties:1: Expected line ending for file is LF(\n), but CRLF(\r\n) is detected. [NewlineAtEndOfFile]
[ERROR] D:\Khedma\Mr wiem\mutation-test-pipeline\target-repos\206364\openjpa-lib\src\test\resources\org\apache\openjpa\lib\util\testlocalizer\localizer.properties:1: Expected line ending for file is LF(\n), but CRLF(\r\n) is detected. [NewlineAtEndOfFile]
[ERROR] D:\Khedma\Mr wiem\mutation-test-pipeline\target-repos\206364\openjpa-lib\src\test\resources\org\apache\openjpa\lib\util\testlocalizer\localizer_de_DE.properties:1: Expected line ending for file is LF(\n), but CRLF(\r\n) is detected. [NewlineAtEndOfFile]
[ERROR] D:\Khedma\Mr wiem\mutation-test-pipeline\target-repos\206364\openjpa-lib\src\test\resources\test.properties:1: Expected line ending for file is LF(\n), but CRLF(\r\n) is detected. [NewlineAtEndOfFile]
Audit done.
[INFO] ------------------------------------------------------------------------
[INFO] BUILD FAILURE
[INFO] ------------------------------------------------------------------------
[INFO] Total time:  4.501 s
[INFO] Finished at: 2026-02-25T14:09:02-05:00
[INFO] ------------------------------------------------------------------------
[ERROR] Failed to execute goal org.apache.maven.plugins:maven-checkstyle-plugin:3.6.0:checkstyle (default) on project openjpa-lib: An error has occurred in Checkstyle report generation.: Failed during checkstyle execution: There are 241 errors reported by Checkstyle 9.3 with D:\Khedma\Mr wiem\mutation-test-pipeline\target-repos\206364\openjpa-lib\target\checkstyle-rules.xml ruleset. -> [Help 1]
[ERROR] 
[ERROR] To see the full stack trace of the errors, re-run Maven with the -e switch.
[ERROR] Re-run Maven using the -X switch to enable full debug logging.
[ERROR] 
[ERROR] For more information about the errors and possible solutions, please read the following articles:
[ERROR] [Help 1] http://cwiki.apache.org/confluence/display/MAVEN/MojoExecutionException

STDERR:
