COMMAND: mvn.cmd -s D:\Khedma\Mr wiem\mutation-test-pipeline\.mvn\settings.xml -DskipTests compile

STDOUT:
[INFO] Scanning for projects...
[INFO] 
[INFO] -------------------< org.constretto:constretto-core >-------------------
[INFO] Building Constretto :: Core implementation - 3.0.0-SNAPSHOT 3.0.0-SNAPSHOT
[INFO]   from pom.xml
[INFO] --------------------------------[ jar ]---------------------------------
Downloading from central: https://repo1.maven.org/maven2/org/jacoco/jacoco-maven-plugin/0.8.8/jacoco-maven-plugin-0.8.8.pom
Progress (1): 876 B
Progress (1): 2.9 kB
Progress (1): 3.8 kB
                    
Downloaded from central: https://repo1.maven.org/maven2/org/jacoco/jacoco-maven-plugin/0.8.8/jacoco-maven-plugin-0.8.8.pom (3.8 kB at 14 kB/s)
Downloading from central: https://repo1.maven.org/maven2/org/jacoco/org.jacoco.build/0.8.8/org.jacoco.build-0.8.8.pom
Progress (1): 799 B
Progress (1): 2.4 kB
Progress (1): 4.4 kB
Progress (1): 8.2 kB
Progress (1): 10 kB 
Progress (1): 14 kB
Progress (1): 18 kB
Progress (1): 20 kB
Progress (1): 23 kB
Progress (1): 26 kB
Progress (1): 28 kB
Progress (1): 32 kB
Progress (1): 37 kB
Progress (1): 41 kB
Progress (1): 44 kB
                   
Downloaded from central: https://repo1.maven.org/maven2/org/jacoco/org.jacoco.build/0.8.8/org.jacoco.build-0.8.8.pom (44 kB at 703 kB/s)
Downloading from central: https://repo1.maven.org/maven2/org/jacoco/jacoco-maven-plugin/0.8.8/jacoco-maven-plugin-0.8.8.jar
Progress (1): 0.9/56 kB
Progress (1): 2.3/56 kB
Progress (1): 3.4/56 kB
Progress (1): 4.7/56 kB
Progress (1): 6.1/56 kB
Progress (1): 7.5/56 kB
Progress (1): 8.8/56 kB
Progress (1): 10/56 kB 
Progress (1): 12/56 kB
Progress (1): 13/56 kB
Progress (1): 14/56 kB
Progress (1): 16/56 kB
Progress (1): 17/56 kB
Progress (1): 18/56 kB
Progress (1): 20/56 kB
Progress (1): 21/56 kB
Progress (1): 23/56 kB
Progress (1): 24/56 kB
Progress (1): 25/56 kB
Progress (1): 27/56 kB
Progress (1): 28/56 kB
Progress (1): 29/56 kB
Progress (1): 31/56 kB
Progress (1): 32/56 kB
Progress (1): 33/56 kB
Progress (1): 35/56 kB
Progress (1): 36/56 kB
Progress (1): 38/56 kB
Progress (1): 39/56 kB
Progress (1): 40/56 kB
Progress (1): 42/56 kB
Progress (1): 46/56 kB
Progress (1): 50/56 kB
Progress (1): 54/56 kB
Progress (1): 56 kB   
                   
Downloaded from central: https://repo1.maven.org/maven2/org/jacoco/jacoco-maven-plugin/0.8.8/jacoco-maven-plugin-0.8.8.jar (56 kB at 756 kB/s)
Downloading from central: https://repo1.maven.org/maven2/org/apache/maven/plugins/maven-source-plugin/2.3/maven-source-plugin-2.3.pom
Progress (1): 774 B
Progress (1): 2.3 kB
Progress (1): 5.4 kB
Progress (1): 6.6 kB
                    
Downloaded from central: https://repo1.maven.org/maven2/org/apache/maven/plugins/maven-source-plugin/2.3/maven-source-plugin-2.3.pom (6.6 kB at 91 kB/s)
Downloading from central: https://repo1.maven.org/maven2/org/apache/maven/plugins/maven-source-plugin/2.3/maven-source-plugin-2.3.jar
Progress (1): 3.8/31 kB
Progress (1): 8.0/31 kB
Progress (1): 12/31 kB 
Progress (1): 16/31 kB
Progress (1): 20/31 kB
Progress (1): 24/31 kB
Progress (1): 29/31 kB
Progress (1): 31 kB   
                   
Downloaded from central: https://repo1.maven.org/maven2/org/apache/maven/plugins/maven-source-plugin/2.3/maven-source-plugin-2.3.jar (31 kB at 259 kB/s)
Downloading from central: https://repo1.maven.org/maven2/org/apache/maven/plugins/maven-javadoc-plugin/3.4.1/maven-javadoc-plugin-3.4.1.pom
Progress (1): 742 B
Progress (1): 2.1 kB
Progress (1): 4.1 kB
Progress (1): 8.8 kB
Progress (1): 13 kB 
Progress (1): 16 kB
Progress (1): 18 kB
Progress (1): 20 kB
Progress (1): 21 kB
                   
Downloaded from central: https://repo1.maven.org/maven2/org/apache/maven/plugins/maven-javadoc-plugin/3.4.1/maven-javadoc-plugin-3.4.1.pom (21 kB at 289 kB/s)
Downloading from central: https://repo1.maven.org/maven2/org/apache/maven/plugins/maven-javadoc-plugin/3.4.1/maven-javadoc-plugin-3.4.1.jar
Progress (1): 4.2/523 kB
Progress (1): 8.2/523 kB
Progress (1): 12/523 kB 
Progress (1): 17/523 kB
Progress (1): 21/523 kB
Progress (1): 25/523 kB
Progress (1): 29/523 kB
Progress (1): 33/523 kB
Progress (1): 37/523 kB
Progress (1): 41/523 kB
Progress (1): 45/523 kB
Progress (1): 50/523 kB
Progress (1): 54/523 kB
Progress (1): 58/523 kB
Progress (1): 62/523 kB
Progress (1): 66/523 kB
Progress (1): 70/523 kB
Progress (1): 74/523 kB
Progress (1): 78/523 kB
Progress (1): 82/523 kB
Progress (1): 87/523 kB
Progress (1): 91/523 kB
Progress (1): 95/523 kB
Progress (1): 99/523 kB
Progress (1): 116/523 kB
Progress (1): 131/523 kB
Progress (1): 147/523 kB
Progress (1): 164/523 kB
Progress (1): 180/523 kB
Progress (1): 197/523 kB
Progress (1): 213/523 kB
Progress (1): 229/523 kB
Progress (1): 246/523 kB
Progress (1): 262/523 kB
Progress (1): 279/523 kB
Progress (1): 295/523 kB
Progress (1): 311/523 kB
Progress (1): 328/523 kB
Progress (1): 344/523 kB
Progress (1): 360/523 kB
Progress (1): 377/523 kB
Progress (1): 393/523 kB
Progress (1): 410/523 kB
Progress (1): 426/523 kB
Progress (1): 442/523 kB
Progress (1): 459/523 kB
Progress (1): 475/523 kB
Progress (1): 492/523 kB
Progress (1): 508/523 kB
Progress (1): 523 kB    
                    
Downloaded from central: https://repo1.maven.org/maven2/org/apache/maven/plugins/maven-javadoc-plugin/3.4.1/maven-javadoc-plugin-3.4.1.jar (523 kB at 5.2 MB/s)
Downloading from central: https://repo1.maven.org/maven2/org/apache/maven/plugins/maven-enforcer-plugin/3.1.0/maven-enforcer-plugin-3.1.0.pom
Progress (1): 819 B
Progress (1): 3.2 kB
Progress (1): 5.1 kB
Progress (1): 7.2 kB
                    
Downloaded from central: https://repo1.maven.org/maven2/org/apache/maven/plugins/maven-enforcer-plugin/3.1.0/maven-enforcer-plugin-3.1.0.pom (7.2 kB at 116 kB/s)
Downloading from central: https://repo1.maven.org/maven2/org/apache/maven/enforcer/enforcer/3.1.0/enforcer-3.1.0.pom
Progress (1): 807 B
Progress (1): 2.3 kB
Progress (1): 6.0 kB
Progress (1): 8.3 kB
                    
Downloaded from central: https://repo1.maven.org/maven2/org/apache/maven/enforcer/enforcer/3.1.0/enforcer-3.1.0.pom (8.3 kB at 126 kB/s)
Downloading from central: https://repo1.maven.org/maven2/org/apache/maven/plugins/maven-enforcer-plugin/3.1.0/maven-enforcer-plugin-3.1.0.jar
Progress (1): 7.7/26 kB
Progress (1): 8.2/26 kB
Progress (1): 25/26 kB 
Progress (1): 26 kB   
                   
Downloaded from central: https://repo1.maven.org/maven2/org/apache/maven/plugins/maven-enforcer-plugin/3.1.0/maven-enforcer-plugin-3.1.0.jar (26 kB at 540 kB/s)
Downloading from central: https://repo1.maven.org/maven2/org/apache/maven/plugins/maven-resources-plugin/3.3.0/maven-resources-plugin-3.3.0.pom
Progress (1): 773 B
Progress (1): 2.2 kB
Progress (1): 5.0 kB
Progress (1): 7.8 kB
Progress (1): 8.5 kB
                    
Downloaded from central: https://repo1.maven.org/maven2/org/apache/maven/plugins/maven-resources-plugin/3.3.0/maven-resources-plugin-3.3.0.pom (8.5 kB at 127 kB/s)
Downloading from central: https://repo1.maven.org/maven2/org/apache/maven/plugins/maven-resources-plugin/3.3.0/maven-resources-plugin-3.3.0.jar
Progress (1): 7.7/32 kB
Progress (1): 16/32 kB 
Progress (1): 32 kB   
                   
Downloaded from central: https://repo1.maven.org/maven2/org/apache/maven/plugins/maven-resources-plugin/3.3.0/maven-resources-plugin-3.3.0.jar (32 kB at 676 kB/s)
Downloading from central: https://repo1.maven.org/maven2/org/apache/maven/plugins/maven-compiler-plugin/3.10.1/maven-compiler-plugin-3.10.1.pom
Progress (1): 756 B
Progress (1): 2.2 kB
Progress (1): 3.8 kB
Progress (1): 8.2 kB
Progress (1): 11 kB 
Progress (1): 13 kB
                   
Downloaded from central: https://repo1.maven.org/maven2/org/apache/maven/plugins/maven-compiler-plugin/3.10.1/maven-compiler-plugin-3.10.1.pom (13 kB at 225 kB/s)
Downloading from central: https://repo1.maven.org/maven2/org/apache/maven/plugins/maven-compiler-plugin/3.10.1/maven-compiler-plugin-3.10.1.jar
Progress (1): 7.7/62 kB
Progress (1): 8.2/62 kB
Progress (1): 25/62 kB 
Progress (1): 41/62 kB
Progress (1): 57/62 kB
Progress (1): 62 kB   
                   
Downloaded from central: https://repo1.maven.org/maven2/org/apache/maven/plugins/maven-compiler-plugin/3.10.1/maven-compiler-plugin-3.10.1.jar (62 kB at 1.2 MB/s)
[WARNING] The POM for org.constretto:constretto-api:jar:3.0.0-SNAPSHOT is missing, no dependency information available
Downloading from central: https://repo1.maven.org/maven2/com/thoughtworks/paranamer/paranamer/2.8/paranamer-2.8.pom
Progress (1): 1.6 kB
Progress (1): 4.3 kB
Progress (1): 5.3 kB
                    
Downloaded from central: https://repo1.maven.org/maven2/com/thoughtworks/paranamer/paranamer/2.8/paranamer-2.8.pom (5.3 kB at 62 kB/s)
Downloading from central: https://repo1.maven.org/maven2/com/thoughtworks/paranamer/paranamer-parent/2.8/paranamer-parent-2.8.pom
Progress (1): 1.2 kB
Progress (1): 4.5 kB
Progress (1): 9.6 kB
Progress (1): 12 kB 
                   
Downloaded from central: https://repo1.maven.org/maven2/com/thoughtworks/paranamer/paranamer-parent/2.8/paranamer-parent-2.8.pom (12 kB at 180 kB/s)
Downloading from central: https://repo1.maven.org/maven2/org/slf4j/jcl-over-slf4j/1.7.36/jcl-over-slf4j-1.7.36.pom
Progress (1): 1.2 kB
                    
Downloaded from central: https://repo1.maven.org/maven2/org/slf4j/jcl-over-slf4j/1.7.36/jcl-over-slf4j-1.7.36.pom (1.2 kB at 23 kB/s)
Downloading from central: https://repo1.maven.org/maven2/com/github/stefanbirkner/system-rules/1.16.0/system-rules-1.16.0.pom
Progress (1): 1.1 kB
Progress (1): 2.3 kB
                    
Downloaded from central: https://repo1.maven.org/maven2/com/github/stefanbirkner/system-rules/1.16.0/system-rules-1.16.0.pom (2.3 kB at 24 kB/s)
Downloading from central: https://repo1.maven.org/maven2/junit/junit-dep/maven-metadata.xml
Progress (1): 563 B
                   
Downloaded from central: https://repo1.maven.org/maven2/junit/junit-dep/maven-metadata.xml (563 B at 7.6 kB/s)
Downloading from central: https://repo1.maven.org/maven2/junit/junit-dep/4.9/junit-dep-4.9.pom
Progress (1): 1.2 kB
Progress (1): 2.3 kB
                    
Downloaded from central: https://repo1.maven.org/maven2/junit/junit-dep/4.9/junit-dep-4.9.pom (2.3 kB at 34 kB/s)
Downloading from central: https://repo1.maven.org/maven2/junit/junit-dep/4.10/junit-dep-4.10.pom
Progress (1): 1.2 kB
Progress (1): 2.3 kB
                    
Downloaded from central: https://repo1.maven.org/maven2/junit/junit-dep/4.10/junit-dep-4.10.pom (2.3 kB at 30 kB/s)
Downloading from central: https://repo1.maven.org/maven2/junit/junit-dep/4.11-beta-1/junit-dep-4.11-beta-1.pom
Progress (1): 1.1 kB
Progress (1): 2.0 kB
                    
Downloaded from central: https://repo1.maven.org/maven2/junit/junit-dep/4.11-beta-1/junit-dep-4.11-beta-1.pom (2.0 kB at 27 kB/s)
Downloading from central: https://repo1.maven.org/maven2/junit/junit/4.11-beta-1/junit-4.11-beta-1.pom
Progress (1): 1.2 kB
Progress (1): 2.4 kB
                    
Downloaded from central: https://repo1.maven.org/maven2/junit/junit/4.11-beta-1/junit-4.11-beta-1.pom (2.4 kB at 28 kB/s)
Downloading from central: https://repo1.maven.org/maven2/org/ini4j/ini4j/0.5.4/ini4j-0.5.4.pom
Progress (1): 826 B
Progress (1): 2.7 kB
Progress (1): 5.8 kB
Progress (1): 12 kB 
Progress (1): 17 kB
Progress (1): 21 kB
Progress (1): 28 kB
Progress (1): 32 kB
Progress (1): 35 kB
                   
Downloaded from central: https://repo1.maven.org/maven2/org/ini4j/ini4j/0.5.4/ini4j-0.5.4.pom (35 kB at 364 kB/s)
Downloading from central: https://repo1.maven.org/maven2/org/reflections/reflections/0.10.2/reflections-0.10.2.pom
Progress (1): 1.3 kB
Progress (1): 3.9 kB
Progress (1): 8.1 kB
Progress (1): 9.3 kB
                    
Downloaded from central: https://repo1.maven.org/maven2/org/reflections/reflections/0.10.2/reflections-0.10.2.pom (9.3 kB at 146 kB/s)
Downloading from central: https://repo1.maven.org/maven2/org/javassist/javassist/3.28.0-GA/javassist-3.28.0-GA.pom
Progress (1): 950 B
Progress (1): 3.4 kB
Progress (1): 5.5 kB
Progress (1): 7.9 kB
Progress (1): 9.8 kB
Progress (1): 11 kB 
                   
Downloaded from central: https://repo1.maven.org/maven2/org/javassist/javassist/3.28.0-GA/javassist-3.28.0-GA.pom (11 kB at 164 kB/s)
Downloading from central: https://repo1.maven.org/maven2/org/jasypt/jasypt/1.9.1/jasypt-1.9.1.pom
Progress (1): 1.5 kB
Progress (1): 3.0 kB
Progress (1): 6.2 kB
Progress (1): 8.5 kB
                    
Downloaded from central: https://repo1.maven.org/maven2/org/jasypt/jasypt/1.9.1/jasypt-1.9.1.pom (8.5 kB at 134 kB/s)
Downloading from central: https://repo1.maven.org/maven2/com/google/code/gson/gson/2.10/gson-2.10.pom
Progress (1): 1.1 kB
Progress (1): 3.4 kB
Progress (1): 6.7 kB
Progress (1): 8.7 kB
Progress (1): 9.4 kB
                    
Downloaded from central: https://repo1.maven.org/maven2/com/google/code/gson/gson/2.10/gson-2.10.pom (9.4 kB at 103 kB/s)
Downloading from central: https://repo1.maven.org/maven2/com/google/code/gson/gson-parent/2.10/gson-parent-2.10.pom
Progress (1): 1.1 kB
Progress (1): 2.7 kB
Progress (1): 4.3 kB
Progress (1): 6.6 kB
Progress (1): 8.5 kB
Progress (1): 11 kB 
Progress (1): 12 kB
                   
Downloaded from central: https://repo1.maven.org/maven2/com/google/code/gson/gson-parent/2.10/gson-parent-2.10.pom (12 kB at 183 kB/s)
Downloading from central: https://repo1.maven.org/maven2/org/mockito/mockito-all/1.9.5/mockito-all-1.9.5.pom
Progress (1): 1.0 kB
                    
Downloaded from central: https://repo1.maven.org/maven2/org/mockito/mockito-all/1.9.5/mockito-all-1.9.5.pom (1.0 kB at 19 kB/s)
Downloading from central: https://repo1.maven.org/maven2/org/apache/directory/server/apacheds-test-framework/2.0.0.AM26/apacheds-test-framework-2.0.0.AM26.pom
Progress (1): 796 B
Progress (1): 3.1 kB
Progress (1): 6.7 kB
                    
Downloaded from central: https://repo1.maven.org/maven2/org/apache/directory/server/apacheds-test-framework/2.0.0.AM26/apacheds-test-framework-2.0.0.AM26.pom (6.7 kB at 73 kB/s)
Downloading from central: https://repo1.maven.org/maven2/org/apache/directory/server/apacheds-parent/2.0.0.AM26/apacheds-parent-2.0.0.AM26.pom
Progress (1): 718 B
Progress (1): 1.8 kB
Progress (1): 3.7 kB
Progress (1): 5.7 kB
Progress (1): 8.4 kB
Progress (1): 12 kB 
Progress (1): 14 kB
Progress (1): 17 kB
Progress (1): 23 kB
Progress (1): 36 kB
Progress (1): 42 kB
Progress (1): 45 kB
Progress (1): 45 kB
                   
Downloaded from central: https://repo1.maven.org/maven2/org/apache/directory/server/apacheds-parent/2.0.0.AM26/apacheds-parent-2.0.0.AM26.pom (45 kB at 493 kB/s)
Downloading from central: https://repo1.maven.org/maven2/org/apache/directory/project/project/44/project-44.pom
Progress (1): 761 B
Progress (1): 2.0 kB
Progress (1): 5.2 kB
Progress (1): 11 kB 
Progress (1): 18 kB
Progress (1): 23 kB
Progress (1): 26 kB
Progress (1): 32 kB
Progress (1): 35 kB
Progress (1): 38 kB
Progress (1): 38 kB
                   
Downloaded from central: https://repo1.maven.org/maven2/org/apache/directory/project/project/44/project-44.pom (38 kB at 526 kB/s)
Downloading from central: https://repo1.maven.org/maven2/org/apache/directory/server/apacheds-core-annotations/2.0.0.AM26/apacheds-core-annotations-2.0.0.AM26.pom
Progress (1): 798 B
Progress (1): 3.7 kB
Progress (1): 7.9 kB
Progress (1): 8.9 kB
                    
Downloaded from central: https://repo1.maven.org/maven2/org/apache/directory/server/apacheds-core-annotations/2.0.0.AM26/apacheds-core-annotations-2.0.0.AM26.pom (8.9 kB at 80 kB/s)
Downloading from central: https://repo1.maven.org/maven2/org/apache/directory/server/apacheds-core/2.0.0.AM26/apacheds-core-2.0.0.AM26.pom
Progress (1): 792 B
Progress (1): 3.9 kB
Progress (1): 6.7 kB
Progress (1): 11 kB 
                   
Downloaded from central: https://repo1.maven.org/maven2/org/apache/directory/server/apacheds-core/2.0.0.AM26/apacheds-core-2.0.0.AM26.pom (11 kB at 157 kB/s)
Downloading from central: https://repo1.maven.org/maven2/org/apache/directory/server/apacheds-i18n/2.0.0.AM26/apacheds-i18n-2.0.0.AM26.pom
Progress (1): 831 B
Progress (1): 2.4 kB
                    
Downloaded from central: https://repo1.maven.org/maven2/org/apache/directory/server/apacheds-i18n/2.0.0.AM26/apacheds-i18n-2.0.0.AM26.pom (2.4 kB at 37 kB/s)
Downloading from central: https://repo1.maven.org/maven2/org/apache/directory/server/apacheds-core-shared/2.0.0.AM26/apacheds-core-shared-2.0.0.AM26.pom
Progress (1): 799 B
Progress (1): 3.1 kB
Progress (1): 6.6 kB
Progress (1): 7.9 kB
                    
Downloaded from central: https://repo1.maven.org/maven2/org/apache/directory/server/apacheds-core-shared/2.0.0.AM26/apacheds-core-shared-2.0.0.AM26.pom (7.9 kB at 54 kB/s)
Downloading from central: https://repo1.maven.org/maven2/org/apache/directory/server/apacheds-core-api/2.0.0.AM26/apacheds-core-api-2.0.0.AM26.pom
Progress (1): 796 B
Progress (1): 3.6 kB
Progress (1): 6.9 kB
Progress (1): 9.5 kB
                    
Downloaded from central: https://repo1.maven.org/maven2/org/apache/directory/server/apacheds-core-api/2.0.0.AM26/apacheds-core-api-2.0.0.AM26.pom (9.5 kB at 18 kB/s)
Downloading from central: https://repo1.maven.org/maven2/org/apache/directory/server/apacheds-core-constants/2.0.0.AM26/apacheds-core-constants-2.0.0.AM26.pom
Progress (1): 835 B
Progress (1): 2.4 kB
Progress (1): 2.5 kB
                    
Downloaded from central: https://repo1.maven.org/maven2/org/apache/directory/server/apacheds-core-constants/2.0.0.AM26/apacheds-core-constants-2.0.0.AM26.pom (2.5 kB at 30 kB/s)
Downloading from central: https://repo1.maven.org/maven2/org/apache/directory/api/api-i18n/2.0.0/api-i18n-2.0.0.pom
Progress (1): 834 B
Progress (1): 2.5 kB
Progress (1): 2.6 kB
                    
Downloaded from central: https://repo1.maven.org/maven2/org/apache/directory/api/api-i18n/2.0.0/api-i18n-2.0.0.pom (2.6 kB at 33 kB/s)
Downloading from central: https://repo1.maven.org/maven2/org/apache/directory/api/api-parent/2.0.0/api-parent-2.0.0.pom
Progress (1): 746 B
Progress (1): 2.0 kB
Progress (1): 3.9 kB
Progress (1): 6.2 kB
Progress (1): 9.0 kB
Progress (1): 13 kB 
Progress (1): 19 kB
Progress (1): 23 kB
Progress (1): 26 kB
Progress (1): 27 kB
                   
Downloaded from central: https://repo1.maven.org/maven2/org/apache/directory/api/api-parent/2.0.0/api-parent-2.0.0.pom (27 kB at 376 kB/s)
Downloading from central: https://repo1.maven.org/maven2/org/apache/directory/api/api-asn1-api/2.0.0/api-asn1-api-2.0.0.pom
Progress (1): 810 B
Progress (1): 2.7 kB
Progress (1): 3.3 kB
                    
Downloaded from central: https://repo1.maven.org/maven2/org/apache/directory/api/api-asn1-api/2.0.0/api-asn1-api-2.0.0.pom (3.3 kB at 37 kB/s)
Downloading from central: https://repo1.maven.org/maven2/org/apache/directory/api/api-asn1-parent/2.0.0/api-asn1-parent-2.0.0.pom
Progress (1): 861 B
Progress (1): 1.5 kB
                    
Downloaded from central: https://repo1.maven.org/maven2/org/apache/directory/api/api-asn1-parent/2.0.0/api-asn1-parent-2.0.0.pom (1.5 kB at 17 kB/s)
Downloading from central: https://repo1.maven.org/maven2/org/apache/directory/api/api-ldap-client-api/2.0.0/api-ldap-client-api-2.0.0.pom
Progress (1): 792 B
Progress (1): 3.1 kB
Progress (1): 6.0 kB
Progress (1): 8.6 kB
                    
Downloaded from central: https://repo1.maven.org/maven2/org/apache/directory/api/api-ldap-client-api/2.0.0/api-ldap-client-api-2.0.0.pom (8.6 kB at 96 kB/s)
Downloading from central: https://repo1.maven.org/maven2/org/apache/directory/api/api-ldap-client-parent/2.0.0/api-ldap-client-parent-2.0.0.pom
Progress (1): 863 B
Progress (1): 1.5 kB
                    
Downloaded from central: https://repo1.maven.org/maven2/org/apache/directory/api/api-ldap-client-parent/2.0.0/api-ldap-client-parent-2.0.0.pom (1.5 kB at 18 kB/s)
Downloading from central: https://repo1.maven.org/maven2/org/apache/directory/api/api-ldap-parent/2.0.0/api-ldap-parent-2.0.0.pom
Progress (1): 860 B
Progress (1): 1.6 kB
                    
Downloaded from central: https://repo1.maven.org/maven2/org/apache/directory/api/api-ldap-parent/2.0.0/api-ldap-parent-2.0.0.pom (1.6 kB at 22 kB/s)
Downloading from central: https://repo1.maven.org/maven2/org/apache/directory/api/api-ldap-schema-data/2.0.0/api-ldap-schema-data-2.0.0.pom
Progress (1): 791 B
Progress (1): 2.4 kB
Progress (1): 4.4 kB
Progress (1): 7.8 kB
Progress (1): 8.1 kB
                    
Downloaded from central: https://repo1.maven.org/maven2/org/apache/directory/api/api-ldap-schema-data/2.0.0/api-ldap-schema-data-2.0.0.pom (8.1 kB at 90 kB/s)
Downloading from central: https://repo1.maven.org/maven2/org/apache/directory/api/api-ldap-schema-parent/2.0.0/api-ldap-schema-parent-2.0.0.pom
Progress (1): 862 B
Progress (1): 1.5 kB
                    
Downloaded from central: https://repo1.maven.org/maven2/org/apache/directory/api/api-ldap-schema-parent/2.0.0/api-ldap-schema-parent-2.0.0.pom (1.5 kB at 12 kB/s)
Downloading from central: https://repo1.maven.org/maven2/org/apache/directory/api/api-ldap-model/2.0.0/api-ldap-model-2.0.0.pom
Progress (1): 795 B
Progress (1): 2.6 kB
Progress (1): 5.1 kB
Progress (1): 9.1 kB
                    
Downloaded from central: https://repo1.maven.org/maven2/org/apache/directory/api/api-ldap-model/2.0.0/api-ldap-model-2.0.0.pom (9.1 kB at 57 kB/s)
Downloading from central: https://repo1.maven.org/maven2/org/apache/directory/api/api-util/2.0.0/api-util-2.0.0.pom
Progress (1): 806 B
Progress (1): 2.5 kB
Progress (1): 4.2 kB
                    
Downloaded from central: https://repo1.maven.org/maven2/org/apache/directory/api/api-util/2.0.0/api-util-2.0.0.pom (4.2 kB at 56 kB/s)
Downloading from central: https://repo1.maven.org/maven2/org/apache/directory/api/api-asn1-ber/2.0.0/api-asn1-ber-2.0.0.pom
Progress (1): 810 B
Progress (1): 2.6 kB
Progress (1): 3.8 kB
                    
Downloaded from central: https://repo1.maven.org/maven2/org/apache/directory/api/api-asn1-ber/2.0.0/api-asn1-ber-2.0.0.pom (3.8 kB at 48 kB/s)
Downloading from central: https://repo1.maven.org/maven2/org/apache/mina/mina-core/2.1.3/mina-core-2.1.3.pom
Progress (1): 805 B
Progress (1): 3.3 kB
Progress (1): 6.3 kB
                    
Downloaded from central: https://repo1.maven.org/maven2/org/apache/mina/mina-core/2.1.3/mina-core-2.1.3.pom (6.3 kB at 78 kB/s)
Downloading from central: https://repo1.maven.org/maven2/org/apache/mina/mina-parent/2.1.3/mina-parent-2.1.3.pom
Progress (1): 729 B
Progress (1): 2.1 kB
Progress (1): 3.5 kB
Progress (1): 6.0 kB
Progress (1): 9.6 kB
Progress (1): 14 kB 
Progress (1): 18 kB
Progress (1): 23 kB
Progress (1): 27 kB
Progress (1): 29 kB
Progress (1): 30 kB
                   
Downloaded from central: https://repo1.maven.org/maven2/org/apache/mina/mina-parent/2.1.3/mina-parent-2.1.3.pom (30 kB at 345 kB/s)
Downloading from central: https://repo1.maven.org/maven2/org/apache/servicemix/bundles/org.apache.servicemix.bundles.antlr/2.7.7_5/org.apache.servicemix.bundles.antlr-2.7.7_5.pom
Progress (1): 1.3 kB
Progress (1): 2.7 kB
                    
Downloaded from central: https://repo1.maven.org/maven2/org/apache/servicemix/bundles/org.apache.servicemix.bundles.antlr/2.7.7_5/org.apache.servicemix.bundles.antlr-2.7.7_5.pom (2.7 kB at 44 kB/s)
Downloading from central: https://repo1.maven.org/maven2/org/apache/servicemix/bundles/bundles-pom/6/bundles-pom-6.pom
Progress (1): 891 B
Progress (1): 2.5 kB
Progress (1): 5.1 kB
Progress (1): 8.6 kB
Progress (1): 9.7 kB
                    
Downloaded from central: https://repo1.maven.org/maven2/org/apache/servicemix/bundles/bundles-pom/6/bundles-pom-6.pom (9.7 kB at 146 kB/s)
Downloading from central: https://repo1.maven.org/maven2/org/apache/servicemix/servicemix-pom/5/servicemix-pom-5.pom
Progress (1): 862 B
Progress (1): 2.2 kB
Progress (1): 6.0 kB
Progress (1): 8.6 kB
Progress (1): 9.5 kB
                    
Downloaded from central: https://repo1.maven.org/maven2/org/apache/servicemix/servicemix-pom/5/servicemix-pom-5.pom (9.5 kB at 153 kB/s)
Downloading from central: https://repo1.maven.org/maven2/org/apache/commons/commons-lang3/3.9/commons-lang3-3.9.pom
Progress (1): 739 B
Progress (1): 2.1 kB
Progress (1): 5.4 kB
Progress (1): 8.8 kB
Progress (1): 12 kB 
Progress (1): 15 kB
Progress (1): 16 kB
Progress (1): 18 kB
Progress (1): 21 kB
Progress (1): 25 kB
Progress (1): 27 kB
Progress (1): 28 kB
                   
Downloaded from central: https://repo1.maven.org/maven2/org/apache/commons/commons-lang3/3.9/commons-lang3-3.9.pom (28 kB at 424 kB/s)
Downloading from central: https://repo1.maven.org/maven2/commons-codec/commons-codec/1.13/commons-codec-1.13.pom
Progress (1): 740 B
Progress (1): 1.9 kB
Progress (1): 4.0 kB
Progress (1): 6.5 kB
Progress (1): 8.3 kB
Progress (1): 10 kB 
Progress (1): 13 kB
Progress (1): 14 kB
                   
Downloaded from central: https://repo1.maven.org/maven2/commons-codec/commons-codec/1.13/commons-codec-1.13.pom (14 kB at 227 kB/s)
Downloading from central: https://repo1.maven.org/maven2/org/apache/directory/api/api-ldap-codec-core/2.0.0/api-ldap-codec-core-2.0.0.pom
Progress (1): 795 B
Progress (1): 3.0 kB
Progress (1): 6.6 kB
Progress (1): 6.8 kB
                    
Downloaded from central: https://repo1.maven.org/maven2/org/apache/directory/api/api-ldap-codec-core/2.0.0/api-ldap-codec-core-2.0.0.pom (6.8 kB at 76 kB/s)
Downloading from central: https://repo1.maven.org/maven2/org/apache/directory/api/api-ldap-codec-parent/2.0.0/api-ldap-codec-parent-2.0.0.pom
Progress (1): 861 B
Progress (1): 1.5 kB
                    
Downloaded from central: https://repo1.maven.org/maven2/org/apache/directory/api/api-ldap-codec-parent/2.0.0/api-ldap-codec-parent-2.0.0.pom (1.5 kB at 16 kB/s)
Downloading from central: https://repo1.maven.org/maven2/org/apache/directory/api/api-ldap-extras-aci/2.0.0/api-ldap-extras-aci-2.0.0.pom
Progress (1): 810 B
Progress (1): 2.3 kB
Progress (1): 4.8 kB
                    
Downloaded from central: https://repo1.maven.org/maven2/org/apache/directory/api/api-ldap-extras-aci/2.0.0/api-ldap-extras-aci-2.0.0.pom (4.8 kB at 49 kB/s)
Downloading from central: https://repo1.maven.org/maven2/org/apache/directory/api/api-ldap-extras-parent/2.0.0/api-ldap-extras-parent-2.0.0.pom
Progress (1): 861 B
Progress (1): 1.6 kB
                    
Downloaded from central: https://repo1.maven.org/maven2/org/apache/directory/api/api-ldap-extras-parent/2.0.0/api-ldap-extras-parent-2.0.0.pom (1.6 kB at 20 kB/s)
Downloading from central: https://repo1.maven.org/maven2/org/apache/directory/api/api-ldap-extras-codec/2.0.0/api-ldap-extras-codec-2.0.0.pom
Progress (1): 791 B
Progress (1): 2.3 kB
Progress (1): 4.4 kB
Progress (1): 10 kB 
                   
Downloaded from central: https://repo1.maven.org/maven2/org/apache/directory/api/api-ldap-extras-codec/2.0.0/api-ldap-extras-codec-2.0.0.pom (10 kB at 118 kB/s)
Downloading from central: https://repo1.maven.org/maven2/org/apache/directory/api/api-ldap-extras-codec-api/2.0.0/api-ldap-extras-codec-api-2.0.0.pom
Progress (1): 807 B
Progress (1): 2.3 kB
Progress (1): 5.6 kB
                    
Downloaded from central: https://repo1.maven.org/maven2/org/apache/directory/api/api-ldap-extras-codec-api/2.0.0/api-ldap-extras-codec-api-2.0.0.pom (5.6 kB at 74 kB/s)
Downloading from central: https://repo1.maven.org/maven2/org/apache/commons/commons-pool2/2.7.0/commons-pool2-2.7.0.pom
Progress (1): 774 B
Progress (1): 2.4 kB
Progress (1): 5.1 kB
Progress (1): 7.1 kB
Progress (1): 9.3 kB
Progress (1): 12 kB 
Progress (1): 15 kB
Progress (1): 15 kB
                   
Downloaded from central: https://repo1.maven.org/maven2/org/apache/commons/commons-pool2/2.7.0/commons-pool2-2.7.0.pom (15 kB at 178 kB/s)
Downloading from central: https://repo1.maven.org/maven2/org/apache/directory/api/api-ldap-extras-util/2.0.0/api-ldap-extras-util-2.0.0.pom
Progress (1): 830 B
Progress (1): 2.5 kB
Progress (1): 3.4 kB
                    
Downloaded from central: https://repo1.maven.org/maven2/org/apache/directory/api/api-ldap-extras-util/2.0.0/api-ldap-extras-util-2.0.0.pom (3.4 kB at 36 kB/s)
Downloading from central: https://repo1.maven.org/maven2/com/github/ben-manes/caffeine/caffeine/2.7.0/caffeine-2.7.0.pom
Progress (1): 1.1 kB
Progress (1): 5.1 kB
Progress (1): 5.6 kB
                    
Downloaded from central: https://repo1.maven.org/maven2/com/github/ben-manes/caffeine/caffeine/2.7.0/caffeine-2.7.0.pom (5.6 kB at 55 kB/s)
Downloading from central: https://repo1.maven.org/maven2/org/apache/directory/jdbm/apacheds-jdbm1/2.0.0-M3/apacheds-jdbm1-2.0.0-M3.pom
Progress (1): 827 B
Progress (1): 2.5 kB
Progress (1): 3.0 kB
                    
Downloaded from central: https://repo1.maven.org/maven2/org/apache/directory/jdbm/apacheds-jdbm1/2.0.0-M3/apacheds-jdbm1-2.0.0-M3.pom (3.0 kB at 33 kB/s)
Downloading from central: https://repo1.maven.org/maven2/org/apache/directory/jdbm/apacheds-jdbm-parent/2.0.0-M3/apacheds-jdbm-parent-2.0.0-M3.pom
Progress (1): 771 B
Progress (1): 2.3 kB
Progress (1): 4.5 kB
Progress (1): 7.5 kB
Progress (1): 12 kB 
Progress (1): 16 kB
Progress (1): 18 kB
                   
Downloaded from central: https://repo1.maven.org/maven2/org/apache/directory/jdbm/apacheds-jdbm-parent/2.0.0-M3/apacheds-jdbm-parent-2.0.0-M3.pom (18 kB at 110 kB/s)
Downloading from central: https://repo1.maven.org/maven2/org/apache/directory/project/project/33/project-33.pom
Progress (1): 747 B
Progress (1): 2.0 kB
Progress (1): 4.4 kB
Progress (1): 10 kB 
Progress (1): 15 kB
Progress (1): 20 kB
Progress (1): 24 kB
Progress (1): 28 kB
Progress (1): 29 kB
                   
Downloaded from central: https://repo1.maven.org/maven2/org/apache/directory/project/project/33/project-33.pom (29 kB at 346 kB/s)
Downloading from central: https://repo1.maven.org/maven2/org/apache/directory/server/apacheds-interceptors-admin/2.0.0.AM26/apacheds-interceptors-admin-2.0.0.AM26.pom
Progress (1): 796 B
Progress (1): 2.8 kB
Progress (1): 5.9 kB
                    
Downloaded from central: https://repo1.maven.org/maven2/org/apache/directory/server/apacheds-interceptors-admin/2.0.0.AM26/apacheds-interceptors-admin-2.0.0.AM26.pom (5.9 kB at 38 kB/s)
Downloading from central: https://repo1.maven.org/maven2/org/apache/directory/server/apacheds-interceptors/2.0.0.AM26/apacheds-interceptors-2.0.0.AM26.pom
Progress (1): 844 B
Progress (1): 2.0 kB
                    
Downloaded from central: https://repo1.maven.org/maven2/org/apache/directory/server/apacheds-interceptors/2.0.0.AM26/apacheds-interceptors-2.0.0.AM26.pom (2.0 kB at 28 kB/s)
Downloading from central: https://repo1.maven.org/maven2/org/apache/directory/server/apacheds-interceptors-authn/2.0.0.AM26/apacheds-interceptors-authn-2.0.0.AM26.pom
Progress (1): 796 B
Progress (1): 3.3 kB
Progress (1): 7.2 kB
Progress (1): 7.6 kB
                    
Downloaded from central: https://repo1.maven.org/maven2/org/apache/directory/server/apacheds-interceptors-authn/2.0.0.AM26/apacheds-interceptors-authn-2.0.0.AM26.pom (7.6 kB at 72 kB/s)
Downloading from central: https://repo1.maven.org/maven2/org/apache/directory/server/apacheds-interceptors-number/2.0.0.AM26/apacheds-interceptors-number-2.0.0.AM26.pom
Progress (1): 801 B
Progress (1): 2.8 kB
Progress (1): 5.3 kB
                    
Downloaded from central: https://repo1.maven.org/maven2/org/apache/directory/server/apacheds-interceptors-number/2.0.0.AM26/apacheds-interceptors-number-2.0.0.AM26.pom (5.3 kB at 72 kB/s)
Downloading from central: https://repo1.maven.org/maven2/org/apache/directory/server/apacheds-interceptors-authz/2.0.0.AM26/apacheds-interceptors-authz-2.0.0.AM26.pom
Progress (1): 796 B
Progress (1): 3.0 kB
Progress (1): 6.7 kB
Progress (1): 6.8 kB
                    
Downloaded from central: https://repo1.maven.org/maven2/org/apache/directory/server/apacheds-interceptors-authz/2.0.0.AM26/apacheds-interceptors-authz-2.0.0.AM26.pom (6.8 kB at 73 kB/s)
Downloading from central: https://repo1.maven.org/maven2/org/apache/directory/server/apacheds-interceptors-changelog/2.0.0.AM26/apacheds-interceptors-changelog-2.0.0.AM26.pom
Progress (1): 828 B
Progress (1): 2.9 kB
Progress (1): 3.4 kB
Progress (1): 6.2 kB
                    
Downloaded from central: https://repo1.maven.org/maven2/org/apache/directory/server/apacheds-interceptors-changelog/2.0.0.AM26/apacheds-interceptors-changelog-2.0.0.AM26.pom (6.2 kB at 70 kB/s)
Downloading from central: https://repo1.maven.org/maven2/org/apache/directory/server/apacheds-interceptors-collective/2.0.0.AM26/apacheds-interceptors-collective-2.0.0.AM26.pom
Progress (1): 802 B
Progress (1): 2.6 kB
Progress (1): 5.1 kB
                    
Downloaded from central: https://repo1.maven.org/maven2/org/apache/directory/server/apacheds-interceptors-collective/2.0.0.AM26/apacheds-interceptors-collective-2.0.0.AM26.pom (5.1 kB at 60 kB/s)
Downloading from central: https://repo1.maven.org/maven2/org/apache/directory/server/apacheds-interceptors-event/2.0.0.AM26/apacheds-interceptors-event-2.0.0.AM26.pom
Progress (1): 802 B
Progress (1): 2.6 kB
Progress (1): 5.2 kB
                    
Downloaded from central: https://repo1.maven.org/maven2/org/apache/directory/server/apacheds-interceptors-event/2.0.0.AM26/apacheds-interceptors-event-2.0.0.AM26.pom (5.2 kB at 60 kB/s)
Downloading from central: https://repo1.maven.org/maven2/org/apache/directory/server/apacheds-interceptors-exception/2.0.0.AM26/apacheds-interceptors-exception-2.0.0.AM26.pom
Progress (1): 802 B
Progress (1): 2.8 kB
Progress (1): 5.3 kB
                    
Downloaded from central: https://repo1.maven.org/maven2/org/apache/directory/server/apacheds-interceptors-exception/2.0.0.AM26/apacheds-interceptors-exception-2.0.0.AM26.pom (5.3 kB at 57 kB/s)
Downloading from central: https://repo1.maven.org/maven2/org/apache/directory/server/apacheds-interceptors-journal/2.0.0.AM26/apacheds-interceptors-journal-2.0.0.AM26.pom
Progress (1): 802 B
Progress (1): 2.6 kB
Progress (1): 4.6 kB
                    
Downloaded from central: https://repo1.maven.org/maven2/org/apache/directory/server/apacheds-interceptors-journal/2.0.0.AM26/apacheds-interceptors-journal-2.0.0.AM26.pom (4.6 kB at 61 kB/s)
Downloading from central: https://repo1.maven.org/maven2/org/apache/directory/server/apacheds-interceptors-normalization/2.0.0.AM26/apacheds-interceptors-normalization-2.0.0.AM26.pom
Progress (1): 801 B
Progress (1): 2.9 kB
Progress (1): 5.8 kB
                    
Downloaded from central: https://repo1.maven.org/maven2/org/apache/directory/server/apacheds-interceptors-normalization/2.0.0.AM26/apacheds-interceptors-normalization-2.0.0.AM26.pom (5.8 kB at 73 kB/s)
Downloading from central: https://repo1.maven.org/maven2/org/apache/directory/server/apacheds-interceptors-operational/2.0.0.AM26/apacheds-interceptors-operational-2.0.0.AM26.pom
Progress (1): 802 B
Progress (1): 2.8 kB
Progress (1): 5.9 kB
                    
Downloaded from central: https://repo1.maven.org/maven2/org/apache/directory/server/apacheds-interceptors-operational/2.0.0.AM26/apacheds-interceptors-operational-2.0.0.AM26.pom (5.9 kB at 79 kB/s)
Downloading from central: https://repo1.maven.org/maven2/org/apache/directory/server/apacheds-interceptors-referral/2.0.0.AM26/apacheds-interceptors-referral-2.0.0.AM26.pom
Progress (1): 802 B
Progress (1): 2.8 kB
Progress (1): 5.6 kB
                    
Downloaded from central: https://repo1.maven.org/maven2/org/apache/directory/server/apacheds-interceptors-referral/2.0.0.AM26/apacheds-interceptors-referral-2.0.0.AM26.pom (5.6 kB at 75 kB/s)
Downloading from central: https://repo1.maven.org/maven2/org/apache/directory/server/apacheds-interceptors-schema/2.0.0.AM26/apacheds-interceptors-schema-2.0.0.AM26.pom
Progress (1): 796 B
Progress (1): 3.0 kB
Progress (1): 7.3 kB
Progress (1): 7.5 kB
                    
Downloaded from central: https://repo1.maven.org/maven2/org/apache/directory/server/apacheds-interceptors-schema/2.0.0.AM26/apacheds-interceptors-schema-2.0.0.AM26.pom (7.5 kB at 78 kB/s)
Downloading from central: https://repo1.maven.org/maven2/org/apache/directory/server/apacheds-interceptors-subtree/2.0.0.AM26/apacheds-interceptors-subtree-2.0.0.AM26.pom
Progress (1): 802 B
Progress (1): 3.1 kB
Progress (1): 6.5 kB
Progress (1): 6.7 kB
                    
Downloaded from central: https://repo1.maven.org/maven2/org/apache/directory/server/apacheds-interceptors-subtree/2.0.0.AM26/apacheds-interceptors-subtree-2.0.0.AM26.pom (6.7 kB at 82 kB/s)
Downloading from central: https://repo1.maven.org/maven2/org/apache/directory/server/apacheds-interceptors-trigger/2.0.0.AM26/apacheds-interceptors-trigger-2.0.0.AM26.pom
Progress (1): 800 B
Progress (1): 2.8 kB
Progress (1): 6.2 kB
                    
Downloaded from central: https://repo1.maven.org/maven2/org/apache/directory/server/apacheds-interceptors-trigger/2.0.0.AM26/apacheds-interceptors-trigger-2.0.0.AM26.pom (6.2 kB at 74 kB/s)
Downloading from central: https://repo1.maven.org/maven2/org/apache/directory/api/api-ldap-extras-trigger/2.0.0/api-ldap-extras-trigger-2.0.0.pom
Progress (1): 827 B
Progress (1): 2.4 kB
Progress (1): 4.7 kB
                    
Downloaded from central: https://repo1.maven.org/maven2/org/apache/directory/api/api-ldap-extras-trigger/2.0.0/api-ldap-extras-trigger-2.0.0.pom (4.7 kB at 54 kB/s)
Downloading from central: https://repo1.maven.org/maven2/org/bouncycastle/bcprov-jdk15on/1.62/bcprov-jdk15on-1.62.pom
Progress (1): 1.1 kB
                    
Downloaded from central: https://repo1.maven.org/maven2/org/bouncycastle/bcprov-jdk15on/1.62/bcprov-jdk15on-1.62.pom (1.1 kB at 20 kB/s)
Downloading from central: https://repo1.maven.org/maven2/org/apache/directory/server/apacheds-ldif-partition/2.0.0.AM26/apacheds-ldif-partition-2.0.0.AM26.pom
Progress (1): 806 B
Progress (1): 2.9 kB
Progress (1): 5.7 kB
                    
Downloaded from central: https://repo1.maven.org/maven2/org/apache/directory/server/apacheds-ldif-partition/2.0.0.AM26/apacheds-ldif-partition-2.0.0.AM26.pom (5.7 kB at 46 kB/s)
Downloading from central: https://repo1.maven.org/maven2/org/apache/directory/server/apacheds-xdbm-partition/2.0.0.AM26/apacheds-xdbm-partition-2.0.0.AM26.pom
Progress (1): 803 B
Progress (1): 3.0 kB
Progress (1): 6.9 kB
Progress (1): 7.0 kB
                    
Downloaded from central: https://repo1.maven.org/maven2/org/apache/directory/server/apacheds-xdbm-partition/2.0.0.AM26/apacheds-xdbm-partition-2.0.0.AM26.pom (7.0 kB at 70 kB/s)
Downloading from central: https://repo1.maven.org/maven2/org/apache/directory/server/apacheds-core-avl/2.0.0.AM26/apacheds-core-avl-2.0.0.AM26.pom
Progress (1): 815 B
Progress (1): 2.5 kB
Progress (1): 3.6 kB
                    
Downloaded from central: https://repo1.maven.org/maven2/org/apache/directory/server/apacheds-core-avl/2.0.0.AM26/apacheds-core-avl-2.0.0.AM26.pom (3.6 kB at 47 kB/s)
Downloading from central: https://repo1.maven.org/maven2/org/apache/directory/server/apacheds-jdbm-partition/2.0.0.AM26/apacheds-jdbm-partition-2.0.0.AM26.pom
Progress (1): 799 B
Progress (1): 3.6 kB
Progress (1): 7.2 kB
Progress (1): 7.3 kB
                    
Downloaded from central: https://repo1.maven.org/maven2/org/apache/directory/server/apacheds-jdbm-partition/2.0.0.AM26/apacheds-jdbm-partition-2.0.0.AM26.pom (7.3 kB at 82 kB/s)
Downloading from central: https://repo1.maven.org/maven2/org/apache/directory/mavibot/mavibot/1.0.0-M8/mavibot-1.0.0-M8.pom
Progress (1): 810 B
Progress (1): 2.7 kB
Progress (1): 3.9 kB
                    
Downloaded from central: https://repo1.maven.org/maven2/org/apache/directory/mavibot/mavibot/1.0.0-M8/mavibot-1.0.0-M8.pom (3.9 kB at 48 kB/s)
Downloading from central: https://repo1.maven.org/maven2/org/apache/directory/mavibot/mavibot-parent/1.0.0-M8/mavibot-parent-1.0.0-M8.pom
Progress (1): 772 B
Progress (1): 2.3 kB
Progress (1): 4.4 kB
Progress (1): 7.1 kB
Progress (1): 10 kB 
Progress (1): 14 kB
Progress (1): 14 kB
                   
Downloaded from central: https://repo1.maven.org/maven2/org/apache/directory/mavibot/mavibot-parent/1.0.0-M8/mavibot-parent-1.0.0-M8.pom (14 kB at 158 kB/s)
Downloading from central: https://repo1.maven.org/maven2/org/apache/directory/project/project/34/project-34.pom
Progress (1): 791 B
Progress (1): 2.1 kB
Progress (1): 4.5 kB
Progress (1): 8.2 kB
Progress (1): 14 kB 
Progress (1): 17 kB
Progress (1): 23 kB
Progress (1): 26 kB
Progress (1): 29 kB
                   
Downloaded from central: https://repo1.maven.org/maven2/org/apache/directory/project/project/34/project-34.pom (29 kB at 429 kB/s)
Downloading from central: https://repo1.maven.org/maven2/org/apache/directory/server/apacheds-mavibot-partition/2.0.0.AM26/apacheds-mavibot-partition-2.0.0.AM26.pom
Progress (1): 830 B
Progress (1): 3.6 kB
Progress (1): 7.2 kB
                    
Downloaded from central: https://repo1.maven.org/maven2/org/apache/directory/server/apacheds-mavibot-partition/2.0.0.AM26/apacheds-mavibot-partition-2.0.0.AM26.pom (7.2 kB at 82 kB/s)
Downloading from central: https://repo1.maven.org/maven2/org/apache/directory/server/apacheds-protocol-kerberos/2.0.0.AM26/apacheds-protocol-kerberos-2.0.0.AM26.pom
Progress (1): 795 B
Progress (1): 3.0 kB
Progress (1): 7.3 kB
Progress (1): 8.9 kB
                    
Downloaded from central: https://repo1.maven.org/maven2/org/apache/directory/server/apacheds-protocol-kerberos/2.0.0.AM26/apacheds-protocol-kerberos-2.0.0.AM26.pom (8.9 kB at 91 kB/s)
Downloading from central: https://repo1.maven.org/maven2/org/apache/directory/server/apacheds-kerberos-codec/2.0.0.AM26/apacheds-kerberos-codec-2.0.0.AM26.pom
Progress (1): 800 B
Progress (1): 2.9 kB
Progress (1): 7.0 kB
Progress (1): 7.0 kB
                    
Downloaded from central: https://repo1.maven.org/maven2/org/apache/directory/server/apacheds-kerberos-codec/2.0.0.AM26/apacheds-kerberos-codec-2.0.0.AM26.pom (7.0 kB at 81 kB/s)
Downloading from central: https://repo1.maven.org/maven2/org/apache/directory/server/apacheds-protocol-shared/2.0.0.AM26/apacheds-protocol-shared-2.0.0.AM26.pom
Progress (1): 801 B
Progress (1): 2.7 kB
Progress (1): 5.9 kB
                    
Downloaded from central: https://repo1.maven.org/maven2/org/apache/directory/server/apacheds-protocol-shared/2.0.0.AM26/apacheds-protocol-shared-2.0.0.AM26.pom (5.9 kB at 67 kB/s)
Downloading from central: https://repo1.maven.org/maven2/org/apache/directory/server/apacheds-protocol-ldap/2.0.0.AM26/apacheds-protocol-ldap-2.0.0.AM26.pom
Progress (1): 783 B
Progress (1): 3.8 kB
Progress (1): 7.3 kB
Progress (1): 14 kB 
Progress (1): 15 kB
                   
Downloaded from central: https://repo1.maven.org/maven2/org/apache/directory/server/apacheds-protocol-ldap/2.0.0.AM26/apacheds-protocol-ldap-2.0.0.AM26.pom (15 kB at 143 kB/s)
Downloading from central: https://repo1.maven.org/maven2/org/apache/directory/api/api-ldap-extras-sp/2.0.0/api-ldap-extras-sp-2.0.0.pom
Progress (1): 810 B
Progress (1): 2.8 kB
Progress (1): 3.7 kB
                    
Downloaded from central: https://repo1.maven.org/maven2/org/apache/directory/api/api-ldap-extras-sp/2.0.0/api-ldap-extras-sp-2.0.0.pom (3.7 kB at 45 kB/s)
Downloading from central: https://repo1.maven.org/maven2/org/apache/directory/server/apacheds-server-annotations/2.0.0.AM26/apacheds-server-annotations-2.0.0.AM26.pom
Progress (1): 800 B
Progress (1): 3.3 kB
Progress (1): 6.9 kB
                    
Downloaded from central: https://repo1.maven.org/maven2/org/apache/directory/server/apacheds-server-annotations/2.0.0.AM26/apacheds-server-annotations-2.0.0.AM26.pom (6.9 kB at 78 kB/s)
Downloading from central: https://repo1.maven.org/maven2/org/apache/directory/api/api-ldap-codec-standalone/2.0.0/api-ldap-codec-standalone-2.0.0.pom
Progress (1): 806 B
Progress (1): 1.9 kB
Progress (1): 4.0 kB
Progress (1): 4.9 kB
                    
Downloaded from central: https://repo1.maven.org/maven2/org/apache/directory/api/api-ldap-codec-standalone/2.0.0/api-ldap-codec-standalone-2.0.0.pom (4.9 kB at 65 kB/s)
Downloading from central: https://repo1.maven.org/maven2/org/apache/directory/api/api-ldap-net-mina/2.0.0/api-ldap-net-mina-2.0.0.pom
Progress (1): 810 B
Progress (1): 2.4 kB
Progress (1): 4.0 kB
                    
Downloaded from central: https://repo1.maven.org/maven2/org/apache/directory/api/api-ldap-net-mina/2.0.0/api-ldap-net-mina-2.0.0.pom (4.0 kB at 22 kB/s)
Downloading from central: https://repo1.maven.org/maven2/org/apache/directory/api/api-ldap-net-parent/2.0.0/api-ldap-net-parent-2.0.0.pom
Progress (1): 864 B
Progress (1): 1.5 kB
                    
Downloaded from central: https://repo1.maven.org/maven2/org/apache/directory/api/api-ldap-net-parent/2.0.0/api-ldap-net-parent-2.0.0.pom (1.5 kB at 9.4 kB/s)
Downloading from central: https://repo1.maven.org/maven2/org/slf4j/slf4j-jdk14/1.7.36/slf4j-jdk14-1.7.36.pom
Progress (1): 1.0 kB
                    
Downloaded from central: https://repo1.maven.org/maven2/org/slf4j/slf4j-jdk14/1.7.36/slf4j-jdk14-1.7.36.pom (1.0 kB at 11 kB/s)
Downloading from central: https://repo1.maven.org/maven2/com/thoughtworks/paranamer/paranamer/2.8/paranamer-2.8.jar
Downloading from central: https://repo1.maven.org/maven2/org/slf4j/jcl-over-slf4j/1.7.36/jcl-over-slf4j-1.7.36.jar
Downloading from central: https://repo1.maven.org/maven2/org/ini4j/ini4j/0.5.4/ini4j-0.5.4.jar
Downloading from central: https://repo1.maven.org/maven2/org/reflections/reflections/0.10.2/reflections-0.10.2.jar
Downloading from central: https://repo1.maven.org/maven2/org/javassist/javassist/3.28.0-GA/javassist-3.28.0-GA.jar
Progress (1): 3.4/102 kB
Progress (1): 20/102 kB 
Progress (1): 36/102 kB
Progress (1): 53/102 kB
Progress (1): 69/102 kB
Progress (1): 85/102 kB
Progress (1): 102/102 kB
Progress (1): 102 kB    
                    
Downloaded from central: https://repo1.maven.org/maven2/org/ini4j/ini4j/0.5.4/ini4j-0.5.4.jar (102 kB at 1.9 MB/s)
Downloading from central: https://repo1.maven.org/maven2/org/jasypt/jasypt/1.9.1/jasypt-1.9.1.jar
Progress (1): 0.9/852 kB
Progress (2): 0.9/852 kB | 0.9/17 kB
Progress (2): 2.3/852 kB | 0.9/17 kB
Progress (2): 3.7/852 kB | 0.9/17 kB
Progress (2): 5.0/852 kB | 0.9/17 kB
Progress (2): 6.4/852 kB | 0.9/17 kB
Progress (2): 7.8/852 kB | 0.9/17 kB
Progress (2): 7.8/852 kB | 2.3/17 kB
Progress (2): 9.1/852 kB | 2.3/17 kB
Progress (2): 11/852 kB | 2.3/17 kB 
Progress (2): 12/852 kB | 2.3/17 kB
Progress (2): 12/852 kB | 2.3/17 kB
Progress (2): 14/852 kB | 2.3/17 kB
Progress (2): 15/852 kB | 2.3/17 kB
Progress (2): 16/852 kB | 2.3/17 kB
Progress (2): 16/852 kB | 3.7/17 kB
Progress (2): 18/852 kB | 3.7/17 kB
Progress (2): 19/852 kB | 3.7/17 kB
Progress (2): 21/852 kB | 3.7/17 kB
Progress (2): 21/852 kB | 5.0/17 kB
Progress (2): 22/852 kB | 5.0/17 kB
Progress (2): 22/852 kB | 6.4/17 kB
Progress (2): 23/852 kB | 6.4/17 kB
Progress (2): 25/852 kB | 6.4/17 kB
Progress (2): 25/852 kB | 7.8/17 kB
Progress (2): 26/852 kB | 7.8/17 kB
Progress (2): 26/852 kB | 9.1/17 kB
Progress (2): 27/852 kB | 9.1/17 kB
Progress (2): 27/852 kB | 11/17 kB 
Progress (2): 29/852 kB | 11/17 kB
Progress (2): 30/852 kB | 11/17 kB
Progress (2): 30/852 kB | 12/17 kB
Progress (2): 30/852 kB | 13/17 kB
Progress (2): 31/852 kB | 13/17 kB
Progress (2): 31/852 kB | 15/17 kB
Progress (2): 33/852 kB | 15/17 kB
Progress (2): 33/852 kB | 16/17 kB
Progress (2): 34/852 kB | 16/17 kB
Progress (2): 36/852 kB | 16/17 kB
Progress (2): 36/852 kB | 17 kB   
Progress (2): 37/852 kB | 17 kB
Progress (2): 38/852 kB | 17 kB
Progress (2): 40/852 kB | 17 kB
Progress (2): 41/852 kB | 17 kB
Progress (2): 42/852 kB | 17 kB
Progress (2): 44/852 kB | 17 kB
Progress (2): 45/852 kB | 17 kB
Progress (2): 47/852 kB | 17 kB
Progress (2): 48/852 kB | 17 kB
Progress (2): 49/852 kB | 17 kB
Progress (2): 51/852 kB | 17 kB
Progress (2): 52/852 kB | 17 kB
Progress (2): 53/852 kB | 17 kB
Progress (2): 55/852 kB | 17 kB
Progress (2): 59/852 kB | 17 kB
Progress (2): 63/852 kB | 17 kB
Progress (2): 67/852 kB | 17 kB
Progress (2): 72/852 kB | 17 kB
Progress (2): 76/852 kB | 17 kB
Progress (2): 80/852 kB | 17 kB
Progress (2): 84/852 kB | 17 kB
Progress (2): 89/852 kB | 17 kB
Progress (2): 93/852 kB | 17 kB
Progress (2): 97/852 kB | 17 kB
Progress (2): 101/852 kB | 17 kB
Progress (2): 105/852 kB | 17 kB
Progress (2): 110/852 kB | 17 kB
Progress (2): 114/852 kB | 17 kB
Progress (2): 118/852 kB | 17 kB
Progress (3): 118/852 kB | 17 kB | 0.9/35 kB
Progress (3): 122/852 kB | 17 kB | 0.9/35 kB
Progress (3): 122/852 kB | 17 kB | 2.3/35 kB
Progress (3): 127/852 kB | 17 kB | 2.3/35 kB
Progress (3): 131/852 kB | 17 kB | 2.3/35 kB
Progress (3): 135/852 kB | 17 kB | 2.3/35 kB
Progress (3): 139/852 kB | 17 kB | 2.3/35 kB
Progress (3): 139/852 kB | 17 kB | 3.7/35 kB
Progress (4): 139/852 kB | 17 kB | 3.7/35 kB | 0.9/130 kB
Progress (4): 143/852 kB | 17 kB | 3.7/35 kB | 0.9/130 kB
Progress (4): 143/852 kB | 17 kB | 3.7/35 kB | 2.3/130 kB
Progress (4): 143/852 kB | 17 kB | 3.7/35 kB | 3.7/130 kB
Progress (4): 148/852 kB | 17 kB | 3.7/35 kB | 3.7/130 kB
Progress (4): 152/852 kB | 17 kB | 3.7/35 kB | 3.7/130 kB
Progress (4): 152/852 kB | 17 kB | 3.7/35 kB | 5.0/130 kB
Progress (4): 156/852 kB | 17 kB | 3.7/35 kB | 5.0/130 kB
Progress (4): 156/852 kB | 17 kB | 3.7/35 kB | 6.4/130 kB
Progress (4): 160/852 kB | 17 kB | 3.7/35 kB | 6.4/130 kB
Progress (4): 160/852 kB | 17 kB | 3.7/35 kB | 7.8/130 kB
Progress (4): 165/852 kB | 17 kB | 3.7/35 kB | 7.8/130 kB
Progress (4): 165/852 kB | 17 kB | 3.7/35 kB | 9.1/130 kB
Progress (4): 165/852 kB | 17 kB | 3.7/35 kB | 11/130 kB 
Progress (4): 169/852 kB | 17 kB | 3.7/35 kB | 11/130 kB
Progress (4): 169/852 kB | 17 kB | 3.7/35 kB | 12/130 kB
Progress (4): 173/852 kB | 17 kB | 3.7/35 kB | 12/130 kB
Progress (4): 173/852 kB | 17 kB | 3.7/35 kB | 13/130 kB
Progress (4): 177/852 kB | 17 kB | 3.7/35 kB | 13/130 kB
Progress (4): 177/852 kB | 17 kB | 3.7/35 kB | 15/130 kB
Progress (4): 177/852 kB | 17 kB | 3.7/35 kB | 16/130 kB
Progress (4): 181/852 kB | 17 kB | 3.7/35 kB | 16/130 kB
Progress (4): 181/852 kB | 17 kB | 3.7/35 kB | 17/130 kB
Progress (4): 181/852 kB | 17 kB | 3.7/35 kB | 19/130 kB
Progress (4): 186/852 kB | 17 kB | 3.7/35 kB | 19/130 kB
Progress (4): 186/852 kB | 17 kB | 3.7/35 kB | 20/130 kB
Progress (4): 190/852 kB | 17 kB | 3.7/35 kB | 20/130 kB
Progress (4): 190/852 kB | 17 kB | 3.7/35 kB | 21/130 kB
Progress (4): 194/852 kB | 17 kB | 3.7/35 kB | 21/130 kB
Progress (4): 194/852 kB | 17 kB | 3.7/35 kB | 23/130 kB
Progress (4): 194/852 kB | 17 kB | 3.7/35 kB | 24/130 kB
Progress (4): 198/852 kB | 17 kB | 3.7/35 kB | 24/130 kB
Progress (4): 198/852 kB | 17 kB | 3.7/35 kB | 26/130 kB
Progress (4): 203/852 kB | 17 kB | 3.7/35 kB | 26/130 kB
Progress (4): 203/852 kB | 17 kB | 3.7/35 kB | 27/130 kB
Progress (4): 203/852 kB | 17 kB | 3.7/35 kB | 28/130 kB
Progress (4): 207/852 kB | 17 kB | 3.7/35 kB | 28/130 kB
Progress (4): 207/852 kB | 17 kB | 3.7/35 kB | 30/130 kB
Progress (4): 211/852 kB | 17 kB | 3.7/35 kB | 30/130 kB
Progress (4): 211/852 kB | 17 kB | 3.7/35 kB | 31/130 kB
                                                        
Downloaded from central: https://repo1.maven.org/maven2/org/slf4j/jcl-over-slf4j/1.7.36/jcl-over-slf4j-1.7.36.jar (17 kB at 148 kB/s)
Downloading from central: https://repo1.maven.org/maven2/com/google/code/gson/gson/2.10/gson-2.10.jar
Progress (3): 211/852 kB | 3.7/35 kB | 32/130 kB
Progress (3): 211/852 kB | 3.7/35 kB | 34/130 kB
Progress (3): 211/852 kB | 3.7/35 kB | 35/130 kB
Progress (3): 211/852 kB | 3.7/35 kB | 37/130 kB
Progress (3): 211/852 kB | 3.7/35 kB | 38/130 kB
Progress (3): 211/852 kB | 3.7/35 kB | 39/130 kB
Progress (3): 211/852 kB | 3.7/35 kB | 41/130 kB
Progress (3): 211/852 kB | 3.7/35 kB | 42/130 kB
Progress (3): 211/852 kB | 5.0/35 kB | 42/130 kB
Progress (3): 211/852 kB | 5.0/35 kB | 43/130 kB
Progress (3): 211/852 kB | 5.0/35 kB | 45/130 kB
Progress (3): 211/852 kB | 5.0/35 kB | 46/130 kB
Progress (3): 211/852 kB | 5.0/35 kB | 47/130 kB
Progress (3): 211/852 kB | 5.0/35 kB | 49/130 kB
Progress (3): 211/852 kB | 5.0/35 kB | 50/130 kB
Progress (3): 211/852 kB | 5.0/35 kB | 52/130 kB
Progress (3): 211/852 kB | 5.0/35 kB | 53/130 kB
Progress (3): 211/852 kB | 5.0/35 kB | 54/130 kB
Progress (3): 211/852 kB | 5.0/35 kB | 56/130 kB
Progress (3): 211/852 kB | 5.0/35 kB | 60/130 kB
Progress (3): 211/852 kB | 6.4/35 kB | 60/130 kB
Progress (3): 211/852 kB | 7.8/35 kB | 60/130 kB
Progress (3): 211/852 kB | 9.1/35 kB | 60/130 kB
Progress (3): 211/852 kB | 11/35 kB | 60/130 kB 
Progress (3): 211/852 kB | 12/35 kB | 60/130 kB
Progress (3): 211/852 kB | 13/35 kB | 60/130 kB
Progress (3): 211/852 kB | 15/35 kB | 60/130 kB
Progress (3): 211/852 kB | 16/35 kB | 60/130 kB
Progress (3): 211/852 kB | 17/35 kB | 60/130 kB
Progress (3): 211/852 kB | 19/35 kB | 60/130 kB
Progress (3): 211/852 kB | 20/35 kB | 60/130 kB
Progress (3): 211/852 kB | 21/35 kB | 60/130 kB
Progress (3): 211/852 kB | 23/35 kB | 60/130 kB
Progress (3): 211/852 kB | 24/35 kB | 60/130 kB
Progress (3): 211/852 kB | 26/35 kB | 60/130 kB
Progress (3): 211/852 kB | 27/35 kB | 60/130 kB
Progress (3): 211/852 kB | 28/35 kB | 60/130 kB
Progress (3): 211/852 kB | 30/35 kB | 60/130 kB
Progress (3): 211/852 kB | 31/35 kB | 60/130 kB
Progress (3): 211/852 kB | 32/35 kB | 60/130 kB
Progress (3): 215/852 kB | 32/35 kB | 60/130 kB
Progress (3): 215/852 kB | 34/35 kB | 60/130 kB
Progress (3): 215/852 kB | 35 kB | 60/130 kB   
Progress (3): 219/852 kB | 35 kB | 60/130 kB
Progress (3): 224/852 kB | 35 kB | 60/130 kB
Progress (3): 240/852 kB | 35 kB | 60/130 kB
Progress (3): 256/852 kB | 35 kB | 60/130 kB
Progress (3): 273/852 kB | 35 kB | 60/130 kB
Progress (3): 274/852 kB | 35 kB | 60/130 kB
Progress (3): 291/852 kB | 35 kB | 60/130 kB
Progress (3): 307/852 kB | 35 kB | 60/130 kB
Progress (3): 324/852 kB | 35 kB | 60/130 kB
Progress (4): 324/852 kB | 35 kB | 60/130 kB | 7.8/126 kB
Progress (4): 324/852 kB | 35 kB | 60/130 kB | 16/126 kB 
Progress (4): 340/852 kB | 35 kB | 60/130 kB | 16/126 kB
Progress (4): 340/852 kB | 35 kB | 64/130 kB | 16/126 kB
Progress (4): 340/852 kB | 35 kB | 68/130 kB | 16/126 kB
Progress (4): 340/852 kB | 35 kB | 68/130 kB | 32/126 kB
Progress (4): 356/852 kB | 35 kB | 68/130 kB | 32/126 kB
Progress (4): 356/852 kB | 35 kB | 73/130 kB | 32/126 kB
Progress (4): 356/852 kB | 35 kB | 77/130 kB | 32/126 kB
Progress (4): 356/852 kB | 35 kB | 77/130 kB | 49/126 kB
Progress (4): 356/852 kB | 35 kB | 81/130 kB | 49/126 kB
Progress (4): 373/852 kB | 35 kB | 81/130 kB | 49/126 kB
Progress (4): 373/852 kB | 35 kB | 81/130 kB | 65/126 kB
Progress (4): 389/852 kB | 35 kB | 81/130 kB | 65/126 kB
Progress (4): 389/852 kB | 35 kB | 81/130 kB | 81/126 kB
Progress (4): 406/852 kB | 35 kB | 81/130 kB | 81/126 kB
Progress (4): 406/852 kB | 35 kB | 81/130 kB | 98/126 kB
Progress (4): 422/852 kB | 35 kB | 81/130 kB | 98/126 kB
                                                        
Downloaded from central: https://repo1.maven.org/maven2/com/thoughtworks/paranamer/paranamer/2.8/paranamer-2.8.jar (35 kB at 275 kB/s)
Progress (3): 422/852 kB | 81/130 kB | 114/126 kB
Progress (3): 438/852 kB | 81/130 kB | 114/126 kB
Progress (3): 438/852 kB | 81/130 kB | 126 kB    
Progress (3): 455/852 kB | 81/130 kB | 126 kB
Progress (3): 455/852 kB | 85/130 kB | 126 kB
Progress (3): 455/852 kB | 90/130 kB | 126 kB
Progress (3): 455/852 kB | 94/130 kB | 126 kB
Progress (3): 455/852 kB | 98/130 kB | 126 kB
Progress (3): 455/852 kB | 102/130 kB | 126 kB
Progress (3): 455/852 kB | 106/130 kB | 126 kB
Progress (3): 455/852 kB | 111/130 kB | 126 kB
Progress (3): 455/852 kB | 115/130 kB | 126 kB
Progress (3): 455/852 kB | 119/130 kB | 126 kB
Progress (3): 471/852 kB | 119/130 kB | 126 kB
Progress (3): 487/852 kB | 119/130 kB | 126 kB
Progress (3): 504/852 kB | 119/130 kB | 126 kB
Progress (3): 520/852 kB | 119/130 kB | 126 kB
Progress (3): 537/852 kB | 119/130 kB | 126 kB
Progress (3): 553/852 kB | 119/130 kB | 126 kB
Progress (3): 569/852 kB | 119/130 kB | 126 kB
Progress (3): 586/852 kB | 119/130 kB | 126 kB
Progress (3): 602/852 kB | 119/130 kB | 126 kB
Progress (3): 618/852 kB | 119/130 kB | 126 kB
Progress (3): 635/852 kB | 119/130 kB | 126 kB
Progress (3): 651/852 kB | 119/130 kB | 126 kB
Progress (3): 668/852 kB | 119/130 kB | 126 kB
Progress (3): 668/852 kB | 123/130 kB | 126 kB
                                              
Downloaded from central: https://repo1.maven.org/maven2/org/jasypt/jasypt/1.9.1/jasypt-1.9.1.jar (126 kB at 910 kB/s)
Progress (2): 668/852 kB | 128/130 kB
Progress (2): 668/852 kB | 130 kB    
Progress (2): 684/852 kB | 130 kB
Progress (2): 700/852 kB | 130 kB
Progress (2): 717/852 kB | 130 kB
Progress (2): 733/852 kB | 130 kB
Progress (2): 750/852 kB | 130 kB
Progress (2): 766/852 kB | 130 kB
Progress (2): 782/852 kB | 130 kB
Progress (2): 799/852 kB | 130 kB
Progress (2): 815/852 kB | 130 kB
Progress (3): 815/852 kB | 130 kB | 0.9/286 kB
Progress (3): 831/852 kB | 130 kB | 0.9/286 kB
Progress (3): 848/852 kB | 130 kB | 0.9/286 kB
Progress (3): 852 kB | 130 kB | 0.9/286 kB    
Progress (3): 852 kB | 130 kB | 2.3/286 kB
Progress (3): 852 kB | 130 kB | 3.7/286 kB
Progress (3): 852 kB | 130 kB | 5.0/286 kB
                                          
Downloaded from central: https://repo1.maven.org/maven2/org/reflections/reflections/0.10.2/reflections-0.10.2.jar (130 kB at 858 kB/s)
Progress (2): 852 kB | 6.4/286 kB
Progress (2): 852 kB | 7.8/286 kB
Progress (2): 852 kB | 9.1/286 kB
Progress (2): 852 kB | 11/286 kB 
Progress (2): 852 kB | 12/286 kB
Progress (2): 852 kB | 12/286 kB
Progress (2): 852 kB | 14/286 kB
Progress (2): 852 kB | 15/286 kB
Progress (2): 852 kB | 16/286 kB
Progress (2): 852 kB | 18/286 kB
Progress (2): 852 kB | 19/286 kB
Progress (2): 852 kB | 21/286 kB
Progress (2): 852 kB | 22/286 kB
Progress (2): 852 kB | 23/286 kB
Progress (2): 852 kB | 25/286 kB
Progress (2): 852 kB | 26/286 kB
Progress (2): 852 kB | 27/286 kB
Progress (2): 852 kB | 29/286 kB
Progress (2): 852 kB | 30/286 kB
Progress (2): 852 kB | 31/286 kB
Progress (2): 852 kB | 33/286 kB
Progress (2): 852 kB | 34/286 kB
Progress (2): 852 kB | 36/286 kB
Progress (2): 852 kB | 37/286 kB
Progress (2): 852 kB | 41/286 kB
Progress (2): 852 kB | 45/286 kB
Progress (2): 852 kB | 50/286 kB
Progress (2): 852 kB | 54/286 kB
Progress (2): 852 kB | 58/286 kB
Progress (2): 852 kB | 62/286 kB
Progress (2): 852 kB | 67/286 kB
Progress (2): 852 kB | 71/286 kB
Progress (2): 852 kB | 75/286 kB
Progress (2): 852 kB | 79/286 kB
Progress (2): 852 kB | 83/286 kB
Progress (2): 852 kB | 88/286 kB
Progress (2): 852 kB | 92/286 kB
Progress (2): 852 kB | 96/286 kB
Progress (2): 852 kB | 100/286 kB
Progress (2): 852 kB | 105/286 kB
Progress (2): 852 kB | 109/286 kB
Progress (2): 852 kB | 113/286 kB
Progress (2): 852 kB | 117/286 kB
Progress (2): 852 kB | 122/286 kB
Progress (2): 852 kB | 126/286 kB
Progress (2): 852 kB | 130/286 kB
Progress (2): 852 kB | 134/286 kB
Progress (2): 852 kB | 138/286 kB
Progress (2): 852 kB | 143/286 kB
Progress (2): 852 kB | 143/286 kB
Progress (2): 852 kB | 148/286 kB
Progress (2): 852 kB | 152/286 kB
Progress (2): 852 kB | 156/286 kB
Progress (2): 852 kB | 160/286 kB
Progress (2): 852 kB | 165/286 kB
Progress (2): 852 kB | 169/286 kB
Progress (2): 852 kB | 173/286 kB
Progress (2): 852 kB | 177/286 kB
Progress (2): 852 kB | 181/286 kB
                                 
Downloaded from central: https://repo1.maven.org/maven2/org/javassist/javassist/3.28.0-GA/javassist-3.28.0-GA.jar (852 kB at 5.2 MB/s)
Progress (1): 186/286 kB
Progress (1): 190/286 kB
Progress (1): 194/286 kB
Progress (1): 198/286 kB
Progress (1): 203/286 kB
Progress (1): 219/286 kB
Progress (1): 235/286 kB
Progress (1): 252/286 kB
Progress (1): 268/286 kB
Progress (1): 274/286 kB
Progress (1): 286 kB    
                    
Downloaded from central: https://repo1.maven.org/maven2/com/google/code/gson/gson/2.10/gson-2.10.jar (286 kB at 1.5 MB/s)
[INFO] ------------------------------------------------------------------------
[INFO] BUILD FAILURE
[INFO] ------------------------------------------------------------------------
[INFO] Total time:  11.308 s
[INFO] Finished at: 2026-02-24T21:26:31-05:00
[INFO] ------------------------------------------------------------------------
[ERROR] Failed to execute goal on project constretto-core: Could not resolve dependencies for project org.constretto:constretto-core:jar:3.0.0-SNAPSHOT
[ERROR] dependency: org.constretto:constretto-api:jar:3.0.0-SNAPSHOT (compile)
[ERROR] 	Could not find artifact org.constretto:constretto-api:jar:3.0.0-SNAPSHOT
[ERROR] 
[ERROR] -> [Help 1]
[ERROR] 
[ERROR] To see the full stack trace of the errors, re-run Maven with the -e switch.
[ERROR] Re-run Maven using the -X switch to enable full debug logging.
[ERROR] 
[ERROR] For more information about the errors and possible solutions, please read the following articles:
[ERROR] [Help 1] http://cwiki.apache.org/confluence/display/MAVEN/DependencyResolutionException

STDERR:
