COMMAND: mvn.cmd -s D:\Khedma\Mr wiem\mutation-test-pipeline\.mvn\settings.xml -DskipTests compile

STDOUT:
[INFO] Scanning for projects...
Downloading from central: https://repo1.maven.org/maven2/org/sonatype/oss/oss-parent/6/oss-parent-6.pom
Progress (1): 848 B
Progress (1): 2.1 kB
Progress (1): 4.2 kB
Progress (1): 4.8 kB
                    
Downloaded from central: https://repo1.maven.org/maven2/org/sonatype/oss/oss-parent/6/oss-parent-6.pom (4.8 kB at 20 kB/s)
[INFO] 
[INFO] ---------------------< com.dbdeploy:dbdeploy-core >---------------------
[INFO] Building dbdeploy-core 3.0-SNAPSHOT
[INFO]   from pom.xml
[INFO] --------------------------------[ jar ]---------------------------------
Downloading from central: https://repo1.maven.org/maven2/org/apache/maven/plugins/maven-enforcer-plugin/1.0-beta-1/maven-enforcer-plugin-1.0-beta-1.pom
Progress (1): 830 B
Progress (1): 2.0 kB
Progress (1): 4.9 kB
Progress (1): 5.6 kB
                    
Downloaded from central: https://repo1.maven.org/maven2/org/apache/maven/plugins/maven-enforcer-plugin/1.0-beta-1/maven-enforcer-plugin-1.0-beta-1.pom (5.6 kB at 64 kB/s)
Downloading from central: https://repo1.maven.org/maven2/org/apache/maven/enforcer/enforcer/1.0-beta-1/enforcer-1.0-beta-1.pom
Progress (1): 808 B
Progress (1): 1.8 kB
Progress (1): 5.8 kB
Progress (1): 9.1 kB
Progress (1): 11 kB 
Progress (1): 11 kB
                   
Downloaded from central: https://repo1.maven.org/maven2/org/apache/maven/enforcer/enforcer/1.0-beta-1/enforcer-1.0-beta-1.pom (11 kB at 143 kB/s)
Downloading from central: https://repo1.maven.org/maven2/org/apache/maven/plugins/maven-enforcer-plugin/1.0-beta-1/maven-enforcer-plugin-1.0-beta-1.jar
Progress (1): 0.9/21 kB
Progress (1): 2.3/21 kB
Progress (1): 3.7/21 kB
Progress (1): 5.0/21 kB
Progress (1): 6.4/21 kB
Progress (1): 7.8/21 kB
Progress (1): 9.1/21 kB
Progress (1): 11/21 kB 
Progress (1): 12/21 kB
Progress (1): 13/21 kB
Progress (1): 15/21 kB
Progress (1): 16/21 kB
Progress (1): 17/21 kB
Progress (1): 19/21 kB
Progress (1): 20/21 kB
Progress (1): 21 kB   
                   
Downloaded from central: https://repo1.maven.org/maven2/org/apache/maven/plugins/maven-enforcer-plugin/1.0-beta-1/maven-enforcer-plugin-1.0-beta-1.jar (21 kB at 271 kB/s)
Downloading from central: https://repo1.maven.org/maven2/hsqldb/hsqldb/1.8.0.7/hsqldb-1.8.0.7.pom
Progress (1): 621 B
                   
Downloaded from central: https://repo1.maven.org/maven2/hsqldb/hsqldb/1.8.0.7/hsqldb-1.8.0.7.pom (621 B at 7.1 kB/s)
Downloading from central: https://repo1.maven.org/maven2/org/freemarker/freemarker/2.3.15/freemarker-2.3.15.pom
Progress (1): 1.2 kB
                    
Downloaded from central: https://repo1.maven.org/maven2/org/freemarker/freemarker/2.3.15/freemarker-2.3.15.pom (1.2 kB at 12 kB/s)
Downloading from central: https://repo1.maven.org/maven2/junit/junit/4.4/junit-4.4.pom
Progress (1): 1.1 kB
Progress (1): 1.2 kB
                    
Downloaded from central: https://repo1.maven.org/maven2/junit/junit/4.4/junit-4.4.pom (1.2 kB at 19 kB/s)
Downloading from central: https://repo1.maven.org/maven2/org/hamcrest/hamcrest-all/1.1/hamcrest-all-1.1.pom
Progress (1): 479 B
                   
Downloaded from central: https://repo1.maven.org/maven2/org/hamcrest/hamcrest-all/1.1/hamcrest-all-1.1.pom (479 B at 14 kB/s)
Downloading from central: https://repo1.maven.org/maven2/org/hamcrest/hamcrest-parent/1.1/hamcrest-parent-1.1.pom
Progress (1): 1.2 kB
Progress (1): 3.0 kB
Progress (1): 5.1 kB
Progress (1): 5.9 kB
                    
Downloaded from central: https://repo1.maven.org/maven2/org/hamcrest/hamcrest-parent/1.1/hamcrest-parent-1.1.pom (5.9 kB at 103 kB/s)
Downloading from central: https://repo1.maven.org/maven2/org/mockito/mockito-all/1.7/mockito-all-1.7.pom
Progress (1): 856 B
                   
Downloaded from central: https://repo1.maven.org/maven2/org/mockito/mockito-all/1.7/mockito-all-1.7.pom (856 B at 19 kB/s)
Downloading from central: https://repo1.maven.org/maven2/hsqldb/hsqldb/1.8.0.7/hsqldb-1.8.0.7.jar
Downloading from central: https://repo1.maven.org/maven2/org/freemarker/freemarker/2.3.15/freemarker-2.3.15.jar
Downloading from central: https://repo1.maven.org/maven2/junit/junit/4.4/junit-4.4.jar
Downloading from central: https://repo1.maven.org/maven2/org/hamcrest/hamcrest-all/1.1/hamcrest-all-1.1.jar
Downloading from central: https://repo1.maven.org/maven2/org/mockito/mockito-all/1.7/mockito-all-1.7.jar
Progress (1): 0.9/161 kB
Progress (1): 2.3/161 kB
Progress (1): 3.7/161 kB
Progress (1): 5.0/161 kB
Progress (1): 9.3/161 kB
Progress (1): 13/161 kB 
Progress (1): 18/161 kB
Progress (1): 22/161 kB
Progress (1): 26/161 kB
Progress (1): 30/161 kB
Progress (1): 35/161 kB
Progress (1): 39/161 kB
Progress (1): 43/161 kB
Progress (1): 47/161 kB
Progress (1): 52/161 kB
Progress (1): 56/161 kB
Progress (1): 60/161 kB
Progress (1): 64/161 kB
Progress (1): 68/161 kB
Progress (1): 73/161 kB
Progress (1): 77/161 kB
Progress (1): 81/161 kB
Progress (1): 85/161 kB
Progress (1): 90/161 kB
Progress (1): 94/161 kB
Progress (1): 98/161 kB
Progress (1): 102/161 kB
Progress (1): 107/161 kB
Progress (1): 111/161 kB
Progress (1): 115/161 kB
Progress (1): 119/161 kB
Progress (1): 123/161 kB
Progress (1): 128/161 kB
Progress (1): 132/161 kB
Progress (1): 136/161 kB
Progress (1): 140/161 kB
Progress (1): 145/161 kB
Progress (1): 149/161 kB
Progress (1): 153/161 kB
Progress (1): 157/161 kB
Progress (1): 161 kB    
Progress (2): 161 kB | 0.9/879 kB
Progress (2): 161 kB | 2.3/879 kB
Progress (2): 161 kB | 3.7/879 kB
Progress (2): 161 kB | 5.0/879 kB
Progress (2): 161 kB | 6.4/879 kB
                                 
Downloaded from central: https://repo1.maven.org/maven2/junit/junit/4.4/junit-4.4.jar (161 kB at 1.7 MB/s)
Progress (1): 7.8/879 kB
Progress (1): 8.2/879 kB
Progress (1): 9.6/879 kB
Progress (1): 11/879 kB 
Progress (1): 12/879 kB
Progress (1): 14/879 kB
Progress (1): 15/879 kB
Progress (1): 16/879 kB
Progress (1): 18/879 kB
Progress (1): 19/879 kB
Progress (1): 21/879 kB
Progress (1): 22/879 kB
Progress (1): 23/879 kB
Progress (1): 25/879 kB
Progress (1): 26/879 kB
Progress (1): 27/879 kB
Progress (1): 29/879 kB
Progress (1): 30/879 kB
Progress (1): 31/879 kB
Progress (1): 33/879 kB
Progress (1): 34/879 kB
Progress (1): 36/879 kB
Progress (1): 37/879 kB
Progress (1): 38/879 kB
Progress (1): 40/879 kB
Progress (1): 41/879 kB
Progress (1): 42/879 kB
Progress (1): 44/879 kB
Progress (1): 45/879 kB
Progress (1): 46/879 kB
Progress (1): 48/879 kB
Progress (1): 49/879 kB
Progress (1): 51/879 kB
Progress (1): 52/879 kB
Progress (1): 53/879 kB
Progress (1): 55/879 kB
Progress (1): 59/879 kB
Progress (1): 63/879 kB
Progress (1): 66/879 kB
Progress (1): 70/879 kB
Progress (1): 74/879 kB
Progress (1): 78/879 kB
Progress (1): 82/879 kB
Progress (2): 82/879 kB | 1.4/542 kB
Progress (2): 87/879 kB | 1.4/542 kB
Progress (2): 91/879 kB | 1.4/542 kB
Progress (2): 95/879 kB | 1.4/542 kB
Progress (2): 95/879 kB | 2.7/542 kB
Progress (2): 98/879 kB | 2.7/542 kB
Progress (2): 103/879 kB | 2.7/542 kB
Progress (2): 107/879 kB | 2.7/542 kB
Progress (2): 111/879 kB | 2.7/542 kB
Progress (2): 115/879 kB | 2.7/542 kB
Progress (2): 115/879 kB | 4.1/542 kB
Progress (2): 119/879 kB | 4.1/542 kB
Progress (2): 123/879 kB | 4.1/542 kB
Progress (2): 127/879 kB | 4.1/542 kB
Progress (2): 127/879 kB | 5.5/542 kB
Progress (2): 127/879 kB | 6.8/542 kB
Progress (2): 127/879 kB | 8.2/542 kB
Progress (2): 127/879 kB | 9.6/542 kB
Progress (2): 127/879 kB | 11/542 kB 
Progress (2): 132/879 kB | 11/542 kB
Progress (2): 132/879 kB | 12/542 kB
Progress (2): 132/879 kB | 14/542 kB
Progress (2): 136/879 kB | 14/542 kB
Progress (2): 136/879 kB | 15/542 kB
Progress (2): 136/879 kB | 16/542 kB
Progress (2): 140/879 kB | 16/542 kB
Progress (2): 140/879 kB | 18/542 kB
Progress (2): 140/879 kB | 19/542 kB
Progress (2): 140/879 kB | 21/542 kB
Progress (2): 144/879 kB | 21/542 kB
Progress (2): 144/879 kB | 22/542 kB
Progress (2): 149/879 kB | 22/542 kB
Progress (2): 149/879 kB | 23/542 kB
Progress (2): 153/879 kB | 23/542 kB
Progress (2): 153/879 kB | 25/542 kB
Progress (2): 157/879 kB | 25/542 kB
Progress (2): 157/879 kB | 26/542 kB
Progress (2): 161/879 kB | 26/542 kB
Progress (2): 161/879 kB | 27/542 kB
Progress (2): 164/879 kB | 27/542 kB
Progress (2): 164/879 kB | 29/542 kB
Progress (2): 164/879 kB | 30/542 kB
Progress (2): 168/879 kB | 30/542 kB
Progress (2): 168/879 kB | 31/542 kB
Progress (2): 168/879 kB | 33/542 kB
Progress (2): 172/879 kB | 33/542 kB
Progress (2): 172/879 kB | 34/542 kB
Progress (2): 177/879 kB | 34/542 kB
Progress (2): 177/879 kB | 36/542 kB
Progress (2): 177/879 kB | 37/542 kB
Progress (2): 181/879 kB | 37/542 kB
Progress (2): 181/879 kB | 38/542 kB
Progress (2): 185/879 kB | 38/542 kB
Progress (2): 185/879 kB | 40/542 kB
Progress (2): 185/879 kB | 41/542 kB
Progress (2): 189/879 kB | 41/542 kB
Progress (2): 189/879 kB | 42/542 kB
Progress (2): 193/879 kB | 42/542 kB
Progress (2): 193/879 kB | 44/542 kB
Progress (2): 198/879 kB | 44/542 kB
Progress (2): 198/879 kB | 45/542 kB
Progress (2): 202/879 kB | 45/542 kB
Progress (2): 202/879 kB | 47/542 kB
Progress (2): 206/879 kB | 47/542 kB
Progress (2): 206/879 kB | 48/542 kB
Progress (2): 206/879 kB | 49/542 kB
Progress (2): 210/879 kB | 49/542 kB
Progress (2): 210/879 kB | 51/542 kB
Progress (2): 215/879 kB | 51/542 kB
Progress (2): 215/879 kB | 52/542 kB
Progress (2): 219/879 kB | 52/542 kB
Progress (2): 219/879 kB | 53/542 kB
Progress (2): 219/879 kB | 55/542 kB
Progress (2): 235/879 kB | 55/542 kB
Progress (2): 235/879 kB | 59/542 kB
Progress (2): 252/879 kB | 59/542 kB
Progress (2): 268/879 kB | 59/542 kB
Progress (2): 284/879 kB | 59/542 kB
Progress (2): 295/879 kB | 59/542 kB
Progress (2): 311/879 kB | 59/542 kB
Progress (2): 328/879 kB | 59/542 kB
Progress (2): 344/879 kB | 59/542 kB
Progress (2): 360/879 kB | 59/542 kB
Progress (2): 377/879 kB | 59/542 kB
Progress (2): 393/879 kB | 59/542 kB
Progress (2): 393/879 kB | 63/542 kB
Progress (2): 410/879 kB | 63/542 kB
Progress (2): 410/879 kB | 66/542 kB
Progress (2): 410/879 kB | 70/542 kB
Progress (2): 410/879 kB | 74/542 kB
Progress (2): 426/879 kB | 74/542 kB
Progress (2): 442/879 kB | 74/542 kB
Progress (2): 459/879 kB | 74/542 kB
Progress (2): 459/879 kB | 78/542 kB
Progress (2): 459/879 kB | 82/542 kB
Progress (2): 459/879 kB | 87/542 kB
Progress (2): 459/879 kB | 91/542 kB
Progress (2): 475/879 kB | 91/542 kB
Progress (2): 492/879 kB | 91/542 kB
Progress (2): 492/879 kB | 95/542 kB
Progress (2): 492/879 kB | 99/542 kB
Progress (2): 508/879 kB | 99/542 kB
Progress (2): 508/879 kB | 104/542 kB
Progress (2): 524/879 kB | 104/542 kB
Progress (2): 541/879 kB | 104/542 kB
Progress (2): 557/879 kB | 104/542 kB
Progress (2): 573/879 kB | 104/542 kB
Progress (2): 590/879 kB | 104/542 kB
Progress (2): 606/879 kB | 104/542 kB
Progress (2): 623/879 kB | 104/542 kB
Progress (2): 639/879 kB | 104/542 kB
Progress (2): 655/879 kB | 104/542 kB
Progress (2): 672/879 kB | 104/542 kB
Progress (2): 672/879 kB | 108/542 kB
Progress (2): 688/879 kB | 108/542 kB
Progress (2): 688/879 kB | 112/542 kB
Progress (2): 688/879 kB | 116/542 kB
Progress (2): 705/879 kB | 116/542 kB
Progress (2): 705/879 kB | 121/542 kB
Progress (2): 721/879 kB | 121/542 kB
Progress (2): 721/879 kB | 125/542 kB
Progress (2): 721/879 kB | 129/542 kB
Progress (2): 737/879 kB | 129/542 kB
Progress (2): 737/879 kB | 133/542 kB
Progress (2): 754/879 kB | 133/542 kB
Progress (2): 754/879 kB | 137/542 kB
Progress (2): 757/879 kB | 137/542 kB
Progress (2): 757/879 kB | 142/542 kB
Progress (2): 757/879 kB | 146/542 kB
Progress (2): 774/879 kB | 146/542 kB
Progress (2): 774/879 kB | 150/542 kB
Progress (2): 774/879 kB | 154/542 kB
Progress (2): 774/879 kB | 159/542 kB
Progress (2): 790/879 kB | 159/542 kB
Progress (2): 790/879 kB | 163/542 kB
Progress (2): 790/879 kB | 167/542 kB
Progress (2): 807/879 kB | 167/542 kB
Progress (2): 807/879 kB | 171/542 kB
Progress (2): 807/879 kB | 175/542 kB
Progress (2): 823/879 kB | 175/542 kB
Progress (2): 839/879 kB | 175/542 kB
Progress (2): 839/879 kB | 180/542 kB
Progress (2): 839/879 kB | 184/542 kB
Progress (2): 856/879 kB | 184/542 kB
Progress (2): 856/879 kB | 188/542 kB
Progress (2): 872/879 kB | 188/542 kB
Progress (2): 872/879 kB | 192/542 kB
Progress (2): 879 kB | 192/542 kB    
Progress (2): 879 kB | 197/542 kB
Progress (2): 879 kB | 201/542 kB
Progress (2): 879 kB | 205/542 kB
Progress (2): 879 kB | 209/542 kB
Progress (2): 879 kB | 214/542 kB
Progress (2): 879 kB | 218/542 kB
Progress (2): 879 kB | 222/542 kB
Progress (2): 879 kB | 238/542 kB
Progress (2): 879 kB | 255/542 kB
Progress (2): 879 kB | 271/542 kB
Progress (2): 879 kB | 288/542 kB
Progress (2): 879 kB | 304/542 kB
Progress (2): 879 kB | 320/542 kB
Progress (2): 879 kB | 328/542 kB
Progress (2): 879 kB | 344/542 kB
Progress (2): 879 kB | 360/542 kB
Progress (2): 879 kB | 377/542 kB
Progress (2): 879 kB | 393/542 kB
                                 
Downloaded from central: https://repo1.maven.org/maven2/org/freemarker/freemarker/2.3.15/freemarker-2.3.15.jar (879 kB at 5.3 MB/s)
Progress (1): 410/542 kB
Progress (1): 426/542 kB
Progress (1): 442/542 kB
Progress (2): 442/542 kB | 0.9/644 kB
Progress (2): 459/542 kB | 0.9/644 kB
Progress (2): 475/542 kB | 0.9/644 kB
Progress (2): 475/542 kB | 2.3/644 kB
Progress (2): 492/542 kB | 2.3/644 kB
Progress (2): 492/542 kB | 3.7/644 kB
Progress (2): 508/542 kB | 3.7/644 kB
Progress (2): 524/542 kB | 3.7/644 kB
Progress (2): 541/542 kB | 3.7/644 kB
Progress (2): 542 kB | 3.7/644 kB    
Progress (2): 542 kB | 5.0/644 kB
Progress (2): 542 kB | 6.4/644 kB
Progress (2): 542 kB | 7.8/644 kB
Progress (2): 542 kB | 9.1/644 kB
Progress (2): 542 kB | 11/644 kB 
Progress (2): 542 kB | 12/644 kB
Progress (2): 542 kB | 13/644 kB
Progress (2): 542 kB | 15/644 kB
Progress (2): 542 kB | 16/644 kB
Progress (2): 542 kB | 17/644 kB
Progress (2): 542 kB | 19/644 kB
Progress (2): 542 kB | 20/644 kB
Progress (2): 542 kB | 21/644 kB
Progress (2): 542 kB | 23/644 kB
Progress (2): 542 kB | 24/644 kB
Progress (2): 542 kB | 26/644 kB
Progress (2): 542 kB | 27/644 kB
Progress (2): 542 kB | 28/644 kB
Progress (2): 542 kB | 30/644 kB
Progress (2): 542 kB | 31/644 kB
Progress (2): 542 kB | 32/644 kB
Progress (2): 542 kB | 34/644 kB
Progress (2): 542 kB | 35/644 kB
Progress (2): 542 kB | 37/644 kB
Progress (2): 542 kB | 38/644 kB
Progress (2): 542 kB | 39/644 kB
Progress (2): 542 kB | 41/644 kB
Progress (2): 542 kB | 42/644 kB
Progress (2): 542 kB | 43/644 kB
Progress (2): 542 kB | 45/644 kB
Progress (2): 542 kB | 46/644 kB
Progress (2): 542 kB | 47/644 kB
Progress (2): 542 kB | 49/644 kB
Progress (2): 542 kB | 50/644 kB
Progress (2): 542 kB | 52/644 kB
Progress (2): 542 kB | 53/644 kB
Progress (2): 542 kB | 54/644 kB
Progress (2): 542 kB | 56/644 kB
Progress (2): 542 kB | 60/644 kB
                                
Downloaded from central: https://repo1.maven.org/maven2/org/hamcrest/hamcrest-all/1.1/hamcrest-all-1.1.jar (542 kB at 2.8 MB/s)
Progress (1): 64/644 kB
Progress (1): 68/644 kB
Progress (1): 73/644 kB
Progress (2): 73/644 kB | 1.4/966 kB
Progress (2): 73/644 kB | 2.7/966 kB
Progress (2): 73/644 kB | 4.1/966 kB
Progress (2): 73/644 kB | 5.5/966 kB
Progress (2): 73/644 kB | 6.8/966 kB
Progress (2): 77/644 kB | 6.8/966 kB
Progress (2): 77/644 kB | 8.2/966 kB
Progress (2): 77/644 kB | 9.6/966 kB
Progress (2): 81/644 kB | 9.6/966 kB
Progress (2): 81/644 kB | 11/966 kB 
Progress (2): 85/644 kB | 11/966 kB
Progress (2): 85/644 kB | 12/966 kB
Progress (2): 85/644 kB | 14/966 kB
Progress (2): 90/644 kB | 14/966 kB
Progress (2): 90/644 kB | 15/966 kB
Progress (2): 90/644 kB | 16/966 kB
Progress (2): 94/644 kB | 16/966 kB
Progress (2): 98/644 kB | 16/966 kB
Progress (2): 98/644 kB | 18/966 kB
Progress (2): 98/644 kB | 19/966 kB
Progress (2): 102/644 kB | 19/966 kB
Progress (2): 102/644 kB | 20/966 kB
Progress (2): 106/644 kB | 20/966 kB
Progress (2): 106/644 kB | 22/966 kB
Progress (2): 111/644 kB | 22/966 kB
Progress (2): 111/644 kB | 23/966 kB
Progress (2): 111/644 kB | 25/966 kB
Progress (2): 115/644 kB | 25/966 kB
Progress (2): 115/644 kB | 26/966 kB
Progress (2): 115/644 kB | 27/966 kB
Progress (2): 115/644 kB | 29/966 kB
Progress (2): 119/644 kB | 29/966 kB
Progress (2): 119/644 kB | 30/966 kB
Progress (2): 123/644 kB | 30/966 kB
Progress (2): 123/644 kB | 31/966 kB
Progress (2): 123/644 kB | 33/966 kB
Progress (2): 128/644 kB | 33/966 kB
Progress (2): 128/644 kB | 34/966 kB
Progress (2): 128/644 kB | 36/966 kB
Progress (2): 128/644 kB | 37/966 kB
Progress (2): 132/644 kB | 37/966 kB
Progress (2): 132/644 kB | 38/966 kB
Progress (2): 136/644 kB | 38/966 kB
Progress (2): 136/644 kB | 40/966 kB
Progress (2): 136/644 kB | 41/966 kB
Progress (2): 140/644 kB | 41/966 kB
Progress (2): 140/644 kB | 42/966 kB
Progress (2): 140/644 kB | 44/966 kB
Progress (2): 140/644 kB | 45/966 kB
Progress (2): 145/644 kB | 45/966 kB
Progress (2): 145/644 kB | 46/966 kB
Progress (2): 145/644 kB | 48/966 kB
Progress (2): 149/644 kB | 48/966 kB
Progress (2): 149/644 kB | 49/966 kB
Progress (2): 149/644 kB | 51/966 kB
Progress (2): 149/644 kB | 52/966 kB
Progress (2): 149/644 kB | 53/966 kB
Progress (2): 149/644 kB | 55/966 kB
Progress (2): 153/644 kB | 55/966 kB
Progress (2): 153/644 kB | 59/966 kB
Progress (2): 157/644 kB | 59/966 kB
Progress (2): 157/644 kB | 63/966 kB
Progress (2): 161/644 kB | 63/966 kB
Progress (2): 161/644 kB | 66/966 kB
Progress (2): 166/644 kB | 66/966 kB
Progress (2): 170/644 kB | 66/966 kB
Progress (2): 174/644 kB | 66/966 kB
Progress (2): 174/644 kB | 70/966 kB
Progress (2): 178/644 kB | 70/966 kB
Progress (2): 183/644 kB | 70/966 kB
Progress (2): 183/644 kB | 74/966 kB
Progress (2): 187/644 kB | 74/966 kB
Progress (2): 191/644 kB | 74/966 kB
Progress (2): 195/644 kB | 74/966 kB
Progress (2): 195/644 kB | 78/966 kB
Progress (2): 199/644 kB | 78/966 kB
Progress (2): 199/644 kB | 82/966 kB
Progress (2): 204/644 kB | 82/966 kB
Progress (2): 208/644 kB | 82/966 kB
Progress (2): 208/644 kB | 86/966 kB
Progress (2): 212/644 kB | 86/966 kB
Progress (2): 212/644 kB | 90/966 kB
Progress (2): 216/644 kB | 90/966 kB
Progress (2): 216/644 kB | 95/966 kB
Progress (2): 221/644 kB | 95/966 kB
Progress (2): 221/644 kB | 99/966 kB
Progress (2): 225/644 kB | 99/966 kB
Progress (2): 225/644 kB | 103/966 kB
Progress (2): 225/644 kB | 107/966 kB
Progress (2): 241/644 kB | 107/966 kB
Progress (2): 241/644 kB | 112/966 kB
Progress (2): 241/644 kB | 116/966 kB
Progress (2): 258/644 kB | 116/966 kB
Progress (2): 258/644 kB | 120/966 kB
Progress (2): 258/644 kB | 124/966 kB
Progress (2): 274/644 kB | 124/966 kB
Progress (2): 274/644 kB | 128/966 kB
Progress (2): 274/644 kB | 133/966 kB
Progress (2): 274/644 kB | 137/966 kB
Progress (2): 274/644 kB | 141/966 kB
Progress (2): 290/644 kB | 141/966 kB
Progress (2): 290/644 kB | 145/966 kB
Progress (2): 290/644 kB | 147/966 kB
Progress (2): 290/644 kB | 152/966 kB
Progress (2): 290/644 kB | 156/966 kB
Progress (2): 290/644 kB | 160/966 kB
Progress (2): 290/644 kB | 164/966 kB
Progress (2): 290/644 kB | 169/966 kB
Progress (2): 290/644 kB | 173/966 kB
Progress (2): 290/644 kB | 177/966 kB
Progress (2): 290/644 kB | 181/966 kB
Progress (2): 290/644 kB | 186/966 kB
Progress (2): 290/644 kB | 190/966 kB
Progress (2): 290/644 kB | 194/966 kB
Progress (2): 290/644 kB | 198/966 kB
Progress (2): 290/644 kB | 202/966 kB
Progress (2): 290/644 kB | 207/966 kB
Progress (2): 290/644 kB | 211/966 kB
Progress (2): 290/644 kB | 213/966 kB
Progress (2): 290/644 kB | 217/966 kB
Progress (2): 290/644 kB | 234/966 kB
Progress (2): 290/644 kB | 250/966 kB
Progress (2): 290/644 kB | 266/966 kB
Progress (2): 290/644 kB | 283/966 kB
Progress (2): 290/644 kB | 299/966 kB
Progress (2): 290/644 kB | 316/966 kB
Progress (2): 307/644 kB | 316/966 kB
Progress (2): 323/644 kB | 316/966 kB
Progress (2): 323/644 kB | 332/966 kB
Progress (2): 340/644 kB | 332/966 kB
Progress (2): 340/644 kB | 344/966 kB
Progress (2): 356/644 kB | 344/966 kB
Progress (2): 356/644 kB | 360/966 kB
Progress (2): 372/644 kB | 360/966 kB
Progress (2): 372/644 kB | 377/966 kB
Progress (2): 389/644 kB | 377/966 kB
Progress (2): 405/644 kB | 377/966 kB
Progress (2): 421/644 kB | 377/966 kB
Progress (2): 438/644 kB | 377/966 kB
Progress (2): 454/644 kB | 377/966 kB
Progress (2): 454/644 kB | 393/966 kB
Progress (2): 471/644 kB | 393/966 kB
Progress (2): 471/644 kB | 410/966 kB
Progress (2): 487/644 kB | 410/966 kB
Progress (2): 503/644 kB | 410/966 kB
Progress (2): 503/644 kB | 426/966 kB
Progress (2): 520/644 kB | 426/966 kB
Progress (2): 536/644 kB | 426/966 kB
Progress (2): 553/644 kB | 426/966 kB
Progress (2): 569/644 kB | 426/966 kB
Progress (2): 585/644 kB | 426/966 kB
Progress (2): 585/644 kB | 442/966 kB
Progress (2): 602/644 kB | 442/966 kB
Progress (2): 602/644 kB | 459/966 kB
Progress (2): 618/644 kB | 459/966 kB
Progress (2): 618/644 kB | 475/966 kB
Progress (2): 634/644 kB | 475/966 kB
Progress (2): 634/644 kB | 492/966 kB
Progress (2): 644 kB | 492/966 kB    
Progress (2): 644 kB | 508/966 kB
Progress (2): 644 kB | 524/966 kB
Progress (2): 644 kB | 541/966 kB
Progress (2): 644 kB | 557/966 kB
Progress (2): 644 kB | 573/966 kB
Progress (2): 644 kB | 590/966 kB
Progress (2): 644 kB | 606/966 kB
Progress (2): 644 kB | 623/966 kB
Progress (2): 644 kB | 639/966 kB
Progress (2): 644 kB | 655/966 kB
Progress (2): 644 kB | 672/966 kB
Progress (2): 644 kB | 688/966 kB
Progress (2): 644 kB | 705/966 kB
Progress (2): 644 kB | 721/966 kB
Progress (2): 644 kB | 737/966 kB
Progress (2): 644 kB | 754/966 kB
Progress (2): 644 kB | 770/966 kB
Progress (2): 644 kB | 786/966 kB
Progress (2): 644 kB | 803/966 kB
Progress (2): 644 kB | 819/966 kB
Progress (2): 644 kB | 836/966 kB
Progress (2): 644 kB | 852/966 kB
Progress (2): 644 kB | 868/966 kB
Progress (2): 644 kB | 885/966 kB
Progress (2): 644 kB | 901/966 kB
Progress (2): 644 kB | 918/966 kB
Progress (2): 644 kB | 934/966 kB
Progress (2): 644 kB | 944/966 kB
Progress (2): 644 kB | 960/966 kB
Progress (2): 644 kB | 966 kB    
                             
Downloaded from central: https://repo1.maven.org/maven2/org/mockito/mockito-all/1.7/mockito-all-1.7.jar (966 kB at 3.1 MB/s)
Downloaded from central: https://repo1.maven.org/maven2/hsqldb/hsqldb/1.8.0.7/hsqldb-1.8.0.7.jar (644 kB at 2.1 MB/s)
[INFO] 
[INFO] --- enforcer:1.0-beta-1:enforce (enforce-maven) @ dbdeploy-core ---
Downloading from central: https://repo1.maven.org/maven2/junit/junit/3.8.2/junit-3.8.2.pom
Progress (1): 747 B
                   
Downloaded from central: https://repo1.maven.org/maven2/junit/junit/3.8.2/junit-3.8.2.pom (747 B at 14 kB/s)
Downloading from central: https://repo1.maven.org/maven2/commons-lang/commons-lang/2.3/commons-lang-2.3.pom
Progress (1): 1.1 kB
Progress (1): 4.3 kB
Progress (1): 7.9 kB
Progress (1): 10 kB 
Progress (1): 11 kB
                   
Downloaded from central: https://repo1.maven.org/maven2/commons-lang/commons-lang/2.3/commons-lang-2.3.pom (11 kB at 121 kB/s)
Downloading from central: https://repo1.maven.org/maven2/org/apache/maven/enforcer/enforcer-api/1.0-beta-1/enforcer-api-1.0-beta-1.pom
Progress (1): 851 B
Progress (1): 2.7 kB
Progress (1): 3.3 kB
                    
Downloaded from central: https://repo1.maven.org/maven2/org/apache/maven/enforcer/enforcer-api/1.0-beta-1/enforcer-api-1.0-beta-1.pom (3.3 kB at 4.5 kB/s)
Downloading from central: https://repo1.maven.org/maven2/org/apache/maven/enforcer/enforcer-rules/1.0-beta-1/enforcer-rules-1.0-beta-1.pom
Progress (1): 845 B
Progress (1): 3.4 kB
Progress (1): 4.2 kB
                    
Downloaded from central: https://repo1.maven.org/maven2/org/apache/maven/enforcer/enforcer-rules/1.0-beta-1/enforcer-rules-1.0-beta-1.pom (4.2 kB at 43 kB/s)
Downloading from central: https://repo1.maven.org/maven2/org/beanshell/bsh/2.0b4/bsh-2.0b4.pom
Progress (1): 1.2 kB
                    
Downloaded from central: https://repo1.maven.org/maven2/org/beanshell/bsh/2.0b4/bsh-2.0b4.pom (1.2 kB at 18 kB/s)
Downloading from central: https://repo1.maven.org/maven2/org/beanshell/beanshell/2.0b4/beanshell-2.0b4.pom
Progress (1): 1.4 kB
                    
Downloaded from central: https://repo1.maven.org/maven2/org/beanshell/beanshell/2.0b4/beanshell-2.0b4.pom (1.4 kB at 30 kB/s)
Downloading from central: https://repo1.maven.org/maven2/org/apache/maven/doxia/doxia-sink-api/1.0-alpha-10/doxia-sink-api-1.0-alpha-10.jar
Downloading from central: https://repo1.maven.org/maven2/commons-cli/commons-cli/1.0/commons-cli-1.0.jar
Downloading from central: https://repo1.maven.org/maven2/org/codehaus/plexus/plexus-interactivity-api/1.0-alpha-4/plexus-interactivity-api-1.0-alpha-4.jar
Downloading from central: https://repo1.maven.org/maven2/org/codehaus/plexus/plexus-utils/1.5.8/plexus-utils-1.5.8.jar
Downloading from central: https://repo1.maven.org/maven2/commons-lang/commons-lang/2.3/commons-lang-2.3.jar
Progress (1): 7.7/13 kB
Progress (2): 7.7/13 kB | 7.7/30 kB
Progress (2): 12/13 kB | 7.7/30 kB 
Progress (2): 13 kB | 7.7/30 kB   
Progress (2): 13 kB | 16/30 kB 
Progress (2): 13 kB | 25/30 kB
Progress (2): 13 kB | 30 kB   
Progress (3): 13 kB | 30 kB | 4.1/9.9 kB
Progress (4): 13 kB | 30 kB | 4.1/9.9 kB | 3.8/268 kB
Progress (4): 13 kB | 30 kB | 9.9 kB | 3.8/268 kB    
Progress (4): 13 kB | 30 kB | 9.9 kB | 8.0/268 kB
Progress (4): 13 kB | 30 kB | 9.9 kB | 12/268 kB 
Progress (4): 13 kB | 30 kB | 9.9 kB | 12/268 kB
Progress (4): 13 kB | 30 kB | 9.9 kB | 29/268 kB
Progress (4): 13 kB | 30 kB | 9.9 kB | 45/268 kB
Progress (4): 13 kB | 30 kB | 9.9 kB | 61/268 kB
Progress (4): 13 kB | 30 kB | 9.9 kB | 78/268 kB
Progress (5): 13 kB | 30 kB | 9.9 kB | 78/268 kB | 8.2/245 kB
Progress (5): 13 kB | 30 kB | 9.9 kB | 94/268 kB | 8.2/245 kB
Progress (5): 13 kB | 30 kB | 9.9 kB | 111/268 kB | 8.2/245 kB
Progress (5): 13 kB | 30 kB | 9.9 kB | 111/268 kB | 25/245 kB 
Progress (5): 13 kB | 30 kB | 9.9 kB | 111/268 kB | 41/245 kB
Progress (5): 13 kB | 30 kB | 9.9 kB | 127/268 kB | 41/245 kB
Progress (5): 13 kB | 30 kB | 9.9 kB | 143/268 kB | 41/245 kB
Progress (5): 13 kB | 30 kB | 9.9 kB | 143/268 kB | 57/245 kB
Progress (5): 13 kB | 30 kB | 9.9 kB | 160/268 kB | 57/245 kB
Progress (5): 13 kB | 30 kB | 9.9 kB | 160/268 kB | 74/245 kB
Progress (5): 13 kB | 30 kB | 9.9 kB | 176/268 kB | 74/245 kB
Progress (5): 13 kB | 30 kB | 9.9 kB | 176/268 kB | 90/245 kB
Progress (5): 13 kB | 30 kB | 9.9 kB | 193/268 kB | 90/245 kB
Progress (5): 13 kB | 30 kB | 9.9 kB | 193/268 kB | 106/245 kB
Progress (5): 13 kB | 30 kB | 9.9 kB | 209/268 kB | 106/245 kB
Progress (5): 13 kB | 30 kB | 9.9 kB | 209/268 kB | 123/245 kB
Progress (5): 13 kB | 30 kB | 9.9 kB | 225/268 kB | 123/245 kB
Progress (5): 13 kB | 30 kB | 9.9 kB | 225/268 kB | 139/245 kB
Progress (5): 13 kB | 30 kB | 9.9 kB | 242/268 kB | 139/245 kB
                                                              
Downloaded from central: https://repo1.maven.org/maven2/org/codehaus/plexus/plexus-interactivity-api/1.0-alpha-4/plexus-interactivity-api-1.0-alpha-4.jar (13 kB at 94 kB/s)
Downloading from central: https://repo1.maven.org/maven2/org/apache/maven/enforcer/enforcer-api/1.0-beta-1/enforcer-api-1.0-beta-1.jar
Progress (4): 30 kB | 9.9 kB | 242/268 kB | 156/245 kB
Progress (4): 30 kB | 9.9 kB | 258/268 kB | 156/245 kB
Progress (4): 30 kB | 9.9 kB | 258/268 kB | 172/245 kB
Progress (4): 30 kB | 9.9 kB | 268 kB | 172/245 kB    
Progress (4): 30 kB | 9.9 kB | 268 kB | 188/245 kB
Progress (4): 30 kB | 9.9 kB | 268 kB | 197/245 kB
Progress (4): 30 kB | 9.9 kB | 268 kB | 213/245 kB
Progress (4): 30 kB | 9.9 kB | 268 kB | 229/245 kB
Progress (4): 30 kB | 9.9 kB | 268 kB | 245 kB    
                                              
Downloaded from central: https://repo1.maven.org/maven2/commons-cli/commons-cli/1.0/commons-cli-1.0.jar (30 kB at 202 kB/s)
Downloading from central: https://repo1.maven.org/maven2/org/apache/maven/enforcer/enforcer-rules/1.0-beta-1/enforcer-rules-1.0-beta-1.jar
Downloaded from central: https://repo1.maven.org/maven2/org/apache/maven/doxia/doxia-sink-api/1.0-alpha-10/doxia-sink-api-1.0-alpha-10.jar (9.9 kB at 66 kB/s)
Downloading from central: https://repo1.maven.org/maven2/org/beanshell/bsh/2.0b4/bsh-2.0b4.jar
Downloaded from central: https://repo1.maven.org/maven2/commons-lang/commons-lang/2.3/commons-lang-2.3.jar (245 kB at 1.5 MB/s)
Downloaded from central: https://repo1.maven.org/maven2/org/codehaus/plexus/plexus-utils/1.5.8/plexus-utils-1.5.8.jar (268 kB at 1.7 MB/s)
Progress (1): 7.7/282 kB
Progress (1): 12/282 kB 
Progress (1): 29/282 kB
Progress (1): 45/282 kB
Progress (2): 45/282 kB | 7.5/9.8 kB
Progress (2): 61/282 kB | 7.5/9.8 kB
Progress (2): 66/282 kB | 7.5/9.8 kB
Progress (2): 82/282 kB | 7.5/9.8 kB
Progress (2): 82/282 kB | 9.8 kB    
Progress (2): 98/282 kB | 9.8 kB
Progress (2): 115/282 kB | 9.8 kB
Progress (2): 131/282 kB | 9.8 kB
Progress (2): 147/282 kB | 9.8 kB
Progress (2): 164/282 kB | 9.8 kB
Progress (2): 180/282 kB | 9.8 kB
Progress (2): 197/282 kB | 9.8 kB
Progress (2): 213/282 kB | 9.8 kB
Progress (2): 229/282 kB | 9.8 kB
Progress (2): 246/282 kB | 9.8 kB
Progress (2): 262/282 kB | 9.8 kB
Progress (2): 279/282 kB | 9.8 kB
Progress (2): 282 kB | 9.8 kB    
Progress (3): 282 kB | 9.8 kB | 7.8/54 kB
Progress (3): 282 kB | 9.8 kB | 16/54 kB 
Progress (3): 282 kB | 9.8 kB | 32/54 kB
Progress (3): 282 kB | 9.8 kB | 49/54 kB
Progress (3): 282 kB | 9.8 kB | 54 kB   
                                     
Downloaded from central: https://repo1.maven.org/maven2/org/apache/maven/enforcer/enforcer-api/1.0-beta-1/enforcer-api-1.0-beta-1.jar (9.8 kB at 45 kB/s)
Downloaded from central: https://repo1.maven.org/maven2/org/beanshell/bsh/2.0b4/bsh-2.0b4.jar (282 kB at 1.2 MB/s)
Downloaded from central: https://repo1.maven.org/maven2/org/apache/maven/enforcer/enforcer-rules/1.0-beta-1/enforcer-rules-1.0-beta-1.jar (54 kB at 239 kB/s)
[INFO] 
[INFO] --- resources:3.3.1:resources (default-resources) @ dbdeploy-core ---
[INFO] Copying 14 resources from src\main\resources to target\classes
[INFO] 
[INFO] --- compiler:3.13.0:compile (default-compile) @ dbdeploy-core ---
[INFO] Recompiling the module because of changed dependency.
[INFO] Compiling 26 source files with javac [debug target 1.5] to target\classes
[WARNING] bootstrap class path not set in conjunction with -source 1.5
[WARNING] source value 1.5 is obsolete and will be removed in a future release
[WARNING] target value 1.5 is obsolete and will be removed in a future release
[WARNING] To suppress warnings about obsolete options, use -Xlint:-options.
[INFO] ------------------------------------------------------------------------
[INFO] BUILD SUCCESS
[INFO] ------------------------------------------------------------------------
[INFO] Total time:  5.108 s
[INFO] Finished at: 2026-02-24T21:23:22-05:00
[INFO] ------------------------------------------------------------------------

STDERR:
