COMMAND: mvn.cmd -U -s D:\Khedma\Mr wiem\mutation-test-pipeline\target-repos\32578\.mvn\settings.xml -DskipTests compile

STDOUT:
[INFO] Scanning for projects...
[WARNING] 
[WARNING] Some problems were encountered while building the effective model for org.appfuse:appfuse-service:jar:2.1.0-M2-SNAPSHOT
[WARNING] The expression ${pom.groupId} is deprecated. Please use ${project.groupId} instead.
[WARNING] The expression ${pom.version} is deprecated. Please use ${project.version} instead.
[WARNING] 
[WARNING] It is highly recommended to fix these problems because they threaten the stability of your build.
[WARNING] 
[WARNING] For this reason, future Maven versions might no longer support building such malformed projects.
[WARNING] 
[INFO] 
[INFO] --------------------< org.appfuse:appfuse-service >---------------------
[INFO] Building AppFuse Service Module 2.1.0-M2-SNAPSHOT
[INFO]   from pom.xml
[INFO] --------------------------------[ jar ]---------------------------------
Downloading from apache-snapshots: https://repository.apache.org/snapshots/org/appfuse/appfuse-hibernate/2.1.0-M2-SNAPSHOT/maven-metadata.xml
Downloading from oss-sonatype-https: https://oss.sonatype.org/content/repositories/appfuse-snapshots/org/appfuse/appfuse-hibernate/2.1.0-M2-SNAPSHOT/maven-metadata.xml
Downloading from sonatype-snapshots: https://oss.sonatype.org/content/repositories/snapshots/org/appfuse/appfuse-hibernate/2.1.0-M2-SNAPSHOT/maven-metadata.xml
Downloading from apache-snapshots: https://repository.apache.org/snapshots/org/appfuse/appfuse-hibernate/2.1.0-M2-SNAPSHOT/appfuse-hibernate-2.1.0-M2-SNAPSHOT.pom
Downloading from sonatype-snapshots: https://oss.sonatype.org/content/repositories/snapshots/org/appfuse/appfuse-hibernate/2.1.0-M2-SNAPSHOT/appfuse-hibernate-2.1.0-M2-SNAPSHOT.pom
Downloading from oss-sonatype-https: https://oss.sonatype.org/content/repositories/appfuse-snapshots/org/appfuse/appfuse-hibernate/2.1.0-M2-SNAPSHOT/appfuse-hibernate-2.1.0-M2-SNAPSHOT.pom
[WARNING] The POM for org.appfuse:appfuse-hibernate:jar:2.1.0-M2-SNAPSHOT is missing, no dependency information available
Downloading from apache-snapshots: https://repository.apache.org/snapshots/org/appfuse/appfuse-hibernate/2.1.0-M2-SNAPSHOT/appfuse-hibernate-2.1.0-M2-SNAPSHOT.jar
Downloading from sonatype-snapshots: https://oss.sonatype.org/content/repositories/snapshots/org/appfuse/appfuse-hibernate/2.1.0-M2-SNAPSHOT/appfuse-hibernate-2.1.0-M2-SNAPSHOT.jar
Downloading from oss-sonatype-https: https://oss.sonatype.org/content/repositories/appfuse-snapshots/org/appfuse/appfuse-hibernate/2.1.0-M2-SNAPSHOT/appfuse-hibernate-2.1.0-M2-SNAPSHOT.jar
[INFO] ------------------------------------------------------------------------
[INFO] BUILD FAILURE
[INFO] ------------------------------------------------------------------------
[INFO] Total time:  1.960 s
[INFO] Finished at: 2026-02-25T19:21:47-05:00
[INFO] ------------------------------------------------------------------------
[ERROR] Failed to execute goal on project appfuse-service: Could not resolve dependencies for project org.appfuse:appfuse-service:jar:2.1.0-M2-SNAPSHOT
[ERROR] dependency: org.appfuse:appfuse-hibernate:jar:2.1.0-M2-SNAPSHOT (compile)
[ERROR] 	Could not find artifact org.appfuse:appfuse-hibernate:jar:2.1.0-M2-SNAPSHOT in apache-snapshots (https://repository.apache.org/snapshots)
[ERROR] 	Could not find artifact org.appfuse:appfuse-hibernate:jar:2.1.0-M2-SNAPSHOT in sonatype-snapshots (https://oss.sonatype.org/content/repositories/snapshots/)
[ERROR] 	Could not find artifact org.appfuse:appfuse-hibernate:jar:2.1.0-M2-SNAPSHOT in oss-sonatype-https (https://oss.sonatype.org/content/repositories/appfuse-snapshots)
[ERROR] 
[ERROR] -> [Help 1]
[ERROR] 
[ERROR] To see the full stack trace of the errors, re-run Maven with the -e switch.
[ERROR] Re-run Maven using the -X switch to enable full debug logging.
[ERROR] 
[ERROR] For more information about the errors and possible solutions, please read the following articles:
[ERROR] [Help 1] http://cwiki.apache.org/confluence/display/MAVEN/DependencyResolutionException

STDERR:
