COMMAND: mvn.cmd -s D:\Khedma\Mr wiem\mutation-test-pipeline\.mvn\settings.xml -DskipTests compile

STDOUT:
[INFO] Scanning for projects...
[INFO] 
[INFO] ---------------------< org.jredis:jredis-core-ri >----------------------
[INFO] Building JRedis - Core - RI a.0-SNAPSHOT
[INFO]   from pom.xml
[INFO] --------------------------------[ jar ]---------------------------------
Downloading from central: https://repo1.maven.org/maven2/org/apache/maven/plugins/maven-compiler-plugin/2.0.2/maven-compiler-plugin-2.0.2.pom
Progress (1): 2.0 kB
Progress (1): 2.4 kB
                    
Downloaded from central: https://repo1.maven.org/maven2/org/apache/maven/plugins/maven-compiler-plugin/2.0.2/maven-compiler-plugin-2.0.2.pom (2.4 kB at 7.8 kB/s)
Downloading from central: https://repo1.maven.org/maven2/org/apache/maven/plugins/maven-plugins/8/maven-plugins-8.pom
Progress (1): 1.6 kB
Progress (1): 4.3 kB
Progress (1): 6.1 kB
                    
Downloaded from central: https://repo1.maven.org/maven2/org/apache/maven/plugins/maven-plugins/8/maven-plugins-8.pom (6.1 kB at 120 kB/s)
Downloading from central: https://repo1.maven.org/maven2/org/apache/maven/plugins/maven-compiler-plugin/2.0.2/maven-compiler-plugin-2.0.2.jar
Progress (1): 0.9/18 kB
Progress (1): 2.3/18 kB
Progress (1): 3.6/18 kB
Progress (1): 5.0/18 kB
Progress (1): 6.4/18 kB
Progress (1): 7.7/18 kB
Progress (1): 8.2/18 kB
Progress (1): 9.6/18 kB
Progress (1): 11/18 kB 
Progress (1): 12/18 kB
Progress (1): 14/18 kB
Progress (1): 15/18 kB
Progress (1): 16/18 kB
Progress (1): 18/18 kB
Progress (1): 18 kB   
                   
Downloaded from central: https://repo1.maven.org/maven2/org/apache/maven/plugins/maven-compiler-plugin/2.0.2/maven-compiler-plugin-2.0.2.jar (18 kB at 219 kB/s)
[WARNING] The POM for org.jredis:jredis-core-api:jar:a.0-SNAPSHOT is missing, no dependency information available
[INFO] ------------------------------------------------------------------------
[INFO] BUILD FAILURE
[INFO] ------------------------------------------------------------------------
[INFO] Total time:  0.883 s
[INFO] Finished at: 2026-02-25T19:26:42-05:00
[INFO] ------------------------------------------------------------------------
[ERROR] Failed to execute goal on project jredis-core-ri: Could not resolve dependencies for project org.jredis:jredis-core-ri:jar:a.0-SNAPSHOT
[ERROR] dependency: org.jredis:jredis-core-api:jar:a.0-SNAPSHOT (compile)
[ERROR] 	Could not find artifact org.jredis:jredis-core-api:jar:a.0-SNAPSHOT
[ERROR] 
[ERROR] -> [Help 1]
[ERROR] 
[ERROR] To see the full stack trace of the errors, re-run Maven with the -e switch.
[ERROR] Re-run Maven using the -X switch to enable full debug logging.
[ERROR] 
[ERROR] For more information about the errors and possible solutions, please read the following articles:
[ERROR] [Help 1] http://cwiki.apache.org/confluence/display/MAVEN/DependencyResolutionException

STDERR:
