COMMAND: mvn.cmd -s D:\Khedma\Mr wiem\mutation-test-pipeline\.mvn\settings.xml -DskipTests compile

STDOUT:
[INFO] Scanning for projects...
[INFO] 
[INFO] -----------------------< br.com.caelum:vraptor >------------------------
[INFO] Building vraptor 3.5.6-SNAPSHOT
[INFO]   from pom.xml
[INFO] --------------------------------[ jar ]---------------------------------
[INFO] 
[INFO] --- enforcer:1.0:enforce (enforce-maven) @ vraptor ---
[INFO] 
[INFO] --- antrun:1.7:run (process-sources) @ vraptor ---
[INFO] Executing tasks

main:
[INFO] Executed tasks
[INFO] 
[INFO] --- resources:3.3.1:resources (default-resources) @ vraptor ---
[INFO] Copying 2 resources from src\main\resources to target\classes
[INFO] 
[INFO] --- compiler:2.3.1:compile (default-compile) @ vraptor ---
[INFO] Compiling 1 source file to D:\Khedma\Mr wiem\mutation-test-pipeline\target-repos\154520\vraptor-core\target\classes
[INFO] ------------------------------------------------------------------------
[INFO] BUILD SUCCESS
[INFO] ------------------------------------------------------------------------
[INFO] Total time:  1.855 s
[INFO] Finished at: 2026-02-24T21:35:30-05:00
[INFO] ------------------------------------------------------------------------

STDERR:
