COMMAND: mvn.cmd -s D:\Khedma\Mr wiem\mutation-test-pipeline\.mvn\settings.xml -DskipTests compile

STDOUT:
[INFO] Scanning for projects...
[ERROR] Internal error: org.eclipse.tycho.core.osgitools.OsgiManifestParserException: Exception parsing OSGi MANIFEST D:\Khedma\Mr wiem\mutation-test-pipeline\target-repos\205407\plugins\openldap.acl.editor\META-INF\MANIFEST.MF: Manifest file not found -> [Help 1]
org.apache.maven.InternalErrorException: Internal error: org.eclipse.tycho.core.osgitools.OsgiManifestParserException: Exception parsing OSGi MANIFEST D:\Khedma\Mr wiem\mutation-test-pipeline\target-repos\205407\plugins\openldap.acl.editor\META-INF\MANIFEST.MF: Manifest file not found
    at org.apache.maven.DefaultMaven.execute (DefaultMaven.java:109)
    at org.apache.maven.cli.MavenCli.execute (MavenCli.java:919)
    at org.apache.maven.cli.MavenCli.doMain (MavenCli.java:285)
    at org.apache.maven.cli.MavenCli.main (MavenCli.java:207)
    at jdk.internal.reflect.NativeMethodAccessorImpl.invoke0 (Native Method)
    at jdk.internal.reflect.NativeMethodAccessorImpl.invoke (NativeMethodAccessorImpl.java:77)
    at jdk.internal.reflect.DelegatingMethodAccessorImpl.invoke (DelegatingMethodAccessorImpl.java:43)
    at java.lang.reflect.Method.invoke (Method.java:569)
    at org.codehaus.plexus.classworlds.launcher.Launcher.launchEnhanced (Launcher.java:255)
    at org.codehaus.plexus.classworlds.launcher.Launcher.launch (Launcher.java:201)
    at org.codehaus.plexus.classworlds.launcher.Launcher.mainWithExitCode (Launcher.java:361)
    at org.codehaus.plexus.classworlds.launcher.Launcher.main (Launcher.java:314)
Caused by: org.eclipse.tycho.core.osgitools.OsgiManifestParserException: Exception parsing OSGi MANIFEST D:\Khedma\Mr wiem\mutation-test-pipeline\target-repos\205407\plugins\openldap.acl.editor\META-INF\MANIFEST.MF: Manifest file not found
    at org.eclipse.tycho.core.osgitools.DefaultBundleReader.loadManifestFromDirectory (DefaultBundleReader.java:93)
    at org.eclipse.tycho.core.osgitools.DefaultBundleReader.doLoadManifest (DefaultBundleReader.java:60)
    at org.eclipse.tycho.core.osgitools.DefaultBundleReader.loadManifest (DefaultBundleReader.java:51)
    at org.eclipse.tycho.core.osgitools.OsgiBundleProject.readArtifactKey (OsgiBundleProject.java:159)
    at org.eclipse.tycho.core.osgitools.OsgiBundleProject.setupProject (OsgiBundleProject.java:154)
    at org.eclipse.tycho.core.resolver.DefaultTychoResolver.setupProject (DefaultTychoResolver.java:84)
    at org.eclipse.tycho.core.maven.TychoMavenLifecycleParticipant.afterProjectsRead (TychoMavenLifecycleParticipant.java:99)
    at org.apache.maven.DefaultMaven.doExecute (DefaultMaven.java:223)
    at org.apache.maven.DefaultMaven.doExecute (DefaultMaven.java:173)
    at org.apache.maven.DefaultMaven.execute (DefaultMaven.java:101)
    at org.apache.maven.cli.MavenCli.execute (MavenCli.java:919)
    at org.apache.maven.cli.MavenCli.doMain (MavenCli.java:285)
    at org.apache.maven.cli.MavenCli.main (MavenCli.java:207)
    at jdk.internal.reflect.NativeMethodAccessorImpl.invoke0 (Native Method)
    at jdk.internal.reflect.NativeMethodAccessorImpl.invoke (NativeMethodAccessorImpl.java:77)
    at jdk.internal.reflect.DelegatingMethodAccessorImpl.invoke (DelegatingMethodAccessorImpl.java:43)
    at java.lang.reflect.Method.invoke (Method.java:569)
    at org.codehaus.plexus.classworlds.launcher.Launcher.launchEnhanced (Launcher.java:255)
    at org.codehaus.plexus.classworlds.launcher.Launcher.launch (Launcher.java:201)
    at org.codehaus.plexus.classworlds.launcher.Launcher.mainWithExitCode (Launcher.java:361)
    at org.codehaus.plexus.classworlds.launcher.Launcher.main (Launcher.java:314)
[ERROR] 
[ERROR] To see the full stack trace of the errors, re-run Maven with the -e switch.
[ERROR] Re-run Maven using the -X switch to enable full debug logging.
[ERROR] 
[ERROR] For more information about the errors and possible solutions, please read the following articles:
[ERROR] [Help 1] http://cwiki.apache.org/confluence/display/MAVEN/InternalErrorException

STDERR:
