COMMAND: mvn.cmd -s D:\Khedma\Mr wiem\mutation-test-pipeline\.mvn\settings.xml -DskipTests compile

STDOUT:
[INFO] Scanning for projects...
Downloading from central: https://repo1.maven.org/maven2/org/junit/junit-bom/5.14.1/junit-bom-5.14.1.pom
Progress (1): 908 B
Progress (1): 2.2 kB
Progress (1): 5.7 kB
                    
Downloaded from central: https://repo1.maven.org/maven2/org/junit/junit-bom/5.14.1/junit-bom-5.14.1.pom (5.7 kB at 19 kB/s)
[INFO] 
[INFO] --------< org.apache.httpcomponents.client5:httpclient5-cache >---------
[INFO] Building Apache HttpClient Cache 5.7-alpha1-SNAPSHOT
[INFO]   from pom.xml
[INFO] --------------------------------[ jar ]---------------------------------
Downloading from apache.snapshots: https://repository.apache.org/snapshots/org/apache/httpcomponents/client5/httpclient5/5.7-alpha1-SNAPSHOT/maven-metadata.xml
Downloading from apache.snapshots: https://repository.apache.org/snapshots/org/apache/httpcomponents/client5/httpclient5/5.7-alpha1-SNAPSHOT/httpclient5-5.7-alpha1-SNAPSHOT.pom
[WARNING] The POM for org.apache.httpcomponents.client5:httpclient5:jar:5.7-alpha1-SNAPSHOT is missing, no dependency information available
[WARNING] The POM for org.apache.httpcomponents.client5:httpclient5:jar:tests:5.7-alpha1-SNAPSHOT is missing, no dependency information available
Downloading from central: https://repo1.maven.org/maven2/org/junit/jupiter/junit-jupiter/5.14.1/junit-jupiter-5.14.1.pom
Progress (1): 943 B
Progress (1): 2.5 kB
Progress (1): 3.2 kB
                    
Downloaded from central: https://repo1.maven.org/maven2/org/junit/jupiter/junit-jupiter/5.14.1/junit-jupiter-5.14.1.pom (3.2 kB at 62 kB/s)
Downloading from central: https://repo1.maven.org/maven2/org/junit/jupiter/junit-jupiter-api/5.14.1/junit-jupiter-api-5.14.1.pom
Progress (1): 951 B
Progress (1): 2.5 kB
Progress (1): 3.2 kB
                    
Downloaded from central: https://repo1.maven.org/maven2/org/junit/jupiter/junit-jupiter-api/5.14.1/junit-jupiter-api-5.14.1.pom (3.2 kB at 53 kB/s)
Downloading from central: https://repo1.maven.org/maven2/org/junit/platform/junit-platform-commons/1.14.1/junit-platform-commons-1.14.1.pom
Progress (1): 967 B
Progress (1): 2.5 kB
Progress (1): 2.9 kB
                    
Downloaded from central: https://repo1.maven.org/maven2/org/junit/platform/junit-platform-commons/1.14.1/junit-platform-commons-1.14.1.pom (2.9 kB at 54 kB/s)
Downloading from central: https://repo1.maven.org/maven2/org/junit/jupiter/junit-jupiter-params/5.14.1/junit-jupiter-params-5.14.1.pom
Progress (1): 961 B
Progress (1): 2.5 kB
Progress (1): 3.0 kB
                    
Downloaded from central: https://repo1.maven.org/maven2/org/junit/jupiter/junit-jupiter-params/5.14.1/junit-jupiter-params-5.14.1.pom (3.0 kB at 58 kB/s)
Downloading from central: https://repo1.maven.org/maven2/org/junit/jupiter/junit-jupiter-engine/5.14.1/junit-jupiter-engine-5.14.1.pom
Progress (1): 959 B
Progress (1): 2.5 kB
Progress (1): 3.2 kB
                    
Downloaded from central: https://repo1.maven.org/maven2/org/junit/jupiter/junit-jupiter-engine/5.14.1/junit-jupiter-engine-5.14.1.pom (3.2 kB at 58 kB/s)
Downloading from central: https://repo1.maven.org/maven2/org/junit/platform/junit-platform-engine/1.14.1/junit-platform-engine-1.14.1.pom
Progress (1): 957 B
Progress (1): 2.5 kB
Progress (1): 3.2 kB
                    
Downloaded from central: https://repo1.maven.org/maven2/org/junit/platform/junit-platform-engine/1.14.1/junit-platform-engine-1.14.1.pom (3.2 kB at 59 kB/s)
Downloading from central: https://repo1.maven.org/maven2/com/google/errorprone/error_prone_annotations/2.10.0/error_prone_annotations-2.10.0.pom
Progress (1): 835 B
Progress (1): 2.1 kB
                    
Downloaded from central: https://repo1.maven.org/maven2/com/google/errorprone/error_prone_annotations/2.10.0/error_prone_annotations-2.10.0.pom (2.1 kB at 38 kB/s)
Downloading from central: https://repo1.maven.org/maven2/com/google/errorprone/error_prone_parent/2.10.0/error_prone_parent-2.10.0.pom
Progress (1): 731 B
Progress (1): 1.7 kB
Progress (1): 3.6 kB
Progress (1): 7.1 kB
Progress (1): 8.7 kB
Progress (1): 10 kB 
                   
Downloaded from central: https://repo1.maven.org/maven2/com/google/errorprone/error_prone_parent/2.10.0/error_prone_parent-2.10.0.pom (10 kB at 175 kB/s)
Downloading from apache.snapshots: https://repository.apache.org/snapshots/org/apache/httpcomponents/client5/httpclient5/5.7-alpha1-SNAPSHOT/httpclient5-5.7-alpha1-SNAPSHOT.jar
Downloading from central: https://repo1.maven.org/maven2/com/google/errorprone/error_prone_annotations/2.10.0/error_prone_annotations-2.10.0.jar
Progress (1): 0.9/16 kB
Progress (1): 2.3/16 kB
Progress (1): 3.6/16 kB
Progress (1): 5.0/16 kB
Progress (1): 6.4/16 kB
Progress (1): 7.7/16 kB
Progress (1): 9.1/16 kB
Progress (1): 10/16 kB 
Progress (1): 12/16 kB
Progress (1): 13/16 kB
Progress (1): 15/16 kB
Progress (1): 16/16 kB
Progress (1): 16 kB   
                   
Downloaded from central: https://repo1.maven.org/maven2/com/google/errorprone/error_prone_annotations/2.10.0/error_prone_annotations-2.10.0.jar (16 kB at 320 kB/s)
[INFO] ------------------------------------------------------------------------
[INFO] BUILD FAILURE
[INFO] ------------------------------------------------------------------------
[INFO] Total time:  2.352 s
[INFO] Finished at: 2026-02-25T19:33:29-05:00
[INFO] ------------------------------------------------------------------------
[ERROR] Failed to execute goal on project httpclient5-cache: Could not resolve dependencies for project org.apache.httpcomponents.client5:httpclient5-cache:jar:5.7-alpha1-SNAPSHOT
[ERROR] dependency: org.apache.httpcomponents.client5:httpclient5:jar:5.7-alpha1-SNAPSHOT (compile)
[ERROR] 	Could not find artifact org.apache.httpcomponents.client5:httpclient5:jar:5.7-alpha1-SNAPSHOT in apache.snapshots (https://repository.apache.org/snapshots)
[ERROR] 
[ERROR] -> [Help 1]
[ERROR] 
[ERROR] To see the full stack trace of the errors, re-run Maven with the -e switch.
[ERROR] Re-run Maven using the -X switch to enable full debug logging.
[ERROR] 
[ERROR] For more information about the errors and possible solutions, please read the following articles:
[ERROR] [Help 1] http://cwiki.apache.org/confluence/display/MAVEN/DependencyResolutionException

STDERR:
