COMMAND: mvn.cmd -s D:\Khedma\Mr wiem\mutation-test-pipeline\.mvn\settings.xml -DskipTests compile

STDOUT:
[INFO] Scanning for projects...
[WARNING] This build will only read from the build cache, since the clean lifecycle is not part of the build invocation.
[INFO] 
[INFO] ---------------< org.apache.hive.hcatalog:hive-webhcat >----------------
[INFO] Building Hive HCatalog Webhcat 4.3.0-SNAPSHOT
[INFO]   from pom.xml
[INFO] --------------------------------[ jar ]---------------------------------
[WARNING] The POM for org.apache.hive.hcatalog:hive-hcatalog-core:jar:4.3.0-SNAPSHOT is missing, no dependency information available
[WARNING] The POM for org.apache.hive:hive-jdbc:jar:4.3.0-SNAPSHOT is missing, no dependency information available
[WARNING] The POM for org.apache.hive:hive-standalone-metastore-common:jar:tests:4.3.0-SNAPSHOT is missing, no dependency information available
[WARNING] The POM for org.apache.hive:hive-standalone-metastore-server:jar:tests:4.3.0-SNAPSHOT is missing, no dependency information available
[WARNING] The POM for org.apache.hive:hive-common:jar:tests:4.3.0-SNAPSHOT is missing, no dependency information available
[INFO] ------------------------------------------------------------------------
[INFO] BUILD FAILURE
[INFO] ------------------------------------------------------------------------
[INFO] Total time:  1.360 s
[INFO] Finished at: 2026-02-25T14:11:23-05:00
[INFO] ------------------------------------------------------------------------
[INFO] 0 goals, 0 executed
[ERROR] Failed to execute goal on project hive-webhcat: Could not resolve dependencies for project org.apache.hive.hcatalog:hive-webhcat:jar:4.3.0-SNAPSHOT
[ERROR] dependency: org.apache.hive.hcatalog:hive-hcatalog-core:jar:4.3.0-SNAPSHOT (provided)
[ERROR] 	org.apache.hive.hcatalog:hive-hcatalog-core:jar:4.3.0-SNAPSHOT was not found in https://repo1.maven.org/maven2 during a previous attempt. This failure was cached in the local repository and resolution is not reattempted until the update interval of central has elapsed or updates are forced
[ERROR] dependency: org.apache.hive:hive-jdbc:jar:4.3.0-SNAPSHOT (compile)
[ERROR] 	org.apache.hive:hive-jdbc:jar:4.3.0-SNAPSHOT was not found in https://repo1.maven.org/maven2 during a previous attempt. This failure was cached in the local repository and resolution is not reattempted until the update interval of central has elapsed or updates are forced
[ERROR] dependency: org.apache.hive:hive-standalone-metastore-common:jar:tests:4.3.0-SNAPSHOT (test)
[ERROR] 	org.apache.hive:hive-standalone-metastore-common:jar:tests:4.3.0-SNAPSHOT was not found in https://repo1.maven.org/maven2 during a previous attempt. This failure was cached in the local repository and resolution is not reattempted until the update interval of central has elapsed or updates are forced
[ERROR] dependency: org.apache.hive:hive-standalone-metastore-server:jar:tests:4.3.0-SNAPSHOT (test)
[ERROR] 	org.apache.hive:hive-standalone-metastore-server:jar:tests:4.3.0-SNAPSHOT was not found in https://repo1.maven.org/maven2 during a previous attempt. This failure was cached in the local repository and resolution is not reattempted until the update interval of central has elapsed or updates are forced
[ERROR] dependency: org.apache.hive:hive-common:jar:tests:4.3.0-SNAPSHOT (test)
[ERROR] 	org.apache.hive:hive-common:jar:tests:4.3.0-SNAPSHOT was not found in https://repo1.maven.org/maven2 during a previous attempt. This failure was cached in the local repository and resolution is not reattempted until the update interval of central has elapsed or updates are forced
[ERROR] 
[ERROR] -> [Help 1]
[ERROR] 
[ERROR] To see the full stack trace of the errors, re-run Maven with the -e switch.
[ERROR] Re-run Maven using the -X switch to enable full debug logging.
[ERROR] 
[ERROR] For more information about the errors and possible solutions, please read the following articles:
[ERROR] [Help 1] http://cwiki.apache.org/confluence/display/MAVEN/DependencyResolutionException

STDERR:
