COMMAND: mvn.cmd -s D:\Khedma\Mr wiem\mutation-test-pipeline\.mvn\settings.xml -DskipTests compile

STDOUT:
[INFO] Scanning for projects...
[WARNING] 
[WARNING] Some problems were encountered while building the effective model for by.bsu.onewire:common:jar:1.0-SNAPSHOT
[WARNING] 'build.plugins.plugin.version' for org.apache.maven.plugins:maven-compiler-plugin is missing. @ by.bsu:onewire:1.0-SNAPSHOT, D:\Khedma\Mr wiem\mutation-test-pipeline\target-repos\172187\home\pom.xml, line 26, column 15
[WARNING] 'build.plugins.plugin.version' for org.apache.maven.plugins:maven-surefire-plugin is missing. @ by.bsu:onewire:1.0-SNAPSHOT, D:\Khedma\Mr wiem\mutation-test-pipeline\target-repos\172187\home\pom.xml, line 41, column 15
[WARNING] 'build.plugins.plugin.version' for org.apache.maven.plugins:maven-resources-plugin is missing. @ by.bsu:onewire:1.0-SNAPSHOT, D:\Khedma\Mr wiem\mutation-test-pipeline\target-repos\172187\home\pom.xml, line 50, column 15
[WARNING] 'build.plugins.plugin.version' for org.apache.maven.plugins:maven-eclipse-plugin is missing. @ by.bsu:onewire:1.0-SNAPSHOT, D:\Khedma\Mr wiem\mutation-test-pipeline\target-repos\172187\home\pom.xml, line 34, column 15
[WARNING] 
[WARNING] It is highly recommended to fix these problems because they threaten the stability of your build.
[WARNING] 
[WARNING] For this reason, future Maven versions might no longer support building such malformed projects.
[WARNING] 
[INFO] 
[INFO] -----------------------< by.bsu.onewire:common >------------------------
[INFO] Building common 1.0-SNAPSHOT
[INFO]   from pom.xml
[INFO] --------------------------------[ jar ]---------------------------------
Downloading from central: https://repo1.maven.org/maven2/org/apache/maven/plugins/maven-eclipse-plugin/maven-metadata.xml
Progress (1): 741 B
                   
Downloaded from central: https://repo1.maven.org/maven2/org/apache/maven/plugins/maven-eclipse-plugin/maven-metadata.xml (741 B at 2.1 kB/s)
Downloading from central: https://repo1.maven.org/maven2/org/apache/maven/plugins/maven-eclipse-plugin/2.10/maven-eclipse-plugin-2.10.pom
Progress (1): 737 B
Progress (1): 1.6 kB
Progress (1): 4.8 kB
Progress (1): 9.2 kB
Progress (1): 11 kB 
Progress (1): 14 kB
Progress (1): 17 kB
Progress (1): 19 kB
                   
Downloaded from central: https://repo1.maven.org/maven2/org/apache/maven/plugins/maven-eclipse-plugin/2.10/maven-eclipse-plugin-2.10.pom (19 kB at 322 kB/s)
Downloading from central: https://repo1.maven.org/maven2/org/apache/maven/plugins/maven-plugins/25/maven-plugins-25.pom
Progress (1): 753 B
Progress (1): 1.9 kB
Progress (1): 3.5 kB
Progress (1): 5.6 kB
Progress (1): 7.7 kB
Progress (1): 9.6 kB
                    
Downloaded from central: https://repo1.maven.org/maven2/org/apache/maven/plugins/maven-plugins/25/maven-plugins-25.pom (9.6 kB at 157 kB/s)
Downloading from central: https://repo1.maven.org/maven2/org/apache/maven/maven-parent/24/maven-parent-24.pom
Progress (1): 730 B
Progress (1): 1.6 kB
Progress (1): 4.3 kB
Progress (1): 8.8 kB
Progress (1): 12 kB 
Progress (1): 16 kB
Progress (1): 20 kB
Progress (1): 23 kB
Progress (1): 25 kB
Progress (1): 27 kB
Progress (1): 29 kB
Progress (1): 32 kB
Progress (1): 37 kB
                   
Downloaded from central: https://repo1.maven.org/maven2/org/apache/maven/maven-parent/24/maven-parent-24.pom (37 kB at 605 kB/s)
Downloading from central: https://repo1.maven.org/maven2/org/apache/apache/14/apache-14.pom
Progress (1): 745 B
Progress (1): 1.6 kB
Progress (1): 3.3 kB
Progress (1): 6.9 kB
Progress (1): 9.9 kB
Progress (1): 13 kB 
Progress (1): 15 kB
                   
Downloaded from central: https://repo1.maven.org/maven2/org/apache/apache/14/apache-14.pom (15 kB at 253 kB/s)
Downloading from central: https://repo1.maven.org/maven2/org/apache/maven/plugins/maven-eclipse-plugin/2.10/maven-eclipse-plugin-2.10.jar
Progress (1): 0.9/224 kB
Progress (1): 2.3/224 kB
Progress (1): 3.4/224 kB
Progress (1): 4.8/224 kB
Progress (1): 6.1/224 kB
Progress (1): 7.5/224 kB
Progress (1): 8.9/224 kB
Progress (1): 10/224 kB 
Progress (1): 12/224 kB
Progress (1): 13/224 kB
Progress (1): 14/224 kB
Progress (1): 16/224 kB
Progress (1): 17/224 kB
Progress (1): 18/224 kB
Progress (1): 20/224 kB
Progress (1): 21/224 kB
Progress (1): 23/224 kB
Progress (1): 24/224 kB
Progress (1): 25/224 kB
Progress (1): 27/224 kB
Progress (1): 28/224 kB
Progress (1): 29/224 kB
Progress (1): 31/224 kB
Progress (1): 35/224 kB
Progress (1): 39/224 kB
Progress (1): 43/224 kB
Progress (1): 48/224 kB
Progress (1): 52/224 kB
Progress (1): 56/224 kB
Progress (1): 60/224 kB
Progress (1): 65/224 kB
Progress (1): 66/224 kB
Progress (1): 70/224 kB
Progress (1): 74/224 kB
Progress (1): 78/224 kB
Progress (1): 82/224 kB
Progress (1): 86/224 kB
Progress (1): 90/224 kB
Progress (1): 95/224 kB
Progress (1): 98/224 kB
Progress (1): 103/224 kB
Progress (1): 107/224 kB
Progress (1): 111/224 kB
Progress (1): 115/224 kB
Progress (1): 119/224 kB
Progress (1): 123/224 kB
Progress (1): 127/224 kB
Progress (1): 131/224 kB
Progress (1): 135/224 kB
Progress (1): 140/224 kB
Progress (1): 144/224 kB
Progress (1): 147/224 kB
Progress (1): 152/224 kB
Progress (1): 156/224 kB
Progress (1): 160/224 kB
Progress (1): 164/224 kB
Progress (1): 169/224 kB
Progress (1): 173/224 kB
Progress (1): 177/224 kB
Progress (1): 180/224 kB
Progress (1): 184/224 kB
Progress (1): 188/224 kB
Progress (1): 193/224 kB
Progress (1): 209/224 kB
Progress (1): 221/224 kB
Progress (1): 224 kB    
                    
Downloaded from central: https://repo1.maven.org/maven2/org/apache/maven/plugins/maven-eclipse-plugin/2.10/maven-eclipse-plugin-2.10.jar (224 kB at 2.4 MB/s)
Downloading from central: https://repo1.maven.org/maven2/org/apache/maven/plugins/maven-compiler-plugin/3.13.0/maven-compiler-plugin-3.13.0.pom
Progress (1): 762 B
Progress (1): 2.2 kB
Progress (1): 5.0 kB
Progress (1): 8.5 kB
Progress (1): 10 kB 
                   
Downloaded from central: https://repo1.maven.org/maven2/org/apache/maven/plugins/maven-compiler-plugin/3.13.0/maven-compiler-plugin-3.13.0.pom (10 kB at 183 kB/s)
Downloading from central: https://repo1.maven.org/maven2/org/apache/maven/plugins/maven-plugins/41/maven-plugins-41.pom
Progress (1): 773 B
Progress (1): 2.4 kB
Progress (1): 4.9 kB
Progress (1): 7.4 kB
                    
Downloaded from central: https://repo1.maven.org/maven2/org/apache/maven/plugins/maven-plugins/41/maven-plugins-41.pom (7.4 kB at 141 kB/s)
Downloading from central: https://repo1.maven.org/maven2/org/apache/maven/plugins/maven-compiler-plugin/3.13.0/maven-compiler-plugin-3.13.0.jar
Progress (1): 7.7/83 kB
Progress (1): 8.2/83 kB
Progress (1): 25/83 kB 
Progress (1): 41/83 kB
Progress (1): 57/83 kB
Progress (1): 74/83 kB
Progress (1): 83 kB   
                   
Downloaded from central: https://repo1.maven.org/maven2/org/apache/maven/plugins/maven-compiler-plugin/3.13.0/maven-compiler-plugin-3.13.0.jar (83 kB at 1.5 MB/s)
[WARNING] The POM for com.dalsemi.onewire:owapi:jar:1.10 is missing, no dependency information available
[INFO] 
[INFO] --- resources:3.3.1:resources (default-resources) @ common ---
[INFO] Copying 10 resources from src\main\java to target\classes
[INFO] 
[INFO] --- compiler:3.13.0:compile (default-compile) @ common ---
Downloading from central: https://repo1.maven.org/maven2/org/apache/maven/shared/maven-shared-utils/3.4.2/maven-shared-utils-3.4.2.pom
Progress (1): 793 B
Progress (1): 2.3 kB
Progress (1): 4.3 kB
Progress (1): 5.9 kB
                    
Downloaded from central: https://repo1.maven.org/maven2/org/apache/maven/shared/maven-shared-utils/3.4.2/maven-shared-utils-3.4.2.pom (5.9 kB at 98 kB/s)
Downloading from central: https://repo1.maven.org/maven2/org/apache/maven/shared/maven-shared-incremental/1.1/maven-shared-incremental-1.1.pom
Progress (1): 806 B
Progress (1): 2.3 kB
Progress (1): 4.7 kB
                    
Downloaded from central: https://repo1.maven.org/maven2/org/apache/maven/shared/maven-shared-incremental/1.1/maven-shared-incremental-1.1.pom (4.7 kB at 88 kB/s)
Downloading from central: https://repo1.maven.org/maven2/org/apache/maven/shared/maven-shared-components/19/maven-shared-components-19.pom
Progress (1): 773 B
Progress (1): 2.4 kB
Progress (1): 4.2 kB
Progress (1): 6.4 kB
                    
Downloaded from central: https://repo1.maven.org/maven2/org/apache/maven/shared/maven-shared-components/19/maven-shared-components-19.pom (6.4 kB at 95 kB/s)
Downloading from central: https://repo1.maven.org/maven2/org/apache/maven/maven-parent/23/maven-parent-23.pom
Progress (1): 726 B
Progress (1): 2.0 kB
Progress (1): 5.9 kB
Progress (1): 10 kB 
Progress (1): 15 kB
Progress (1): 19 kB
Progress (1): 22 kB
Progress (1): 25 kB
Progress (1): 27 kB
Progress (1): 31 kB
Progress (1): 33 kB
                   
Downloaded from central: https://repo1.maven.org/maven2/org/apache/maven/maven-parent/23/maven-parent-23.pom (33 kB at 501 kB/s)
Downloading from central: https://repo1.maven.org/maven2/org/codehaus/plexus/plexus-java/1.2.0/plexus-java-1.2.0.pom
Progress (1): 1.9 kB
Progress (1): 4.3 kB
                    
Downloaded from central: https://repo1.maven.org/maven2/org/codehaus/plexus/plexus-java/1.2.0/plexus-java-1.2.0.pom (4.3 kB at 66 kB/s)
Downloading from central: https://repo1.maven.org/maven2/org/codehaus/plexus/plexus-languages/1.2.0/plexus-languages-1.2.0.pom
Progress (1): 1.3 kB
Progress (1): 3.2 kB
                    
Downloaded from central: https://repo1.maven.org/maven2/org/codehaus/plexus/plexus-languages/1.2.0/plexus-languages-1.2.0.pom (3.2 kB at 54 kB/s)
Downloading from central: https://repo1.maven.org/maven2/org/codehaus/plexus/plexus/15/plexus-15.pom
Progress (1): 692 B
Progress (1): 2.7 kB
Progress (1): 6.4 kB
Progress (1): 8.9 kB
Progress (1): 11 kB 
Progress (1): 14 kB
Progress (1): 18 kB
Progress (1): 21 kB
Progress (1): 25 kB
Progress (1): 28 kB
                   
Downloaded from central: https://repo1.maven.org/maven2/org/codehaus/plexus/plexus/15/plexus-15.pom (28 kB at 441 kB/s)
Downloading from central: https://repo1.maven.org/maven2/org/junit/junit-bom/5.10.0/junit-bom-5.10.0.pom
Progress (1): 913 B
Progress (1): 4.1 kB
Progress (1): 5.6 kB
                    
Downloaded from central: https://repo1.maven.org/maven2/org/junit/junit-bom/5.10.0/junit-bom-5.10.0.pom (5.6 kB at 73 kB/s)
Downloading from central: https://repo1.maven.org/maven2/org/codehaus/plexus/plexus-compiler-api/2.15.0/plexus-compiler-api-2.15.0.pom
Progress (1): 1.4 kB
                    
Downloaded from central: https://repo1.maven.org/maven2/org/codehaus/plexus/plexus-compiler-api/2.15.0/plexus-compiler-api-2.15.0.pom (1.4 kB at 29 kB/s)
Downloading from central: https://repo1.maven.org/maven2/org/codehaus/plexus/plexus-compiler/2.15.0/plexus-compiler-2.15.0.pom
Progress (1): 1.2 kB
Progress (1): 4.5 kB
Progress (1): 7.6 kB
Progress (1): 7.6 kB
                    
Downloaded from central: https://repo1.maven.org/maven2/org/codehaus/plexus/plexus-compiler/2.15.0/plexus-compiler-2.15.0.pom (7.6 kB at 92 kB/s)
Downloading from central: https://repo1.maven.org/maven2/org/codehaus/plexus/plexus-utils/4.0.0/plexus-utils-4.0.0.pom
Progress (1): 724 B
Progress (1): 2.3 kB
Progress (1): 4.5 kB
Progress (1): 8.7 kB
                    
Downloaded from central: https://repo1.maven.org/maven2/org/codehaus/plexus/plexus-utils/4.0.0/plexus-utils-4.0.0.pom (8.7 kB at 142 kB/s)
Downloading from central: https://repo1.maven.org/maven2/org/codehaus/plexus/plexus-compiler-manager/2.15.0/plexus-compiler-manager-2.15.0.pom
Progress (1): 1.3 kB
                    
Downloaded from central: https://repo1.maven.org/maven2/org/codehaus/plexus/plexus-compiler-manager/2.15.0/plexus-compiler-manager-2.15.0.pom (1.3 kB at 25 kB/s)
Downloading from central: https://repo1.maven.org/maven2/org/codehaus/plexus/plexus-compiler-javac/2.15.0/plexus-compiler-javac-2.15.0.pom
Progress (1): 1.3 kB
                    
Downloaded from central: https://repo1.maven.org/maven2/org/codehaus/plexus/plexus-compiler-javac/2.15.0/plexus-compiler-javac-2.15.0.pom (1.3 kB at 23 kB/s)
Downloading from central: https://repo1.maven.org/maven2/org/codehaus/plexus/plexus-compilers/2.15.0/plexus-compilers-2.15.0.pom
Progress (1): 1.6 kB
Progress (1): 1.6 kB
                    
Downloaded from central: https://repo1.maven.org/maven2/org/codehaus/plexus/plexus-compilers/2.15.0/plexus-compilers-2.15.0.pom (1.6 kB at 29 kB/s)
Downloading from central: https://repo1.maven.org/maven2/org/apache/maven/shared/maven-shared-utils/3.4.2/maven-shared-utils-3.4.2.jar
Downloading from central: https://repo1.maven.org/maven2/org/apache/maven/shared/maven-shared-incremental/1.1/maven-shared-incremental-1.1.jar
Downloading from central: https://repo1.maven.org/maven2/org/codehaus/plexus/plexus-java/1.2.0/plexus-java-1.2.0.jar
Downloading from central: https://repo1.maven.org/maven2/org/codehaus/plexus/plexus-compiler-api/2.15.0/plexus-compiler-api-2.15.0.jar
Downloading from central: https://repo1.maven.org/maven2/org/codehaus/plexus/plexus-compiler-manager/2.15.0/plexus-compiler-manager-2.15.0.jar
Progress (1): 7.7/151 kB
Progress (1): 16/151 kB 
Progress (1): 32/151 kB
Progress (1): 49/151 kB
Progress (1): 65/151 kB
Progress (1): 81/151 kB
Progress (1): 98/151 kB
Progress (1): 114/151 kB
Progress (1): 131/151 kB
Progress (1): 147/151 kB
Progress (1): 151 kB    
                    
Downloaded from central: https://repo1.maven.org/maven2/org/apache/maven/shared/maven-shared-utils/3.4.2/maven-shared-utils-3.4.2.jar (151 kB at 2.9 MB/s)
Downloading from central: https://repo1.maven.org/maven2/org/codehaus/plexus/plexus-compiler-javac/2.15.0/plexus-compiler-javac-2.15.0.jar
Progress (1): 0.9/14 kB
Progress (1): 2.3/14 kB
Progress (1): 3.6/14 kB
Progress (1): 5.0/14 kB
Progress (1): 6.4/14 kB
Progress (1): 7.7/14 kB
Progress (1): 9.1/14 kB
Progress (1): 10/14 kB 
Progress (1): 12/14 kB
Progress (1): 12/14 kB
Progress (1): 14 kB   
Progress (2): 14 kB | 1.4/29 kB
Progress (3): 14 kB | 1.4/29 kB | 7.7/26 kB
Progress (3): 14 kB | 2.7/29 kB | 7.7/26 kB
Progress (3): 14 kB | 4.1/29 kB | 7.7/26 kB
Progress (3): 14 kB | 5.5/29 kB | 7.7/26 kB
Progress (3): 14 kB | 6.8/29 kB | 7.7/26 kB
Progress (3): 14 kB | 6.8/29 kB | 16/26 kB 
Progress (3): 14 kB | 8.2/29 kB | 16/26 kB
Progress (3): 14 kB | 8.2/29 kB | 25/26 kB
Progress (3): 14 kB | 9.6/29 kB | 25/26 kB
Progress (3): 14 kB | 9.6/29 kB | 26 kB   
Progress (3): 14 kB | 11/29 kB | 26 kB 
Progress (3): 14 kB | 12/29 kB | 26 kB
Progress (3): 14 kB | 14/29 kB | 26 kB
Progress (3): 14 kB | 15/29 kB | 26 kB
Progress (3): 14 kB | 16/29 kB | 26 kB
Progress (3): 14 kB | 18/29 kB | 26 kB
Progress (3): 14 kB | 19/29 kB | 26 kB
Progress (3): 14 kB | 21/29 kB | 26 kB
Progress (3): 14 kB | 22/29 kB | 26 kB
Progress (3): 14 kB | 23/29 kB | 26 kB
Progress (3): 14 kB | 25/29 kB | 26 kB
Progress (3): 14 kB | 26/29 kB | 26 kB
Progress (3): 14 kB | 27/29 kB | 26 kB
Progress (3): 14 kB | 29/29 kB | 26 kB
Progress (3): 14 kB | 29 kB | 26 kB   
Progress (4): 14 kB | 29 kB | 26 kB | 0.9/5.2 kB
Progress (5): 14 kB | 29 kB | 26 kB | 0.9/5.2 kB | 0.9/58 kB
Progress (5): 14 kB | 29 kB | 26 kB | 2.3/5.2 kB | 0.9/58 kB
Progress (5): 14 kB | 29 kB | 26 kB | 2.3/5.2 kB | 2.3/58 kB
Progress (5): 14 kB | 29 kB | 26 kB | 3.6/5.2 kB | 2.3/58 kB
Progress (5): 14 kB | 29 kB | 26 kB | 3.6/5.2 kB | 3.6/58 kB
Progress (5): 14 kB | 29 kB | 26 kB | 5.0/5.2 kB | 3.6/58 kB
Progress (5): 14 kB | 29 kB | 26 kB | 5.2 kB | 3.6/58 kB    
                                                        
Downloaded from central: https://repo1.maven.org/maven2/org/apache/maven/shared/maven-shared-incremental/1.1/maven-shared-incremental-1.1.jar (14 kB at 124 kB/s)
Downloading from central: https://repo1.maven.org/maven2/org/codehaus/plexus/plexus-utils/4.0.0/plexus-utils-4.0.0.jar
Progress (4): 29 kB | 26 kB | 5.2 kB | 5.0/58 kB
Progress (4): 29 kB | 26 kB | 5.2 kB | 6.4/58 kB
                                                
Downloaded from central: https://repo1.maven.org/maven2/org/codehaus/plexus/plexus-compiler-javac/2.15.0/plexus-compiler-javac-2.15.0.jar (26 kB at 234 kB/s)
Progress (3): 29 kB | 5.2 kB | 7.7/58 kB
Progress (3): 29 kB | 5.2 kB | 9.1/58 kB
Progress (3): 29 kB | 5.2 kB | 10/58 kB 
Progress (3): 29 kB | 5.2 kB | 12/58 kB
Progress (3): 29 kB | 5.2 kB | 13/58 kB
Progress (3): 29 kB | 5.2 kB | 15/58 kB
Progress (3): 29 kB | 5.2 kB | 16/58 kB
                                       
Downloaded from central: https://repo1.maven.org/maven2/org/codehaus/plexus/plexus-compiler-api/2.15.0/plexus-compiler-api-2.15.0.jar (29 kB at 251 kB/s)
Progress (2): 5.2 kB | 17/58 kB
Progress (2): 5.2 kB | 19/58 kB
Progress (2): 5.2 kB | 20/58 kB
Progress (2): 5.2 kB | 21/58 kB
Progress (2): 5.2 kB | 23/58 kB
Progress (2): 5.2 kB | 24/58 kB
Progress (2): 5.2 kB | 25/58 kB
Progress (2): 5.2 kB | 26/58 kB
Progress (2): 5.2 kB | 27/58 kB
Progress (2): 5.2 kB | 29/58 kB
Progress (2): 5.2 kB | 30/58 kB
Progress (2): 5.2 kB | 31/58 kB
Progress (2): 5.2 kB | 33/58 kB
Progress (2): 5.2 kB | 34/58 kB
Progress (2): 5.2 kB | 36/58 kB
Progress (2): 5.2 kB | 37/58 kB
Progress (2): 5.2 kB | 38/58 kB
Progress (2): 5.2 kB | 40/58 kB
Progress (2): 5.2 kB | 41/58 kB
Progress (2): 5.2 kB | 42/58 kB
Progress (2): 5.2 kB | 44/58 kB
Progress (2): 5.2 kB | 45/58 kB
Progress (2): 5.2 kB | 46/58 kB
Progress (2): 5.2 kB | 48/58 kB
Progress (2): 5.2 kB | 49/58 kB
Progress (2): 5.2 kB | 51/58 kB
Progress (2): 5.2 kB | 52/58 kB
Progress (2): 5.2 kB | 53/58 kB
Progress (2): 5.2 kB | 55/58 kB
Progress (2): 5.2 kB | 58 kB   
                            
Downloaded from central: https://repo1.maven.org/maven2/org/codehaus/plexus/plexus-compiler-manager/2.15.0/plexus-compiler-manager-2.15.0.jar (5.2 kB at 43 kB/s)
Downloaded from central: https://repo1.maven.org/maven2/org/codehaus/plexus/plexus-java/1.2.0/plexus-java-1.2.0.jar (58 kB at 429 kB/s)
Progress (1): 0.9/192 kB
Progress (1): 2.3/192 kB
Progress (1): 3.6/192 kB
Progress (1): 5.0/192 kB
Progress (1): 6.4/192 kB
Progress (1): 7.7/192 kB
Progress (1): 9.1/192 kB
Progress (1): 10/192 kB 
Progress (1): 12/192 kB
Progress (1): 13/192 kB
Progress (1): 15/192 kB
Progress (1): 16/192 kB
Progress (1): 17/192 kB
Progress (1): 19/192 kB
Progress (1): 20/192 kB
Progress (1): 21/192 kB
Progress (1): 23/192 kB
Progress (1): 24/192 kB
Progress (1): 26/192 kB
Progress (1): 27/192 kB
Progress (1): 28/192 kB
Progress (1): 29/192 kB
Progress (1): 31/192 kB
Progress (1): 32/192 kB
Progress (1): 33/192 kB
Progress (1): 35/192 kB
Progress (1): 36/192 kB
Progress (1): 38/192 kB
Progress (1): 39/192 kB
Progress (1): 40/192 kB
Progress (1): 42/192 kB
Progress (1): 43/192 kB
Progress (1): 44/192 kB
Progress (1): 46/192 kB
Progress (1): 47/192 kB
Progress (1): 49/192 kB
Progress (1): 53/192 kB
Progress (1): 57/192 kB
Progress (1): 61/192 kB
Progress (1): 65/192 kB
Progress (1): 70/192 kB
Progress (1): 74/192 kB
Progress (1): 78/192 kB
Progress (1): 82/192 kB
Progress (1): 87/192 kB
Progress (1): 91/192 kB
Progress (1): 95/192 kB
Progress (1): 99/192 kB
Progress (1): 103/192 kB
Progress (1): 108/192 kB
Progress (1): 112/192 kB
Progress (1): 116/192 kB
Progress (1): 120/192 kB
Progress (1): 125/192 kB
Progress (1): 129/192 kB
Progress (1): 131/192 kB
Progress (1): 135/192 kB
Progress (1): 139/192 kB
Progress (1): 143/192 kB
Progress (1): 148/192 kB
Progress (1): 152/192 kB
Progress (1): 156/192 kB
Progress (1): 160/192 kB
Progress (1): 165/192 kB
Progress (1): 169/192 kB
Progress (1): 173/192 kB
Progress (1): 177/192 kB
Progress (1): 180/192 kB
Progress (1): 184/192 kB
Progress (1): 189/192 kB
Progress (1): 192 kB    
                    
Downloaded from central: https://repo1.maven.org/maven2/org/codehaus/plexus/plexus-utils/4.0.0/plexus-utils-4.0.0.jar (192 kB at 920 kB/s)
[INFO] Recompiling the module because of changed source code.
[WARNING] File encoding has not been set, using platform encoding windows-1252, i.e. build is platform dependent!
[INFO] Compiling 9 source files with javac [debug target 1.6] to target\classes
[INFO] -------------------------------------------------------------
[WARNING] COMPILATION WARNING : 
[INFO] -------------------------------------------------------------
[WARNING] bootstrap class path not set in conjunction with -source 6
[INFO] 1 warning
[INFO] -------------------------------------------------------------
[INFO] -------------------------------------------------------------
[ERROR] COMPILATION ERROR : 
[INFO] -------------------------------------------------------------
[ERROR] Source option 6 is no longer supported. Use 7 or later.
[ERROR] Target option 6 is no longer supported. Use 7 or later.
[INFO] 2 errors 
[INFO] -------------------------------------------------------------
[INFO] ------------------------------------------------------------------------
[INFO] BUILD FAILURE
[INFO] ------------------------------------------------------------------------
[INFO] Total time:  2.926 s
[INFO] Finished at: 2026-02-25T19:27:07-05:00
[INFO] ------------------------------------------------------------------------
[ERROR] Failed to execute goal org.apache.maven.plugins:maven-compiler-plugin:3.13.0:compile (default-compile) on project common: Compilation failure: Compilation failure: 
[ERROR] Source option 6 is no longer supported. Use 7 or later.
[ERROR] Target option 6 is no longer supported. Use 7 or later.
[ERROR] -> [Help 1]
[ERROR] 
[ERROR] To see the full stack trace of the errors, re-run Maven with the -e switch.
[ERROR] Re-run Maven using the -X switch to enable full debug logging.
[ERROR] 
[ERROR] For more information about the errors and possible solutions, please read the following articles:
[ERROR] [Help 1] http://cwiki.apache.org/confluence/display/MAVEN/MojoFailureException

STDERR:
