COMMAND: mvn.cmd -s D:\Khedma\Mr wiem\mutation-test-pipeline\.mvn\settings.xml -DskipTests compile

STDOUT:
[INFO] Scanning for projects...
[WARNING] 
[WARNING] Some problems were encountered while building the effective model for by.bsu.onewire:common:jar:1.0-SNAPSHOT
[WARNING] 'build.plugins.plugin.version' for org.apache.maven.plugins:maven-compiler-plugin is missing. @ by.bsu:onewire:1.0-SNAPSHOT, D:\Khedma\Mr wiem\mutation-test-pipeline\target-repos\172187\home\pom.xml, line 26, column 15
[WARNING] 'build.plugins.plugin.version' for org.apache.maven.plugins:maven-surefire-plugin is missing. @ by.bsu:onewire:1.0-SNAPSHOT, D:\Khedma\Mr wiem\mutation-test-pipeline\target-repos\172187\home\pom.xml, line 41, column 15
[WARNING] 'build.plugins.plugin.version' for org.apache.maven.plugins:maven-resources-plugin is missing. @ by.bsu:onewire:1.0-SNAPSHOT, D:\Khedma\Mr wiem\mutation-test-pipeline\target-repos\172187\home\pom.xml, line 50, column 15
[WARNING] 'build.plugins.plugin.version' for org.apache.maven.plugins:maven-eclipse-plugin is missing. @ by.bsu:onewire:1.0-SNAPSHOT, D:\Khedma\Mr wiem\mutation-test-pipeline\target-repos\172187\home\pom.xml, line 34, column 15
[WARNING] 
[WARNING] It is highly recommended to fix these problems because they threaten the stability of your build.
[WARNING] 
[WARNING] For this reason, future Maven versions might no longer support building such malformed projects.
[WARNING] 
[INFO] 
[INFO] -----------------------< by.bsu.onewire:common >------------------------
[INFO] Building common 1.0-SNAPSHOT
[INFO]   from pom.xml
[INFO] --------------------------------[ jar ]---------------------------------
[WARNING] The POM for com.dalsemi.onewire:owapi:jar:1.10 is missing, no dependency information available
[INFO] 
[INFO] --- resources:3.3.1:resources (default-resources) @ common ---
[INFO] Copying 10 resources from src\main\java to target\classes
[INFO] 
[INFO] --- compiler:3.13.0:compile (default-compile) @ common ---
[INFO] Nothing to compile - all classes are up to date.
[INFO] ------------------------------------------------------------------------
[INFO] BUILD SUCCESS
[INFO] ------------------------------------------------------------------------
[INFO] Total time:  0.490 s
[INFO] Finished at: 2026-02-25T14:07:31-05:00
[INFO] ------------------------------------------------------------------------

STDERR:
