COMMAND: mvn.cmd -s D:\Khedma\Mr wiem\mutation-test-pipeline\.mvn\settings.xml -DskipTests compile

STDOUT:
[INFO] Scanning for projects...
[INFO] 
[INFO] -------------< org.apache.maven.plugins:maven-ejb-plugin >--------------
[INFO] Building Apache Maven EJB Plugin 3.0.1-SNAPSHOT
[INFO]   from pom.xml
[INFO] ----------------------------[ maven-plugin ]----------------------------
Downloading from central: https://repo1.maven.org/maven2/org/apache/maven/plugins/maven-remote-resources-plugin/1.5/maven-remote-resources-plugin-1.5.pom
Progress (1): 755 B
Progress (1): 1.7 kB
Progress (1): 5.0 kB
Progress (1): 8.0 kB
Progress (1): 12 kB 
Progress (1): 13 kB
                   
Downloaded from central: https://repo1.maven.org/maven2/org/apache/maven/plugins/maven-remote-resources-plugin/1.5/maven-remote-resources-plugin-1.5.pom (13 kB at 47 kB/s)
Downloading from central: https://repo1.maven.org/maven2/org/apache/maven/plugins/maven-plugins/24/maven-plugins-24.pom
Progress (1): 752 B
Progress (1): 1.9 kB
Progress (1): 3.7 kB
Progress (1): 6.3 kB
Progress (1): 8.3 kB
Progress (1): 11 kB 
                   
Downloaded from central: https://repo1.maven.org/maven2/org/apache/maven/plugins/maven-plugins/24/maven-plugins-24.pom (11 kB at 174 kB/s)
Downloading from central: https://repo1.maven.org/maven2/org/apache/maven/plugins/maven-remote-resources-plugin/1.5/maven-remote-resources-plugin-1.5.jar
Progress (1): 0.9/69 kB
Progress (1): 2.3/69 kB
Progress (1): 3.7/69 kB
Progress (1): 5.0/69 kB
Progress (1): 6.4/69 kB
Progress (1): 7.8/69 kB
Progress (1): 9.1/69 kB
Progress (1): 11/69 kB 
Progress (1): 12/69 kB
Progress (1): 13/69 kB
Progress (1): 14/69 kB
Progress (1): 16/69 kB
Progress (1): 17/69 kB
Progress (1): 18/69 kB
Progress (1): 20/69 kB
Progress (1): 21/69 kB
Progress (1): 23/69 kB
Progress (1): 24/69 kB
Progress (1): 25/69 kB
Progress (1): 27/69 kB
Progress (1): 28/69 kB
Progress (1): 29/69 kB
Progress (1): 31/69 kB
Progress (1): 32/69 kB
Progress (1): 33/69 kB
Progress (1): 35/69 kB
Progress (1): 36/69 kB
Progress (1): 38/69 kB
Progress (1): 39/69 kB
Progress (1): 40/69 kB
Progress (1): 42/69 kB
Progress (1): 43/69 kB
Progress (1): 44/69 kB
Progress (1): 49/69 kB
Progress (1): 53/69 kB
Progress (1): 57/69 kB
Progress (1): 61/69 kB
Progress (1): 66/69 kB
Progress (1): 69 kB   
                   
Downloaded from central: https://repo1.maven.org/maven2/org/apache/maven/plugins/maven-remote-resources-plugin/1.5/maven-remote-resources-plugin-1.5.jar (69 kB at 746 kB/s)
Downloading from central: https://repo1.maven.org/maven2/org/apache/maven/plugins/maven-site-plugin/3.5.1/maven-site-plugin-3.5.1.pom
Progress (1): 1.0 kB
Progress (1): 3.9 kB
Progress (1): 6.7 kB
Progress (1): 11 kB 
Progress (1): 17 kB
Progress (1): 18 kB
                   
Downloaded from central: https://repo1.maven.org/maven2/org/apache/maven/plugins/maven-site-plugin/3.5.1/maven-site-plugin-3.5.1.pom (18 kB at 320 kB/s)
Downloading from central: https://repo1.maven.org/maven2/org/apache/maven/plugins/maven-plugins/28/maven-plugins-28.pom
Progress (1): 755 B
Progress (1): 2.3 kB
Progress (1): 4.2 kB
Progress (1): 7.0 kB
Progress (1): 10 kB 
Progress (1): 12 kB
                   
Downloaded from central: https://repo1.maven.org/maven2/org/apache/maven/plugins/maven-plugins/28/maven-plugins-28.pom (12 kB at 131 kB/s)
Downloading from central: https://repo1.maven.org/maven2/org/apache/maven/maven-parent/27/maven-parent-27.pom
Progress (1): 730 B
Progress (1): 2.0 kB
Progress (1): 5.9 kB
Progress (1): 10 kB 
Progress (1): 15 kB
Progress (1): 19 kB
Progress (1): 23 kB
Progress (1): 23 kB
Progress (1): 25 kB
Progress (1): 29 kB
Progress (1): 32 kB
Progress (1): 34 kB
Progress (1): 39 kB
Progress (1): 41 kB
                   
Downloaded from central: https://repo1.maven.org/maven2/org/apache/maven/maven-parent/27/maven-parent-27.pom (41 kB at 529 kB/s)
Downloading from central: https://repo1.maven.org/maven2/org/apache/apache/17/apache-17.pom
Progress (1): 749 B
Progress (1): 2.1 kB
Progress (1): 3.9 kB
Progress (1): 8.1 kB
Progress (1): 12 kB 
Progress (1): 15 kB
Progress (1): 16 kB
                   
Downloaded from central: https://repo1.maven.org/maven2/org/apache/apache/17/apache-17.pom (16 kB at 272 kB/s)
Downloading from central: https://repo1.maven.org/maven2/org/apache/maven/plugins/maven-site-plugin/3.5.1/maven-site-plugin-3.5.1.jar
Progress (1): 3.8/132 kB
Progress (1): 8.0/132 kB
Progress (1): 12/132 kB 
Progress (1): 12/132 kB
Progress (1): 17/132 kB
Progress (1): 21/132 kB
Progress (1): 25/132 kB
Progress (1): 29/132 kB
Progress (1): 33/132 kB
Progress (1): 38/132 kB
Progress (1): 42/132 kB
Progress (1): 46/132 kB
Progress (1): 50/132 kB
Progress (1): 55/132 kB
Progress (1): 59/132 kB
Progress (1): 63/132 kB
Progress (1): 67/132 kB
Progress (1): 71/132 kB
Progress (1): 76/132 kB
Progress (1): 80/132 kB
Progress (1): 84/132 kB
Progress (1): 88/132 kB
Progress (1): 93/132 kB
Progress (1): 97/132 kB
Progress (1): 101/132 kB
Progress (1): 105/132 kB
Progress (1): 122/132 kB
Progress (1): 127/132 kB
Progress (1): 132 kB    
                    
Downloaded from central: https://repo1.maven.org/maven2/org/apache/maven/plugins/maven-site-plugin/3.5.1/maven-site-plugin-3.5.1.jar (132 kB at 2.2 MB/s)
Downloading from central: https://repo1.maven.org/maven2/org/apache/maven/plugins/maven-checkstyle-plugin/2.15/maven-checkstyle-plugin-2.15.pom
Progress (1): 753 B
Progress (1): 2.2 kB
Progress (1): 5.5 kB
Progress (1): 9.1 kB
Progress (1): 12 kB 
Progress (1): 14 kB
                   
Downloaded from central: https://repo1.maven.org/maven2/org/apache/maven/plugins/maven-checkstyle-plugin/2.15/maven-checkstyle-plugin-2.15.pom (14 kB at 151 kB/s)
Downloading from central: https://repo1.maven.org/maven2/org/apache/maven/plugins/maven-checkstyle-plugin/2.15/maven-checkstyle-plugin-2.15.jar
Progress (1): 7.7/111 kB
Progress (1): 16/111 kB 
Progress (1): 32/111 kB
Progress (1): 48/111 kB
Progress (1): 65/111 kB
Progress (1): 66/111 kB
Progress (1): 82/111 kB
Progress (1): 98/111 kB
Progress (1): 111 kB   
                    
Downloaded from central: https://repo1.maven.org/maven2/org/apache/maven/plugins/maven-checkstyle-plugin/2.15/maven-checkstyle-plugin-2.15.jar (111 kB at 1.4 MB/s)
Downloading from central: https://repo1.maven.org/maven2/org/apache/maven/plugins/maven-plugin-plugin/3.4/maven-plugin-plugin-3.4.pom
Progress (1): 842 B
Progress (1): 2.6 kB
Progress (1): 6.4 kB
Progress (1): 8.7 kB
Progress (1): 12 kB 
Progress (1): 14 kB
                   
Downloaded from central: https://repo1.maven.org/maven2/org/apache/maven/plugins/maven-plugin-plugin/3.4/maven-plugin-plugin-3.4.pom (14 kB at 152 kB/s)
Downloading from central: https://repo1.maven.org/maven2/org/apache/maven/plugin-tools/maven-plugin-tools/3.4/maven-plugin-tools-3.4.pom
Progress (1): 797 B
Progress (1): 2.3 kB
Progress (1): 5.4 kB
Progress (1): 9.7 kB
Progress (1): 14 kB 
                   
Downloaded from central: https://repo1.maven.org/maven2/org/apache/maven/plugin-tools/maven-plugin-tools/3.4/maven-plugin-tools-3.4.pom (14 kB at 186 kB/s)
Downloading from central: https://repo1.maven.org/maven2/org/apache/maven/plugins/maven-plugin-plugin/3.4/maven-plugin-plugin-3.4.jar
Progress (1): 7.8/50 kB
Progress (1): 16/50 kB 
Progress (1): 32/50 kB
Progress (1): 49/50 kB
Progress (1): 50 kB   
                   
Downloaded from central: https://repo1.maven.org/maven2/org/apache/maven/plugins/maven-plugin-plugin/3.4/maven-plugin-plugin-3.4.jar (50 kB at 594 kB/s)
Downloading from central: https://repo1.maven.org/maven2/org/apache/rat/apache-rat-plugin/0.11/apache-rat-plugin-0.11.pom
Progress (1): 782 B
Progress (1): 2.3 kB
Progress (1): 4.9 kB
Progress (1): 9.3 kB
Progress (1): 9.4 kB
                    
Downloaded from central: https://repo1.maven.org/maven2/org/apache/rat/apache-rat-plugin/0.11/apache-rat-plugin-0.11.pom (9.4 kB at 116 kB/s)
Downloading from central: https://repo1.maven.org/maven2/org/apache/rat/apache-rat-project/0.11/apache-rat-project-0.11.pom
Progress (1): 752 B
Progress (1): 1.9 kB
Progress (1): 3.3 kB
Progress (1): 6.7 kB
Progress (1): 11 kB 
Progress (1): 13 kB
Progress (1): 15 kB
Progress (1): 19 kB
Progress (1): 21 kB
                   
Downloaded from central: https://repo1.maven.org/maven2/org/apache/rat/apache-rat-project/0.11/apache-rat-project-0.11.pom (21 kB at 247 kB/s)
Downloading from central: https://repo1.maven.org/maven2/org/apache/rat/apache-rat-plugin/0.11/apache-rat-plugin-0.11.jar
Progress (1): 7.7/44 kB
Progress (1): 16/44 kB 
Progress (1): 29/44 kB
Progress (1): 44 kB   
                   
Downloaded from central: https://repo1.maven.org/maven2/org/apache/rat/apache-rat-plugin/0.11/apache-rat-plugin-0.11.jar (44 kB at 641 kB/s)
[WARNING] Parameter 'useJava5' is unknown for plugin 'maven-plugin-plugin:3.4:helpmojo (generate-helpmojo)'
Downloading from central: https://repo1.maven.org/maven2/org/apache/maven/plugins/maven-resources-plugin/2.7/maven-resources-plugin-2.7.pom
Progress (1): 772 B
Progress (1): 2.1 kB
Progress (1): 5.5 kB
Progress (1): 7.7 kB
                    
Downloaded from central: https://repo1.maven.org/maven2/org/apache/maven/plugins/maven-resources-plugin/2.7/maven-resources-plugin-2.7.pom (7.7 kB at 103 kB/s)
Downloading from central: https://repo1.maven.org/maven2/org/apache/maven/plugins/maven-resources-plugin/2.7/maven-resources-plugin-2.7.jar
Progress (1): 7.8/31 kB
Progress (1): 16/31 kB 
Progress (1): 31 kB   
                   
Downloaded from central: https://repo1.maven.org/maven2/org/apache/maven/plugins/maven-resources-plugin/2.7/maven-resources-plugin-2.7.jar (31 kB at 414 kB/s)
Downloading from central: https://repo1.maven.org/maven2/org/apache/maven/plugins/maven-compiler-plugin/3.5.1/maven-compiler-plugin-3.5.1.pom
Progress (1): 758 B
Progress (1): 2.2 kB
Progress (1): 5.8 kB
Progress (1): 8.4 kB
Progress (1): 10 kB 
                   
Downloaded from central: https://repo1.maven.org/maven2/org/apache/maven/plugins/maven-compiler-plugin/3.5.1/maven-compiler-plugin-3.5.1.pom (10 kB at 122 kB/s)
Downloading from central: https://repo1.maven.org/maven2/org/apache/maven/plugins/maven-compiler-plugin/3.5.1/maven-compiler-plugin-3.5.1.jar
Progress (1): 7.5/50 kB
Progress (1): 24/50 kB 
Progress (1): 40/50 kB
Progress (1): 50 kB   
                   
Downloaded from central: https://repo1.maven.org/maven2/org/apache/maven/plugins/maven-compiler-plugin/3.5.1/maven-compiler-plugin-3.5.1.jar (50 kB at 1.1 MB/s)
Downloading from central: https://repo1.maven.org/maven2/org/apache/maven/maven-archiver/3.2.0/maven-archiver-3.2.0.pom
Progress (1): 799 B
Progress (1): 2.3 kB
Progress (1): 4.3 kB
                    
Downloaded from central: https://repo1.maven.org/maven2/org/apache/maven/maven-archiver/3.2.0/maven-archiver-3.2.0.pom (4.3 kB at 84 kB/s)
Downloading from central: https://repo1.maven.org/maven2/org/apache/maven/shared/maven-shared-utils/3.2.0/maven-shared-utils-3.2.0.pom
Progress (1): 802 B
Progress (1): 2.3 kB
Progress (1): 4.6 kB
Progress (1): 4.9 kB
                    
Downloaded from central: https://repo1.maven.org/maven2/org/apache/maven/shared/maven-shared-utils/3.2.0/maven-shared-utils-3.2.0.pom (4.9 kB at 83 kB/s)
Downloading from central: https://repo1.maven.org/maven2/org/codehaus/plexus/plexus-archiver/3.5/plexus-archiver-3.5.pom
Progress (1): 1.3 kB
Progress (1): 3.8 kB
Progress (1): 4.8 kB
                    
Downloaded from central: https://repo1.maven.org/maven2/org/codehaus/plexus/plexus-archiver/3.5/plexus-archiver-3.5.pom (4.8 kB at 84 kB/s)
Downloading from central: https://repo1.maven.org/maven2/org/codehaus/plexus/plexus/5.0/plexus-5.0.pom
Progress (1): 702 B
Progress (1): 2.7 kB
Progress (1): 6.5 kB
Progress (1): 9.1 kB
Progress (1): 12 kB 
Progress (1): 16 kB
Progress (1): 20 kB
Progress (1): 21 kB
                   
Downloaded from central: https://repo1.maven.org/maven2/org/codehaus/plexus/plexus/5.0/plexus-5.0.pom (21 kB at 257 kB/s)
Downloading from central: https://repo1.maven.org/maven2/org/codehaus/plexus/plexus-io/3.0.0/plexus-io-3.0.0.pom
Progress (1): 1.4 kB
Progress (1): 4.4 kB
Progress (1): 4.5 kB
                    
Downloaded from central: https://repo1.maven.org/maven2/org/codehaus/plexus/plexus-io/3.0.0/plexus-io-3.0.0.pom (4.5 kB at 77 kB/s)
Downloading from central: https://repo1.maven.org/maven2/org/apache/commons/commons-compress/1.14/commons-compress-1.14.pom
Progress (1): 771 B
Progress (1): 2.0 kB
Progress (1): 4.1 kB
Progress (1): 6.4 kB
Progress (1): 9.2 kB
Progress (1): 12 kB 
Progress (1): 13 kB
                   
Downloaded from central: https://repo1.maven.org/maven2/org/apache/commons/commons-compress/1.14/commons-compress-1.14.pom (13 kB at 219 kB/s)
Downloading from central: https://repo1.maven.org/maven2/org/tukaani/xz/1.6/xz-1.6.pom
Progress (1): 1.1 kB
Progress (1): 1.9 kB
                    
Downloaded from central: https://repo1.maven.org/maven2/org/tukaani/xz/1.6/xz-1.6.pom (1.9 kB at 28 kB/s)
Downloading from central: https://repo1.maven.org/maven2/org/codehaus/plexus/plexus-interpolation/1.22/plexus-interpolation-1.22.pom
Progress (1): 1.3 kB
Progress (1): 1.5 kB
                    
Downloaded from central: https://repo1.maven.org/maven2/org/codehaus/plexus/plexus-interpolation/1.22/plexus-interpolation-1.22.pom (1.5 kB at 24 kB/s)
Downloading from central: https://repo1.maven.org/maven2/org/apache/maven/plugin-tools/maven-plugin-annotations/3.4/maven-plugin-annotations-3.4.pom
Progress (1): 872 B
Progress (1): 1.6 kB
                    
Downloaded from central: https://repo1.maven.org/maven2/org/apache/maven/plugin-tools/maven-plugin-annotations/3.4/maven-plugin-annotations-3.4.pom (1.6 kB at 22 kB/s)
Downloading from central: https://repo1.maven.org/maven2/org/apache/maven/shared/maven-filtering/3.1.1/maven-filtering-3.1.1.pom
Progress (1): 793 B
Progress (1): 2.3 kB
Progress (1): 5.0 kB
Progress (1): 5.7 kB
                    
Downloaded from central: https://repo1.maven.org/maven2/org/apache/maven/shared/maven-filtering/3.1.1/maven-filtering-3.1.1.pom (5.7 kB at 71 kB/s)
Downloading from central: https://repo1.maven.org/maven2/org/apache/maven/shared/maven-shared-utils/3.0.0/maven-shared-utils-3.0.0.pom
Progress (1): 802 B
Progress (1): 2.3 kB
Progress (1): 4.6 kB
Progress (1): 5.6 kB
                    
Downloaded from central: https://repo1.maven.org/maven2/org/apache/maven/shared/maven-shared-utils/3.0.0/maven-shared-utils-3.0.0.pom (5.6 kB at 89 kB/s)
[INFO] Artifact commons-io:commons-io:pom:2.4 is present in the local repository, but cached from a remote repository ID that is unavailable in current build context, verifying that is downloadable from [apache.snapshots (https://repository.apache.org/snapshots, default, snapshots), central (https://repo1.maven.org/maven2, default, releases), maven-default-http-blocker (http://0.0.0.0/, default, snapshots, blocked)]
[INFO] Artifact commons-io:commons-io:pom:2.4 is present in the local repository, but cached from a remote repository ID that is unavailable in current build context, verifying that is downloadable from [apache.snapshots (https://repository.apache.org/snapshots, default, snapshots), central (https://repo1.maven.org/maven2, default, releases), maven-default-http-blocker (http://0.0.0.0/, default, snapshots, blocked)]
Downloading from central: https://repo1.maven.org/maven2/commons-io/commons-io/2.4/commons-io-2.4.pom
Downloaded from central: https://repo1.maven.org/maven2/commons-io/commons-io/2.4/commons-io-2.4.pom (0 B at 0 B/s)
[INFO] Artifact org.apache.commons:commons-parent:pom:25 is present in the local repository, but cached from a remote repository ID that is unavailable in current build context, verifying that is downloadable from [apache.snapshots (https://repository.apache.org/snapshots, default, snapshots), central (https://repo1.maven.org/maven2, default, releases), maven-default-http-blocker (http://0.0.0.0/, default, snapshots, blocked)]
[INFO] Artifact org.apache.commons:commons-parent:pom:25 is present in the local repository, but cached from a remote repository ID that is unavailable in current build context, verifying that is downloadable from [apache.snapshots (https://repository.apache.org/snapshots, default, snapshots), central (https://repo1.maven.org/maven2, default, releases), maven-default-http-blocker (http://0.0.0.0/, default, snapshots, blocked)]
Downloading from central: https://repo1.maven.org/maven2/org/apache/commons/commons-parent/25/commons-parent-25.pom
Downloaded from central: https://repo1.maven.org/maven2/org/apache/commons/commons-parent/25/commons-parent-25.pom (0 B at 0 B/s)
Downloading from central: https://repo1.maven.org/maven2/com/google/code/findbugs/jsr305/2.0.1/jsr305-2.0.1.pom
Progress (1): 965 B
                   
Downloaded from central: https://repo1.maven.org/maven2/com/google/code/findbugs/jsr305/2.0.1/jsr305-2.0.1.pom (965 B at 17 kB/s)
Downloading from central: https://repo1.maven.org/maven2/org/codehaus/plexus/plexus-utils/3.1.0/plexus-utils-3.1.0.pom
Progress (1): 801 B
Progress (1): 2.4 kB
Progress (1): 4.7 kB
                    
Downloaded from central: https://repo1.maven.org/maven2/org/codehaus/plexus/plexus-utils/3.1.0/plexus-utils-3.1.0.pom (4.7 kB at 88 kB/s)
Downloading from central: https://repo1.maven.org/maven2/org/codehaus/plexus/plexus-interpolation/1.24/plexus-interpolation-1.24.pom
Progress (1): 1.4 kB
Progress (1): 2.6 kB
                    
Downloaded from central: https://repo1.maven.org/maven2/org/codehaus/plexus/plexus-interpolation/1.24/plexus-interpolation-1.24.pom (2.6 kB at 49 kB/s)
Downloading from central: https://repo1.maven.org/maven2/org/assertj/assertj-core/1.7.1/assertj-core-1.7.1.pom
Progress (1): 1.2 kB
Progress (1): 3.2 kB
Progress (1): 4.7 kB
                    
Downloaded from central: https://repo1.maven.org/maven2/org/assertj/assertj-core/1.7.1/assertj-core-1.7.1.pom (4.7 kB at 58 kB/s)
Downloading from central: https://repo1.maven.org/maven2/org/assertj/assertj-parent-pom/1.2.6/assertj-parent-pom-1.2.6.pom
Progress (1): 955 B
Progress (1): 3.0 kB
Progress (1): 6.8 kB
Progress (1): 10 kB 
Progress (1): 13 kB
                   
Downloaded from central: https://repo1.maven.org/maven2/org/assertj/assertj-parent-pom/1.2.6/assertj-parent-pom-1.2.6.pom (13 kB at 163 kB/s)
Downloading from central: https://repo1.maven.org/maven2/org/apache/maven/maven-compat/3.0/maven-compat-3.0.pom
Progress (1): 835 B
Progress (1): 3.7 kB
Progress (1): 4.0 kB
                    
Downloaded from central: https://repo1.maven.org/maven2/org/apache/maven/maven-compat/3.0/maven-compat-3.0.pom (4.0 kB at 77 kB/s)
Downloading from central: https://repo1.maven.org/maven2/org/apache/maven/plugin-testing/maven-plugin-testing-harness/2.1/maven-plugin-testing-harness-2.1.pom
Progress (1): 818 B
Progress (1): 3.1 kB
Progress (1): 3.2 kB
                    
Downloaded from central: https://repo1.maven.org/maven2/org/apache/maven/plugin-testing/maven-plugin-testing-harness/2.1/maven-plugin-testing-harness-2.1.pom (3.2 kB at 40 kB/s)
Downloading from central: https://repo1.maven.org/maven2/org/apache/maven/plugin-testing/maven-plugin-testing/2.1/maven-plugin-testing-2.1.pom
Progress (1): 759 B
Progress (1): 2.3 kB
Progress (1): 6.3 kB
Progress (1): 9.8 kB
Progress (1): 10 kB 
                   
Downloaded from central: https://repo1.maven.org/maven2/org/apache/maven/plugin-testing/maven-plugin-testing/2.1/maven-plugin-testing-2.1.pom (10 kB at 148 kB/s)
Downloading from central: https://repo1.maven.org/maven2/org/codehaus/plexus/plexus-utils/3.0.7/plexus-utils-3.0.7.pom
Progress (1): 829 B
Progress (1): 2.3 kB
Progress (1): 2.5 kB
                    
Downloaded from central: https://repo1.maven.org/maven2/org/codehaus/plexus/plexus-utils/3.0.7/plexus-utils-3.0.7.pom (2.5 kB at 50 kB/s)
Downloading from central: https://repo1.maven.org/maven2/org/apache/maven/maven-archiver/3.2.0/maven-archiver-3.2.0.jar
Downloading from central: https://repo1.maven.org/maven2/org/apache/maven/shared/maven-shared-utils/3.2.0/maven-shared-utils-3.2.0.jar
Downloading from central: https://repo1.maven.org/maven2/org/apache/maven/plugin-tools/maven-plugin-annotations/3.4/maven-plugin-annotations-3.4.jar
Downloading from central: https://repo1.maven.org/maven2/org/apache/maven/shared/maven-filtering/3.1.1/maven-filtering-3.1.1.jar
Downloading from central: https://repo1.maven.org/maven2/org/codehaus/plexus/plexus-utils/3.1.0/plexus-utils-3.1.0.jar
Progress (1): 7.7/165 kB
Progress (1): 16/165 kB 
Progress (1): 32/165 kB
Progress (1): 49/165 kB
Progress (1): 57/165 kB
Progress (1): 74/165 kB
Progress (1): 90/165 kB
Progress (1): 106/165 kB
Progress (1): 123/165 kB
Progress (1): 139/165 kB
Progress (1): 156/165 kB
Progress (1): 165 kB    
                    
Downloaded from central: https://repo1.maven.org/maven2/org/apache/maven/shared/maven-shared-utils/3.2.0/maven-shared-utils-3.2.0.jar (165 kB at 2.7 MB/s)
Downloading from central: https://repo1.maven.org/maven2/org/codehaus/plexus/plexus-archiver/3.5/plexus-archiver-3.5.jar
Progress (1): 0.9/24 kB
Progress (1): 2.3/24 kB
Progress (1): 3.7/24 kB
Progress (1): 5.0/24 kB
Progress (1): 6.4/24 kB
Progress (1): 7.8/24 kB
Progress (1): 9.1/24 kB
Progress (1): 11/24 kB 
Progress (1): 12/24 kB
Progress (1): 12/24 kB
Progress (1): 14/24 kB
Progress (1): 15/24 kB
Progress (1): 16/24 kB
Progress (2): 16/24 kB | 0.9/51 kB
Progress (2): 18/24 kB | 0.9/51 kB
Progress (2): 19/24 kB | 0.9/51 kB
Progress (2): 21/24 kB | 0.9/51 kB
Progress (2): 22/24 kB | 0.9/51 kB
Progress (2): 23/24 kB | 0.9/51 kB
Progress (2): 24 kB | 0.9/51 kB   
Progress (2): 24 kB | 2.3/51 kB
Progress (2): 24 kB | 3.7/51 kB
Progress (2): 24 kB | 4.1/51 kB
Progress (2): 24 kB | 5.5/51 kB
Progress (2): 24 kB | 6.8/51 kB
Progress (2): 24 kB | 8.2/51 kB
Progress (2): 24 kB | 9.6/51 kB
Progress (2): 24 kB | 11/51 kB 
Progress (2): 24 kB | 12/51 kB
Progress (2): 24 kB | 14/51 kB
Progress (2): 24 kB | 15/51 kB
Progress (2): 24 kB | 16/51 kB
Progress (3): 24 kB | 16/51 kB | 0.9/262 kB
Progress (3): 24 kB | 18/51 kB | 0.9/262 kB
Progress (3): 24 kB | 19/51 kB | 0.9/262 kB
Progress (3): 24 kB | 19/51 kB | 2.3/262 kB
Progress (3): 24 kB | 21/51 kB | 2.3/262 kB
Progress (3): 24 kB | 21/51 kB | 3.7/262 kB
Progress (3): 24 kB | 22/51 kB | 3.7/262 kB
Progress (3): 24 kB | 22/51 kB | 5.0/262 kB
Progress (3): 24 kB | 23/51 kB | 5.0/262 kB
Progress (3): 24 kB | 23/51 kB | 6.4/262 kB
Progress (3): 24 kB | 25/51 kB | 6.4/262 kB
Progress (3): 24 kB | 25/51 kB | 7.8/262 kB
Progress (3): 24 kB | 26/51 kB | 7.8/262 kB
Progress (3): 24 kB | 26/51 kB | 9.1/262 kB
Progress (3): 24 kB | 27/51 kB | 9.1/262 kB
Progress (3): 24 kB | 27/51 kB | 11/262 kB 
Progress (3): 24 kB | 29/51 kB | 11/262 kB
Progress (3): 24 kB | 29/51 kB | 12/262 kB
Progress (3): 24 kB | 30/51 kB | 12/262 kB
Progress (3): 24 kB | 30/51 kB | 13/262 kB
Progress (3): 24 kB | 31/51 kB | 13/262 kB
Progress (3): 24 kB | 31/51 kB | 15/262 kB
Progress (3): 24 kB | 31/51 kB | 16/262 kB
Progress (3): 24 kB | 33/51 kB | 16/262 kB
Progress (3): 24 kB | 34/51 kB | 16/262 kB
Progress (3): 24 kB | 34/51 kB | 17/262 kB
Progress (3): 24 kB | 36/51 kB | 17/262 kB
Progress (3): 24 kB | 36/51 kB | 19/262 kB
Progress (3): 24 kB | 36/51 kB | 20/262 kB
Progress (3): 24 kB | 37/51 kB | 20/262 kB
Progress (3): 24 kB | 37/51 kB | 21/262 kB
Progress (3): 24 kB | 38/51 kB | 21/262 kB
Progress (3): 24 kB | 38/51 kB | 23/262 kB
Progress (3): 24 kB | 40/51 kB | 23/262 kB
Progress (3): 24 kB | 40/51 kB | 24/262 kB
Progress (3): 24 kB | 41/51 kB | 24/262 kB
Progress (3): 24 kB | 41/51 kB | 26/262 kB
Progress (3): 24 kB | 42/51 kB | 26/262 kB
Progress (3): 24 kB | 42/51 kB | 27/262 kB
Progress (3): 24 kB | 44/51 kB | 27/262 kB
Progress (3): 24 kB | 44/51 kB | 28/262 kB
Progress (3): 24 kB | 45/51 kB | 28/262 kB
Progress (3): 24 kB | 45/51 kB | 30/262 kB
Progress (3): 24 kB | 46/51 kB | 30/262 kB
Progress (3): 24 kB | 46/51 kB | 31/262 kB
Progress (3): 24 kB | 48/51 kB | 31/262 kB
Progress (3): 24 kB | 48/51 kB | 32/262 kB
Progress (3): 24 kB | 49/51 kB | 32/262 kB
Progress (3): 24 kB | 51/51 kB | 32/262 kB
Progress (3): 24 kB | 51 kB | 32/262 kB   
Progress (3): 24 kB | 51 kB | 34/262 kB
Progress (3): 24 kB | 51 kB | 35/262 kB
Progress (3): 24 kB | 51 kB | 37/262 kB
Progress (3): 24 kB | 51 kB | 38/262 kB
Progress (3): 24 kB | 51 kB | 39/262 kB
Progress (3): 24 kB | 51 kB | 41/262 kB
Progress (3): 24 kB | 51 kB | 42/262 kB
Progress (3): 24 kB | 51 kB | 43/262 kB
Progress (3): 24 kB | 51 kB | 45/262 kB
Progress (3): 24 kB | 51 kB | 46/262 kB
Progress (3): 24 kB | 51 kB | 47/262 kB
Progress (3): 24 kB | 51 kB | 49/262 kB
Progress (3): 24 kB | 51 kB | 50/262 kB
Progress (3): 24 kB | 51 kB | 52/262 kB
Progress (3): 24 kB | 51 kB | 53/262 kB
Progress (3): 24 kB | 51 kB | 54/262 kB
Progress (3): 24 kB | 51 kB | 56/262 kB
Progress (3): 24 kB | 51 kB | 60/262 kB
                                       
Downloaded from central: https://repo1.maven.org/maven2/org/apache/maven/maven-archiver/3.2.0/maven-archiver-3.2.0.jar (24 kB at 230 kB/s)
Downloading from central: https://repo1.maven.org/maven2/org/codehaus/plexus/plexus-io/3.0.0/plexus-io-3.0.0.jar
Progress (2): 51 kB | 64/262 kB
Progress (2): 51 kB | 68/262 kB
Progress (3): 51 kB | 68/262 kB | 7.7/187 kB
Progress (3): 51 kB | 73/262 kB | 7.7/187 kB
Progress (3): 51 kB | 77/262 kB | 7.7/187 kB
Progress (3): 51 kB | 77/262 kB | 16/187 kB 
Progress (3): 51 kB | 77/262 kB | 32/187 kB
Progress (3): 51 kB | 77/262 kB | 48/187 kB
Progress (3): 51 kB | 77/262 kB | 65/187 kB
Progress (3): 51 kB | 77/262 kB | 81/187 kB
Progress (3): 51 kB | 81/262 kB | 81/187 kB
Progress (3): 51 kB | 85/262 kB | 81/187 kB
Progress (3): 51 kB | 90/262 kB | 81/187 kB
Progress (3): 51 kB | 94/262 kB | 81/187 kB
Progress (3): 51 kB | 94/262 kB | 98/187 kB
Progress (3): 51 kB | 98/262 kB | 98/187 kB
Progress (3): 51 kB | 102/262 kB | 98/187 kB
Progress (3): 51 kB | 102/262 kB | 114/187 kB
Progress (3): 51 kB | 106/262 kB | 114/187 kB
Progress (3): 51 kB | 111/262 kB | 114/187 kB
Progress (3): 51 kB | 111/262 kB | 130/187 kB
Progress (3): 51 kB | 115/262 kB | 130/187 kB
Progress (3): 51 kB | 115/262 kB | 131/187 kB
Progress (3): 51 kB | 119/262 kB | 131/187 kB
Progress (3): 51 kB | 123/262 kB | 131/187 kB
Progress (3): 51 kB | 123/262 kB | 147/187 kB
Progress (4): 51 kB | 123/262 kB | 147/187 kB | 0.9/14 kB
Progress (4): 51 kB | 128/262 kB | 147/187 kB | 0.9/14 kB
Progress (4): 51 kB | 128/262 kB | 147/187 kB | 2.3/14 kB
Progress (4): 51 kB | 128/262 kB | 164/187 kB | 2.3/14 kB
Progress (4): 51 kB | 132/262 kB | 164/187 kB | 2.3/14 kB
Progress (4): 51 kB | 132/262 kB | 164/187 kB | 3.7/14 kB
Progress (4): 51 kB | 136/262 kB | 164/187 kB | 3.7/14 kB
Progress (4): 51 kB | 140/262 kB | 164/187 kB | 3.7/14 kB
Progress (4): 51 kB | 140/262 kB | 164/187 kB | 5.0/14 kB
Progress (4): 51 kB | 140/262 kB | 180/187 kB | 5.0/14 kB
Progress (4): 51 kB | 144/262 kB | 180/187 kB | 5.0/14 kB
Progress (4): 51 kB | 144/262 kB | 180/187 kB | 6.4/14 kB
Progress (4): 51 kB | 144/262 kB | 187 kB | 6.4/14 kB    
Progress (4): 51 kB | 149/262 kB | 187 kB | 6.4/14 kB
Progress (4): 51 kB | 149/262 kB | 187 kB | 7.8/14 kB
Progress (4): 51 kB | 149/262 kB | 187 kB | 9.1/14 kB
Progress (4): 51 kB | 153/262 kB | 187 kB | 9.1/14 kB
Progress (4): 51 kB | 153/262 kB | 187 kB | 11/14 kB 
Progress (4): 51 kB | 157/262 kB | 187 kB | 11/14 kB
Progress (4): 51 kB | 157/262 kB | 187 kB | 12/14 kB
Progress (4): 51 kB | 161/262 kB | 187 kB | 12/14 kB
                                                    
Downloaded from central: https://repo1.maven.org/maven2/org/apache/maven/shared/maven-filtering/3.1.1/maven-filtering-3.1.1.jar (51 kB at 454 kB/s)
Downloading from central: https://repo1.maven.org/maven2/org/apache/commons/commons-compress/1.14/commons-compress-1.14.jar
Progress (3): 161/262 kB | 187 kB | 13/14 kB
Progress (3): 166/262 kB | 187 kB | 13/14 kB
Progress (3): 166/262 kB | 187 kB | 14 kB   
Progress (3): 170/262 kB | 187 kB | 14 kB
Progress (3): 174/262 kB | 187 kB | 14 kB
Progress (3): 178/262 kB | 187 kB | 14 kB
Progress (3): 183/262 kB | 187 kB | 14 kB
Progress (3): 187/262 kB | 187 kB | 14 kB
Progress (3): 191/262 kB | 187 kB | 14 kB
Progress (3): 195/262 kB | 187 kB | 14 kB
Progress (3): 199/262 kB | 187 kB | 14 kB
Progress (3): 204/262 kB | 187 kB | 14 kB
Progress (3): 208/262 kB | 187 kB | 14 kB
Progress (3): 212/262 kB | 187 kB | 14 kB
Progress (3): 216/262 kB | 187 kB | 14 kB
Progress (3): 221/262 kB | 187 kB | 14 kB
Progress (3): 225/262 kB | 187 kB | 14 kB
Progress (3): 241/262 kB | 187 kB | 14 kB
Progress (3): 258/262 kB | 187 kB | 14 kB
Progress (3): 262 kB | 187 kB | 14 kB    
                                     
Downloaded from central: https://repo1.maven.org/maven2/org/codehaus/plexus/plexus-archiver/3.5/plexus-archiver-3.5.jar (187 kB at 1.5 MB/s)
Downloading from central: https://repo1.maven.org/maven2/org/codehaus/plexus/plexus-interpolation/1.24/plexus-interpolation-1.24.jar
Downloaded from central: https://repo1.maven.org/maven2/org/apache/maven/plugin-tools/maven-plugin-annotations/3.4/maven-plugin-annotations-3.4.jar (14 kB at 114 kB/s)
Progress (2): 262 kB | 0.9/74 kB
Progress (2): 262 kB | 2.3/74 kB
Progress (2): 262 kB | 6.5/74 kB
                                
Downloaded from central: https://repo1.maven.org/maven2/org/codehaus/plexus/plexus-utils/3.1.0/plexus-utils-3.1.0.jar (262 kB at 1.8 MB/s)
Progress (1): 8.2/74 kB
Progress (1): 12/74 kB 
Progress (1): 17/74 kB
Progress (1): 21/74 kB
Progress (1): 25/74 kB
Progress (1): 29/74 kB
Progress (1): 34/74 kB
Progress (1): 38/74 kB
Progress (1): 42/74 kB
Progress (1): 46/74 kB
Progress (1): 50/74 kB
Progress (1): 55/74 kB
Progress (1): 59/74 kB
Progress (1): 63/74 kB
Progress (1): 67/74 kB
Progress (1): 72/74 kB
Progress (1): 74 kB   
                   
Downloaded from central: https://repo1.maven.org/maven2/org/codehaus/plexus/plexus-io/3.0.0/plexus-io-3.0.0.jar (74 kB at 465 kB/s)
Progress (1): 7.7/79 kB
Progress (1): 16/79 kB 
Progress (1): 32/79 kB
Progress (1): 49/79 kB
Progress (1): 65/79 kB
Progress (1): 79 kB   
Progress (2): 79 kB | 1.4/530 kB
Progress (2): 79 kB | 2.7/530 kB
Progress (2): 79 kB | 4.1/530 kB
Progress (2): 79 kB | 5.5/530 kB
Progress (2): 79 kB | 6.8/530 kB
Progress (2): 79 kB | 8.2/530 kB
Progress (2): 79 kB | 9.6/530 kB
Progress (2): 79 kB | 11/530 kB 
Progress (2): 79 kB | 12/530 kB
Progress (2): 79 kB | 14/530 kB
Progress (2): 79 kB | 15/530 kB
Progress (2): 79 kB | 16/530 kB
Progress (2): 79 kB | 18/530 kB
Progress (2): 79 kB | 19/530 kB
Progress (2): 79 kB | 20/530 kB
Progress (2): 79 kB | 22/530 kB
Progress (2): 79 kB | 23/530 kB
Progress (2): 79 kB | 25/530 kB
Progress (2): 79 kB | 26/530 kB
Progress (2): 79 kB | 27/530 kB
Progress (2): 79 kB | 29/530 kB
Progress (2): 79 kB | 30/530 kB
Progress (2): 79 kB | 31/530 kB
Progress (2): 79 kB | 33/530 kB
Progress (2): 79 kB | 34/530 kB
Progress (2): 79 kB | 36/530 kB
Progress (2): 79 kB | 37/530 kB
Progress (2): 79 kB | 38/530 kB
Progress (2): 79 kB | 40/530 kB
Progress (2): 79 kB | 44/530 kB
Progress (2): 79 kB | 48/530 kB
Progress (2): 79 kB | 52/530 kB
Progress (2): 79 kB | 57/530 kB
Progress (2): 79 kB | 61/530 kB
Progress (2): 79 kB | 65/530 kB
Progress (2): 79 kB | 66/530 kB
Progress (2): 79 kB | 70/530 kB
Progress (2): 79 kB | 74/530 kB
Progress (2): 79 kB | 78/530 kB
Progress (2): 79 kB | 82/530 kB
Progress (2): 79 kB | 87/530 kB
Progress (2): 79 kB | 91/530 kB
Progress (2): 79 kB | 95/530 kB
Progress (2): 79 kB | 98/530 kB
                               
Downloaded from central: https://repo1.maven.org/maven2/org/codehaus/plexus/plexus-interpolation/1.24/plexus-interpolation-1.24.jar (79 kB at 436 kB/s)
Progress (1): 103/530 kB
Progress (1): 107/530 kB
Progress (1): 111/530 kB
Progress (1): 115/530 kB
Progress (1): 119/530 kB
Progress (1): 124/530 kB
Progress (1): 128/530 kB
Progress (1): 132/530 kB
Progress (1): 136/530 kB
Progress (1): 141/530 kB
Progress (1): 145/530 kB
Progress (1): 149/530 kB
Progress (1): 153/530 kB
Progress (1): 158/530 kB
Progress (1): 162/530 kB
Progress (1): 164/530 kB
Progress (1): 168/530 kB
Progress (1): 172/530 kB
Progress (1): 177/530 kB
Progress (1): 181/530 kB
Progress (1): 185/530 kB
Progress (1): 189/530 kB
Progress (1): 193/530 kB
Progress (1): 198/530 kB
Progress (1): 202/530 kB
Progress (1): 218/530 kB
Progress (1): 235/530 kB
Progress (1): 251/530 kB
Progress (1): 267/530 kB
Progress (1): 284/530 kB
Progress (1): 295/530 kB
Progress (1): 311/530 kB
Progress (1): 328/530 kB
Progress (1): 344/530 kB
Progress (1): 360/530 kB
Progress (1): 377/530 kB
Progress (1): 393/530 kB
Progress (1): 410/530 kB
Progress (1): 426/530 kB
Progress (1): 442/530 kB
Progress (1): 459/530 kB
Progress (1): 475/530 kB
Progress (1): 492/530 kB
Progress (1): 508/530 kB
Progress (1): 515/530 kB
Progress (1): 530 kB    
                    
Downloaded from central: https://repo1.maven.org/maven2/org/apache/commons/commons-compress/1.14/commons-compress-1.14.jar (530 kB at 2.4 MB/s)
[INFO] 
[INFO] --- enforcer:1.4.1:enforce (enforce-bytecode-version) @ maven-ejb-plugin ---
Downloading from central: https://repo1.maven.org/maven2/org/codehaus/mojo/extra-enforcer-rules/1.0-beta-3/extra-enforcer-rules-1.0-beta-3.pom
Progress (1): 1.1 kB
Progress (1): 4.1 kB
Progress (1): 6.7 kB
                    
Downloaded from central: https://repo1.maven.org/maven2/org/codehaus/mojo/extra-enforcer-rules/1.0-beta-3/extra-enforcer-rules-1.0-beta-3.pom (6.7 kB at 49 kB/s)
Downloading from central: https://repo1.maven.org/maven2/org/codehaus/mojo/mojo-parent/32/mojo-parent-32.pom
Progress (1): 741 B
Progress (1): 2.8 kB
Progress (1): 5.0 kB
Progress (1): 9.0 kB
Progress (1): 13 kB 
Progress (1): 16 kB
Progress (1): 20 kB
Progress (1): 25 kB
Progress (1): 26 kB
                   
Downloaded from central: https://repo1.maven.org/maven2/org/codehaus/mojo/mojo-parent/32/mojo-parent-32.pom (26 kB at 294 kB/s)
Downloading from central: https://repo1.maven.org/maven2/org/codehaus/mojo/extra-enforcer-rules/1.0-beta-3/extra-enforcer-rules-1.0-beta-3.jar
Downloading from central: https://repo1.maven.org/maven2/org/codehaus/plexus/plexus-container-default/1.0-alpha-9/plexus-container-default-1.0-alpha-9.jar
Progress (1): 7.7/195 kB
Progress (1): 16/195 kB 
Progress (1): 25/195 kB
Progress (1): 41/195 kB
Progress (1): 57/195 kB
Progress (1): 74/195 kB
Progress (1): 90/195 kB
Progress (1): 106/195 kB
Progress (1): 123/195 kB
Progress (1): 131/195 kB
Progress (1): 147/195 kB
Progress (1): 164/195 kB
Progress (1): 180/195 kB
Progress (1): 195 kB    
                    
Downloaded from central: https://repo1.maven.org/maven2/org/codehaus/plexus/plexus-container-default/1.0-alpha-9/plexus-container-default-1.0-alpha-9.jar (195 kB at 3.4 MB/s)
Progress (1): 3.4/32 kB
Progress (1): 20/32 kB 
Progress (1): 32 kB   
                   
Downloaded from central: https://repo1.maven.org/maven2/org/codehaus/mojo/extra-enforcer-rules/1.0-beta-3/extra-enforcer-rules-1.0-beta-3.jar (32 kB at 224 kB/s)
Downloading from central: https://repo1.maven.org/maven2/org/codehaus/plexus/plexus-utils/2.0.4/plexus-utils-2.0.4.jar
Progress (1): 7.7/222 kB
Progress (1): 8.2/222 kB
Progress (1): 25/222 kB 
Progress (1): 41/222 kB
Progress (1): 57/222 kB
Progress (1): 74/222 kB
Progress (1): 90/222 kB
Progress (1): 106/222 kB
Progress (1): 123/222 kB
Progress (1): 139/222 kB
Progress (1): 156/222 kB
Progress (1): 164/222 kB
Progress (1): 180/222 kB
Progress (1): 197/222 kB
Progress (1): 213/222 kB
Progress (1): 222 kB    
                    
Downloaded from central: https://repo1.maven.org/maven2/org/codehaus/plexus/plexus-utils/2.0.4/plexus-utils-2.0.4.jar (222 kB at 4.7 MB/s)
Downloading from central: https://repo1.maven.org/maven2/org/codehaus/plexus/plexus-utils/1.5.5/plexus-utils-1.5.5.jar
Progress (1): 7.7/251 kB
Progress (1): 16/251 kB 
Progress (1): 32/251 kB
Progress (1): 49/251 kB
Progress (1): 65/251 kB
Progress (1): 81/251 kB
Progress (1): 98/251 kB
Progress (1): 114/251 kB
Progress (1): 131/251 kB
Progress (1): 147/251 kB
Progress (1): 163/251 kB
Progress (1): 180/251 kB
Progress (1): 196/251 kB
Progress (1): 213/251 kB
Progress (1): 229/251 kB
Progress (1): 245/251 kB
Progress (1): 251 kB    
                    
Downloaded from central: https://repo1.maven.org/maven2/org/codehaus/plexus/plexus-utils/1.5.5/plexus-utils-1.5.5.jar (251 kB at 5.0 MB/s)
Downloading from central: https://repo1.maven.org/maven2/org/codehaus/plexus/plexus-utils/3.0.24/plexus-utils-3.0.24.jar
Progress (1): 7.7/247 kB
Progress (1): 16/247 kB 
Progress (1): 32/247 kB
Progress (1): 49/247 kB
Progress (1): 65/247 kB
Progress (1): 81/247 kB
Progress (1): 98/247 kB
Progress (1): 114/247 kB
Progress (1): 131/247 kB
Progress (1): 147/247 kB
Progress (1): 163/247 kB
Progress (1): 180/247 kB
Progress (1): 196/247 kB
Progress (1): 213/247 kB
Progress (1): 229/247 kB
Progress (1): 245/247 kB
Progress (1): 247 kB    
                    
Downloaded from central: https://repo1.maven.org/maven2/org/codehaus/plexus/plexus-utils/3.0.24/plexus-utils-3.0.24.jar (247 kB at 4.7 MB/s)
Downloading from central: https://repo1.maven.org/maven2/org/codehaus/plexus/plexus-interpolation/1.22/plexus-interpolation-1.22.jar
Progress (1): 7.7/77 kB
Progress (1): 16/77 kB 
Progress (1): 29/77 kB
Progress (1): 45/77 kB
Progress (1): 61/77 kB
Progress (1): 77 kB   
                   
Downloaded from central: https://repo1.maven.org/maven2/org/codehaus/plexus/plexus-interpolation/1.22/plexus-interpolation-1.22.jar (77 kB at 699 kB/s)
Downloading from central: https://repo1.maven.org/maven2/org/apache/maven/shared/maven-shared-utils/3.0.0/maven-shared-utils-3.0.0.jar
Progress (1): 7.7/155 kB
Progress (1): 16/155 kB 
Progress (1): 32/155 kB
Progress (1): 49/155 kB
Progress (1): 65/155 kB
Progress (1): 81/155 kB
Progress (1): 98/155 kB
Progress (1): 114/155 kB
Progress (1): 115/155 kB
Progress (1): 131/155 kB
Progress (1): 147/155 kB
Progress (1): 155 kB    
                    
Downloaded from central: https://repo1.maven.org/maven2/org/apache/maven/shared/maven-shared-utils/3.0.0/maven-shared-utils-3.0.0.jar (155 kB at 3.2 MB/s)
Downloading from central: https://repo1.maven.org/maven2/org/tukaani/xz/1.6/xz-1.6.jar
Progress (1): 7.8/103 kB
Progress (1): 16/103 kB 
Progress (1): 32/103 kB
Progress (1): 49/103 kB
Progress (1): 65/103 kB
Progress (1): 81/103 kB
Progress (1): 98/103 kB
Progress (1): 103 kB   
                    
Downloaded from central: https://repo1.maven.org/maven2/org/tukaani/xz/1.6/xz-1.6.jar (103 kB at 1.3 MB/s)
[INFO] ------------------------------------------------------------------------
[INFO] BUILD FAILURE
[INFO] ------------------------------------------------------------------------
[INFO] Total time:  5.966 s
[INFO] Finished at: 2026-02-24T21:27:46-05:00
[INFO] ------------------------------------------------------------------------
[ERROR] Failed to execute goal org.apache.maven.plugins:maven-enforcer-plugin:1.4.1:enforce (enforce-bytecode-version) on project maven-ejb-plugin: Execution enforce-bytecode-version of goal org.apache.maven.plugins:maven-enforcer-plugin:1.4.1:enforce failed.: NullPointerException -> [Help 1]
[ERROR] 
[ERROR] To see the full stack trace of the errors, re-run Maven with the -e switch.
[ERROR] Re-run Maven using the -X switch to enable full debug logging.
[ERROR] 
[ERROR] For more information about the errors and possible solutions, please read the following articles:
[ERROR] [Help 1] http://cwiki.apache.org/confluence/display/MAVEN/PluginExecutionException

STDERR:
