COMMAND: mvn.cmd -s D:\Khedma\Mr wiem\mutation-test-pipeline\.mvn\settings.xml -DskipTests compile

STDOUT:
[INFO] Scanning for projects...
[INFO] 
[INFO] --------< org.apache.directory.server:apacheds-xdbm-partition >---------
[INFO] Building ApacheDS Generalized (X) DBM Partition 2.0.0.AM28-SNAPSHOT
[INFO]   from pom.xml
[INFO] -------------------------------[ bundle ]-------------------------------
[WARNING] Parameter 'maven.compiler.release' is unknown for plugin 'maven-compiler-plugin:3.13.0:compile (default-compile)'
Downloading from apache.snapshots: https://repository.apache.org/content/repositories/snapshots/org/apache/directory/server/apacheds-core-avl/2.0.0.AM28-SNAPSHOT/maven-metadata.xml
Progress (1): 1.3 kB
                    
Downloaded from apache.snapshots: https://repository.apache.org/content/repositories/snapshots/org/apache/directory/server/apacheds-core-avl/2.0.0.AM28-SNAPSHOT/maven-metadata.xml (1.3 kB at 1.9 kB/s)
Downloading from apache.snapshots: https://repository.apache.org/content/repositories/snapshots/org/apache/directory/server/apacheds-core-avl/2.0.0.AM28-SNAPSHOT/apacheds-core-avl-2.0.0.AM28-20260225.064705-94.pom
Progress (1): 3.6 kB
                    
Downloaded from apache.snapshots: https://repository.apache.org/content/repositories/snapshots/org/apache/directory/server/apacheds-core-avl/2.0.0.AM28-SNAPSHOT/apacheds-core-avl-2.0.0.AM28-20260225.064705-94.pom (3.6 kB at 21 kB/s)
Downloading from apache.snapshots: https://repository.apache.org/content/repositories/snapshots/org/apache/directory/server/apacheds-parent/2.0.0.AM28-SNAPSHOT/maven-metadata.xml
Progress (1): 1.3 kB
                    
Downloaded from apache.snapshots: https://repository.apache.org/content/repositories/snapshots/org/apache/directory/server/apacheds-parent/2.0.0.AM28-SNAPSHOT/maven-metadata.xml (1.3 kB at 8.0 kB/s)
Downloading from apache.snapshots: https://repository.apache.org/content/repositories/snapshots/org/apache/directory/server/apacheds-parent/2.0.0.AM28-SNAPSHOT/apacheds-parent-2.0.0.AM28-20260225.064705-95.pom
Progress (1): 7.5/47 kB
Progress (1): 8.2/47 kB
Progress (1): 16/47 kB 
Progress (1): 23/47 kB
Progress (1): 25/47 kB
Progress (1): 33/47 kB
Progress (1): 39/47 kB
Progress (1): 41/47 kB
Progress (1): 47 kB   
                   
Downloaded from apache.snapshots: https://repository.apache.org/content/repositories/snapshots/org/apache/directory/server/apacheds-parent/2.0.0.AM28-SNAPSHOT/apacheds-parent-2.0.0.AM28-20260225.064705-95.pom (47 kB at 109 kB/s)
Downloading from apache.snapshots: https://repository.apache.org/content/repositories/snapshots/org/apache/directory/server/apacheds-i18n/2.0.0.AM28-SNAPSHOT/maven-metadata.xml
Progress (1): 1.3 kB
                    
Downloaded from apache.snapshots: https://repository.apache.org/content/repositories/snapshots/org/apache/directory/server/apacheds-i18n/2.0.0.AM28-SNAPSHOT/maven-metadata.xml (1.3 kB at 7.6 kB/s)
Downloading from apache.snapshots: https://repository.apache.org/content/repositories/snapshots/org/apache/directory/server/apacheds-i18n/2.0.0.AM28-SNAPSHOT/apacheds-i18n-2.0.0.AM28-20260225.064705-95.pom
Progress (1): 2.4 kB
                    
Downloaded from apache.snapshots: https://repository.apache.org/content/repositories/snapshots/org/apache/directory/server/apacheds-i18n/2.0.0.AM28-SNAPSHOT/apacheds-i18n-2.0.0.AM28-20260225.064705-95.pom (2.4 kB at 14 kB/s)
Downloading from apache.snapshots: https://repository.apache.org/content/repositories/snapshots/org/apache/directory/api/api-ldap-model/2.1.8-SNAPSHOT/maven-metadata.xml
Progress (1): 1.2 kB
                    
Downloaded from apache.snapshots: https://repository.apache.org/content/repositories/snapshots/org/apache/directory/api/api-ldap-model/2.1.8-SNAPSHOT/maven-metadata.xml (1.2 kB at 7.3 kB/s)
Downloading from apache.snapshots: https://repository.apache.org/content/repositories/snapshots/org/apache/directory/api/api-ldap-parent/2.1.8-SNAPSHOT/maven-metadata.xml
Progress (1): 1.1 kB
                    
Downloaded from apache.snapshots: https://repository.apache.org/content/repositories/snapshots/org/apache/directory/api/api-ldap-parent/2.1.8-SNAPSHOT/maven-metadata.xml (1.1 kB at 6.2 kB/s)
Downloading from apache.snapshots: https://repository.apache.org/content/repositories/snapshots/org/apache/directory/api/api-parent/2.1.8-SNAPSHOT/maven-metadata.xml
Progress (1): 1.0 kB
                    
Downloaded from apache.snapshots: https://repository.apache.org/content/repositories/snapshots/org/apache/directory/api/api-parent/2.1.8-SNAPSHOT/maven-metadata.xml (1.0 kB at 6.0 kB/s)
Downloading from apache.snapshots: https://repository.apache.org/content/repositories/snapshots/org/apache/directory/api/api-util/2.1.8-SNAPSHOT/maven-metadata.xml
Progress (1): 1.2 kB
                    
Downloaded from apache.snapshots: https://repository.apache.org/content/repositories/snapshots/org/apache/directory/api/api-util/2.1.8-SNAPSHOT/maven-metadata.xml (1.2 kB at 6.9 kB/s)
Downloading from apache.snapshots: https://repository.apache.org/content/repositories/snapshots/org/apache/directory/api/api-i18n/2.1.8-SNAPSHOT/maven-metadata.xml
Progress (1): 1.2 kB
                    
Downloaded from apache.snapshots: https://repository.apache.org/content/repositories/snapshots/org/apache/directory/api/api-i18n/2.1.8-SNAPSHOT/maven-metadata.xml (1.2 kB at 7.4 kB/s)
Downloading from apache.snapshots: https://repository.apache.org/content/repositories/snapshots/org/apache/directory/api/api-asn1-api/2.1.8-SNAPSHOT/maven-metadata.xml
Progress (1): 1.2 kB
                    
Downloaded from apache.snapshots: https://repository.apache.org/content/repositories/snapshots/org/apache/directory/api/api-asn1-api/2.1.8-SNAPSHOT/maven-metadata.xml (1.2 kB at 7.7 kB/s)
Downloading from apache.snapshots: https://repository.apache.org/content/repositories/snapshots/org/apache/directory/api/api-asn1-parent/2.1.8-SNAPSHOT/maven-metadata.xml
Progress (1): 1.1 kB
                    
Downloaded from apache.snapshots: https://repository.apache.org/content/repositories/snapshots/org/apache/directory/api/api-asn1-parent/2.1.8-SNAPSHOT/maven-metadata.xml (1.1 kB at 6.5 kB/s)
Downloading from apache.snapshots: https://repository.apache.org/content/repositories/snapshots/org/apache/directory/api/api-asn1-ber/2.1.8-SNAPSHOT/maven-metadata.xml
Progress (1): 1.2 kB
                    
Downloaded from apache.snapshots: https://repository.apache.org/content/repositories/snapshots/org/apache/directory/api/api-asn1-ber/2.1.8-SNAPSHOT/maven-metadata.xml (1.2 kB at 7.7 kB/s)
Downloading from apache.snapshots: https://repository.apache.org/content/repositories/snapshots/org/apache/directory/server/apacheds-core-api/2.0.0.AM28-SNAPSHOT/maven-metadata.xml
Progress (1): 1.7 kB
                    
Downloaded from apache.snapshots: https://repository.apache.org/content/repositories/snapshots/org/apache/directory/server/apacheds-core-api/2.0.0.AM28-SNAPSHOT/maven-metadata.xml (1.7 kB at 11 kB/s)
Downloading from apache.snapshots: https://repository.apache.org/content/repositories/snapshots/org/apache/directory/server/apacheds-core-api/2.0.0.AM28-SNAPSHOT/apacheds-core-api-2.0.0.AM28-20260225.064705-95.pom
Progress (1): 7.5/9.5 kB
Progress (1): 8.2/9.5 kB
Progress (1): 9.5 kB    
                    
Downloaded from apache.snapshots: https://repository.apache.org/content/repositories/snapshots/org/apache/directory/server/apacheds-core-api/2.0.0.AM28-SNAPSHOT/apacheds-core-api-2.0.0.AM28-20260225.064705-95.pom (9.5 kB at 56 kB/s)
Downloading from apache.snapshots: https://repository.apache.org/content/repositories/snapshots/org/apache/directory/server/apacheds-core-constants/2.0.0.AM28-SNAPSHOT/maven-metadata.xml
Progress (1): 1.3 kB
                    
Downloaded from apache.snapshots: https://repository.apache.org/content/repositories/snapshots/org/apache/directory/server/apacheds-core-constants/2.0.0.AM28-SNAPSHOT/maven-metadata.xml (1.3 kB at 7.7 kB/s)
Downloading from apache.snapshots: https://repository.apache.org/content/repositories/snapshots/org/apache/directory/server/apacheds-core-constants/2.0.0.AM28-SNAPSHOT/apacheds-core-constants-2.0.0.AM28-20260225.064705-95.pom
Progress (1): 2.5 kB
                    
Downloaded from apache.snapshots: https://repository.apache.org/content/repositories/snapshots/org/apache/directory/server/apacheds-core-constants/2.0.0.AM28-SNAPSHOT/apacheds-core-constants-2.0.0.AM28-20260225.064705-95.pom (2.5 kB at 15 kB/s)
Downloading from apache.snapshots: https://repository.apache.org/content/repositories/snapshots/org/apache/directory/api/api-ldap-client-api/2.1.8-SNAPSHOT/maven-metadata.xml
Progress (1): 1.2 kB
                    
Downloaded from apache.snapshots: https://repository.apache.org/content/repositories/snapshots/org/apache/directory/api/api-ldap-client-api/2.1.8-SNAPSHOT/maven-metadata.xml (1.2 kB at 7.5 kB/s)
Downloading from apache.snapshots: https://repository.apache.org/content/repositories/snapshots/org/apache/directory/api/api-ldap-client-parent/2.1.8-SNAPSHOT/maven-metadata.xml
Progress (1): 1.1 kB
                    
Downloaded from apache.snapshots: https://repository.apache.org/content/repositories/snapshots/org/apache/directory/api/api-ldap-client-parent/2.1.8-SNAPSHOT/maven-metadata.xml (1.1 kB at 6.5 kB/s)
Downloading from apache.snapshots: https://repository.apache.org/content/repositories/snapshots/org/apache/directory/api/api-ldap-schema-data/2.1.8-SNAPSHOT/maven-metadata.xml
Progress (1): 1.4 kB
                    
Downloaded from apache.snapshots: https://repository.apache.org/content/repositories/snapshots/org/apache/directory/api/api-ldap-schema-data/2.1.8-SNAPSHOT/maven-metadata.xml (1.4 kB at 9.1 kB/s)
Downloading from apache.snapshots: https://repository.apache.org/content/repositories/snapshots/org/apache/directory/api/api-ldap-schema-parent/2.1.8-SNAPSHOT/maven-metadata.xml
Progress (1): 1.1 kB
                    
Downloaded from apache.snapshots: https://repository.apache.org/content/repositories/snapshots/org/apache/directory/api/api-ldap-schema-parent/2.1.8-SNAPSHOT/maven-metadata.xml (1.1 kB at 6.5 kB/s)
Downloading from apache.snapshots: https://repository.apache.org/content/repositories/snapshots/org/apache/directory/api/api-ldap-codec-core/2.1.8-SNAPSHOT/maven-metadata.xml
Progress (1): 1.2 kB
                    
Downloaded from apache.snapshots: https://repository.apache.org/content/repositories/snapshots/org/apache/directory/api/api-ldap-codec-core/2.1.8-SNAPSHOT/maven-metadata.xml (1.2 kB at 7.6 kB/s)
Downloading from apache.snapshots: https://repository.apache.org/content/repositories/snapshots/org/apache/directory/api/api-ldap-codec-parent/2.1.8-SNAPSHOT/maven-metadata.xml
Progress (1): 1.1 kB
                    
Downloaded from apache.snapshots: https://repository.apache.org/content/repositories/snapshots/org/apache/directory/api/api-ldap-codec-parent/2.1.8-SNAPSHOT/maven-metadata.xml (1.1 kB at 6.7 kB/s)
Downloading from apache.snapshots: https://repository.apache.org/content/repositories/snapshots/org/apache/directory/api/api-ldap-extras-aci/2.1.8-SNAPSHOT/maven-metadata.xml
Progress (1): 1.2 kB
                    
Downloaded from apache.snapshots: https://repository.apache.org/content/repositories/snapshots/org/apache/directory/api/api-ldap-extras-aci/2.1.8-SNAPSHOT/maven-metadata.xml (1.2 kB at 7.7 kB/s)
Downloading from apache.snapshots: https://repository.apache.org/content/repositories/snapshots/org/apache/directory/api/api-ldap-extras-parent/2.1.8-SNAPSHOT/maven-metadata.xml
Progress (1): 1.1 kB
                    
Downloaded from apache.snapshots: https://repository.apache.org/content/repositories/snapshots/org/apache/directory/api/api-ldap-extras-parent/2.1.8-SNAPSHOT/maven-metadata.xml (1.1 kB at 6.6 kB/s)
Downloading from apache.snapshots: https://repository.apache.org/content/repositories/snapshots/org/apache/directory/api/api-ldap-extras-codec/2.1.8-SNAPSHOT/maven-metadata.xml
Progress (1): 1.2 kB
                    
Downloaded from apache.snapshots: https://repository.apache.org/content/repositories/snapshots/org/apache/directory/api/api-ldap-extras-codec/2.1.8-SNAPSHOT/maven-metadata.xml (1.2 kB at 7.8 kB/s)
Downloading from apache.snapshots: https://repository.apache.org/content/repositories/snapshots/org/apache/directory/api/api-ldap-extras-codec-api/2.1.8-SNAPSHOT/maven-metadata.xml
Progress (1): 1.2 kB
                    
Downloaded from apache.snapshots: https://repository.apache.org/content/repositories/snapshots/org/apache/directory/api/api-ldap-extras-codec-api/2.1.8-SNAPSHOT/maven-metadata.xml (1.2 kB at 7.8 kB/s)
Downloading from apache.snapshots: https://repository.apache.org/content/repositories/snapshots/org/apache/directory/api/api-ldap-extras-util/2.1.8-SNAPSHOT/maven-metadata.xml
Progress (1): 1.2 kB
                    
Downloaded from apache.snapshots: https://repository.apache.org/content/repositories/snapshots/org/apache/directory/api/api-ldap-extras-util/2.1.8-SNAPSHOT/maven-metadata.xml (1.2 kB at 7.5 kB/s)
Downloading from apache.snapshots: https://repository.apache.org/content/repositories/snapshots/org/apache/directory/server/apacheds-core-shared/2.0.0.AM28-SNAPSHOT/maven-metadata.xml
Progress (1): 1.7 kB
                    
Downloaded from apache.snapshots: https://repository.apache.org/content/repositories/snapshots/org/apache/directory/server/apacheds-core-shared/2.0.0.AM28-SNAPSHOT/maven-metadata.xml (1.7 kB at 11 kB/s)
Downloading from apache.snapshots: https://repository.apache.org/content/repositories/snapshots/org/apache/directory/server/apacheds-core-shared/2.0.0.AM28-SNAPSHOT/apacheds-core-shared-2.0.0.AM28-20260225.064705-95.pom
Progress (1): 7.5 kB
                    
Downloaded from apache.snapshots: https://repository.apache.org/content/repositories/snapshots/org/apache/directory/server/apacheds-core-shared/2.0.0.AM28-SNAPSHOT/apacheds-core-shared-2.0.0.AM28-20260225.064705-95.pom (7.5 kB at 47 kB/s)
Downloading from apache.snapshots: https://repository.apache.org/content/repositories/snapshots/org/apache/directory/server/apacheds-core-avl/2.0.0.AM28-SNAPSHOT/apacheds-core-avl-2.0.0.AM28-20260225.064705-94.jar
Downloading from apache.snapshots: https://repository.apache.org/content/repositories/snapshots/org/apache/directory/server/apacheds-core-api/2.0.0.AM28-SNAPSHOT/apacheds-core-api-2.0.0.AM28-20260225.064705-95.jar
Downloading from apache.snapshots: https://repository.apache.org/content/repositories/snapshots/org/apache/directory/server/apacheds-core-constants/2.0.0.AM28-SNAPSHOT/apacheds-core-constants-2.0.0.AM28-20260225.064705-95.jar
Downloading from apache.snapshots: https://repository.apache.org/content/repositories/snapshots/org/apache/directory/server/apacheds-core-api/2.0.0.AM28-SNAPSHOT/apacheds-core-api-2.0.0.AM28-20260225.064705-95-tests.jar
Downloading from apache.snapshots: https://repository.apache.org/content/repositories/snapshots/org/apache/directory/server/apacheds-core-shared/2.0.0.AM28-SNAPSHOT/apacheds-core-shared-2.0.0.AM28-20260225.064705-95.jar
Progress (1): 7.5/62 kB
Progress (1): 8.2/62 kB
Progress (1): 16/62 kB 
Progress (1): 23/62 kB
Progress (1): 25/62 kB
Progress (1): 33/62 kB
Progress (1): 41/62 kB
Progress (1): 49/62 kB
Progress (1): 49/62 kB
Progress (1): 57/62 kB
Progress (1): 62 kB   
                   
Downloaded from apache.snapshots: https://repository.apache.org/content/repositories/snapshots/org/apache/directory/server/apacheds-core-avl/2.0.0.AM28-SNAPSHOT/apacheds-core-avl-2.0.0.AM28-20260225.064705-94.jar (62 kB at 356 kB/s)
Downloading from apache.snapshots: https://repository.apache.org/content/repositories/snapshots/org/apache/directory/server/apacheds-i18n/2.0.0.AM28-SNAPSHOT/apacheds-i18n-2.0.0.AM28-20260225.064705-95.jar
Progress (1): 7.5/44 kB
Progress (1): 8.2/44 kB
Progress (1): 16/44 kB 
Progress (1): 23/44 kB
Progress (1): 25/44 kB
Progress (1): 33/44 kB
Progress (1): 39/44 kB
Progress (1): 41/44 kB
Progress (1): 44 kB   
                   
Downloaded from apache.snapshots: https://repository.apache.org/content/repositories/snapshots/org/apache/directory/server/apacheds-i18n/2.0.0.AM28-SNAPSHOT/apacheds-i18n-2.0.0.AM28-20260225.064705-95.jar (44 kB at 129 kB/s)
Progress (1): 7.5/256 kB
Progress (1): 8.2/256 kB
Progress (2): 8.2/256 kB | 7.5/60 kB
Progress (3): 8.2/256 kB | 7.5/60 kB | 7.5/11 kB
Progress (3): 8.2/256 kB | 8.2/60 kB | 7.5/11 kB
Progress (3): 8.2/256 kB | 8.2/60 kB | 8.2/11 kB
Progress (4): 8.2/256 kB | 8.2/60 kB | 8.2/11 kB | 7.5/53 kB
Progress (4): 8.2/256 kB | 8.2/60 kB | 8.2/11 kB | 8.2/53 kB
Progress (4): 8.2/256 kB | 8.2/60 kB | 11 kB | 8.2/53 kB    
Progress (4): 8.2/256 kB | 8.2/60 kB | 11 kB | 16/53 kB 
Progress (4): 16/256 kB | 8.2/60 kB | 11 kB | 16/53 kB 
Progress (4): 16/256 kB | 8.2/60 kB | 11 kB | 23/53 kB
Progress (4): 23/256 kB | 8.2/60 kB | 11 kB | 23/53 kB
Progress (4): 23/256 kB | 8.2/60 kB | 11 kB | 25/53 kB
Progress (4): 25/256 kB | 8.2/60 kB | 11 kB | 25/53 kB
Progress (4): 25/256 kB | 8.2/60 kB | 11 kB | 33/53 kB
Progress (4): 33/256 kB | 8.2/60 kB | 11 kB | 33/53 kB
Progress (4): 33/256 kB | 8.2/60 kB | 11 kB | 39/53 kB
Progress (4): 41/256 kB | 8.2/60 kB | 11 kB | 39/53 kB
Progress (4): 41/256 kB | 16/60 kB | 11 kB | 39/53 kB 
Progress (4): 41/256 kB | 23/60 kB | 11 kB | 39/53 kB
Progress (4): 41/256 kB | 25/60 kB | 11 kB | 39/53 kB
Progress (4): 41/256 kB | 33/60 kB | 11 kB | 39/53 kB
                                                     
Downloaded from apache.snapshots: https://repository.apache.org/content/repositories/snapshots/org/apache/directory/server/apacheds-core-constants/2.0.0.AM28-SNAPSHOT/apacheds-core-constants-2.0.0.AM28-20260225.064705-95.jar (11 kB at 18 kB/s)
Progress (3): 41/256 kB | 41/60 kB | 39/53 kB
Progress (3): 41/256 kB | 49/60 kB | 39/53 kB
Progress (3): 41/256 kB | 49/60 kB | 39/53 kB
Progress (3): 41/256 kB | 49/60 kB | 41/53 kB
Progress (3): 41/256 kB | 49/60 kB | 49/53 kB
Progress (3): 41/256 kB | 49/60 kB | 53 kB   
Progress (3): 41/256 kB | 57/60 kB | 53 kB
Progress (3): 49/256 kB | 57/60 kB | 53 kB
Progress (3): 49/256 kB | 60 kB | 53 kB   
Progress (3): 49/256 kB | 60 kB | 53 kB
Progress (3): 57/256 kB | 60 kB | 53 kB
Progress (3): 65/256 kB | 60 kB | 53 kB
Progress (3): 66/256 kB | 60 kB | 53 kB
Progress (3): 74/256 kB | 60 kB | 53 kB
Progress (3): 82/256 kB | 60 kB | 53 kB
Progress (3): 82/256 kB | 60 kB | 53 kB
Progress (3): 90/256 kB | 60 kB | 53 kB
Progress (3): 98/256 kB | 60 kB | 53 kB
Progress (3): 98/256 kB | 60 kB | 53 kB
                                       
Downloaded from apache.snapshots: https://repository.apache.org/content/repositories/snapshots/org/apache/directory/server/apacheds-core-shared/2.0.0.AM28-SNAPSHOT/apacheds-core-shared-2.0.0.AM28-20260225.064705-95.jar (53 kB at 71 kB/s)
Downloaded from apache.snapshots: https://repository.apache.org/content/repositories/snapshots/org/apache/directory/server/apacheds-core-api/2.0.0.AM28-SNAPSHOT/apacheds-core-api-2.0.0.AM28-20260225.064705-95-tests.jar (60 kB at 80 kB/s)
Progress (1): 106/256 kB
Progress (1): 114/256 kB
Progress (1): 115/256 kB
Progress (1): 123/256 kB
Progress (1): 130/256 kB
Progress (1): 131/256 kB
Progress (1): 139/256 kB
Progress (1): 146/256 kB
Progress (1): 147/256 kB
Progress (1): 156/256 kB
Progress (1): 162/256 kB
Progress (1): 164/256 kB
Progress (1): 172/256 kB
Progress (1): 178/256 kB
Progress (1): 180/256 kB
Progress (1): 188/256 kB
Progress (1): 194/256 kB
Progress (1): 197/256 kB
Progress (1): 205/256 kB
Progress (1): 210/256 kB
Progress (1): 213/256 kB
Progress (1): 221/256 kB
Progress (1): 226/256 kB
Progress (1): 229/256 kB
Progress (1): 238/256 kB
Progress (1): 242/256 kB
Progress (1): 246/256 kB
Progress (1): 254/256 kB
Progress (1): 256 kB    
                    
Downloaded from apache.snapshots: https://repository.apache.org/content/repositories/snapshots/org/apache/directory/server/apacheds-core-api/2.0.0.AM28-SNAPSHOT/apacheds-core-api-2.0.0.AM28-20260225.064705-95.jar (256 kB at 245 kB/s)
[INFO] 
[INFO] --- enforcer:3.5.0:enforce (enforce-maven-version) @ apacheds-xdbm-partition ---
[INFO] Rule 0: org.apache.maven.enforcer.rules.version.RequireMavenVersion passed
[INFO] 
[INFO] --- enforcer:3.5.0:enforce (enforce-java-version) @ apacheds-xdbm-partition ---
[INFO] Rule 0: org.apache.maven.enforcer.rules.version.RequireJavaVersion passed
[INFO] 
[INFO] --- checkstyle:3.6.0:check (validate) @ apacheds-xdbm-partition ---
Downloading from central: https://repo1.maven.org/maven2/com/puppycrawl/tools/checkstyle/10.21.1/checkstyle-10.21.1.pom
Progress (1): 929 B
Progress (1): 4.3 kB
Progress (1): 5.8 kB
Progress (1): 7.8 kB
Progress (1): 8.2 kB
Progress (1): 9.9 kB
Progress (1): 14 kB 
Progress (1): 16 kB
Progress (1): 19 kB
Progress (1): 22 kB
Progress (1): 25 kB
Progress (1): 28 kB
Progress (1): 32 kB
Progress (1): 36 kB
Progress (1): 50 kB
Progress (1): 53 kB
Progress (1): 56 kB
Progress (1): 60 kB
Progress (1): 62 kB
Progress (1): 65 kB
Progress (1): 68 kB
Progress (1): 70 kB
Progress (1): 73 kB
Progress (1): 75 kB
Progress (1): 78 kB
Progress (1): 80 kB
Progress (1): 82 kB
Progress (1): 85 kB
Progress (1): 86 kB
Progress (1): 90 kB
Progress (1): 93 kB
Progress (1): 97 kB
Progress (1): 107 kB
Progress (1): 120 kB
Progress (1): 122 kB
Progress (1): 126 kB
Progress (1): 136 kB
Progress (1): 143 kB
Progress (1): 156 kB
Progress (1): 167 kB
Progress (1): 188 kB
Progress (1): 196 kB
Progress (1): 202 kB
Progress (1): 210 kB
Progress (1): 214 kB
Progress (1): 224 kB
Progress (1): 230 kB
Progress (1): 237 kB
                    
Downloaded from central: https://repo1.maven.org/maven2/com/puppycrawl/tools/checkstyle/10.21.1/checkstyle-10.21.1.pom (237 kB at 1.5 MB/s)
Downloading from central: https://repo1.maven.org/maven2/info/picocli/picocli/4.7.6/picocli-4.7.6.pom
Progress (1): 998 B
Progress (1): 1.4 kB
                    
Downloaded from central: https://repo1.maven.org/maven2/info/picocli/picocli/4.7.6/picocli-4.7.6.pom (1.4 kB at 25 kB/s)
Downloading from central: https://repo1.maven.org/maven2/org/antlr/antlr4-runtime/4.13.2/antlr4-runtime-4.13.2.pom
Progress (1): 900 B
Progress (1): 2.6 kB
Progress (1): 3.6 kB
                    
Downloaded from central: https://repo1.maven.org/maven2/org/antlr/antlr4-runtime/4.13.2/antlr4-runtime-4.13.2.pom (3.6 kB at 71 kB/s)
Downloading from central: https://repo1.maven.org/maven2/org/antlr/antlr4-master/4.13.2/antlr4-master-4.13.2.pom
Progress (1): 966 B
Progress (1): 2.5 kB
Progress (1): 4.6 kB
Progress (1): 4.8 kB
                    
Downloaded from central: https://repo1.maven.org/maven2/org/antlr/antlr4-master/4.13.2/antlr4-master-4.13.2.pom (4.8 kB at 86 kB/s)
Downloading from central: https://repo1.maven.org/maven2/com/google/guava/guava/33.4.0-jre/guava-33.4.0-jre.pom
Progress (1): 953 B
Progress (1): 2.5 kB
Progress (1): 4.7 kB
Progress (1): 6.3 kB
Progress (1): 8.0 kB
Progress (1): 8.8 kB
                    
Downloaded from central: https://repo1.maven.org/maven2/com/google/guava/guava/33.4.0-jre/guava-33.4.0-jre.pom (8.8 kB at 160 kB/s)
Downloading from central: https://repo1.maven.org/maven2/com/google/guava/guava-parent/33.4.0-jre/guava-parent-33.4.0-jre.pom
Progress (1): 818 B
Progress (1): 1.9 kB
Progress (1): 3.8 kB
Progress (1): 5.7 kB
Progress (1): 6.6 kB
Progress (1): 9.4 kB
Progress (1): 13 kB 
Progress (1): 15 kB
Progress (1): 17 kB
Progress (1): 19 kB
Progress (1): 20 kB
Progress (1): 21 kB
                   
Downloaded from central: https://repo1.maven.org/maven2/com/google/guava/guava-parent/33.4.0-jre/guava-parent-33.4.0-jre.pom (21 kB at 335 kB/s)
Downloading from central: https://repo1.maven.org/maven2/com/google/guava/failureaccess/1.0.2/failureaccess-1.0.2.pom
Progress (1): 975 B
Progress (1): 2.8 kB
Progress (1): 3.3 kB
                    
Downloaded from central: https://repo1.maven.org/maven2/com/google/guava/failureaccess/1.0.2/failureaccess-1.0.2.pom (3.3 kB at 65 kB/s)
Downloading from central: https://repo1.maven.org/maven2/com/google/errorprone/error_prone_annotations/2.36.0/error_prone_annotations-2.36.0.pom
Progress (1): 759 B
Progress (1): 2.1 kB
Progress (1): 4.1 kB
Progress (1): 4.3 kB
                    
Downloaded from central: https://repo1.maven.org/maven2/com/google/errorprone/error_prone_annotations/2.36.0/error_prone_annotations-2.36.0.pom (4.3 kB at 77 kB/s)
Downloading from central: https://repo1.maven.org/maven2/com/google/errorprone/error_prone_parent/2.36.0/error_prone_parent-2.36.0.pom
Progress (1): 728 B
Progress (1): 1.8 kB
Progress (1): 3.7 kB
Progress (1): 6.0 kB
Progress (1): 11 kB 
Progress (1): 13 kB
Progress (1): 16 kB
                   
Downloaded from central: https://repo1.maven.org/maven2/com/google/errorprone/error_prone_parent/2.36.0/error_prone_parent-2.36.0.pom (16 kB at 296 kB/s)
Downloading from central: https://repo1.maven.org/maven2/com/google/j2objc/j2objc-annotations/3.0.0/j2objc-annotations-3.0.0.pom
Progress (1): 827 B
Progress (1): 2.5 kB
Progress (1): 5.1 kB
                    
Downloaded from central: https://repo1.maven.org/maven2/com/google/j2objc/j2objc-annotations/3.0.0/j2objc-annotations-3.0.0.pom (5.1 kB at 68 kB/s)
Downloading from central: https://repo1.maven.org/maven2/net/sf/saxon/Saxon-HE/12.5/Saxon-HE-12.5.pom
Progress (1): 1.2 kB
Progress (1): 4.2 kB
                    
Downloaded from central: https://repo1.maven.org/maven2/net/sf/saxon/Saxon-HE/12.5/Saxon-HE-12.5.pom (4.2 kB at 78 kB/s)
Downloading from central: https://repo1.maven.org/maven2/org/xmlresolver/xmlresolver/5.2.2/xmlresolver-5.2.2.pom
Progress (1): 1.0 kB
Progress (1): 2.6 kB
                    
Downloaded from central: https://repo1.maven.org/maven2/org/xmlresolver/xmlresolver/5.2.2/xmlresolver-5.2.2.pom (2.6 kB at 42 kB/s)
Downloading from central: https://repo1.maven.org/maven2/org/apache/httpcomponents/client5/httpclient5/5.1.3/httpclient5-5.1.3.pom
Progress (1): 869 B
Progress (1): 3.1 kB
Progress (1): 5.4 kB
Progress (1): 5.8 kB
                    
Downloaded from central: https://repo1.maven.org/maven2/org/apache/httpcomponents/client5/httpclient5/5.1.3/httpclient5-5.1.3.pom (5.8 kB at 103 kB/s)
Downloading from central: https://repo1.maven.org/maven2/org/apache/httpcomponents/client5/httpclient5-parent/5.1.3/httpclient5-parent-5.1.3.pom
Progress (1): 843 B
Progress (1): 2.2 kB
Progress (1): 5.5 kB
Progress (1): 9.2 kB
Progress (1): 13 kB 
Progress (1): 14 kB
                   
Downloaded from central: https://repo1.maven.org/maven2/org/apache/httpcomponents/client5/httpclient5-parent/5.1.3/httpclient5-parent-5.1.3.pom (14 kB at 254 kB/s)
Downloading from central: https://repo1.maven.org/maven2/org/apache/httpcomponents/httpcomponents-parent/12/httpcomponents-parent-12.pom
Progress (1): 811 B
Progress (1): 2.2 kB
Progress (1): 3.9 kB
Progress (1): 5.6 kB
Progress (1): 6.7 kB
Progress (1): 8.7 kB
Progress (1): 13 kB 
Progress (1): 13 kB
Progress (1): 16 kB
Progress (1): 20 kB
Progress (1): 23 kB
Progress (1): 25 kB
Progress (1): 29 kB
Progress (1): 32 kB
                   
Downloaded from central: https://repo1.maven.org/maven2/org/apache/httpcomponents/httpcomponents-parent/12/httpcomponents-parent-12.pom (32 kB at 532 kB/s)
Downloading from central: https://repo1.maven.org/maven2/org/apache/httpcomponents/core5/httpcore5/5.1.3/httpcore5-5.1.3.pom
Progress (1): 884 B
Progress (1): 2.8 kB
Progress (1): 3.8 kB
                    
Downloaded from central: https://repo1.maven.org/maven2/org/apache/httpcomponents/core5/httpcore5/5.1.3/httpcore5-5.1.3.pom (3.8 kB at 63 kB/s)
Downloading from central: https://repo1.maven.org/maven2/org/apache/httpcomponents/core5/httpcore5-parent/5.1.3/httpcore5-parent-5.1.3.pom
Progress (1): 847 B
Progress (1): 2.2 kB
Progress (1): 4.5 kB
Progress (1): 7.2 kB
Progress (1): 10 kB 
                   
Downloaded from central: https://repo1.maven.org/maven2/org/apache/httpcomponents/core5/httpcore5-parent/5.1.3/httpcore5-parent-5.1.3.pom (10 kB at 114 kB/s)
Downloading from central: https://repo1.maven.org/maven2/org/apache/httpcomponents/core5/httpcore5-h2/5.1.3/httpcore5-h2-5.1.3.pom
Progress (1): 884 B
Progress (1): 3.0 kB
Progress (1): 3.5 kB
                    
Downloaded from central: https://repo1.maven.org/maven2/org/apache/httpcomponents/core5/httpcore5-h2/5.1.3/httpcore5-h2-5.1.3.pom (3.5 kB at 56 kB/s)
Downloading from central: https://repo1.maven.org/maven2/org/checkerframework/checker-qual/3.48.3/checker-qual-3.48.3.pom
Progress (1): 950 B
Progress (1): 2.1 kB
                    
Downloaded from central: https://repo1.maven.org/maven2/org/checkerframework/checker-qual/3.48.3/checker-qual-3.48.3.pom (2.1 kB at 40 kB/s)
Downloading from central: https://repo1.maven.org/maven2/org/apache/maven/doxia/doxia-core/1.12.0/doxia-core-1.12.0.pom
Progress (1): 802 B
Progress (1): 3.2 kB
Progress (1): 4.4 kB
                    
Downloaded from central: https://repo1.maven.org/maven2/org/apache/maven/doxia/doxia-core/1.12.0/doxia-core-1.12.0.pom (4.4 kB at 50 kB/s)
Downloading from central: https://repo1.maven.org/maven2/org/apache/maven/doxia/doxia-module-xdoc/1.12.0/doxia-module-xdoc-1.12.0.pom
Progress (1): 810 B
Progress (1): 2.5 kB
Progress (1): 4.3 kB
                    
Downloaded from central: https://repo1.maven.org/maven2/org/apache/maven/doxia/doxia-module-xdoc/1.12.0/doxia-module-xdoc-1.12.0.pom (4.3 kB at 75 kB/s)
Downloading from central: https://repo1.maven.org/maven2/org/apache/maven/doxia/doxia-modules/1.12.0/doxia-modules-1.12.0.pom
Progress (1): 817 B
Progress (1): 2.7 kB
                    
Downloaded from central: https://repo1.maven.org/maven2/org/apache/maven/doxia/doxia-modules/1.12.0/doxia-modules-1.12.0.pom (2.7 kB at 42 kB/s)
Downloading from central: https://repo1.maven.org/maven2/org/apache/directory/buildtools/checkstyle-configuration/2.0.2/checkstyle-configuration-2.0.2.pom
Progress (1): 848 B
Progress (1): 1.6 kB
                    
Downloaded from central: https://repo1.maven.org/maven2/org/apache/directory/buildtools/checkstyle-configuration/2.0.2/checkstyle-configuration-2.0.2.pom (1.6 kB at 6.4 kB/s)
Downloading from central: https://repo1.maven.org/maven2/org/apache/directory/buildtools/buildtools-parent/2.0.2/buildtools-parent-2.0.2.pom
Progress (1): 811 B
Progress (1): 2.3 kB
Progress (1): 3.9 kB
                    
Downloaded from central: https://repo1.maven.org/maven2/org/apache/directory/buildtools/buildtools-parent/2.0.2/buildtools-parent-2.0.2.pom (3.9 kB at 57 kB/s)
Downloading from central: https://repo1.maven.org/maven2/com/puppycrawl/tools/checkstyle/10.21.1/checkstyle-10.21.1.jar
Downloading from central: https://repo1.maven.org/maven2/info/picocli/picocli/4.7.6/picocli-4.7.6.jar
Downloading from central: https://repo1.maven.org/maven2/org/antlr/antlr4-runtime/4.13.2/antlr4-runtime-4.13.2.jar
Downloading from central: https://repo1.maven.org/maven2/com/google/guava/guava/33.4.0-jre/guava-33.4.0-jre.jar
Downloading from central: https://repo1.maven.org/maven2/com/google/guava/failureaccess/1.0.2/failureaccess-1.0.2.jar
Progress (1): 0/2.2 MB
Progress (1): 0/2.2 MB
Progress (1): 0/2.2 MB
Progress (1): 0/2.2 MB
Progress (1): 0/2.2 MB
Progress (1): 0/2.2 MB
Progress (1): 0/2.2 MB
Progress (1): 0/2.2 MB
Progress (1): 0/2.2 MB
Progress (1): 0/2.2 MB
Progress (1): 0/2.2 MB
Progress (1): 0/2.2 MB
Progress (2): 0/2.2 MB | 0.9/416 kB
Progress (2): 0/2.2 MB | 2.3/416 kB
Progress (2): 0/2.2 MB | 3.7/416 kB
Progress (2): 0/2.2 MB | 5.0/416 kB
Progress (2): 0/2.2 MB | 6.4/416 kB
Progress (2): 0/2.2 MB | 7.8/416 kB
Progress (2): 0.1/2.2 MB | 7.8/416 kB
Progress (2): 0.1/2.2 MB | 9.1/416 kB
Progress (2): 0.1/2.2 MB | 11/416 kB 
Progress (2): 0.1/2.2 MB | 12/416 kB
Progress (2): 0.1/2.2 MB | 12/416 kB
Progress (2): 0.1/2.2 MB | 14/416 kB
Progress (2): 0.1/2.2 MB | 15/416 kB
Progress (2): 0.1/2.2 MB | 16/416 kB
Progress (2): 0.1/2.2 MB | 18/416 kB
Progress (2): 0.1/2.2 MB | 19/416 kB
Progress (2): 0.1/2.2 MB | 21/416 kB
Progress (2): 0.1/2.2 MB | 22/416 kB
Progress (2): 0.1/2.2 MB | 23/416 kB
Progress (2): 0.1/2.2 MB | 25/416 kB
Progress (2): 0.1/2.2 MB | 26/416 kB
Progress (2): 0.1/2.2 MB | 27/416 kB
Progress (2): 0.1/2.2 MB | 29/416 kB
Progress (2): 0.1/2.2 MB | 30/416 kB
Progress (2): 0.1/2.2 MB | 31/416 kB
Progress (2): 0.1/2.2 MB | 33/416 kB
Progress (2): 0.1/2.2 MB | 34/416 kB
Progress (2): 0.1/2.2 MB | 36/416 kB
Progress (2): 0.1/2.2 MB | 37/416 kB
Progress (2): 0.1/2.2 MB | 38/416 kB
Progress (2): 0.1/2.2 MB | 40/416 kB
Progress (2): 0.1/2.2 MB | 41/416 kB
Progress (2): 0.1/2.2 MB | 42/416 kB
Progress (2): 0.1/2.2 MB | 44/416 kB
Progress (2): 0.1/2.2 MB | 45/416 kB
Progress (2): 0.1/2.2 MB | 47/416 kB
Progress (2): 0.1/2.2 MB | 48/416 kB
Progress (2): 0.1/2.2 MB | 49/416 kB
Progress (2): 0.1/2.2 MB | 49/416 kB
Progress (2): 0.1/2.2 MB | 51/416 kB
Progress (2): 0.1/2.2 MB | 52/416 kB
Progress (2): 0.1/2.2 MB | 53/416 kB
Progress (2): 0.1/2.2 MB | 55/416 kB
Progress (3): 0.1/2.2 MB | 55/416 kB | 0.9/326 kB
Progress (4): 0.1/2.2 MB | 55/416 kB | 0.9/326 kB | 0/3.1 MB
Progress (4): 0.1/2.2 MB | 59/416 kB | 0.9/326 kB | 0/3.1 MB
Progress (4): 0.1/2.2 MB | 59/416 kB | 0.9/326 kB | 0/3.1 MB
Progress (4): 0.1/2.2 MB | 63/416 kB | 0.9/326 kB | 0/3.1 MB
Progress (4): 0.1/2.2 MB | 63/416 kB | 0.9/326 kB | 0/3.1 MB
Progress (4): 0.1/2.2 MB | 63/416 kB | 0.9/326 kB | 0/3.1 MB
Progress (4): 0.1/2.2 MB | 63/416 kB | 0.9/326 kB | 0/3.1 MB
Progress (4): 0.1/2.2 MB | 63/416 kB | 0.9/326 kB | 0/3.1 MB
Progress (4): 0.1/2.2 MB | 63/416 kB | 0.9/326 kB | 0/3.1 MB
Progress (4): 0.1/2.2 MB | 63/416 kB | 0.9/326 kB | 0/3.1 MB
Progress (4): 0.1/2.2 MB | 63/416 kB | 0.9/326 kB | 0/3.1 MB
Progress (5): 0.1/2.2 MB | 63/416 kB | 0.9/326 kB | 0/3.1 MB | 0.9/4.7 kB
Progress (5): 0.1/2.2 MB | 63/416 kB | 0.9/326 kB | 0/3.1 MB | 0.9/4.7 kB
Progress (5): 0.1/2.2 MB | 63/416 kB | 2.3/326 kB | 0/3.1 MB | 0.9/4.7 kB
Progress (5): 0.1/2.2 MB | 63/416 kB | 2.3/326 kB | 0/3.1 MB | 2.3/4.7 kB
Progress (5): 0.1/2.2 MB | 63/416 kB | 2.3/326 kB | 0/3.1 MB | 2.3/4.7 kB
Progress (5): 0.1/2.2 MB | 63/416 kB | 2.3/326 kB | 0/3.1 MB | 3.7/4.7 kB
Progress (5): 0.1/2.2 MB | 63/416 kB | 2.3/326 kB | 0/3.1 MB | 3.7/4.7 kB
Progress (5): 0.1/2.2 MB | 63/416 kB | 2.3/326 kB | 0/3.1 MB | 3.7/4.7 kB
Progress (5): 0.1/2.2 MB | 63/416 kB | 2.3/326 kB | 0/3.1 MB | 3.7/4.7 kB
Progress (5): 0.1/2.2 MB | 63/416 kB | 2.3/326 kB | 0/3.1 MB | 4.7 kB    
Progress (5): 0.1/2.2 MB | 63/416 kB | 3.7/326 kB | 0/3.1 MB | 4.7 kB
Progress (5): 0.1/2.2 MB | 63/416 kB | 3.7/326 kB | 0/3.1 MB | 4.7 kB
Progress (5): 0.1/2.2 MB | 63/416 kB | 3.7/326 kB | 0/3.1 MB | 4.7 kB
Progress (5): 0.1/2.2 MB | 63/416 kB | 3.7/326 kB | 0/3.1 MB | 4.7 kB
Progress (5): 0.1/2.2 MB | 67/416 kB | 3.7/326 kB | 0/3.1 MB | 4.7 kB
Progress (5): 0.1/2.2 MB | 67/416 kB | 3.7/326 kB | 0/3.1 MB | 4.7 kB
Progress (5): 0.1/2.2 MB | 72/416 kB | 3.7/326 kB | 0/3.1 MB | 4.7 kB
Progress (5): 0.1/2.2 MB | 72/416 kB | 3.7/326 kB | 0/3.1 MB | 4.7 kB
Progress (5): 0.1/2.2 MB | 72/416 kB | 3.7/326 kB | 0/3.1 MB | 4.7 kB
Progress (5): 0.1/2.2 MB | 76/416 kB | 3.7/326 kB | 0/3.1 MB | 4.7 kB
Progress (5): 0.1/2.2 MB | 76/416 kB | 3.7/326 kB | 0/3.1 MB | 4.7 kB
Progress (5): 0.1/2.2 MB | 80/416 kB | 3.7/326 kB | 0/3.1 MB | 4.7 kB
Progress (5): 0.1/2.2 MB | 80/416 kB | 3.7/326 kB | 0/3.1 MB | 4.7 kB
Progress (5): 0.1/2.2 MB | 80/416 kB | 3.7/326 kB | 0/3.1 MB | 4.7 kB
Progress (5): 0.1/2.2 MB | 84/416 kB | 3.7/326 kB | 0/3.1 MB | 4.7 kB
Progress (5): 0.1/2.2 MB | 84/416 kB | 3.7/326 kB | 0/3.1 MB | 4.7 kB
Progress (5): 0.1/2.2 MB | 89/416 kB | 3.7/326 kB | 0/3.1 MB | 4.7 kB
Progress (5): 0.1/2.2 MB | 93/416 kB | 3.7/326 kB | 0/3.1 MB | 4.7 kB
Progress (5): 0.1/2.2 MB | 93/416 kB | 5.0/326 kB | 0/3.1 MB | 4.7 kB
Progress (5): 0.1/2.2 MB | 93/416 kB | 5.0/326 kB | 0/3.1 MB | 4.7 kB
Progress (5): 0.1/2.2 MB | 97/416 kB | 5.0/326 kB | 0/3.1 MB | 4.7 kB
Progress (5): 0.1/2.2 MB | 97/416 kB | 5.0/326 kB | 0/3.1 MB | 4.7 kB
Progress (5): 0.1/2.2 MB | 97/416 kB | 5.0/326 kB | 0/3.1 MB | 4.7 kB
Progress (5): 0.2/2.2 MB | 97/416 kB | 5.0/326 kB | 0/3.1 MB | 4.7 kB
Progress (5): 0.2/2.2 MB | 101/416 kB | 5.0/326 kB | 0/3.1 MB | 4.7 kB
Progress (5): 0.2/2.2 MB | 101/416 kB | 5.0/326 kB | 0/3.1 MB | 4.7 kB
Progress (5): 0.2/2.2 MB | 105/416 kB | 5.0/326 kB | 0/3.1 MB | 4.7 kB
Progress (5): 0.2/2.2 MB | 110/416 kB | 5.0/326 kB | 0/3.1 MB | 4.7 kB
Progress (5): 0.2/2.2 MB | 110/416 kB | 5.0/326 kB | 0/3.1 MB | 4.7 kB
Progress (5): 0.2/2.2 MB | 114/416 kB | 5.0/326 kB | 0/3.1 MB | 4.7 kB
Progress (5): 0.2/2.2 MB | 114/416 kB | 5.0/326 kB | 0/3.1 MB | 4.7 kB
Progress (5): 0.2/2.2 MB | 118/416 kB | 5.0/326 kB | 0/3.1 MB | 4.7 kB
Progress (5): 0.2/2.2 MB | 122/416 kB | 5.0/326 kB | 0/3.1 MB | 4.7 kB
Progress (5): 0.2/2.2 MB | 122/416 kB | 5.0/326 kB | 0/3.1 MB | 4.7 kB
Progress (5): 0.2/2.2 MB | 127/416 kB | 5.0/326 kB | 0/3.1 MB | 4.7 kB
Progress (5): 0.2/2.2 MB | 127/416 kB | 5.0/326 kB | 0/3.1 MB | 4.7 kB
Progress (5): 0.2/2.2 MB | 131/416 kB | 5.0/326 kB | 0/3.1 MB | 4.7 kB
Progress (5): 0.2/2.2 MB | 131/416 kB | 5.0/326 kB | 0/3.1 MB | 4.7 kB
Progress (5): 0.2/2.2 MB | 135/416 kB | 5.0/326 kB | 0/3.1 MB | 4.7 kB
Progress (5): 0.2/2.2 MB | 135/416 kB | 5.0/326 kB | 0/3.1 MB | 4.7 kB
Progress (5): 0.2/2.2 MB | 140/416 kB | 5.0/326 kB | 0/3.1 MB | 4.7 kB
Progress (5): 0.2/2.2 MB | 140/416 kB | 5.0/326 kB | 0/3.1 MB | 4.7 kB
Progress (5): 0.2/2.2 MB | 144/416 kB | 5.0/326 kB | 0/3.1 MB | 4.7 kB
Progress (5): 0.2/2.2 MB | 144/416 kB | 5.0/326 kB | 0/3.1 MB | 4.7 kB
Progress (5): 0.2/2.2 MB | 144/416 kB | 5.0/326 kB | 0/3.1 MB | 4.7 kB
Progress (5): 0.2/2.2 MB | 144/416 kB | 5.0/326 kB | 0/3.1 MB | 4.7 kB
Progress (5): 0.2/2.2 MB | 144/416 kB | 6.4/326 kB | 0/3.1 MB | 4.7 kB
Progress (5): 0.2/2.2 MB | 144/416 kB | 6.4/326 kB | 0/3.1 MB | 4.7 kB
Progress (5): 0.2/2.2 MB | 148/416 kB | 6.4/326 kB | 0/3.1 MB | 4.7 kB
Progress (5): 0.2/2.2 MB | 148/416 kB | 7.8/326 kB | 0/3.1 MB | 4.7 kB
Progress (5): 0.2/2.2 MB | 148/416 kB | 9.1/326 kB | 0/3.1 MB | 4.7 kB
Progress (5): 0.2/2.2 MB | 152/416 kB | 9.1/326 kB | 0/3.1 MB | 4.7 kB
Progress (5): 0.2/2.2 MB | 152/416 kB | 9.1/326 kB | 0/3.1 MB | 4.7 kB
Progress (5): 0.2/2.2 MB | 152/416 kB | 11/326 kB | 0/3.1 MB | 4.7 kB 
Progress (5): 0.2/2.2 MB | 156/416 kB | 11/326 kB | 0/3.1 MB | 4.7 kB
Progress (5): 0.2/2.2 MB | 156/416 kB | 12/326 kB | 0/3.1 MB | 4.7 kB
Progress (5): 0.2/2.2 MB | 161/416 kB | 12/326 kB | 0/3.1 MB | 4.7 kB
Progress (5): 0.2/2.2 MB | 161/416 kB | 13/326 kB | 0/3.1 MB | 4.7 kB
Progress (5): 0.2/2.2 MB | 161/416 kB | 13/326 kB | 0/3.1 MB | 4.7 kB
Progress (5): 0.2/2.2 MB | 165/416 kB | 13/326 kB | 0/3.1 MB | 4.7 kB
Progress (5): 0.2/2.2 MB | 165/416 kB | 13/326 kB | 0/3.1 MB | 4.7 kB
Progress (5): 0.2/2.2 MB | 169/416 kB | 13/326 kB | 0/3.1 MB | 4.7 kB
Progress (5): 0.2/2.2 MB | 169/416 kB | 13/326 kB | 0/3.1 MB | 4.7 kB
Progress (5): 0.2/2.2 MB | 169/416 kB | 15/326 kB | 0/3.1 MB | 4.7 kB
Progress (5): 0.2/2.2 MB | 169/416 kB | 15/326 kB | 0.1/3.1 MB | 4.7 kB
Progress (5): 0.2/2.2 MB | 169/416 kB | 16/326 kB | 0.1/3.1 MB | 4.7 kB
Progress (5): 0.2/2.2 MB | 173/416 kB | 16/326 kB | 0.1/3.1 MB | 4.7 kB
Progress (5): 0.2/2.2 MB | 173/416 kB | 16/326 kB | 0.1/3.1 MB | 4.7 kB
Progress (5): 0.2/2.2 MB | 178/416 kB | 16/326 kB | 0.1/3.1 MB | 4.7 kB
Progress (5): 0.2/2.2 MB | 178/416 kB | 16/326 kB | 0.1/3.1 MB | 4.7 kB
Progress (5): 0.2/2.2 MB | 182/416 kB | 16/326 kB | 0.1/3.1 MB | 4.7 kB
Progress (5): 0.2/2.2 MB | 182/416 kB | 17/326 kB | 0.1/3.1 MB | 4.7 kB
Progress (5): 0.2/2.2 MB | 182/416 kB | 19/326 kB | 0.1/3.1 MB | 4.7 kB
Progress (5): 0.2/2.2 MB | 182/416 kB | 19/326 kB | 0.1/3.1 MB | 4.7 kB
Progress (5): 0.2/2.2 MB | 186/416 kB | 19/326 kB | 0.1/3.1 MB | 4.7 kB
Progress (5): 0.2/2.2 MB | 186/416 kB | 19/326 kB | 0.1/3.1 MB | 4.7 kB
Progress (5): 0.2/2.2 MB | 190/416 kB | 19/326 kB | 0.1/3.1 MB | 4.7 kB
Progress (5): 0.2/2.2 MB | 190/416 kB | 20/326 kB | 0.1/3.1 MB | 4.7 kB
Progress (5): 0.2/2.2 MB | 190/416 kB | 20/326 kB | 0.1/3.1 MB | 4.7 kB
Progress (5): 0.2/2.2 MB | 190/416 kB | 21/326 kB | 0.1/3.1 MB | 4.7 kB
Progress (5): 0.2/2.2 MB | 190/416 kB | 23/326 kB | 0.1/3.1 MB | 4.7 kB
Progress (5): 0.2/2.2 MB | 190/416 kB | 24/326 kB | 0.1/3.1 MB | 4.7 kB
Progress (5): 0.2/2.2 MB | 190/416 kB | 26/326 kB | 0.1/3.1 MB | 4.7 kB
Progress (5): 0.2/2.2 MB | 190/416 kB | 27/326 kB | 0.1/3.1 MB | 4.7 kB
Progress (5): 0.2/2.2 MB | 190/416 kB | 28/326 kB | 0.1/3.1 MB | 4.7 kB
Progress (5): 0.2/2.2 MB | 190/416 kB | 30/326 kB | 0.1/3.1 MB | 4.7 kB
Progress (5): 0.2/2.2 MB | 190/416 kB | 31/326 kB | 0.1/3.1 MB | 4.7 kB
Progress (5): 0.2/2.2 MB | 190/416 kB | 32/326 kB | 0.1/3.1 MB | 4.7 kB
Progress (5): 0.2/2.2 MB | 190/416 kB | 34/326 kB | 0.1/3.1 MB | 4.7 kB
Progress (5): 0.2/2.2 MB | 190/416 kB | 35/326 kB | 0.1/3.1 MB | 4.7 kB
Progress (5): 0.2/2.2 MB | 190/416 kB | 37/326 kB | 0.1/3.1 MB | 4.7 kB
Progress (5): 0.2/2.2 MB | 190/416 kB | 38/326 kB | 0.1/3.1 MB | 4.7 kB
Progress (5): 0.2/2.2 MB | 190/416 kB | 39/326 kB | 0.1/3.1 MB | 4.7 kB
Progress (5): 0.2/2.2 MB | 190/416 kB | 41/326 kB | 0.1/3.1 MB | 4.7 kB
Progress (5): 0.2/2.2 MB | 190/416 kB | 42/326 kB | 0.1/3.1 MB | 4.7 kB
Progress (5): 0.2/2.2 MB | 190/416 kB | 43/326 kB | 0.1/3.1 MB | 4.7 kB
Progress (5): 0.2/2.2 MB | 190/416 kB | 45/326 kB | 0.1/3.1 MB | 4.7 kB
Progress (5): 0.2/2.2 MB | 190/416 kB | 46/326 kB | 0.1/3.1 MB | 4.7 kB
Progress (5): 0.2/2.2 MB | 190/416 kB | 47/326 kB | 0.1/3.1 MB | 4.7 kB
Progress (5): 0.2/2.2 MB | 190/416 kB | 49/326 kB | 0.1/3.1 MB | 4.7 kB
Progress (5): 0.2/2.2 MB | 190/416 kB | 50/326 kB | 0.1/3.1 MB | 4.7 kB
Progress (5): 0.2/2.2 MB | 190/416 kB | 52/326 kB | 0.1/3.1 MB | 4.7 kB
Progress (5): 0.2/2.2 MB | 190/416 kB | 52/326 kB | 0.1/3.1 MB | 4.7 kB
Progress (5): 0.2/2.2 MB | 190/416 kB | 53/326 kB | 0.1/3.1 MB | 4.7 kB
Progress (5): 0.2/2.2 MB | 190/416 kB | 54/326 kB | 0.1/3.1 MB | 4.7 kB
                                                                       
Downloaded from central: https://repo1.maven.org/maven2/com/google/guava/failureaccess/1.0.2/failureaccess-1.0.2.jar (4.7 kB at 51 kB/s)
Downloading from central: https://repo1.maven.org/maven2/com/google/errorprone/error_prone_annotations/2.36.0/error_prone_annotations-2.36.0.jar
Progress (4): 0.2/2.2 MB | 190/416 kB | 56/326 kB | 0.1/3.1 MB
Progress (4): 0.2/2.2 MB | 190/416 kB | 56/326 kB | 0.1/3.1 MB
Progress (4): 0.2/2.2 MB | 190/416 kB | 56/326 kB | 0.1/3.1 MB
Progress (4): 0.2/2.2 MB | 190/416 kB | 56/326 kB | 0.1/3.1 MB
Progress (4): 0.2/2.2 MB | 190/416 kB | 60/326 kB | 0.1/3.1 MB
Progress (4): 0.2/2.2 MB | 190/416 kB | 64/326 kB | 0.1/3.1 MB
Progress (4): 0.2/2.2 MB | 190/416 kB | 64/326 kB | 0.1/3.1 MB
Progress (4): 0.2/2.2 MB | 190/416 kB | 64/326 kB | 0.1/3.1 MB
Progress (4): 0.2/2.2 MB | 190/416 kB | 64/326 kB | 0.1/3.1 MB
Progress (4): 0.2/2.2 MB | 190/416 kB | 64/326 kB | 0.1/3.1 MB
Progress (4): 0.2/2.2 MB | 190/416 kB | 68/326 kB | 0.1/3.1 MB
Progress (4): 0.2/2.2 MB | 190/416 kB | 68/326 kB | 0.1/3.1 MB
Progress (4): 0.2/2.2 MB | 190/416 kB | 73/326 kB | 0.1/3.1 MB
Progress (4): 0.2/2.2 MB | 190/416 kB | 73/326 kB | 0.1/3.1 MB
Progress (4): 0.2/2.2 MB | 190/416 kB | 77/326 kB | 0.1/3.1 MB
Progress (4): 0.2/2.2 MB | 190/416 kB | 81/326 kB | 0.1/3.1 MB
Progress (4): 0.2/2.2 MB | 190/416 kB | 81/326 kB | 0.1/3.1 MB
Progress (4): 0.2/2.2 MB | 190/416 kB | 85/326 kB | 0.1/3.1 MB
Progress (4): 0.2/2.2 MB | 190/416 kB | 85/326 kB | 0.1/3.1 MB
Progress (4): 0.2/2.2 MB | 190/416 kB | 90/326 kB | 0.1/3.1 MB
Progress (4): 0.2/2.2 MB | 190/416 kB | 90/326 kB | 0.1/3.1 MB
Progress (4): 0.2/2.2 MB | 190/416 kB | 94/326 kB | 0.1/3.1 MB
Progress (4): 0.2/2.2 MB | 190/416 kB | 98/326 kB | 0.1/3.1 MB
Progress (4): 0.2/2.2 MB | 195/416 kB | 98/326 kB | 0.1/3.1 MB
Progress (4): 0.2/2.2 MB | 195/416 kB | 98/326 kB | 0.1/3.1 MB
Progress (4): 0.2/2.2 MB | 195/416 kB | 102/326 kB | 0.1/3.1 MB
Progress (4): 0.2/2.2 MB | 195/416 kB | 102/326 kB | 0.1/3.1 MB
Progress (4): 0.2/2.2 MB | 195/416 kB | 106/326 kB | 0.1/3.1 MB
Progress (4): 0.2/2.2 MB | 199/416 kB | 106/326 kB | 0.1/3.1 MB
Progress (4): 0.3/2.2 MB | 199/416 kB | 106/326 kB | 0.1/3.1 MB
Progress (4): 0.3/2.2 MB | 199/416 kB | 111/326 kB | 0.1/3.1 MB
Progress (4): 0.3/2.2 MB | 199/416 kB | 111/326 kB | 0.1/3.1 MB
Progress (4): 0.3/2.2 MB | 203/416 kB | 111/326 kB | 0.1/3.1 MB
Progress (4): 0.3/2.2 MB | 203/416 kB | 115/326 kB | 0.1/3.1 MB
Progress (4): 0.3/2.2 MB | 203/416 kB | 119/326 kB | 0.1/3.1 MB
Progress (4): 0.3/2.2 MB | 203/416 kB | 119/326 kB | 0.1/3.1 MB
Progress (4): 0.3/2.2 MB | 203/416 kB | 123/326 kB | 0.1/3.1 MB
Progress (4): 0.3/2.2 MB | 207/416 kB | 123/326 kB | 0.1/3.1 MB
Progress (4): 0.3/2.2 MB | 207/416 kB | 123/326 kB | 0.1/3.1 MB
Progress (4): 0.3/2.2 MB | 207/416 kB | 128/326 kB | 0.1/3.1 MB
Progress (4): 0.3/2.2 MB | 207/416 kB | 131/326 kB | 0.1/3.1 MB
Progress (4): 0.3/2.2 MB | 211/416 kB | 131/326 kB | 0.1/3.1 MB
Progress (4): 0.3/2.2 MB | 211/416 kB | 131/326 kB | 0.1/3.1 MB
Progress (4): 0.3/2.2 MB | 216/416 kB | 131/326 kB | 0.1/3.1 MB
Progress (4): 0.3/2.2 MB | 220/416 kB | 131/326 kB | 0.1/3.1 MB
Progress (4): 0.3/2.2 MB | 220/416 kB | 131/326 kB | 0.1/3.1 MB
Progress (4): 0.3/2.2 MB | 220/416 kB | 135/326 kB | 0.1/3.1 MB
Progress (4): 0.3/2.2 MB | 220/416 kB | 139/326 kB | 0.1/3.1 MB
Progress (4): 0.3/2.2 MB | 236/416 kB | 139/326 kB | 0.1/3.1 MB
Progress (4): 0.3/2.2 MB | 236/416 kB | 143/326 kB | 0.1/3.1 MB
Progress (4): 0.3/2.2 MB | 253/416 kB | 143/326 kB | 0.1/3.1 MB
Progress (4): 0.3/2.2 MB | 253/416 kB | 148/326 kB | 0.1/3.1 MB
Progress (4): 0.3/2.2 MB | 253/416 kB | 148/326 kB | 0.1/3.1 MB
Progress (4): 0.3/2.2 MB | 262/416 kB | 148/326 kB | 0.1/3.1 MB
Progress (4): 0.3/2.2 MB | 262/416 kB | 152/326 kB | 0.1/3.1 MB
Progress (4): 0.3/2.2 MB | 279/416 kB | 152/326 kB | 0.1/3.1 MB
Progress (4): 0.3/2.2 MB | 279/416 kB | 156/326 kB | 0.1/3.1 MB
Progress (4): 0.3/2.2 MB | 279/416 kB | 160/326 kB | 0.1/3.1 MB
Progress (4): 0.3/2.2 MB | 279/416 kB | 160/326 kB | 0.1/3.1 MB
Progress (4): 0.3/2.2 MB | 279/416 kB | 164/326 kB | 0.1/3.1 MB
Progress (4): 0.3/2.2 MB | 295/416 kB | 164/326 kB | 0.1/3.1 MB
Progress (4): 0.3/2.2 MB | 295/416 kB | 164/326 kB | 0.1/3.1 MB
Progress (4): 0.3/2.2 MB | 311/416 kB | 164/326 kB | 0.1/3.1 MB
Progress (4): 0.3/2.2 MB | 311/416 kB | 169/326 kB | 0.1/3.1 MB
Progress (4): 0.3/2.2 MB | 311/416 kB | 169/326 kB | 0.1/3.1 MB
Progress (4): 0.3/2.2 MB | 311/416 kB | 173/326 kB | 0.1/3.1 MB
Progress (4): 0.3/2.2 MB | 328/416 kB | 173/326 kB | 0.1/3.1 MB
Progress (4): 0.3/2.2 MB | 344/416 kB | 173/326 kB | 0.1/3.1 MB
Progress (4): 0.4/2.2 MB | 344/416 kB | 173/326 kB | 0.1/3.1 MB
Progress (4): 0.4/2.2 MB | 344/416 kB | 177/326 kB | 0.1/3.1 MB
Progress (4): 0.4/2.2 MB | 344/416 kB | 181/326 kB | 0.1/3.1 MB
Progress (4): 0.4/2.2 MB | 344/416 kB | 181/326 kB | 0.1/3.1 MB
Progress (4): 0.4/2.2 MB | 360/416 kB | 181/326 kB | 0.1/3.1 MB
Progress (4): 0.4/2.2 MB | 360/416 kB | 186/326 kB | 0.1/3.1 MB
Progress (4): 0.4/2.2 MB | 360/416 kB | 190/326 kB | 0.1/3.1 MB
Progress (4): 0.4/2.2 MB | 377/416 kB | 190/326 kB | 0.1/3.1 MB
Progress (4): 0.4/2.2 MB | 377/416 kB | 190/326 kB | 0.1/3.1 MB
Progress (4): 0.4/2.2 MB | 393/416 kB | 190/326 kB | 0.1/3.1 MB
Progress (4): 0.4/2.2 MB | 393/416 kB | 190/326 kB | 0.1/3.1 MB
Progress (4): 0.4/2.2 MB | 410/416 kB | 190/326 kB | 0.1/3.1 MB
Progress (4): 0.4/2.2 MB | 416 kB | 190/326 kB | 0.1/3.1 MB    
Progress (4): 0.4/2.2 MB | 416 kB | 190/326 kB | 0.1/3.1 MB
Progress (4): 0.4/2.2 MB | 416 kB | 190/326 kB | 0.1/3.1 MB
Progress (4): 0.5/2.2 MB | 416 kB | 190/326 kB | 0.1/3.1 MB
Progress (4): 0.5/2.2 MB | 416 kB | 190/326 kB | 0.1/3.1 MB
Progress (4): 0.5/2.2 MB | 416 kB | 190/326 kB | 0.1/3.1 MB
Progress (4): 0.5/2.2 MB | 416 kB | 190/326 kB | 0.1/3.1 MB
Progress (4): 0.5/2.2 MB | 416 kB | 190/326 kB | 0.1/3.1 MB
Progress (4): 0.5/2.2 MB | 416 kB | 194/326 kB | 0.1/3.1 MB
Progress (4): 0.5/2.2 MB | 416 kB | 194/326 kB | 0.1/3.1 MB
Progress (4): 0.5/2.2 MB | 416 kB | 194/326 kB | 0.1/3.1 MB
Progress (4): 0.5/2.2 MB | 416 kB | 194/326 kB | 0.1/3.1 MB
Progress (4): 0.5/2.2 MB | 416 kB | 198/326 kB | 0.1/3.1 MB
Progress (4): 0.5/2.2 MB | 416 kB | 202/326 kB | 0.1/3.1 MB
Progress (4): 0.5/2.2 MB | 416 kB | 202/326 kB | 0.1/3.1 MB
Progress (4): 0.6/2.2 MB | 416 kB | 202/326 kB | 0.1/3.1 MB
Progress (4): 0.6/2.2 MB | 416 kB | 202/326 kB | 0.1/3.1 MB
Progress (4): 0.6/2.2 MB | 416 kB | 207/326 kB | 0.1/3.1 MB
Progress (4): 0.6/2.2 MB | 416 kB | 207/326 kB | 0.1/3.1 MB
Progress (4): 0.6/2.2 MB | 416 kB | 207/326 kB | 0.1/3.1 MB
Progress (4): 0.6/2.2 MB | 416 kB | 207/326 kB | 0.2/3.1 MB
Progress (4): 0.6/2.2 MB | 416 kB | 211/326 kB | 0.2/3.1 MB
Progress (4): 0.6/2.2 MB | 416 kB | 215/326 kB | 0.2/3.1 MB
Progress (4): 0.6/2.2 MB | 416 kB | 215/326 kB | 0.2/3.1 MB
Progress (4): 0.6/2.2 MB | 416 kB | 215/326 kB | 0.2/3.1 MB
Progress (4): 0.6/2.2 MB | 416 kB | 219/326 kB | 0.2/3.1 MB
Progress (4): 0.6/2.2 MB | 416 kB | 224/326 kB | 0.2/3.1 MB
Progress (4): 0.6/2.2 MB | 416 kB | 224/326 kB | 0.2/3.1 MB
Progress (4): 0.6/2.2 MB | 416 kB | 224/326 kB | 0.2/3.1 MB
Progress (4): 0.6/2.2 MB | 416 kB | 224/326 kB | 0.2/3.1 MB
Progress (4): 0.6/2.2 MB | 416 kB | 240/326 kB | 0.2/3.1 MB
Progress (4): 0.6/2.2 MB | 416 kB | 240/326 kB | 0.2/3.1 MB
Progress (4): 0.6/2.2 MB | 416 kB | 240/326 kB | 0.2/3.1 MB
Progress (4): 0.6/2.2 MB | 416 kB | 240/326 kB | 0.2/3.1 MB
Progress (4): 0.6/2.2 MB | 416 kB | 240/326 kB | 0.2/3.1 MB
Progress (4): 0.6/2.2 MB | 416 kB | 240/326 kB | 0.2/3.1 MB
Progress (4): 0.6/2.2 MB | 416 kB | 256/326 kB | 0.2/3.1 MB
Progress (4): 0.6/2.2 MB | 416 kB | 256/326 kB | 0.2/3.1 MB
Progress (4): 0.6/2.2 MB | 416 kB | 256/326 kB | 0.2/3.1 MB
Progress (4): 0.7/2.2 MB | 416 kB | 256/326 kB | 0.2/3.1 MB
Progress (4): 0.7/2.2 MB | 416 kB | 262/326 kB | 0.2/3.1 MB
Progress (4): 0.7/2.2 MB | 416 kB | 262/326 kB | 0.2/3.1 MB
Progress (4): 0.7/2.2 MB | 416 kB | 262/326 kB | 0.2/3.1 MB
Progress (4): 0.7/2.2 MB | 416 kB | 262/326 kB | 0.2/3.1 MB
Progress (4): 0.7/2.2 MB | 416 kB | 262/326 kB | 0.2/3.1 MB
Progress (4): 0.7/2.2 MB | 416 kB | 262/326 kB | 0.2/3.1 MB
Progress (4): 0.7/2.2 MB | 416 kB | 262/326 kB | 0.2/3.1 MB
Progress (4): 0.7/2.2 MB | 416 kB | 262/326 kB | 0.2/3.1 MB
Progress (4): 0.7/2.2 MB | 416 kB | 262/326 kB | 0.2/3.1 MB
Progress (4): 0.7/2.2 MB | 416 kB | 278/326 kB | 0.2/3.1 MB
Progress (4): 0.7/2.2 MB | 416 kB | 278/326 kB | 0.2/3.1 MB
Progress (4): 0.7/2.2 MB | 416 kB | 278/326 kB | 0.2/3.1 MB
Progress (4): 0.7/2.2 MB | 416 kB | 294/326 kB | 0.2/3.1 MB
Progress (4): 0.7/2.2 MB | 416 kB | 294/326 kB | 0.2/3.1 MB
Progress (4): 0.7/2.2 MB | 416 kB | 294/326 kB | 0.2/3.1 MB
Progress (4): 0.8/2.2 MB | 416 kB | 294/326 kB | 0.2/3.1 MB
Progress (4): 0.8/2.2 MB | 416 kB | 294/326 kB | 0.2/3.1 MB
Progress (4): 0.8/2.2 MB | 416 kB | 294/326 kB | 0.2/3.1 MB
Progress (4): 0.8/2.2 MB | 416 kB | 311/326 kB | 0.2/3.1 MB
Progress (4): 0.8/2.2 MB | 416 kB | 311/326 kB | 0.2/3.1 MB
Progress (4): 0.8/2.2 MB | 416 kB | 311/326 kB | 0.2/3.1 MB
Progress (4): 0.8/2.2 MB | 416 kB | 311/326 kB | 0.2/3.1 MB
Progress (4): 0.8/2.2 MB | 416 kB | 311/326 kB | 0.2/3.1 MB
                                                           
Downloaded from central: https://repo1.maven.org/maven2/info/picocli/picocli/4.7.6/picocli-4.7.6.jar (416 kB at 3.4 MB/s)
Downloading from central: https://repo1.maven.org/maven2/com/google/j2objc/j2objc-annotations/3.0.0/j2objc-annotations-3.0.0.jar
Progress (3): 0.8/2.2 MB | 311/326 kB | 0.2/3.1 MB
Progress (3): 0.8/2.2 MB | 311/326 kB | 0.2/3.1 MB
Progress (3): 0.9/2.2 MB | 311/326 kB | 0.2/3.1 MB
Progress (3): 0.9/2.2 MB | 311/326 kB | 0.2/3.1 MB
Progress (3): 0.9/2.2 MB | 311/326 kB | 0.3/3.1 MB
Progress (3): 0.9/2.2 MB | 311/326 kB | 0.3/3.1 MB
Progress (3): 0.9/2.2 MB | 311/326 kB | 0.3/3.1 MB
Progress (3): 0.9/2.2 MB | 311/326 kB | 0.3/3.1 MB
Progress (3): 0.9/2.2 MB | 311/326 kB | 0.3/3.1 MB
Progress (3): 1.0/2.2 MB | 311/326 kB | 0.3/3.1 MB
Progress (3): 1.0/2.2 MB | 311/326 kB | 0.3/3.1 MB
Progress (3): 1.0/2.2 MB | 326 kB | 0.3/3.1 MB    
Progress (3): 1.0/2.2 MB | 326 kB | 0.3/3.1 MB
Progress (3): 1.0/2.2 MB | 326 kB | 0.3/3.1 MB
Progress (4): 1.0/2.2 MB | 326 kB | 0.3/3.1 MB | 0.9/19 kB
Progress (4): 1.0/2.2 MB | 326 kB | 0.3/3.1 MB | 0.9/19 kB
Progress (4): 1.0/2.2 MB | 326 kB | 0.3/3.1 MB | 2.3/19 kB
Progress (4): 1.0/2.2 MB | 326 kB | 0.3/3.1 MB | 2.3/19 kB
Progress (4): 1.0/2.2 MB | 326 kB | 0.3/3.1 MB | 3.7/19 kB
Progress (4): 1.0/2.2 MB | 326 kB | 0.3/3.1 MB | 3.7/19 kB
Progress (4): 1.0/2.2 MB | 326 kB | 0.3/3.1 MB | 3.7/19 kB
Progress (4): 1.0/2.2 MB | 326 kB | 0.3/3.1 MB | 3.7/19 kB
Progress (4): 1.0/2.2 MB | 326 kB | 0.3/3.1 MB | 5.0/19 kB
Progress (4): 1.0/2.2 MB | 326 kB | 0.3/3.1 MB | 6.4/19 kB
Progress (4): 1.0/2.2 MB | 326 kB | 0.3/3.1 MB | 6.4/19 kB
Progress (4): 1.0/2.2 MB | 326 kB | 0.3/3.1 MB | 7.8/19 kB
Progress (4): 1.0/2.2 MB | 326 kB | 0.3/3.1 MB | 9.1/19 kB
Progress (4): 1.0/2.2 MB | 326 kB | 0.3/3.1 MB | 11/19 kB 
Progress (4): 1.1/2.2 MB | 326 kB | 0.3/3.1 MB | 11/19 kB
Progress (4): 1.1/2.2 MB | 326 kB | 0.3/3.1 MB | 12/19 kB
Progress (4): 1.1/2.2 MB | 326 kB | 0.3/3.1 MB | 13/19 kB
Progress (4): 1.1/2.2 MB | 326 kB | 0.3/3.1 MB | 15/19 kB
Progress (4): 1.1/2.2 MB | 326 kB | 0.3/3.1 MB | 15/19 kB
Progress (4): 1.1/2.2 MB | 326 kB | 0.3/3.1 MB | 16/19 kB
Progress (4): 1.1/2.2 MB | 326 kB | 0.3/3.1 MB | 17/19 kB
Progress (4): 1.1/2.2 MB | 326 kB | 0.3/3.1 MB | 17/19 kB
Progress (4): 1.1/2.2 MB | 326 kB | 0.3/3.1 MB | 19/19 kB
Progress (4): 1.1/2.2 MB | 326 kB | 0.3/3.1 MB | 19 kB   
Progress (4): 1.1/2.2 MB | 326 kB | 0.3/3.1 MB | 19 kB
Progress (4): 1.1/2.2 MB | 326 kB | 0.3/3.1 MB | 19 kB
Progress (4): 1.1/2.2 MB | 326 kB | 0.3/3.1 MB | 19 kB
Progress (4): 1.2/2.2 MB | 326 kB | 0.3/3.1 MB | 19 kB
Progress (4): 1.2/2.2 MB | 326 kB | 0.3/3.1 MB | 19 kB
Progress (4): 1.2/2.2 MB | 326 kB | 0.3/3.1 MB | 19 kB
Progress (4): 1.2/2.2 MB | 326 kB | 0.3/3.1 MB | 19 kB
Progress (4): 1.2/2.2 MB | 326 kB | 0.3/3.1 MB | 19 kB
Progress (4): 1.2/2.2 MB | 326 kB | 0.3/3.1 MB | 19 kB
Progress (4): 1.2/2.2 MB | 326 kB | 0.3/3.1 MB | 19 kB
Progress (4): 1.2/2.2 MB | 326 kB | 0.3/3.1 MB | 19 kB
Progress (4): 1.3/2.2 MB | 326 kB | 0.3/3.1 MB | 19 kB
Progress (4): 1.3/2.2 MB | 326 kB | 0.3/3.1 MB | 19 kB
Progress (4): 1.3/2.2 MB | 326 kB | 0.3/3.1 MB | 19 kB
Progress (4): 1.3/2.2 MB | 326 kB | 0.3/3.1 MB | 19 kB
Progress (4): 1.3/2.2 MB | 326 kB | 0.3/3.1 MB | 19 kB
Progress (4): 1.3/2.2 MB | 326 kB | 0.4/3.1 MB | 19 kB
Progress (4): 1.3/2.2 MB | 326 kB | 0.4/3.1 MB | 19 kB
Progress (4): 1.3/2.2 MB | 326 kB | 0.4/3.1 MB | 19 kB
Progress (4): 1.4/2.2 MB | 326 kB | 0.4/3.1 MB | 19 kB
Progress (4): 1.4/2.2 MB | 326 kB | 0.4/3.1 MB | 19 kB
Progress (4): 1.4/2.2 MB | 326 kB | 0.4/3.1 MB | 19 kB
Progress (4): 1.4/2.2 MB | 326 kB | 0.4/3.1 MB | 19 kB
Progress (4): 1.4/2.2 MB | 326 kB | 0.4/3.1 MB | 19 kB
Progress (4): 1.4/2.2 MB | 326 kB | 0.4/3.1 MB | 19 kB
Progress (4): 1.4/2.2 MB | 326 kB | 0.4/3.1 MB | 19 kB
Progress (4): 1.4/2.2 MB | 326 kB | 0.4/3.1 MB | 19 kB
Progress (4): 1.4/2.2 MB | 326 kB | 0.4/3.1 MB | 19 kB
Progress (4): 1.4/2.2 MB | 326 kB | 0.4/3.1 MB | 19 kB
Progress (4): 1.4/2.2 MB | 326 kB | 0.4/3.1 MB | 19 kB
Progress (4): 1.5/2.2 MB | 326 kB | 0.4/3.1 MB | 19 kB
Progress (4): 1.5/2.2 MB | 326 kB | 0.4/3.1 MB | 19 kB
Progress (4): 1.5/2.2 MB | 326 kB | 0.4/3.1 MB | 19 kB
Progress (4): 1.5/2.2 MB | 326 kB | 0.4/3.1 MB | 19 kB
Progress (4): 1.5/2.2 MB | 326 kB | 0.4/3.1 MB | 19 kB
Progress (4): 1.5/2.2 MB | 326 kB | 0.4/3.1 MB | 19 kB
Progress (4): 1.5/2.2 MB | 326 kB | 0.4/3.1 MB | 19 kB
Progress (4): 1.5/2.2 MB | 326 kB | 0.4/3.1 MB | 19 kB
Progress (4): 1.5/2.2 MB | 326 kB | 0.5/3.1 MB | 19 kB
Progress (4): 1.6/2.2 MB | 326 kB | 0.5/3.1 MB | 19 kB
Progress (4): 1.6/2.2 MB | 326 kB | 0.5/3.1 MB | 19 kB
Progress (4): 1.6/2.2 MB | 326 kB | 0.5/3.1 MB | 19 kB
Progress (4): 1.6/2.2 MB | 326 kB | 0.5/3.1 MB | 19 kB
Progress (4): 1.6/2.2 MB | 326 kB | 0.5/3.1 MB | 19 kB
Progress (4): 1.6/2.2 MB | 326 kB | 0.5/3.1 MB | 19 kB
Progress (4): 1.6/2.2 MB | 326 kB | 0.5/3.1 MB | 19 kB
Progress (4): 1.6/2.2 MB | 326 kB | 0.5/3.1 MB | 19 kB
Progress (4): 1.6/2.2 MB | 326 kB | 0.5/3.1 MB | 19 kB
Progress (4): 1.6/2.2 MB | 326 kB | 0.5/3.1 MB | 19 kB
Progress (4): 1.7/2.2 MB | 326 kB | 0.5/3.1 MB | 19 kB
                                                      
Downloaded from central: https://repo1.maven.org/maven2/com/google/errorprone/error_prone_annotations/2.36.0/error_prone_annotations-2.36.0.jar (19 kB at 131 kB/s)
Downloading from central: https://repo1.maven.org/maven2/net/sf/saxon/Saxon-HE/12.5/Saxon-HE-12.5.jar
Progress (3): 1.7/2.2 MB | 326 kB | 0.5/3.1 MB
Progress (3): 1.7/2.2 MB | 326 kB | 0.5/3.1 MB
                                              
Downloaded from central: https://repo1.maven.org/maven2/org/antlr/antlr4-runtime/4.13.2/antlr4-runtime-4.13.2.jar (326 kB at 2.2 MB/s)
Downloading from central: https://repo1.maven.org/maven2/org/xmlresolver/xmlresolver/5.2.2/xmlresolver-5.2.2.jar
Progress (2): 1.7/2.2 MB | 0.5/3.1 MB
Progress (2): 1.7/2.2 MB | 0.6/3.1 MB
Progress (2): 1.7/2.2 MB | 0.6/3.1 MB
Progress (2): 1.7/2.2 MB | 0.6/3.1 MB
Progress (2): 1.7/2.2 MB | 0.6/3.1 MB
Progress (2): 1.7/2.2 MB | 0.6/3.1 MB
Progress (2): 1.8/2.2 MB | 0.6/3.1 MB
Progress (2): 1.8/2.2 MB | 0.6/3.1 MB
Progress (2): 1.8/2.2 MB | 0.6/3.1 MB
Progress (2): 1.8/2.2 MB | 0.6/3.1 MB
Progress (2): 1.8/2.2 MB | 0.6/3.1 MB
Progress (2): 1.8/2.2 MB | 0.6/3.1 MB
Progress (2): 1.8/2.2 MB | 0.6/3.1 MB
Progress (2): 1.8/2.2 MB | 0.6/3.1 MB
Progress (2): 1.8/2.2 MB | 0.6/3.1 MB
Progress (2): 1.8/2.2 MB | 0.6/3.1 MB
Progress (2): 1.9/2.2 MB | 0.6/3.1 MB
Progress (2): 1.9/2.2 MB | 0.7/3.1 MB
Progress (2): 1.9/2.2 MB | 0.7/3.1 MB
Progress (2): 1.9/2.2 MB | 0.7/3.1 MB
Progress (2): 1.9/2.2 MB | 0.7/3.1 MB
Progress (2): 1.9/2.2 MB | 0.7/3.1 MB
Progress (2): 1.9/2.2 MB | 0.7/3.1 MB
Progress (3): 1.9/2.2 MB | 0.7/3.1 MB | 7.7/12 kB
Progress (3): 1.9/2.2 MB | 0.7/3.1 MB | 7.7/12 kB
Progress (3): 1.9/2.2 MB | 0.7/3.1 MB | 7.7/12 kB
Progress (3): 1.9/2.2 MB | 0.7/3.1 MB | 7.7/12 kB
Progress (3): 1.9/2.2 MB | 0.7/3.1 MB | 7.7/12 kB
Progress (3): 2.0/2.2 MB | 0.7/3.1 MB | 7.7/12 kB
Progress (3): 2.0/2.2 MB | 0.7/3.1 MB | 12 kB    
Progress (3): 2.0/2.2 MB | 0.7/3.1 MB | 12 kB
Progress (3): 2.0/2.2 MB | 0.7/3.1 MB | 12 kB
Progress (3): 2.0/2.2 MB | 0.7/3.1 MB | 12 kB
Progress (3): 2.0/2.2 MB | 0.7/3.1 MB | 12 kB
Progress (3): 2.0/2.2 MB | 0.8/3.1 MB | 12 kB
Progress (3): 2.0/2.2 MB | 0.8/3.1 MB | 12 kB
Progress (3): 2.0/2.2 MB | 0.8/3.1 MB | 12 kB
Progress (3): 2.0/2.2 MB | 0.8/3.1 MB | 12 kB
Progress (3): 2.0/2.2 MB | 0.8/3.1 MB | 12 kB
Progress (3): 2.0/2.2 MB | 0.8/3.1 MB | 12 kB
Progress (3): 2.0/2.2 MB | 0.8/3.1 MB | 12 kB
Progress (3): 2.1/2.2 MB | 0.8/3.1 MB | 12 kB
Progress (3): 2.1/2.2 MB | 0.8/3.1 MB | 12 kB
Progress (3): 2.1/2.2 MB | 0.8/3.1 MB | 12 kB
Progress (3): 2.1/2.2 MB | 0.8/3.1 MB | 12 kB
Progress (3): 2.1/2.2 MB | 0.8/3.1 MB | 12 kB
Progress (3): 2.1/2.2 MB | 0.9/3.1 MB | 12 kB
Progress (3): 2.1/2.2 MB | 0.9/3.1 MB | 12 kB
Progress (3): 2.1/2.2 MB | 0.9/3.1 MB | 12 kB
Progress (3): 2.1/2.2 MB | 0.9/3.1 MB | 12 kB
Progress (3): 2.1/2.2 MB | 0.9/3.1 MB | 12 kB
Progress (3): 2.1/2.2 MB | 0.9/3.1 MB | 12 kB
Progress (3): 2.1/2.2 MB | 0.9/3.1 MB | 12 kB
Progress (3): 2.2/2.2 MB | 0.9/3.1 MB | 12 kB
Progress (3): 2.2/2.2 MB | 0.9/3.1 MB | 12 kB
Progress (3): 2.2 MB | 0.9/3.1 MB | 12 kB    
Progress (3): 2.2 MB | 0.9/3.1 MB | 12 kB
Progress (3): 2.2 MB | 1.0/3.1 MB | 12 kB
Progress (3): 2.2 MB | 1.0/3.1 MB | 12 kB
Progress (3): 2.2 MB | 1.0/3.1 MB | 12 kB
Progress (3): 2.2 MB | 1.0/3.1 MB | 12 kB
Progress (3): 2.2 MB | 1.0/3.1 MB | 12 kB
Progress (3): 2.2 MB | 1.0/3.1 MB | 12 kB
Progress (3): 2.2 MB | 1.1/3.1 MB | 12 kB
Progress (3): 2.2 MB | 1.1/3.1 MB | 12 kB
Progress (3): 2.2 MB | 1.1/3.1 MB | 12 kB
                                         
Downloaded from central: https://repo1.maven.org/maven2/com/google/j2objc/j2objc-annotations/3.0.0/j2objc-annotations-3.0.0.jar (12 kB at 74 kB/s)
Downloading from central: https://repo1.maven.org/maven2/org/apache/httpcomponents/client5/httpclient5/5.1.3/httpclient5-5.1.3.jar
Progress (2): 2.2 MB | 1.1/3.1 MB
Progress (2): 2.2 MB | 1.1/3.1 MB
Progress (2): 2.2 MB | 1.1/3.1 MB
Progress (2): 2.2 MB | 1.2/3.1 MB
Progress (2): 2.2 MB | 1.2/3.1 MB
Progress (2): 2.2 MB | 1.2/3.1 MB
Progress (2): 2.2 MB | 1.2/3.1 MB
Progress (2): 2.2 MB | 1.2/3.1 MB
Progress (2): 2.2 MB | 1.2/3.1 MB
Progress (2): 2.2 MB | 1.3/3.1 MB
Progress (2): 2.2 MB | 1.3/3.1 MB
Progress (2): 2.2 MB | 1.3/3.1 MB
Progress (2): 2.2 MB | 1.3/3.1 MB
Progress (2): 2.2 MB | 1.3/3.1 MB
Progress (2): 2.2 MB | 1.3/3.1 MB
Progress (2): 2.2 MB | 1.4/3.1 MB
Progress (2): 2.2 MB | 1.4/3.1 MB
Progress (2): 2.2 MB | 1.4/3.1 MB
Progress (2): 2.2 MB | 1.4/3.1 MB
Progress (2): 2.2 MB | 1.4/3.1 MB
Progress (2): 2.2 MB | 1.4/3.1 MB
Progress (2): 2.2 MB | 1.5/3.1 MB
Progress (2): 2.2 MB | 1.5/3.1 MB
Progress (2): 2.2 MB | 1.5/3.1 MB
Progress (2): 2.2 MB | 1.5/3.1 MB
Progress (2): 2.2 MB | 1.5/3.1 MB
Progress (2): 2.2 MB | 1.5/3.1 MB
Progress (2): 2.2 MB | 1.6/3.1 MB
Progress (2): 2.2 MB | 1.6/3.1 MB
Progress (2): 2.2 MB | 1.6/3.1 MB
Progress (2): 2.2 MB | 1.6/3.1 MB
Progress (2): 2.2 MB | 1.6/3.1 MB
Progress (2): 2.2 MB | 1.6/3.1 MB
Progress (2): 2.2 MB | 1.7/3.1 MB
Progress (2): 2.2 MB | 1.7/3.1 MB
Progress (2): 2.2 MB | 1.7/3.1 MB
Progress (2): 2.2 MB | 1.7/3.1 MB
Progress (2): 2.2 MB | 1.7/3.1 MB
Progress (2): 2.2 MB | 1.7/3.1 MB
Progress (2): 2.2 MB | 1.7/3.1 MB
Progress (2): 2.2 MB | 1.8/3.1 MB
                                 
Downloaded from central: https://repo1.maven.org/maven2/com/puppycrawl/tools/checkstyle/10.21.1/checkstyle-10.21.1.jar (2.2 MB at 12 MB/s)
Downloading from central: https://repo1.maven.org/maven2/org/apache/httpcomponents/core5/httpcore5-h2/5.1.3/httpcore5-h2-5.1.3.jar
Progress (1): 1.8/3.1 MB
Progress (1): 1.8/3.1 MB
Progress (1): 1.8/3.1 MB
Progress (1): 1.8/3.1 MB
Progress (1): 1.8/3.1 MB
Progress (1): 1.9/3.1 MB
Progress (1): 1.9/3.1 MB
Progress (2): 1.9/3.1 MB | 7.7/166 kB
Progress (2): 1.9/3.1 MB | 16/166 kB 
Progress (2): 1.9/3.1 MB | 16/166 kB
Progress (2): 1.9/3.1 MB | 32/166 kB
Progress (2): 1.9/3.1 MB | 32/166 kB
Progress (2): 1.9/3.1 MB | 32/166 kB
Progress (2): 1.9/3.1 MB | 49/166 kB
Progress (2): 1.9/3.1 MB | 65/166 kB
Progress (2): 1.9/3.1 MB | 65/166 kB
Progress (3): 1.9/3.1 MB | 65/166 kB | 0/5.6 MB
Progress (3): 1.9/3.1 MB | 81/166 kB | 0/5.6 MB
Progress (3): 2.0/3.1 MB | 81/166 kB | 0/5.6 MB
Progress (3): 2.0/3.1 MB | 81/166 kB | 0/5.6 MB
Progress (3): 2.0/3.1 MB | 81/166 kB | 0/5.6 MB
Progress (3): 2.0/3.1 MB | 81/166 kB | 0/5.6 MB
Progress (3): 2.0/3.1 MB | 81/166 kB | 0/5.6 MB
Progress (3): 2.0/3.1 MB | 81/166 kB | 0/5.6 MB
Progress (3): 2.0/3.1 MB | 81/166 kB | 0/5.6 MB
Progress (3): 2.0/3.1 MB | 98/166 kB | 0/5.6 MB
Progress (3): 2.0/3.1 MB | 98/166 kB | 0/5.6 MB
Progress (3): 2.0/3.1 MB | 98/166 kB | 0/5.6 MB
Progress (3): 2.0/3.1 MB | 98/166 kB | 0/5.6 MB
Progress (3): 2.0/3.1 MB | 98/166 kB | 0/5.6 MB
Progress (3): 2.0/3.1 MB | 98/166 kB | 0/5.6 MB
Progress (3): 2.0/3.1 MB | 114/166 kB | 0/5.6 MB
Progress (3): 2.0/3.1 MB | 114/166 kB | 0/5.6 MB
Progress (3): 2.0/3.1 MB | 114/166 kB | 0/5.6 MB
Progress (3): 2.0/3.1 MB | 114/166 kB | 0/5.6 MB
Progress (3): 2.0/3.1 MB | 114/166 kB | 0/5.6 MB
Progress (3): 2.0/3.1 MB | 131/166 kB | 0/5.6 MB
Progress (3): 2.0/3.1 MB | 131/166 kB | 0/5.6 MB
Progress (3): 2.0/3.1 MB | 131/166 kB | 0/5.6 MB
Progress (3): 2.0/3.1 MB | 131/166 kB | 0/5.6 MB
Progress (3): 2.0/3.1 MB | 131/166 kB | 0/5.6 MB
Progress (3): 2.0/3.1 MB | 131/166 kB | 0/5.6 MB
Progress (3): 2.0/3.1 MB | 147/166 kB | 0/5.6 MB
Progress (3): 2.0/3.1 MB | 147/166 kB | 0/5.6 MB
Progress (3): 2.1/3.1 MB | 147/166 kB | 0/5.6 MB
Progress (3): 2.1/3.1 MB | 147/166 kB | 0/5.6 MB
Progress (3): 2.1/3.1 MB | 147/166 kB | 0/5.6 MB
Progress (3): 2.1/3.1 MB | 163/166 kB | 0/5.6 MB
Progress (3): 2.1/3.1 MB | 163/166 kB | 0/5.6 MB
Progress (3): 2.1/3.1 MB | 163/166 kB | 0/5.6 MB
Progress (3): 2.1/3.1 MB | 163/166 kB | 0/5.6 MB
Progress (3): 2.1/3.1 MB | 166 kB | 0/5.6 MB    
Progress (3): 2.1/3.1 MB | 166 kB | 0/5.6 MB
Progress (3): 2.1/3.1 MB | 166 kB | 0/5.6 MB
Progress (3): 2.1/3.1 MB | 166 kB | 0/5.6 MB
Progress (3): 2.1/3.1 MB | 166 kB | 0/5.6 MB
Progress (3): 2.1/3.1 MB | 166 kB | 0/5.6 MB
Progress (3): 2.1/3.1 MB | 166 kB | 0/5.6 MB
Progress (3): 2.1/3.1 MB | 166 kB | 0/5.6 MB
Progress (3): 2.1/3.1 MB | 166 kB | 0/5.6 MB
Progress (3): 2.1/3.1 MB | 166 kB | 0.1/5.6 MB
Progress (3): 2.1/3.1 MB | 166 kB | 0.1/5.6 MB
Progress (3): 2.1/3.1 MB | 166 kB | 0.1/5.6 MB
Progress (3): 2.1/3.1 MB | 166 kB | 0.1/5.6 MB
Progress (3): 2.1/3.1 MB | 166 kB | 0.1/5.6 MB
Progress (3): 2.2/3.1 MB | 166 kB | 0.1/5.6 MB
Progress (3): 2.2/3.1 MB | 166 kB | 0.1/5.6 MB
Progress (3): 2.2/3.1 MB | 166 kB | 0.1/5.6 MB
Progress (3): 2.2/3.1 MB | 166 kB | 0.1/5.6 MB
Progress (3): 2.2/3.1 MB | 166 kB | 0.1/5.6 MB
Progress (3): 2.2/3.1 MB | 166 kB | 0.1/5.6 MB
Progress (3): 2.2/3.1 MB | 166 kB | 0.1/5.6 MB
Progress (3): 2.3/3.1 MB | 166 kB | 0.1/5.6 MB
Progress (3): 2.3/3.1 MB | 166 kB | 0.1/5.6 MB
Progress (3): 2.3/3.1 MB | 166 kB | 0.1/5.6 MB
Progress (3): 2.3/3.1 MB | 166 kB | 0.1/5.6 MB
Progress (3): 2.3/3.1 MB | 166 kB | 0.1/5.6 MB
Progress (3): 2.3/3.1 MB | 166 kB | 0.1/5.6 MB
Progress (3): 2.3/3.1 MB | 166 kB | 0.1/5.6 MB
Progress (3): 2.3/3.1 MB | 166 kB | 0.1/5.6 MB
Progress (3): 2.3/3.1 MB | 166 kB | 0.1/5.6 MB
Progress (3): 2.3/3.1 MB | 166 kB | 0.1/5.6 MB
Progress (3): 2.3/3.1 MB | 166 kB | 0.1/5.6 MB
Progress (3): 2.3/3.1 MB | 166 kB | 0.1/5.6 MB
Progress (3): 2.3/3.1 MB | 166 kB | 0.1/5.6 MB
Progress (3): 2.3/3.1 MB | 166 kB | 0.1/5.6 MB
Progress (3): 2.4/3.1 MB | 166 kB | 0.1/5.6 MB
Progress (3): 2.4/3.1 MB | 166 kB | 0.1/5.6 MB
Progress (3): 2.4/3.1 MB | 166 kB | 0.1/5.6 MB
Progress (3): 2.4/3.1 MB | 166 kB | 0.1/5.6 MB
Progress (3): 2.4/3.1 MB | 166 kB | 0.1/5.6 MB
Progress (3): 2.4/3.1 MB | 166 kB | 0.1/5.6 MB
Progress (3): 2.4/3.1 MB | 166 kB | 0.1/5.6 MB
Progress (3): 2.4/3.1 MB | 166 kB | 0.1/5.6 MB
Progress (3): 2.4/3.1 MB | 166 kB | 0.1/5.6 MB
Progress (3): 2.4/3.1 MB | 166 kB | 0.1/5.6 MB
Progress (3): 2.4/3.1 MB | 166 kB | 0.1/5.6 MB
Progress (3): 2.4/3.1 MB | 166 kB | 0.1/5.6 MB
                                              
Downloaded from central: https://repo1.maven.org/maven2/org/xmlresolver/xmlresolver/5.2.2/xmlresolver-5.2.2.jar (166 kB at 804 kB/s)
Downloading from central: https://repo1.maven.org/maven2/org/apache/httpcomponents/core5/httpcore5/5.1.3/httpcore5-5.1.3.jar
Progress (2): 2.5/3.1 MB | 0.1/5.6 MB
Progress (2): 2.5/3.1 MB | 0.1/5.6 MB
Progress (2): 2.5/3.1 MB | 0.1/5.6 MB
Progress (2): 2.5/3.1 MB | 0.1/5.6 MB
Progress (2): 2.5/3.1 MB | 0.1/5.6 MB
Progress (2): 2.5/3.1 MB | 0.1/5.6 MB
Progress (2): 2.5/3.1 MB | 0.1/5.6 MB
Progress (2): 2.5/3.1 MB | 0.1/5.6 MB
Progress (2): 2.5/3.1 MB | 0.1/5.6 MB
Progress (2): 2.5/3.1 MB | 0.1/5.6 MB
Progress (3): 2.5/3.1 MB | 0.1/5.6 MB | 7.7/798 kB
Progress (3): 2.5/3.1 MB | 0.1/5.6 MB | 7.7/798 kB
Progress (3): 2.6/3.1 MB | 0.1/5.6 MB | 7.7/798 kB
Progress (3): 2.6/3.1 MB | 0.1/5.6 MB | 7.7/798 kB
Progress (3): 2.6/3.1 MB | 0.1/5.6 MB | 7.7/798 kB
Progress (3): 2.6/3.1 MB | 0.2/5.6 MB | 7.7/798 kB
Progress (3): 2.6/3.1 MB | 0.2/5.6 MB | 7.7/798 kB
Progress (3): 2.6/3.1 MB | 0.2/5.6 MB | 16/798 kB 
Progress (3): 2.6/3.1 MB | 0.2/5.6 MB | 16/798 kB
Progress (3): 2.6/3.1 MB | 0.2/5.6 MB | 32/798 kB
Progress (3): 2.6/3.1 MB | 0.2/5.6 MB | 32/798 kB
Progress (3): 2.6/3.1 MB | 0.2/5.6 MB | 49/798 kB
Progress (3): 2.6/3.1 MB | 0.2/5.6 MB | 49/798 kB
Progress (3): 2.6/3.1 MB | 0.2/5.6 MB | 65/798 kB
Progress (3): 2.6/3.1 MB | 0.2/5.6 MB | 65/798 kB
Progress (3): 2.6/3.1 MB | 0.2/5.6 MB | 65/798 kB
Progress (3): 2.6/3.1 MB | 0.2/5.6 MB | 65/798 kB
Progress (3): 2.6/3.1 MB | 0.2/5.6 MB | 81/798 kB
Progress (3): 2.6/3.1 MB | 0.2/5.6 MB | 98/798 kB
Progress (3): 2.7/3.1 MB | 0.2/5.6 MB | 98/798 kB
Progress (3): 2.7/3.1 MB | 0.2/5.6 MB | 114/798 kB
Progress (3): 2.7/3.1 MB | 0.2/5.6 MB | 114/798 kB
Progress (3): 2.7/3.1 MB | 0.2/5.6 MB | 114/798 kB
Progress (3): 2.7/3.1 MB | 0.2/5.6 MB | 131/798 kB
Progress (3): 2.7/3.1 MB | 0.2/5.6 MB | 131/798 kB
Progress (3): 2.7/3.1 MB | 0.2/5.6 MB | 131/798 kB
Progress (3): 2.7/3.1 MB | 0.2/5.6 MB | 131/798 kB
Progress (3): 2.7/3.1 MB | 0.2/5.6 MB | 147/798 kB
Progress (3): 2.7/3.1 MB | 0.2/5.6 MB | 147/798 kB
Progress (3): 2.7/3.1 MB | 0.2/5.6 MB | 147/798 kB
Progress (3): 2.7/3.1 MB | 0.2/5.6 MB | 147/798 kB
Progress (3): 2.7/3.1 MB | 0.2/5.6 MB | 163/798 kB
Progress (3): 2.7/3.1 MB | 0.2/5.6 MB | 163/798 kB
Progress (3): 2.7/3.1 MB | 0.2/5.6 MB | 163/798 kB
Progress (3): 2.7/3.1 MB | 0.2/5.6 MB | 163/798 kB
Progress (3): 2.7/3.1 MB | 0.2/5.6 MB | 163/798 kB
Progress (3): 2.7/3.1 MB | 0.2/5.6 MB | 163/798 kB
Progress (3): 2.7/3.1 MB | 0.2/5.6 MB | 180/798 kB
Progress (3): 2.7/3.1 MB | 0.2/5.6 MB | 180/798 kB
Progress (3): 2.7/3.1 MB | 0.2/5.6 MB | 196/798 kB
Progress (3): 2.8/3.1 MB | 0.2/5.6 MB | 196/798 kB
Progress (3): 2.8/3.1 MB | 0.2/5.6 MB | 196/798 kB
Progress (3): 2.8/3.1 MB | 0.2/5.6 MB | 213/798 kB
Progress (3): 2.8/3.1 MB | 0.2/5.6 MB | 213/798 kB
Progress (3): 2.8/3.1 MB | 0.2/5.6 MB | 229/798 kB
Progress (3): 2.8/3.1 MB | 0.2/5.6 MB | 229/798 kB
Progress (3): 2.8/3.1 MB | 0.2/5.6 MB | 229/798 kB
Progress (3): 2.8/3.1 MB | 0.2/5.6 MB | 245/798 kB
Progress (3): 2.8/3.1 MB | 0.2/5.6 MB | 245/798 kB
Progress (3): 2.8/3.1 MB | 0.2/5.6 MB | 262/798 kB
Progress (3): 2.8/3.1 MB | 0.2/5.6 MB | 262/798 kB
Progress (3): 2.8/3.1 MB | 0.2/5.6 MB | 262/798 kB
Progress (3): 2.8/3.1 MB | 0.2/5.6 MB | 278/798 kB
Progress (3): 2.9/3.1 MB | 0.2/5.6 MB | 278/798 kB
Progress (3): 2.9/3.1 MB | 0.2/5.6 MB | 294/798 kB
Progress (3): 2.9/3.1 MB | 0.2/5.6 MB | 294/798 kB
Progress (3): 2.9/3.1 MB | 0.2/5.6 MB | 294/798 kB
Progress (3): 2.9/3.1 MB | 0.2/5.6 MB | 311/798 kB
Progress (3): 2.9/3.1 MB | 0.2/5.6 MB | 311/798 kB
Progress (3): 2.9/3.1 MB | 0.2/5.6 MB | 327/798 kB
Progress (3): 2.9/3.1 MB | 0.2/5.6 MB | 327/798 kB
Progress (3): 2.9/3.1 MB | 0.2/5.6 MB | 344/798 kB
Progress (3): 2.9/3.1 MB | 0.2/5.6 MB | 360/798 kB
Progress (3): 2.9/3.1 MB | 0.2/5.6 MB | 360/798 kB
Progress (3): 2.9/3.1 MB | 0.2/5.6 MB | 376/798 kB
Progress (3): 2.9/3.1 MB | 0.2/5.6 MB | 376/798 kB
Progress (3): 2.9/3.1 MB | 0.3/5.6 MB | 376/798 kB
Progress (3): 2.9/3.1 MB | 0.3/5.6 MB | 393/798 kB
Progress (3): 3.0/3.1 MB | 0.3/5.6 MB | 393/798 kB
Progress (3): 3.0/3.1 MB | 0.3/5.6 MB | 409/798 kB
Progress (3): 3.0/3.1 MB | 0.3/5.6 MB | 426/798 kB
Progress (3): 3.0/3.1 MB | 0.3/5.6 MB | 442/798 kB
Progress (3): 3.0/3.1 MB | 0.3/5.6 MB | 458/798 kB
Progress (3): 3.0/3.1 MB | 0.3/5.6 MB | 458/798 kB
Progress (3): 3.0/3.1 MB | 0.3/5.6 MB | 458/798 kB
Progress (3): 3.0/3.1 MB | 0.3/5.6 MB | 475/798 kB
Progress (3): 3.0/3.1 MB | 0.3/5.6 MB | 475/798 kB
Progress (3): 3.0/3.1 MB | 0.3/5.6 MB | 475/798 kB
Progress (3): 3.0/3.1 MB | 0.3/5.6 MB | 491/798 kB
Progress (3): 3.0/3.1 MB | 0.3/5.6 MB | 491/798 kB
Progress (3): 3.0/3.1 MB | 0.3/5.6 MB | 507/798 kB
Progress (3): 3.0/3.1 MB | 0.3/5.6 MB | 507/798 kB
Progress (3): 3.0/3.1 MB | 0.3/5.6 MB | 524/798 kB
Progress (3): 3.0/3.1 MB | 0.3/5.6 MB | 524/798 kB
Progress (3): 3.0/3.1 MB | 0.3/5.6 MB | 524/798 kB
Progress (3): 3.0/3.1 MB | 0.3/5.6 MB | 540/798 kB
Progress (4): 3.0/3.1 MB | 0.3/5.6 MB | 540/798 kB | 7.7/232 kB
Progress (4): 3.1/3.1 MB | 0.3/5.6 MB | 540/798 kB | 7.7/232 kB
Progress (4): 3.1/3.1 MB | 0.3/5.6 MB | 557/798 kB | 7.7/232 kB
Progress (4): 3.1/3.1 MB | 0.3/5.6 MB | 557/798 kB | 7.7/232 kB
Progress (4): 3.1/3.1 MB | 0.3/5.6 MB | 573/798 kB | 7.7/232 kB
Progress (4): 3.1 MB | 0.3/5.6 MB | 573/798 kB | 7.7/232 kB    
Progress (4): 3.1 MB | 0.3/5.6 MB | 589/798 kB | 7.7/232 kB
Progress (4): 3.1 MB | 0.3/5.6 MB | 589/798 kB | 8.2/232 kB
Progress (4): 3.1 MB | 0.3/5.6 MB | 589/798 kB | 8.2/232 kB
Progress (4): 3.1 MB | 0.3/5.6 MB | 606/798 kB | 8.2/232 kB
Progress (4): 3.1 MB | 0.3/5.6 MB | 606/798 kB | 8.2/232 kB
Progress (4): 3.1 MB | 0.3/5.6 MB | 622/798 kB | 8.2/232 kB
Progress (4): 3.1 MB | 0.3/5.6 MB | 622/798 kB | 25/232 kB 
Progress (4): 3.1 MB | 0.3/5.6 MB | 639/798 kB | 25/232 kB
Progress (4): 3.1 MB | 0.3/5.6 MB | 639/798 kB | 41/232 kB
Progress (4): 3.1 MB | 0.3/5.6 MB | 639/798 kB | 41/232 kB
Progress (4): 3.1 MB | 0.3/5.6 MB | 655/798 kB | 41/232 kB
Progress (4): 3.1 MB | 0.3/5.6 MB | 671/798 kB | 41/232 kB
Progress (4): 3.1 MB | 0.3/5.6 MB | 671/798 kB | 57/232 kB
Progress (4): 3.1 MB | 0.3/5.6 MB | 671/798 kB | 66/232 kB
Progress (4): 3.1 MB | 0.3/5.6 MB | 688/798 kB | 66/232 kB
Progress (4): 3.1 MB | 0.4/5.6 MB | 688/798 kB | 66/232 kB
Progress (4): 3.1 MB | 0.4/5.6 MB | 688/798 kB | 82/232 kB
Progress (4): 3.1 MB | 0.4/5.6 MB | 704/798 kB | 82/232 kB
Progress (4): 3.1 MB | 0.4/5.6 MB | 704/798 kB | 98/232 kB
Progress (4): 3.1 MB | 0.4/5.6 MB | 720/798 kB | 98/232 kB
Progress (4): 3.1 MB | 0.4/5.6 MB | 720/798 kB | 115/232 kB
Progress (4): 3.1 MB | 0.4/5.6 MB | 737/798 kB | 115/232 kB
Progress (4): 3.1 MB | 0.4/5.6 MB | 737/798 kB | 115/232 kB
Progress (4): 3.1 MB | 0.4/5.6 MB | 753/798 kB | 115/232 kB
Progress (4): 3.1 MB | 0.4/5.6 MB | 753/798 kB | 131/232 kB
Progress (4): 3.1 MB | 0.4/5.6 MB | 770/798 kB | 131/232 kB
Progress (4): 3.1 MB | 0.4/5.6 MB | 770/798 kB | 147/232 kB
Progress (4): 3.1 MB | 0.4/5.6 MB | 770/798 kB | 147/232 kB
Progress (4): 3.1 MB | 0.4/5.6 MB | 786/798 kB | 147/232 kB
Progress (4): 3.1 MB | 0.4/5.6 MB | 786/798 kB | 164/232 kB
Progress (4): 3.1 MB | 0.4/5.6 MB | 786/798 kB | 180/232 kB
Progress (4): 3.1 MB | 0.4/5.6 MB | 798 kB | 180/232 kB    
Progress (4): 3.1 MB | 0.4/5.6 MB | 798 kB | 180/232 kB
Progress (4): 3.1 MB | 0.4/5.6 MB | 798 kB | 197/232 kB
Progress (4): 3.1 MB | 0.4/5.6 MB | 798 kB | 213/232 kB
Progress (4): 3.1 MB | 0.4/5.6 MB | 798 kB | 213/232 kB
Progress (4): 3.1 MB | 0.4/5.6 MB | 798 kB | 229/232 kB
Progress (4): 3.1 MB | 0.4/5.6 MB | 798 kB | 232 kB    
Progress (4): 3.1 MB | 0.4/5.6 MB | 798 kB | 232 kB
Progress (4): 3.1 MB | 0.5/5.6 MB | 798 kB | 232 kB
Progress (4): 3.1 MB | 0.5/5.6 MB | 798 kB | 232 kB
Progress (4): 3.1 MB | 0.5/5.6 MB | 798 kB | 232 kB
Progress (4): 3.1 MB | 0.5/5.6 MB | 798 kB | 232 kB
Progress (4): 3.1 MB | 0.5/5.6 MB | 798 kB | 232 kB
Progress (4): 3.1 MB | 0.5/5.6 MB | 798 kB | 232 kB
Progress (4): 3.1 MB | 0.6/5.6 MB | 798 kB | 232 kB
Progress (4): 3.1 MB | 0.6/5.6 MB | 798 kB | 232 kB
Progress (4): 3.1 MB | 0.6/5.6 MB | 798 kB | 232 kB
Progress (4): 3.1 MB | 0.6/5.6 MB | 798 kB | 232 kB
Progress (4): 3.1 MB | 0.6/5.6 MB | 798 kB | 232 kB
Progress (4): 3.1 MB | 0.6/5.6 MB | 798 kB | 232 kB
Progress (4): 3.1 MB | 0.7/5.6 MB | 798 kB | 232 kB
Progress (4): 3.1 MB | 0.7/5.6 MB | 798 kB | 232 kB
Progress (4): 3.1 MB | 0.7/5.6 MB | 798 kB | 232 kB
Progress (4): 3.1 MB | 0.7/5.6 MB | 798 kB | 232 kB
Progress (4): 3.1 MB | 0.7/5.6 MB | 798 kB | 232 kB
Progress (4): 3.1 MB | 0.7/5.6 MB | 798 kB | 232 kB
                                                   
Downloaded from central: https://repo1.maven.org/maven2/org/apache/httpcomponents/core5/httpcore5-h2/5.1.3/httpcore5-h2-5.1.3.jar (232 kB at 951 kB/s)
Downloading from central: https://repo1.maven.org/maven2/org/xmlresolver/xmlresolver/5.2.2/xmlresolver-5.2.2-data.jar
Progress (3): 3.1 MB | 0.8/5.6 MB | 798 kB
Progress (3): 3.1 MB | 0.8/5.6 MB | 798 kB
Progress (3): 3.1 MB | 0.8/5.6 MB | 798 kB
Progress (3): 3.1 MB | 0.8/5.6 MB | 798 kB
Progress (3): 3.1 MB | 0.8/5.6 MB | 798 kB
Progress (3): 3.1 MB | 0.8/5.6 MB | 798 kB
Progress (3): 3.1 MB | 0.9/5.6 MB | 798 kB
Progress (4): 3.1 MB | 0.9/5.6 MB | 798 kB | 7.7/851 kB
Progress (4): 3.1 MB | 0.9/5.6 MB | 798 kB | 7.7/851 kB
Progress (4): 3.1 MB | 0.9/5.6 MB | 798 kB | 7.7/851 kB
                                                       
Downloaded from central: https://repo1.maven.org/maven2/org/apache/httpcomponents/client5/httpclient5/5.1.3/httpclient5-5.1.3.jar (798 kB at 3.2 MB/s)
Downloading from central: https://repo1.maven.org/maven2/org/checkerframework/checker-qual/3.48.3/checker-qual-3.48.3.jar
Progress (3): 3.1 MB | 0.9/5.6 MB | 7.7/851 kB
Progress (3): 3.1 MB | 0.9/5.6 MB | 7.7/851 kB
Progress (3): 3.1 MB | 0.9/5.6 MB | 16/851 kB 
Progress (3): 3.1 MB | 0.9/5.6 MB | 25/851 kB
Progress (3): 3.1 MB | 0.9/5.6 MB | 25/851 kB
Progress (3): 3.1 MB | 0.9/5.6 MB | 41/851 kB
Progress (3): 3.1 MB | 1.0/5.6 MB | 41/851 kB
Progress (3): 3.1 MB | 1.0/5.6 MB | 57/851 kB
Progress (3): 3.1 MB | 1.0/5.6 MB | 74/851 kB
Progress (3): 3.1 MB | 1.0/5.6 MB | 90/851 kB
Progress (3): 3.1 MB | 1.0/5.6 MB | 106/851 kB
Progress (3): 3.1 MB | 1.0/5.6 MB | 106/851 kB
Progress (3): 3.1 MB | 1.0/5.6 MB | 123/851 kB
Progress (3): 3.1 MB | 1.0/5.6 MB | 123/851 kB
Progress (3): 3.1 MB | 1.0/5.6 MB | 139/851 kB
Progress (3): 3.1 MB | 1.0/5.6 MB | 139/851 kB
Progress (3): 3.1 MB | 1.0/5.6 MB | 156/851 kB
Progress (3): 3.1 MB | 1.0/5.6 MB | 156/851 kB
Progress (3): 3.1 MB | 1.0/5.6 MB | 156/851 kB
Progress (3): 3.1 MB | 1.0/5.6 MB | 172/851 kB
Progress (3): 3.1 MB | 1.0/5.6 MB | 172/851 kB
Progress (3): 3.1 MB | 1.1/5.6 MB | 172/851 kB
Progress (3): 3.1 MB | 1.1/5.6 MB | 172/851 kB
Progress (3): 3.1 MB | 1.1/5.6 MB | 188/851 kB
Progress (3): 3.1 MB | 1.1/5.6 MB | 188/851 kB
Progress (3): 3.1 MB | 1.1/5.6 MB | 188/851 kB
Progress (3): 3.1 MB | 1.1/5.6 MB | 205/851 kB
Progress (3): 3.1 MB | 1.1/5.6 MB | 221/851 kB
Progress (3): 3.1 MB | 1.1/5.6 MB | 238/851 kB
Progress (3): 3.1 MB | 1.1/5.6 MB | 238/851 kB
Progress (3): 3.1 MB | 1.1/5.6 MB | 254/851 kB
Progress (3): 3.1 MB | 1.1/5.6 MB | 254/851 kB
Progress (3): 3.1 MB | 1.1/5.6 MB | 270/851 kB
Progress (3): 3.1 MB | 1.2/5.6 MB | 270/851 kB
Progress (3): 3.1 MB | 1.2/5.6 MB | 287/851 kB
Progress (3): 3.1 MB | 1.2/5.6 MB | 287/851 kB
Progress (3): 3.1 MB | 1.2/5.6 MB | 287/851 kB
Progress (3): 3.1 MB | 1.2/5.6 MB | 287/851 kB
Progress (3): 3.1 MB | 1.2/5.6 MB | 287/851 kB
Progress (3): 3.1 MB | 1.2/5.6 MB | 303/851 kB
Progress (3): 3.1 MB | 1.2/5.6 MB | 303/851 kB
Progress (3): 3.1 MB | 1.3/5.6 MB | 303/851 kB
Progress (3): 3.1 MB | 1.3/5.6 MB | 303/851 kB
Progress (3): 3.1 MB | 1.3/5.6 MB | 303/851 kB
Progress (3): 3.1 MB | 1.3/5.6 MB | 303/851 kB
Progress (3): 3.1 MB | 1.3/5.6 MB | 303/851 kB
                                              
Downloaded from central: https://repo1.maven.org/maven2/com/google/guava/guava/33.4.0-jre/guava-33.4.0-jre.jar (3.1 MB at 12 MB/s)
Downloading from central: https://repo1.maven.org/maven2/org/apache/maven/doxia/doxia-module-xdoc/1.12.0/doxia-module-xdoc-1.12.0.jar
Progress (2): 1.3/5.6 MB | 303/851 kB
Progress (2): 1.4/5.6 MB | 303/851 kB
Progress (2): 1.4/5.6 MB | 303/851 kB
Progress (2): 1.4/5.6 MB | 303/851 kB
Progress (2): 1.4/5.6 MB | 303/851 kB
Progress (2): 1.4/5.6 MB | 303/851 kB
Progress (2): 1.4/5.6 MB | 303/851 kB
Progress (2): 1.5/5.6 MB | 303/851 kB
Progress (2): 1.5/5.6 MB | 303/851 kB
Progress (2): 1.5/5.6 MB | 303/851 kB
Progress (2): 1.5/5.6 MB | 303/851 kB
Progress (2): 1.5/5.6 MB | 303/851 kB
Progress (2): 1.5/5.6 MB | 303/851 kB
Progress (2): 1.6/5.6 MB | 303/851 kB
Progress (2): 1.6/5.6 MB | 303/851 kB
Progress (2): 1.6/5.6 MB | 303/851 kB
Progress (2): 1.6/5.6 MB | 303/851 kB
Progress (2): 1.6/5.6 MB | 303/851 kB
Progress (2): 1.6/5.6 MB | 303/851 kB
Progress (2): 1.6/5.6 MB | 319/851 kB
Progress (2): 1.7/5.6 MB | 319/851 kB
Progress (2): 1.7/5.6 MB | 319/851 kB
Progress (2): 1.7/5.6 MB | 336/851 kB
Progress (2): 1.7/5.6 MB | 336/851 kB
Progress (2): 1.7/5.6 MB | 336/851 kB
Progress (2): 1.7/5.6 MB | 336/851 kB
Progress (2): 1.7/5.6 MB | 352/851 kB
Progress (2): 1.7/5.6 MB | 352/851 kB
Progress (2): 1.8/5.6 MB | 352/851 kB
Progress (2): 1.8/5.6 MB | 352/851 kB
Progress (2): 1.8/5.6 MB | 352/851 kB
Progress (2): 1.8/5.6 MB | 352/851 kB
Progress (2): 1.8/5.6 MB | 352/851 kB
Progress (2): 1.8/5.6 MB | 352/851 kB
Progress (2): 1.9/5.6 MB | 352/851 kB
Progress (2): 1.9/5.6 MB | 352/851 kB
Progress (2): 1.9/5.6 MB | 369/851 kB
Progress (2): 1.9/5.6 MB | 369/851 kB
Progress (2): 1.9/5.6 MB | 369/851 kB
Progress (2): 1.9/5.6 MB | 369/851 kB
Progress (2): 1.9/5.6 MB | 369/851 kB
Progress (2): 1.9/5.6 MB | 369/851 kB
Progress (2): 1.9/5.6 MB | 369/851 kB
Progress (2): 2.0/5.6 MB | 369/851 kB
Progress (2): 2.0/5.6 MB | 369/851 kB
Progress (2): 2.0/5.6 MB | 369/851 kB
Progress (2): 2.0/5.6 MB | 369/851 kB
Progress (2): 2.0/5.6 MB | 369/851 kB
Progress (2): 2.0/5.6 MB | 369/851 kB
Progress (2): 2.1/5.6 MB | 369/851 kB
Progress (2): 2.1/5.6 MB | 369/851 kB
Progress (2): 2.1/5.6 MB | 369/851 kB
Progress (2): 2.1/5.6 MB | 369/851 kB
Progress (2): 2.1/5.6 MB | 369/851 kB
Progress (2): 2.1/5.6 MB | 369/851 kB
Progress (2): 2.1/5.6 MB | 369/851 kB
Progress (2): 2.2/5.6 MB | 369/851 kB
Progress (2): 2.2/5.6 MB | 369/851 kB
Progress (2): 2.2/5.6 MB | 369/851 kB
Progress (2): 2.2/5.6 MB | 369/851 kB
Progress (2): 2.2/5.6 MB | 385/851 kB
Progress (2): 2.2/5.6 MB | 385/851 kB
Progress (2): 2.2/5.6 MB | 401/851 kB
Progress (2): 2.2/5.6 MB | 401/851 kB
Progress (2): 2.3/5.6 MB | 401/851 kB
Progress (2): 2.3/5.6 MB | 401/851 kB
Progress (2): 2.3/5.6 MB | 401/851 kB
Progress (2): 2.3/5.6 MB | 418/851 kB
Progress (2): 2.3/5.6 MB | 434/851 kB
Progress (2): 2.3/5.6 MB | 434/851 kB
Progress (2): 2.3/5.6 MB | 434/851 kB
Progress (2): 2.3/5.6 MB | 434/851 kB
Progress (2): 2.3/5.6 MB | 451/851 kB
Progress (2): 2.4/5.6 MB | 451/851 kB
Progress (2): 2.4/5.6 MB | 467/851 kB
Progress (2): 2.4/5.6 MB | 467/851 kB
Progress (2): 2.4/5.6 MB | 483/851 kB
Progress (2): 2.4/5.6 MB | 483/851 kB
Progress (2): 2.4/5.6 MB | 483/851 kB
Progress (2): 2.4/5.6 MB | 500/851 kB
Progress (2): 2.4/5.6 MB | 500/851 kB
Progress (2): 2.4/5.6 MB | 516/851 kB
Progress (2): 2.4/5.6 MB | 532/851 kB
Progress (2): 2.4/5.6 MB | 532/851 kB
Progress (2): 2.4/5.6 MB | 549/851 kB
Progress (2): 2.4/5.6 MB | 549/851 kB
Progress (2): 2.5/5.6 MB | 549/851 kB
Progress (2): 2.5/5.6 MB | 549/851 kB
Progress (2): 2.5/5.6 MB | 549/851 kB
Progress (2): 2.5/5.6 MB | 549/851 kB
Progress (2): 2.5/5.6 MB | 549/851 kB
Progress (2): 2.5/5.6 MB | 549/851 kB
Progress (2): 2.6/5.6 MB | 549/851 kB
Progress (2): 2.6/5.6 MB | 549/851 kB
Progress (2): 2.6/5.6 MB | 565/851 kB
Progress (2): 2.6/5.6 MB | 565/851 kB
Progress (2): 2.6/5.6 MB | 565/851 kB
Progress (2): 2.6/5.6 MB | 582/851 kB
Progress (2): 2.6/5.6 MB | 582/851 kB
Progress (2): 2.6/5.6 MB | 582/851 kB
Progress (2): 2.7/5.6 MB | 582/851 kB
Progress (2): 2.7/5.6 MB | 582/851 kB
Progress (2): 2.7/5.6 MB | 582/851 kB
Progress (2): 2.7/5.6 MB | 582/851 kB
Progress (2): 2.7/5.6 MB | 582/851 kB
Progress (2): 2.7/5.6 MB | 582/851 kB
Progress (2): 2.8/5.6 MB | 582/851 kB
Progress (2): 2.8/5.6 MB | 582/851 kB
Progress (2): 2.8/5.6 MB | 582/851 kB
Progress (2): 2.8/5.6 MB | 582/851 kB
Progress (2): 2.8/5.6 MB | 598/851 kB
Progress (2): 2.8/5.6 MB | 598/851 kB
Progress (2): 2.8/5.6 MB | 598/851 kB
Progress (2): 2.8/5.6 MB | 614/851 kB
Progress (2): 2.9/5.6 MB | 614/851 kB
Progress (2): 2.9/5.6 MB | 614/851 kB
Progress (2): 2.9/5.6 MB | 614/851 kB
Progress (2): 2.9/5.6 MB | 614/851 kB
Progress (2): 2.9/5.6 MB | 614/851 kB
Progress (2): 2.9/5.6 MB | 614/851 kB
Progress (3): 2.9/5.6 MB | 614/851 kB | 0/1.0 MB
Progress (3): 3.0/5.6 MB | 614/851 kB | 0/1.0 MB
Progress (3): 3.0/5.6 MB | 631/851 kB | 0/1.0 MB
Progress (3): 3.0/5.6 MB | 631/851 kB | 0/1.0 MB
Progress (3): 3.0/5.6 MB | 647/851 kB | 0/1.0 MB
Progress (3): 3.0/5.6 MB | 647/851 kB | 0/1.0 MB
Progress (3): 3.0/5.6 MB | 647/851 kB | 0/1.0 MB
Progress (3): 3.0/5.6 MB | 664/851 kB | 0/1.0 MB
Progress (3): 3.0/5.6 MB | 664/851 kB | 0/1.0 MB
Progress (3): 3.0/5.6 MB | 664/851 kB | 0/1.0 MB
Progress (3): 3.0/5.6 MB | 664/851 kB | 0/1.0 MB
Progress (3): 3.1/5.6 MB | 664/851 kB | 0/1.0 MB
Progress (3): 3.1/5.6 MB | 664/851 kB | 0/1.0 MB
Progress (3): 3.1/5.6 MB | 680/851 kB | 0/1.0 MB
Progress (3): 3.1/5.6 MB | 680/851 kB | 0/1.0 MB
Progress (3): 3.1/5.6 MB | 696/851 kB | 0/1.0 MB
Progress (3): 3.1/5.6 MB | 696/851 kB | 0/1.0 MB
Progress (3): 3.1/5.6 MB | 696/851 kB | 0/1.0 MB
Progress (3): 3.1/5.6 MB | 696/851 kB | 0/1.0 MB
Progress (3): 3.1/5.6 MB | 713/851 kB | 0/1.0 MB
Progress (3): 3.1/5.6 MB | 713/851 kB | 0/1.0 MB
Progress (3): 3.1/5.6 MB | 713/851 kB | 0/1.0 MB
Progress (3): 3.1/5.6 MB | 713/851 kB | 0/1.0 MB
Progress (3): 3.1/5.6 MB | 713/851 kB | 0.1/1.0 MB
Progress (3): 3.1/5.6 MB | 729/851 kB | 0.1/1.0 MB
Progress (3): 3.2/5.6 MB | 729/851 kB | 0.1/1.0 MB
Progress (3): 3.2/5.6 MB | 729/851 kB | 0.1/1.0 MB
Progress (3): 3.2/5.6 MB | 729/851 kB | 0.1/1.0 MB
Progress (3): 3.2/5.6 MB | 729/851 kB | 0.1/1.0 MB
Progress (3): 3.2/5.6 MB | 745/851 kB | 0.1/1.0 MB
Progress (3): 3.2/5.6 MB | 745/851 kB | 0.1/1.0 MB
Progress (3): 3.2/5.6 MB | 745/851 kB | 0.1/1.0 MB
Progress (3): 3.2/5.6 MB | 745/851 kB | 0.1/1.0 MB
Progress (3): 3.2/5.6 MB | 762/851 kB | 0.1/1.0 MB
Progress (3): 3.2/5.6 MB | 762/851 kB | 0.1/1.0 MB
Progress (3): 3.2/5.6 MB | 762/851 kB | 0.1/1.0 MB
Progress (3): 3.2/5.6 MB | 762/851 kB | 0.1/1.0 MB
Progress (3): 3.2/5.6 MB | 762/851 kB | 0.1/1.0 MB
Progress (3): 3.3/5.6 MB | 762/851 kB | 0.1/1.0 MB
Progress (3): 3.3/5.6 MB | 762/851 kB | 0.1/1.0 MB
Progress (3): 3.3/5.6 MB | 762/851 kB | 0.1/1.0 MB
Progress (3): 3.3/5.6 MB | 762/851 kB | 0.1/1.0 MB
Progress (3): 3.3/5.6 MB | 762/851 kB | 0.1/1.0 MB
Progress (3): 3.3/5.6 MB | 762/851 kB | 0.1/1.0 MB
Progress (3): 3.4/5.6 MB | 762/851 kB | 0.1/1.0 MB
Progress (3): 3.4/5.6 MB | 778/851 kB | 0.1/1.0 MB
Progress (3): 3.4/5.6 MB | 778/851 kB | 0.1/1.0 MB
Progress (3): 3.4/5.6 MB | 778/851 kB | 0.1/1.0 MB
Progress (3): 3.4/5.6 MB | 778/851 kB | 0.1/1.0 MB
Progress (3): 3.4/5.6 MB | 795/851 kB | 0.1/1.0 MB
Progress (3): 3.4/5.6 MB | 811/851 kB | 0.1/1.0 MB
Progress (3): 3.4/5.6 MB | 827/851 kB | 0.1/1.0 MB
Progress (3): 3.4/5.6 MB | 827/851 kB | 0.1/1.0 MB
Progress (3): 3.4/5.6 MB | 827/851 kB | 0.1/1.0 MB
Progress (3): 3.4/5.6 MB | 827/851 kB | 0.2/1.0 MB
Progress (3): 3.5/5.6 MB | 827/851 kB | 0.2/1.0 MB
Progress (3): 3.5/5.6 MB | 827/851 kB | 0.2/1.0 MB
Progress (3): 3.5/5.6 MB | 827/851 kB | 0.2/1.0 MB
Progress (3): 3.5/5.6 MB | 827/851 kB | 0.2/1.0 MB
Progress (3): 3.5/5.6 MB | 827/851 kB | 0.2/1.0 MB
Progress (3): 3.5/5.6 MB | 827/851 kB | 0.2/1.0 MB
Progress (3): 3.5/5.6 MB | 827/851 kB | 0.2/1.0 MB
Progress (3): 3.5/5.6 MB | 827/851 kB | 0.2/1.0 MB
Progress (3): 3.6/5.6 MB | 827/851 kB | 0.2/1.0 MB
Progress (3): 3.6/5.6 MB | 844/851 kB | 0.2/1.0 MB
Progress (3): 3.6/5.6 MB | 844/851 kB | 0.2/1.0 MB
Progress (3): 3.6/5.6 MB | 851 kB | 0.2/1.0 MB    
Progress (3): 3.6/5.6 MB | 851 kB | 0.2/1.0 MB
Progress (3): 3.6/5.6 MB | 851 kB | 0.2/1.0 MB
Progress (3): 3.6/5.6 MB | 851 kB | 0.2/1.0 MB
Progress (3): 3.6/5.6 MB | 851 kB | 0.2/1.0 MB
Progress (3): 3.6/5.6 MB | 851 kB | 0.2/1.0 MB
Progress (3): 3.7/5.6 MB | 851 kB | 0.2/1.0 MB
Progress (3): 3.7/5.6 MB | 851 kB | 0.2/1.0 MB
Progress (3): 3.7/5.6 MB | 851 kB | 0.2/1.0 MB
Progress (3): 3.7/5.6 MB | 851 kB | 0.2/1.0 MB
Progress (3): 3.7/5.6 MB | 851 kB | 0.2/1.0 MB
Progress (3): 3.7/5.6 MB | 851 kB | 0.2/1.0 MB
Progress (3): 3.7/5.6 MB | 851 kB | 0.2/1.0 MB
Progress (3): 3.7/5.6 MB | 851 kB | 0.2/1.0 MB
Progress (3): 3.8/5.6 MB | 851 kB | 0.2/1.0 MB
Progress (3): 3.8/5.6 MB | 851 kB | 0.2/1.0 MB
Progress (3): 3.8/5.6 MB | 851 kB | 0.2/1.0 MB
Progress (3): 3.8/5.6 MB | 851 kB | 0.2/1.0 MB
Progress (3): 3.8/5.6 MB | 851 kB | 0.2/1.0 MB
Progress (3): 3.8/5.6 MB | 851 kB | 0.2/1.0 MB
Progress (3): 3.8/5.6 MB | 851 kB | 0.2/1.0 MB
Progress (3): 3.8/5.6 MB | 851 kB | 0.2/1.0 MB
Progress (3): 3.8/5.6 MB | 851 kB | 0.2/1.0 MB
Progress (3): 3.9/5.6 MB | 851 kB | 0.2/1.0 MB
Progress (3): 3.9/5.6 MB | 851 kB | 0.2/1.0 MB
Progress (3): 3.9/5.6 MB | 851 kB | 0.3/1.0 MB
Progress (3): 3.9/5.6 MB | 851 kB | 0.3/1.0 MB
Progress (3): 3.9/5.6 MB | 851 kB | 0.3/1.0 MB
Progress (3): 3.9/5.6 MB | 851 kB | 0.3/1.0 MB
Progress (3): 3.9/5.6 MB | 851 kB | 0.3/1.0 MB
Progress (3): 3.9/5.6 MB | 851 kB | 0.3/1.0 MB
Progress (3): 3.9/5.6 MB | 851 kB | 0.3/1.0 MB
Progress (3): 3.9/5.6 MB | 851 kB | 0.3/1.0 MB
Progress (3): 4.0/5.6 MB | 851 kB | 0.3/1.0 MB
Progress (3): 4.0/5.6 MB | 851 kB | 0.3/1.0 MB
Progress (3): 4.0/5.6 MB | 851 kB | 0.3/1.0 MB
Progress (3): 4.0/5.6 MB | 851 kB | 0.3/1.0 MB
Progress (3): 4.0/5.6 MB | 851 kB | 0.3/1.0 MB
Progress (3): 4.0/5.6 MB | 851 kB | 0.3/1.0 MB
Progress (3): 4.0/5.6 MB | 851 kB | 0.3/1.0 MB
Progress (3): 4.0/5.6 MB | 851 kB | 0.3/1.0 MB
Progress (3): 4.1/5.6 MB | 851 kB | 0.3/1.0 MB
Progress (3): 4.1/5.6 MB | 851 kB | 0.4/1.0 MB
Progress (3): 4.1/5.6 MB | 851 kB | 0.4/1.0 MB
Progress (3): 4.1/5.6 MB | 851 kB | 0.4/1.0 MB
Progress (3): 4.1/5.6 MB | 851 kB | 0.4/1.0 MB
Progress (3): 4.1/5.6 MB | 851 kB | 0.4/1.0 MB
Progress (3): 4.1/5.6 MB | 851 kB | 0.4/1.0 MB
Progress (3): 4.1/5.6 MB | 851 kB | 0.4/1.0 MB
Progress (3): 4.1/5.6 MB | 851 kB | 0.4/1.0 MB
Progress (3): 4.2/5.6 MB | 851 kB | 0.4/1.0 MB
Progress (3): 4.2/5.6 MB | 851 kB | 0.4/1.0 MB
Progress (3): 4.2/5.6 MB | 851 kB | 0.4/1.0 MB
Progress (3): 4.2/5.6 MB | 851 kB | 0.4/1.0 MB
Progress (3): 4.2/5.6 MB | 851 kB | 0.4/1.0 MB
Progress (3): 4.2/5.6 MB | 851 kB | 0.4/1.0 MB
Progress (3): 4.3/5.6 MB | 851 kB | 0.4/1.0 MB
Progress (3): 4.3/5.6 MB | 851 kB | 0.4/1.0 MB
Progress (3): 4.3/5.6 MB | 851 kB | 0.4/1.0 MB
Progress (3): 4.3/5.6 MB | 851 kB | 0.4/1.0 MB
Progress (3): 4.3/5.6 MB | 851 kB | 0.4/1.0 MB
Progress (3): 4.3/5.6 MB | 851 kB | 0.4/1.0 MB
Progress (3): 4.3/5.6 MB | 851 kB | 0.4/1.0 MB
Progress (3): 4.4/5.6 MB | 851 kB | 0.4/1.0 MB
Progress (4): 4.4/5.6 MB | 851 kB | 0.4/1.0 MB | 7.7/239 kB
Progress (4): 4.4/5.6 MB | 851 kB | 0.4/1.0 MB | 7.7/239 kB
Progress (4): 4.4/5.6 MB | 851 kB | 0.4/1.0 MB | 7.7/239 kB
Progress (4): 4.4/5.6 MB | 851 kB | 0.4/1.0 MB | 7.7/239 kB
Progress (4): 4.4/5.6 MB | 851 kB | 0.4/1.0 MB | 7.7/239 kB
Progress (4): 4.4/5.6 MB | 851 kB | 0.4/1.0 MB | 7.7/239 kB
Progress (4): 4.5/5.6 MB | 851 kB | 0.4/1.0 MB | 7.7/239 kB
Progress (4): 4.5/5.6 MB | 851 kB | 0.4/1.0 MB | 7.7/239 kB
Progress (4): 4.5/5.6 MB | 851 kB | 0.4/1.0 MB | 16/239 kB 
Progress (4): 4.5/5.6 MB | 851 kB | 0.4/1.0 MB | 16/239 kB
Progress (4): 4.5/5.6 MB | 851 kB | 0.4/1.0 MB | 16/239 kB
Progress (4): 4.5/5.6 MB | 851 kB | 0.4/1.0 MB | 32/239 kB
Progress (4): 4.5/5.6 MB | 851 kB | 0.4/1.0 MB | 49/239 kB
Progress (4): 4.5/5.6 MB | 851 kB | 0.4/1.0 MB | 49/239 kB
Progress (4): 4.5/5.6 MB | 851 kB | 0.4/1.0 MB | 49/239 kB
Progress (4): 4.5/5.6 MB | 851 kB | 0.4/1.0 MB | 65/239 kB
Progress (4): 4.6/5.6 MB | 851 kB | 0.4/1.0 MB | 65/239 kB
Progress (4): 4.6/5.6 MB | 851 kB | 0.4/1.0 MB | 81/239 kB
Progress (4): 4.6/5.6 MB | 851 kB | 0.4/1.0 MB | 81/239 kB
Progress (4): 4.6/5.6 MB | 851 kB | 0.4/1.0 MB | 98/239 kB
Progress (4): 4.6/5.6 MB | 851 kB | 0.4/1.0 MB | 98/239 kB
Progress (4): 4.6/5.6 MB | 851 kB | 0.4/1.0 MB | 114/239 kB
Progress (4): 4.6/5.6 MB | 851 kB | 0.4/1.0 MB | 114/239 kB
Progress (4): 4.6/5.6 MB | 851 kB | 0.4/1.0 MB | 131/239 kB
Progress (4): 4.6/5.6 MB | 851 kB | 0.4/1.0 MB | 131/239 kB
Progress (4): 4.6/5.6 MB | 851 kB | 0.4/1.0 MB | 147/239 kB
Progress (4): 4.6/5.6 MB | 851 kB | 0.4/1.0 MB | 147/239 kB
Progress (4): 4.6/5.6 MB | 851 kB | 0.4/1.0 MB | 163/239 kB
Progress (4): 4.7/5.6 MB | 851 kB | 0.4/1.0 MB | 163/239 kB
Progress (4): 4.7/5.6 MB | 851 kB | 0.4/1.0 MB | 180/239 kB
                                                           
Downloaded from central: https://repo1.maven.org/maven2/org/apache/httpcomponents/core5/httpcore5/5.1.3/httpcore5-5.1.3.jar (851 kB at 2.7 MB/s)
Downloading from central: https://repo1.maven.org/maven2/org/apache/directory/buildtools/checkstyle-configuration/2.0.2/checkstyle-configuration-2.0.2.jar
Progress (3): 4.7/5.6 MB | 0.4/1.0 MB | 196/239 kB
Progress (3): 4.7/5.6 MB | 0.4/1.0 MB | 196/239 kB
Progress (3): 4.7/5.6 MB | 0.4/1.0 MB | 213/239 kB
Progress (3): 4.7/5.6 MB | 0.4/1.0 MB | 213/239 kB
Progress (3): 4.7/5.6 MB | 0.4/1.0 MB | 229/239 kB
Progress (3): 4.7/5.6 MB | 0.4/1.0 MB | 229/239 kB
Progress (3): 4.7/5.6 MB | 0.4/1.0 MB | 229/239 kB
Progress (3): 4.7/5.6 MB | 0.4/1.0 MB | 239 kB    
Progress (3): 4.7/5.6 MB | 0.4/1.0 MB | 239 kB
Progress (3): 4.8/5.6 MB | 0.4/1.0 MB | 239 kB
Progress (3): 4.8/5.6 MB | 0.4/1.0 MB | 239 kB
Progress (3): 4.8/5.6 MB | 0.4/1.0 MB | 239 kB
Progress (3): 4.8/5.6 MB | 0.4/1.0 MB | 239 kB
Progress (3): 4.8/5.6 MB | 0.4/1.0 MB | 239 kB
Progress (3): 4.8/5.6 MB | 0.4/1.0 MB | 239 kB
Progress (3): 4.8/5.6 MB | 0.4/1.0 MB | 239 kB
Progress (3): 4.8/5.6 MB | 0.4/1.0 MB | 239 kB
Progress (3): 4.9/5.6 MB | 0.4/1.0 MB | 239 kB
Progress (3): 4.9/5.6 MB | 0.4/1.0 MB | 239 kB
Progress (3): 4.9/5.6 MB | 0.4/1.0 MB | 239 kB
Progress (3): 4.9/5.6 MB | 0.4/1.0 MB | 239 kB
Progress (3): 4.9/5.6 MB | 0.4/1.0 MB | 239 kB
Progress (3): 4.9/5.6 MB | 0.4/1.0 MB | 239 kB
Progress (3): 4.9/5.6 MB | 0.4/1.0 MB | 239 kB
Progress (3): 4.9/5.6 MB | 0.4/1.0 MB | 239 kB
Progress (3): 5.0/5.6 MB | 0.4/1.0 MB | 239 kB
Progress (3): 5.0/5.6 MB | 0.4/1.0 MB | 239 kB
Progress (3): 5.0/5.6 MB | 0.4/1.0 MB | 239 kB
Progress (3): 5.0/5.6 MB | 0.4/1.0 MB | 239 kB
Progress (3): 5.0/5.6 MB | 0.5/1.0 MB | 239 kB
Progress (3): 5.0/5.6 MB | 0.5/1.0 MB | 239 kB
Progress (3): 5.0/5.6 MB | 0.5/1.0 MB | 239 kB
Progress (3): 5.0/5.6 MB | 0.5/1.0 MB | 239 kB
Progress (4): 5.0/5.6 MB | 0.5/1.0 MB | 239 kB | 7.7/37 kB
Progress (4): 5.1/5.6 MB | 0.5/1.0 MB | 239 kB | 7.7/37 kB
Progress (4): 5.1/5.6 MB | 0.5/1.0 MB | 239 kB | 7.7/37 kB
Progress (4): 5.1/5.6 MB | 0.5/1.0 MB | 239 kB | 7.7/37 kB
Progress (4): 5.1/5.6 MB | 0.5/1.0 MB | 239 kB | 7.7/37 kB
Progress (4): 5.1/5.6 MB | 0.5/1.0 MB | 239 kB | 7.7/37 kB
Progress (4): 5.1/5.6 MB | 0.5/1.0 MB | 239 kB | 7.7/37 kB
Progress (4): 5.1/5.6 MB | 0.5/1.0 MB | 239 kB | 7.7/37 kB
Progress (4): 5.1/5.6 MB | 0.5/1.0 MB | 239 kB | 7.7/37 kB
Progress (4): 5.1/5.6 MB | 0.5/1.0 MB | 239 kB | 16/37 kB 
Progress (4): 5.2/5.6 MB | 0.5/1.0 MB | 239 kB | 16/37 kB
Progress (4): 5.2/5.6 MB | 0.5/1.0 MB | 239 kB | 32/37 kB
Progress (4): 5.2/5.6 MB | 0.5/1.0 MB | 239 kB | 37 kB   
Progress (4): 5.2/5.6 MB | 0.5/1.0 MB | 239 kB | 37 kB
Progress (4): 5.2/5.6 MB | 0.5/1.0 MB | 239 kB | 37 kB
Progress (4): 5.2/5.6 MB | 0.5/1.0 MB | 239 kB | 37 kB
Progress (4): 5.2/5.6 MB | 0.5/1.0 MB | 239 kB | 37 kB
Progress (4): 5.2/5.6 MB | 0.5/1.0 MB | 239 kB | 37 kB
Progress (4): 5.2/5.6 MB | 0.5/1.0 MB | 239 kB | 37 kB
Progress (4): 5.2/5.6 MB | 0.5/1.0 MB | 239 kB | 37 kB
Progress (4): 5.3/5.6 MB | 0.5/1.0 MB | 239 kB | 37 kB
Progress (4): 5.3/5.6 MB | 0.5/1.0 MB | 239 kB | 37 kB
Progress (4): 5.3/5.6 MB | 0.6/1.0 MB | 239 kB | 37 kB
Progress (4): 5.3/5.6 MB | 0.6/1.0 MB | 239 kB | 37 kB
Progress (4): 5.3/5.6 MB | 0.6/1.0 MB | 239 kB | 37 kB
Progress (4): 5.3/5.6 MB | 0.6/1.0 MB | 239 kB | 37 kB
Progress (4): 5.3/5.6 MB | 0.6/1.0 MB | 239 kB | 37 kB
Progress (4): 5.3/5.6 MB | 0.6/1.0 MB | 239 kB | 37 kB
Progress (4): 5.3/5.6 MB | 0.6/1.0 MB | 239 kB | 37 kB
Progress (4): 5.3/5.6 MB | 0.6/1.0 MB | 239 kB | 37 kB
Progress (4): 5.3/5.6 MB | 0.6/1.0 MB | 239 kB | 37 kB
Progress (4): 5.4/5.6 MB | 0.6/1.0 MB | 239 kB | 37 kB
Progress (4): 5.4/5.6 MB | 0.6/1.0 MB | 239 kB | 37 kB
Progress (4): 5.4/5.6 MB | 0.6/1.0 MB | 239 kB | 37 kB
Progress (4): 5.4/5.6 MB | 0.6/1.0 MB | 239 kB | 37 kB
Progress (4): 5.4/5.6 MB | 0.6/1.0 MB | 239 kB | 37 kB
Progress (4): 5.4/5.6 MB | 0.6/1.0 MB | 239 kB | 37 kB
Progress (4): 5.5/5.6 MB | 0.6/1.0 MB | 239 kB | 37 kB
Progress (4): 5.5/5.6 MB | 0.6/1.0 MB | 239 kB | 37 kB
Progress (4): 5.5/5.6 MB | 0.6/1.0 MB | 239 kB | 37 kB
Progress (4): 5.5/5.6 MB | 0.6/1.0 MB | 239 kB | 37 kB
Progress (4): 5.5/5.6 MB | 0.6/1.0 MB | 239 kB | 37 kB
                                                      
Downloaded from central: https://repo1.maven.org/maven2/org/checkerframework/checker-qual/3.48.3/checker-qual-3.48.3.jar (239 kB at 721 kB/s)
Progress (3): 5.5/5.6 MB | 0.6/1.0 MB | 37 kB
Progress (3): 5.6/5.6 MB | 0.6/1.0 MB | 37 kB
Progress (3): 5.6/5.6 MB | 0.6/1.0 MB | 37 kB
Progress (3): 5.6/5.6 MB | 0.6/1.0 MB | 37 kB
Progress (3): 5.6/5.6 MB | 0.6/1.0 MB | 37 kB
Progress (3): 5.6/5.6 MB | 0.6/1.0 MB | 37 kB
Progress (3): 5.6 MB | 0.6/1.0 MB | 37 kB    
Progress (3): 5.6 MB | 0.7/1.0 MB | 37 kB
Progress (3): 5.6 MB | 0.7/1.0 MB | 37 kB
Progress (3): 5.6 MB | 0.7/1.0 MB | 37 kB
Progress (3): 5.6 MB | 0.7/1.0 MB | 37 kB
Progress (3): 5.6 MB | 0.7/1.0 MB | 37 kB
Progress (3): 5.6 MB | 0.7/1.0 MB | 37 kB
Progress (3): 5.6 MB | 0.8/1.0 MB | 37 kB
Progress (3): 5.6 MB | 0.8/1.0 MB | 37 kB
Progress (3): 5.6 MB | 0.8/1.0 MB | 37 kB
Progress (3): 5.6 MB | 0.8/1.0 MB | 37 kB
Progress (3): 5.6 MB | 0.8/1.0 MB | 37 kB
Progress (3): 5.6 MB | 0.8/1.0 MB | 37 kB
Progress (3): 5.6 MB | 0.9/1.0 MB | 37 kB
Progress (3): 5.6 MB | 0.9/1.0 MB | 37 kB
Progress (3): 5.6 MB | 0.9/1.0 MB | 37 kB
                                         
Downloaded from central: https://repo1.maven.org/maven2/org/apache/maven/doxia/doxia-module-xdoc/1.12.0/doxia-module-xdoc-1.12.0.jar (37 kB at 109 kB/s)
Progress (2): 5.6 MB | 0.9/1.0 MB
Progress (2): 5.6 MB | 0.9/1.0 MB
Progress (2): 5.6 MB | 0.9/1.0 MB
Progress (2): 5.6 MB | 1.0/1.0 MB
Progress (2): 5.6 MB | 1.0/1.0 MB
Progress (2): 5.6 MB | 1.0/1.0 MB
Progress (2): 5.6 MB | 1.0/1.0 MB
Progress (2): 5.6 MB | 1.0/1.0 MB
Progress (2): 5.6 MB | 1.0 MB    
                             
Downloaded from central: https://repo1.maven.org/maven2/org/xmlresolver/xmlresolver/5.2.2/xmlresolver-5.2.2-data.jar (1.0 MB at 2.9 MB/s)
Downloaded from central: https://repo1.maven.org/maven2/net/sf/saxon/Saxon-HE/12.5/Saxon-HE-12.5.jar (5.6 MB at 15 MB/s)
Progress (1): 7.8/9.5 kB
Progress (1): 9.5 kB    
                    
Downloaded from central: https://repo1.maven.org/maven2/org/apache/directory/buildtools/checkstyle-configuration/2.0.2/checkstyle-configuration-2.0.2.jar (9.5 kB at 16 kB/s)
[INFO] You have 0 Checkstyle violations.
[INFO] 
[INFO] --- remote-resources:3.3.0:process (process-resource-bundles) @ apacheds-xdbm-partition ---
[INFO] Preparing remote bundle org.apache.apache.resources:apache-jar-resource-bundle:1.5
[INFO] Copying 3 resources from 1 bundle.
[INFO] 
[INFO] --- resources:3.3.1:resources (default-resources) @ apacheds-xdbm-partition ---
[INFO] skip non existing resourceDirectory D:\Khedma\Mr wiem\mutation-test-pipeline\target-repos\206437\xdbm-partition\src\main\resources
[INFO] Copying 3 resources from target\maven-shared-archive-resources to target\classes
[INFO] 
[INFO] --- compiler:3.13.0:compile (default-compile) @ apacheds-xdbm-partition ---
[INFO] Recompiling the module because of changed dependency.
[INFO] Compiling 69 source files with javac [debug deprecation release 8] to target\classes
[INFO] /D:/Khedma/Mr wiem/mutation-test-pipeline/target-repos/206437/xdbm-partition/src/main/java/org/apache/directory/server/core/partition/impl/btree/AbstractBTreePartition.java: Some input files use unchecked or unsafe operations.
[INFO] /D:/Khedma/Mr wiem/mutation-test-pipeline/target-repos/206437/xdbm-partition/src/main/java/org/apache/directory/server/core/partition/impl/btree/AbstractBTreePartition.java: Recompile with -Xlint:unchecked for details.
[INFO] ------------------------------------------------------------------------
[INFO] BUILD SUCCESS
[INFO] ------------------------------------------------------------------------
[INFO] Total time:  16.395 s
[INFO] Finished at: 2026-02-25T13:14:46-05:00
[INFO] ------------------------------------------------------------------------

STDERR:
