COMMAND: mvn.cmd -s D:\Khedma\Mr wiem\mutation-test-pipeline\.mvn\settings.xml -DskipTests compile

STDOUT:
[INFO] Scanning for projects...
[INFO] 
[INFO] --------------< org.apache.jackrabbit:jackrabbit-spi2dav >--------------
[INFO] Building Jackrabbit SPI to WebDAV 2.23.3-beta-SNAPSHOT
[INFO]   from pom.xml
[INFO] --------------------------------[ jar ]---------------------------------
Downloading from central: https://repo1.maven.org/maven2/org/jacoco/jacoco-maven-plugin/0.8.13/jacoco-maven-plugin-0.8.13.pom
Progress (1): 870 B
Progress (1): 2.9 kB
Progress (1): 4.2 kB
                    
Downloaded from central: https://repo1.maven.org/maven2/org/jacoco/jacoco-maven-plugin/0.8.13/jacoco-maven-plugin-0.8.13.pom (4.2 kB at 15 kB/s)
Downloading from central: https://repo1.maven.org/maven2/org/jacoco/org.jacoco.build/0.8.13/org.jacoco.build-0.8.13.pom
Progress (1): 746 B
Progress (1): 2.1 kB
Progress (1): 4.2 kB
Progress (1): 7.3 kB
Progress (1): 10.0 kB
Progress (1): 15 kB  
Progress (1): 18 kB
Progress (1): 19 kB
Progress (1): 23 kB
Progress (1): 25 kB
Progress (1): 27 kB
Progress (1): 29 kB
Progress (1): 35 kB
Progress (1): 39 kB
Progress (1): 46 kB
                   
Downloaded from central: https://repo1.maven.org/maven2/org/jacoco/org.jacoco.build/0.8.13/org.jacoco.build-0.8.13.pom (46 kB at 788 kB/s)
Downloading from central: https://repo1.maven.org/maven2/org/ow2/asm/asm-bom/9.8/asm-bom-9.8.pom
Progress (1): 1.1 kB
Progress (1): 3.3 kB
                    
Downloaded from central: https://repo1.maven.org/maven2/org/ow2/asm/asm-bom/9.8/asm-bom-9.8.pom (3.3 kB at 68 kB/s)
Downloading from central: https://repo1.maven.org/maven2/org/jacoco/jacoco-maven-plugin/0.8.13/jacoco-maven-plugin-0.8.13.jar
Progress (1): 0.9/57 kB
Progress (1): 2.3/57 kB
Progress (1): 3.7/57 kB
Progress (1): 5.0/57 kB
Progress (1): 6.4/57 kB
Progress (1): 7.8/57 kB
Progress (1): 9.1/57 kB
Progress (1): 11/57 kB 
Progress (1): 12/57 kB
Progress (1): 12/57 kB
Progress (1): 14/57 kB
Progress (1): 15/57 kB
Progress (1): 16/57 kB
Progress (1): 18/57 kB
Progress (1): 19/57 kB
Progress (1): 21/57 kB
Progress (1): 22/57 kB
Progress (1): 23/57 kB
Progress (1): 25/57 kB
Progress (1): 26/57 kB
Progress (1): 27/57 kB
Progress (1): 29/57 kB
Progress (1): 30/57 kB
Progress (1): 31/57 kB
Progress (1): 33/57 kB
Progress (1): 34/57 kB
Progress (1): 36/57 kB
Progress (1): 37/57 kB
Progress (1): 38/57 kB
Progress (1): 43/57 kB
Progress (1): 47/57 kB
Progress (1): 51/57 kB
Progress (1): 55/57 kB
Progress (1): 57 kB   
                   
Downloaded from central: https://repo1.maven.org/maven2/org/jacoco/jacoco-maven-plugin/0.8.13/jacoco-maven-plugin-0.8.13.jar (57 kB at 974 kB/s)
Downloading from central: https://repo1.maven.org/maven2/org/apache/maven/plugins/maven-resources-plugin/3.4.0/maven-resources-plugin-3.4.0.pom
Progress (1): 766 B
Progress (1): 2.1 kB
Progress (1): 4.9 kB
Progress (1): 7.4 kB
Progress (1): 7.9 kB
                    
Downloaded from central: https://repo1.maven.org/maven2/org/apache/maven/plugins/maven-resources-plugin/3.4.0/maven-resources-plugin-3.4.0.pom (7.9 kB at 123 kB/s)
Downloading from central: https://repo1.maven.org/maven2/org/apache/maven/plugins/maven-resources-plugin/3.4.0/maven-resources-plugin-3.4.0.jar
Progress (1): 3.8/31 kB
Progress (1): 8.0/31 kB
Progress (1): 12/31 kB 
Progress (1): 16/31 kB
Progress (1): 21/31 kB
Progress (1): 25/31 kB
Progress (1): 29/31 kB
Progress (1): 31 kB   
                   
Downloaded from central: https://repo1.maven.org/maven2/org/apache/maven/plugins/maven-resources-plugin/3.4.0/maven-resources-plugin-3.4.0.jar (31 kB at 571 kB/s)
[WARNING] The POM for org.apache.jackrabbit:jackrabbit-spi:jar:2.23.3-beta-SNAPSHOT is missing, no dependency information available
[WARNING] The POM for org.apache.jackrabbit:jackrabbit-spi-commons:jar:2.23.3-beta-SNAPSHOT is missing, no dependency information available
[WARNING] The POM for org.apache.jackrabbit:jackrabbit-jcr-commons:jar:2.23.3-beta-SNAPSHOT is missing, no dependency information available
[WARNING] The POM for org.apache.jackrabbit:jackrabbit-webdav:jar:2.23.3-beta-SNAPSHOT is missing, no dependency information available
Downloading from central: https://repo1.maven.org/maven2/javax/jcr/jcr/2.0/jcr-2.0.pom
Progress (1): 1.2 kB
Progress (1): 1.3 kB
                    
Downloaded from central: https://repo1.maven.org/maven2/javax/jcr/jcr/2.0/jcr-2.0.pom (1.3 kB at 20 kB/s)
Downloading from central: https://repo1.maven.org/maven2/org/apache/httpcomponents/httpmime/4.5.14/httpmime-4.5.14.pom
Progress (1): 869 B
Progress (1): 2.5 kB
Progress (1): 4.8 kB
Progress (1): 5.1 kB
                    
Downloaded from central: https://repo1.maven.org/maven2/org/apache/httpcomponents/httpmime/4.5.14/httpmime-4.5.14.pom (5.1 kB at 90 kB/s)
Downloading from central: https://repo1.maven.org/maven2/org/apache/httpcomponents/httpcomponents-client/4.5.14/httpcomponents-client-4.5.14.pom
Progress (1): 841 B
Progress (1): 2.3 kB
Progress (1): 4.6 kB
Progress (1): 8.6 kB
Progress (1): 11 kB 
Progress (1): 14 kB
Progress (1): 15 kB
                   
Downloaded from central: https://repo1.maven.org/maven2/org/apache/httpcomponents/httpcomponents-client/4.5.14/httpcomponents-client-4.5.14.pom (15 kB at 242 kB/s)
Downloading from central: https://repo1.maven.org/maven2/org/apache/httpcomponents/httpclient/4.5.14/httpclient-4.5.14.pom
Progress (1): 859 B
Progress (1): 2.8 kB
Progress (1): 5.0 kB
Progress (1): 6.6 kB
                    
Downloaded from central: https://repo1.maven.org/maven2/org/apache/httpcomponents/httpclient/4.5.14/httpclient-4.5.14.pom (6.6 kB at 92 kB/s)
Downloading from central: https://repo1.maven.org/maven2/org/apache/httpcomponents/httpcore/4.4.16/httpcore-4.4.16.pom
Progress (1): 869 B
Progress (1): 2.5 kB
Progress (1): 4.7 kB
Progress (1): 5.0 kB
                    
Downloaded from central: https://repo1.maven.org/maven2/org/apache/httpcomponents/httpcore/4.4.16/httpcore-4.4.16.pom (5.0 kB at 86 kB/s)
Downloading from central: https://repo1.maven.org/maven2/org/apache/httpcomponents/httpcomponents-core/4.4.16/httpcomponents-core-4.4.16.pom
Progress (1): 850 B
Progress (1): 2.3 kB
Progress (1): 4.3 kB
Progress (1): 7.2 kB
Progress (1): 9.8 kB
Progress (1): 12 kB 
                   
Downloaded from central: https://repo1.maven.org/maven2/org/apache/httpcomponents/httpcomponents-core/4.4.16/httpcomponents-core-4.4.16.pom (12 kB at 234 kB/s)
[WARNING] The POM for org.apache.jackrabbit:jackrabbit-jcr-tests:jar:2.23.3-beta-SNAPSHOT is missing, no dependency information available
[WARNING] The POM for org.apache.jackrabbit:jackrabbit-jcr2spi:jar:2.23.3-beta-SNAPSHOT is missing, no dependency information available
[WARNING] The POM for org.apache.jackrabbit:jackrabbit-jcr2spi:jar:tests:2.23.3-beta-SNAPSHOT is missing, no dependency information available
[WARNING] The POM for org.apache.jackrabbit:jackrabbit-spi:jar:tests:2.23.3-beta-SNAPSHOT is missing, no dependency information available
[WARNING] The POM for org.apache.jackrabbit:jackrabbit-jcr-server:jar:tests:2.23.3-beta-SNAPSHOT is missing, no dependency information available
[WARNING] The POM for org.apache.jackrabbit:jackrabbit-jcr-server:jar:2.23.3-beta-SNAPSHOT is missing, no dependency information available
[WARNING] The POM for org.apache.jackrabbit:jackrabbit-core:jar:2.23.3-beta-SNAPSHOT is missing, no dependency information available
Downloading from central: https://repo1.maven.org/maven2/ch/qos/logback/logback-classic/1.2.13/logback-classic-1.2.13.pom
Progress (1): 2.0 kB
Progress (1): 5.2 kB
Progress (1): 8.2 kB
Progress (1): 9.7 kB
                    
Downloaded from central: https://repo1.maven.org/maven2/ch/qos/logback/logback-classic/1.2.13/logback-classic-1.2.13.pom (9.7 kB at 183 kB/s)
Downloading from central: https://repo1.maven.org/maven2/ch/qos/logback/logback-parent/1.2.13/logback-parent-1.2.13.pom
Progress (1): 1.1 kB
Progress (1): 2.9 kB
Progress (1): 6.7 kB
Progress (1): 11 kB 
Progress (1): 15 kB
Progress (1): 18 kB
Progress (1): 19 kB
                   
Downloaded from central: https://repo1.maven.org/maven2/ch/qos/logback/logback-parent/1.2.13/logback-parent-1.2.13.pom (19 kB at 342 kB/s)
Downloading from central: https://repo1.maven.org/maven2/ch/qos/logback/logback-core/1.2.13/logback-core-1.2.13.pom
Progress (1): 1.7 kB
Progress (1): 4.0 kB
Progress (1): 4.2 kB
                    
Downloaded from central: https://repo1.maven.org/maven2/ch/qos/logback/logback-core/1.2.13/logback-core-1.2.13.pom (4.2 kB at 69 kB/s)
Downloading from central: https://repo1.maven.org/maven2/org/littleshoot/littleproxy/1.1.2/littleproxy-1.1.2.pom
Progress (1): 1.1 kB
Progress (1): 2.9 kB
Progress (1): 7.3 kB
Progress (1): 11 kB 
Progress (1): 18 kB
Progress (1): 22 kB
Progress (1): 27 kB
Progress (1): 27 kB
                   
Downloaded from central: https://repo1.maven.org/maven2/org/littleshoot/littleproxy/1.1.2/littleproxy-1.1.2.pom (27 kB at 279 kB/s)
Downloading from central: https://repo1.maven.org/maven2/com/google/guava/guava/20.0/guava-20.0.pom
Progress (1): 952 B
Progress (1): 3.0 kB
Progress (1): 5.2 kB
Progress (1): 6.8 kB
                    
Downloaded from central: https://repo1.maven.org/maven2/com/google/guava/guava/20.0/guava-20.0.pom (6.8 kB at 129 kB/s)
Downloading from central: https://repo1.maven.org/maven2/com/google/guava/guava-parent/20.0/guava-parent-20.0.pom
Progress (1): 964 B
Progress (1): 2.8 kB
Progress (1): 6.1 kB
Progress (1): 9.9 kB
                    
Downloaded from central: https://repo1.maven.org/maven2/com/google/guava/guava-parent/20.0/guava-parent-20.0.pom (9.9 kB at 155 kB/s)
Downloading from central: https://repo1.maven.org/maven2/org/apache/commons/commons-lang3/3.5/commons-lang3-3.5.pom
Progress (1): 752 B
Progress (1): 2.1 kB
Progress (1): 5.4 kB
Progress (1): 9.0 kB
Progress (1): 12 kB 
Progress (1): 14 kB
Progress (1): 16 kB
Progress (1): 17 kB
Progress (1): 20 kB
Progress (1): 23 kB
Progress (1): 23 kB
                   
Downloaded from central: https://repo1.maven.org/maven2/org/apache/commons/commons-lang3/3.5/commons-lang3-3.5.pom (23 kB at 417 kB/s)
[INFO] Artifact org.apache.commons:commons-parent:pom:41 is present in the local repository, but cached from a remote repository ID that is unavailable in current build context, verifying that is downloadable from [central (https://repo1.maven.org/maven2, default, releases)]
[INFO] Artifact org.apache.commons:commons-parent:pom:41 is present in the local repository, but cached from a remote repository ID that is unavailable in current build context, verifying that is downloadable from [central (https://repo1.maven.org/maven2, default, releases)]
Downloading from central: https://repo1.maven.org/maven2/org/apache/commons/commons-parent/41/commons-parent-41.pom
Downloaded from central: https://repo1.maven.org/maven2/org/apache/commons/commons-parent/41/commons-parent-41.pom (0 B at 0 B/s)
Downloading from central: https://repo1.maven.org/maven2/io/netty/netty-all/4.0.44.Final/netty-all-4.0.44.Final.pom
Progress (1): 773 B
Progress (1): 2.3 kB
Progress (1): 4.7 kB
Progress (1): 8.8 kB
Progress (1): 13 kB 
Progress (1): 16 kB
Progress (1): 19 kB
                   
Downloaded from central: https://repo1.maven.org/maven2/io/netty/netty-all/4.0.44.Final/netty-all-4.0.44.Final.pom (19 kB at 181 kB/s)
Downloading from central: https://repo1.maven.org/maven2/io/netty/netty-parent/4.0.44.Final/netty-parent-4.0.44.Final.pom
Progress (1): 742 B
Progress (1): 2.2 kB
Progress (1): 3.8 kB
Progress (1): 5.7 kB
Progress (1): 7.7 kB
Progress (1): 9.4 kB
Progress (1): 12 kB 
Progress (1): 13 kB
Progress (1): 17 kB
Progress (1): 21 kB
Progress (1): 23 kB
Progress (1): 26 kB
Progress (1): 29 kB
Progress (1): 31 kB
Progress (1): 34 kB
Progress (1): 36 kB
Progress (1): 37 kB
Progress (1): 41 kB
Progress (1): 46 kB
                   
Downloaded from central: https://repo1.maven.org/maven2/io/netty/netty-parent/4.0.44.Final/netty-parent-4.0.44.Final.pom (46 kB at 524 kB/s)
Downloading from central: https://repo1.maven.org/maven2/com/barchart/udt/barchart-udt-bundle/2.3.0/barchart-udt-bundle-2.3.0.pom
Progress (1): 1.1 kB
Progress (1): 2.9 kB
Progress (1): 8.1 kB
Progress (1): 8.2 kB
                    
Downloaded from central: https://repo1.maven.org/maven2/com/barchart/udt/barchart-udt-bundle/2.3.0/barchart-udt-bundle-2.3.0.pom (8.2 kB at 100 kB/s)
Downloading from central: https://repo1.maven.org/maven2/com/barchart/udt/barchart-udt-archon/2.3.0/barchart-udt-archon-2.3.0.pom
Progress (1): 1.0 kB
Progress (1): 2.9 kB
Progress (1): 5.3 kB
Progress (1): 7.4 kB
Progress (1): 10 kB 
Progress (1): 12 kB
                   
Downloaded from central: https://repo1.maven.org/maven2/com/barchart/udt/barchart-udt-archon/2.3.0/barchart-udt-archon-2.3.0.pom (12 kB at 124 kB/s)
Downloading from central: https://repo1.maven.org/maven2/com/barchart/base/barchart-archon/2.5.10/barchart-archon-2.5.10.pom
Progress (1): 976 B
Progress (1): 2.6 kB
Progress (1): 4.4 kB
Progress (1): 6.9 kB
Progress (1): 12 kB 
Progress (1): 14 kB
Progress (1): 18 kB
Progress (1): 20 kB
Progress (1): 23 kB
Progress (1): 26 kB
Progress (1): 30 kB
Progress (1): 33 kB
Progress (1): 35 kB
Progress (1): 39 kB
Progress (1): 43 kB
Progress (1): 43 kB
Progress (1): 51 kB
Progress (1): 55 kB
Progress (1): 58 kB
Progress (1): 60 kB
                   
Downloaded from central: https://repo1.maven.org/maven2/com/barchart/base/barchart-archon/2.5.10/barchart-archon-2.5.10.pom (60 kB at 911 kB/s)
Downloading from central: https://repo1.maven.org/maven2/javax/jcr/jcr/2.0/jcr-2.0.jar
Downloading from central: https://repo1.maven.org/maven2/org/apache/httpcomponents/httpmime/4.5.14/httpmime-4.5.14.jar
Downloading from central: https://repo1.maven.org/maven2/org/apache/httpcomponents/httpclient/4.5.14/httpclient-4.5.14.jar
Downloading from central: https://repo1.maven.org/maven2/ch/qos/logback/logback-classic/1.2.13/logback-classic-1.2.13.jar
Downloading from central: https://repo1.maven.org/maven2/org/apache/httpcomponents/httpcore/4.4.16/httpcore-4.4.16.jar
Progress (1): 7.7/786 kB
Progress (1): 16/786 kB 
Progress (1): 25/786 kB
Progress (1): 41/786 kB
Progress (1): 57/786 kB
Progress (1): 74/786 kB
Progress (1): 90/786 kB
Progress (1): 106/786 kB
Progress (1): 123/786 kB
Progress (1): 139/786 kB
Progress (1): 147/786 kB
Progress (1): 164/786 kB
Progress (1): 180/786 kB
Progress (1): 197/786 kB
Progress (1): 213/786 kB
Progress (1): 229/786 kB
Progress (1): 246/786 kB
Progress (1): 262/786 kB
Progress (1): 279/786 kB
Progress (1): 295/786 kB
Progress (1): 311/786 kB
Progress (1): 328/786 kB
Progress (1): 344/786 kB
Progress (1): 360/786 kB
Progress (1): 377/786 kB
Progress (1): 393/786 kB
Progress (1): 410/786 kB
Progress (1): 426/786 kB
Progress (1): 442/786 kB
Progress (1): 459/786 kB
Progress (1): 475/786 kB
Progress (1): 492/786 kB
Progress (1): 508/786 kB
Progress (1): 524/786 kB
Progress (1): 541/786 kB
Progress (1): 557/786 kB
Progress (1): 573/786 kB
Progress (1): 590/786 kB
Progress (1): 606/786 kB
Progress (1): 623/786 kB
Progress (1): 639/786 kB
Progress (1): 655/786 kB
Progress (1): 672/786 kB
Progress (1): 688/786 kB
Progress (1): 705/786 kB
Progress (1): 721/786 kB
Progress (1): 737/786 kB
Progress (1): 754/786 kB
Progress (1): 770/786 kB
Progress (1): 786 kB    
Progress (2): 786 kB | 0.9/232 kB
Progress (2): 786 kB | 2.3/232 kB
Progress (2): 786 kB | 3.7/232 kB
Progress (2): 786 kB | 5.0/232 kB
Progress (2): 786 kB | 6.4/232 kB
Progress (2): 786 kB | 7.8/232 kB
Progress (3): 786 kB | 7.8/232 kB | 0.9/42 kB
Progress (3): 786 kB | 8.2/232 kB | 0.9/42 kB
Progress (3): 786 kB | 9.6/232 kB | 0.9/42 kB
Progress (3): 786 kB | 11/232 kB | 0.9/42 kB 
Progress (3): 786 kB | 12/232 kB | 0.9/42 kB
Progress (3): 786 kB | 14/232 kB | 0.9/42 kB
Progress (3): 786 kB | 15/232 kB | 0.9/42 kB
Progress (3): 786 kB | 15/232 kB | 2.3/42 kB
Progress (3): 786 kB | 16/232 kB | 2.3/42 kB
Progress (3): 786 kB | 18/232 kB | 2.3/42 kB
Progress (3): 786 kB | 19/232 kB | 2.3/42 kB
Progress (3): 786 kB | 21/232 kB | 2.3/42 kB
Progress (3): 786 kB | 22/232 kB | 2.3/42 kB
                                            
Downloaded from central: https://repo1.maven.org/maven2/org/apache/httpcomponents/httpclient/4.5.14/httpclient-4.5.14.jar (786 kB at 8.9 MB/s)
Downloading from central: https://repo1.maven.org/maven2/ch/qos/logback/logback-core/1.2.13/logback-core-1.2.13.jar
Progress (2): 23/232 kB | 2.3/42 kB
Progress (2): 23/232 kB | 3.7/42 kB
Progress (2): 25/232 kB | 3.7/42 kB
Progress (2): 25/232 kB | 5.0/42 kB
Progress (2): 26/232 kB | 5.0/42 kB
Progress (2): 26/232 kB | 6.4/42 kB
Progress (2): 27/232 kB | 6.4/42 kB
Progress (2): 27/232 kB | 7.8/42 kB
Progress (2): 29/232 kB | 7.8/42 kB
Progress (2): 30/232 kB | 7.8/42 kB
Progress (2): 30/232 kB | 9.1/42 kB
Progress (2): 31/232 kB | 9.1/42 kB
Progress (2): 31/232 kB | 11/42 kB 
Progress (2): 31/232 kB | 12/42 kB
Progress (2): 31/232 kB | 13/42 kB
Progress (2): 33/232 kB | 13/42 kB
Progress (2): 33/232 kB | 15/42 kB
Progress (2): 34/232 kB | 15/42 kB
Progress (2): 36/232 kB | 15/42 kB
Progress (2): 36/232 kB | 16/42 kB
Progress (2): 37/232 kB | 16/42 kB
Progress (2): 37/232 kB | 17/42 kB
Progress (2): 38/232 kB | 17/42 kB
Progress (2): 38/232 kB | 19/42 kB
Progress (2): 40/232 kB | 19/42 kB
Progress (3): 40/232 kB | 19/42 kB | 0.9/328 kB
Progress (3): 40/232 kB | 20/42 kB | 0.9/328 kB
Progress (3): 41/232 kB | 20/42 kB | 0.9/328 kB
Progress (3): 41/232 kB | 21/42 kB | 0.9/328 kB
Progress (3): 42/232 kB | 21/42 kB | 0.9/328 kB
Progress (3): 44/232 kB | 21/42 kB | 0.9/328 kB
Progress (3): 44/232 kB | 23/42 kB | 0.9/328 kB
Progress (3): 45/232 kB | 23/42 kB | 0.9/328 kB
Progress (3): 45/232 kB | 24/42 kB | 0.9/328 kB
Progress (3): 47/232 kB | 24/42 kB | 0.9/328 kB
Progress (3): 47/232 kB | 26/42 kB | 0.9/328 kB
Progress (3): 48/232 kB | 26/42 kB | 0.9/328 kB
Progress (3): 48/232 kB | 27/42 kB | 0.9/328 kB
Progress (3): 49/232 kB | 27/42 kB | 0.9/328 kB
Progress (3): 49/232 kB | 28/42 kB | 0.9/328 kB
Progress (3): 51/232 kB | 28/42 kB | 0.9/328 kB
Progress (3): 51/232 kB | 30/42 kB | 0.9/328 kB
Progress (3): 52/232 kB | 30/42 kB | 0.9/328 kB
Progress (3): 52/232 kB | 30/42 kB | 2.3/328 kB
Progress (3): 52/232 kB | 31/42 kB | 2.3/328 kB
Progress (3): 53/232 kB | 31/42 kB | 2.3/328 kB
Progress (3): 53/232 kB | 32/42 kB | 2.3/328 kB
Progress (3): 55/232 kB | 32/42 kB | 2.3/328 kB
Progress (3): 55/232 kB | 34/42 kB | 2.3/328 kB
Progress (3): 59/232 kB | 34/42 kB | 2.3/328 kB
Progress (3): 59/232 kB | 35/42 kB | 2.3/328 kB
Progress (3): 59/232 kB | 37/42 kB | 2.3/328 kB
Progress (3): 63/232 kB | 37/42 kB | 2.3/328 kB
Progress (3): 63/232 kB | 38/42 kB | 2.3/328 kB
Progress (3): 63/232 kB | 39/42 kB | 2.3/328 kB
Progress (3): 63/232 kB | 41/42 kB | 2.3/328 kB
Progress (3): 63/232 kB | 41/42 kB | 3.7/328 kB
Progress (3): 63/232 kB | 42 kB | 3.7/328 kB   
Progress (3): 63/232 kB | 42 kB | 5.0/328 kB
Progress (3): 63/232 kB | 42 kB | 6.4/328 kB
Progress (3): 63/232 kB | 42 kB | 7.8/328 kB
Progress (3): 63/232 kB | 42 kB | 9.1/328 kB
Progress (3): 63/232 kB | 42 kB | 11/328 kB 
Progress (3): 63/232 kB | 42 kB | 12/328 kB
Progress (3): 63/232 kB | 42 kB | 13/328 kB
Progress (3): 63/232 kB | 42 kB | 15/328 kB
Progress (3): 63/232 kB | 42 kB | 16/328 kB
Progress (3): 63/232 kB | 42 kB | 17/328 kB
Progress (3): 63/232 kB | 42 kB | 19/328 kB
Progress (3): 63/232 kB | 42 kB | 20/328 kB
Progress (3): 63/232 kB | 42 kB | 21/328 kB
Progress (3): 63/232 kB | 42 kB | 23/328 kB
Progress (3): 63/232 kB | 42 kB | 24/328 kB
Progress (3): 63/232 kB | 42 kB | 25/328 kB
Progress (3): 63/232 kB | 42 kB | 26/328 kB
Progress (3): 63/232 kB | 42 kB | 27/328 kB
Progress (3): 63/232 kB | 42 kB | 29/328 kB
Progress (3): 63/232 kB | 42 kB | 30/328 kB
Progress (3): 63/232 kB | 42 kB | 31/328 kB
Progress (3): 63/232 kB | 42 kB | 33/328 kB
Progress (3): 63/232 kB | 42 kB | 34/328 kB
Progress (3): 63/232 kB | 42 kB | 36/328 kB
Progress (3): 63/232 kB | 42 kB | 37/328 kB
Progress (3): 63/232 kB | 42 kB | 38/328 kB
Progress (3): 63/232 kB | 42 kB | 40/328 kB
Progress (3): 63/232 kB | 42 kB | 41/328 kB
Progress (3): 63/232 kB | 42 kB | 42/328 kB
Progress (3): 63/232 kB | 42 kB | 44/328 kB
Progress (3): 63/232 kB | 42 kB | 45/328 kB
Progress (3): 63/232 kB | 42 kB | 46/328 kB
Progress (3): 63/232 kB | 42 kB | 48/328 kB
Progress (3): 63/232 kB | 42 kB | 49/328 kB
Progress (3): 63/232 kB | 42 kB | 51/328 kB
Progress (3): 63/232 kB | 42 kB | 52/328 kB
Progress (3): 63/232 kB | 42 kB | 53/328 kB
Progress (3): 63/232 kB | 42 kB | 55/328 kB
Progress (3): 63/232 kB | 42 kB | 59/328 kB
Progress (3): 63/232 kB | 42 kB | 63/328 kB
Progress (3): 66/232 kB | 42 kB | 63/328 kB
Progress (3): 70/232 kB | 42 kB | 63/328 kB
Progress (3): 74/232 kB | 42 kB | 63/328 kB
Progress (3): 78/232 kB | 42 kB | 63/328 kB
Progress (3): 82/232 kB | 42 kB | 63/328 kB
Progress (3): 82/232 kB | 42 kB | 67/328 kB
                                           
Downloaded from central: https://repo1.maven.org/maven2/org/apache/httpcomponents/httpmime/4.5.14/httpmime-4.5.14.jar (42 kB at 401 kB/s)
Downloading from central: https://repo1.maven.org/maven2/org/littleshoot/littleproxy/1.1.2/littleproxy-1.1.2.jar
Progress (2): 87/232 kB | 67/328 kB
Progress (2): 87/232 kB | 72/328 kB
Progress (2): 91/232 kB | 72/328 kB
Progress (2): 95/232 kB | 72/328 kB
Progress (2): 95/232 kB | 76/328 kB
Progress (2): 99/232 kB | 76/328 kB
Progress (2): 99/232 kB | 80/328 kB
Progress (2): 104/232 kB | 80/328 kB
Progress (2): 108/232 kB | 80/328 kB
Progress (2): 108/232 kB | 84/328 kB
Progress (2): 112/232 kB | 84/328 kB
Progress (2): 112/232 kB | 89/328 kB
Progress (2): 116/232 kB | 89/328 kB
Progress (2): 121/232 kB | 89/328 kB
Progress (2): 121/232 kB | 93/328 kB
Progress (2): 125/232 kB | 93/328 kB
Progress (2): 125/232 kB | 97/328 kB
Progress (2): 125/232 kB | 101/328 kB
Progress (2): 125/232 kB | 105/328 kB
Progress (2): 125/232 kB | 110/328 kB
Progress (2): 125/232 kB | 114/328 kB
Progress (2): 125/232 kB | 118/328 kB
Progress (2): 125/232 kB | 122/328 kB
Progress (2): 125/232 kB | 127/328 kB
Progress (2): 125/232 kB | 131/328 kB
Progress (2): 125/232 kB | 135/328 kB
Progress (2): 125/232 kB | 139/328 kB
Progress (2): 125/232 kB | 144/328 kB
Progress (2): 125/232 kB | 148/328 kB
Progress (2): 125/232 kB | 152/328 kB
Progress (2): 125/232 kB | 156/328 kB
Progress (2): 125/232 kB | 160/328 kB
Progress (2): 125/232 kB | 164/328 kB
Progress (2): 125/232 kB | 168/328 kB
Progress (2): 125/232 kB | 173/328 kB
Progress (2): 125/232 kB | 177/328 kB
Progress (2): 129/232 kB | 177/328 kB
Progress (2): 129/232 kB | 181/328 kB
Progress (2): 133/232 kB | 181/328 kB
Progress (2): 137/232 kB | 181/328 kB
Progress (2): 142/232 kB | 181/328 kB
Progress (2): 146/232 kB | 181/328 kB
Progress (2): 150/232 kB | 181/328 kB
Progress (3): 150/232 kB | 181/328 kB | 8.2/450 kB
Progress (3): 150/232 kB | 181/328 kB | 25/450 kB 
Progress (3): 150/232 kB | 181/328 kB | 41/450 kB
Progress (3): 150/232 kB | 181/328 kB | 57/450 kB
Progress (3): 150/232 kB | 181/328 kB | 74/450 kB
Progress (3): 150/232 kB | 181/328 kB | 90/450 kB
Progress (4): 150/232 kB | 181/328 kB | 90/450 kB | 1.4/69 kB
Progress (4): 150/232 kB | 181/328 kB | 106/450 kB | 1.4/69 kB
Progress (4): 154/232 kB | 181/328 kB | 106/450 kB | 1.4/69 kB
Progress (4): 159/232 kB | 181/328 kB | 106/450 kB | 1.4/69 kB
Progress (4): 163/232 kB | 181/328 kB | 106/450 kB | 1.4/69 kB
Progress (4): 163/232 kB | 181/328 kB | 123/450 kB | 1.4/69 kB
Progress (4): 167/232 kB | 181/328 kB | 123/450 kB | 1.4/69 kB
Progress (4): 167/232 kB | 181/328 kB | 123/450 kB | 2.7/69 kB
Progress (4): 167/232 kB | 181/328 kB | 131/450 kB | 2.7/69 kB
Progress (4): 171/232 kB | 181/328 kB | 131/450 kB | 2.7/69 kB
Progress (4): 171/232 kB | 185/328 kB | 131/450 kB | 2.7/69 kB
Progress (4): 175/232 kB | 185/328 kB | 131/450 kB | 2.7/69 kB
Progress (4): 175/232 kB | 189/328 kB | 131/450 kB | 2.7/69 kB
Progress (4): 175/232 kB | 189/328 kB | 147/450 kB | 2.7/69 kB
Progress (4): 180/232 kB | 189/328 kB | 147/450 kB | 2.7/69 kB
Progress (4): 180/232 kB | 194/328 kB | 147/450 kB | 2.7/69 kB
Progress (4): 184/232 kB | 194/328 kB | 147/450 kB | 2.7/69 kB
Progress (4): 184/232 kB | 194/328 kB | 164/450 kB | 2.7/69 kB
Progress (4): 188/232 kB | 194/328 kB | 164/450 kB | 2.7/69 kB
Progress (4): 188/232 kB | 198/328 kB | 164/450 kB | 2.7/69 kB
Progress (4): 188/232 kB | 198/328 kB | 164/450 kB | 4.1/69 kB
Progress (4): 192/232 kB | 198/328 kB | 164/450 kB | 4.1/69 kB
Progress (4): 192/232 kB | 202/328 kB | 164/450 kB | 4.1/69 kB
Progress (4): 192/232 kB | 202/328 kB | 180/450 kB | 4.1/69 kB
Progress (4): 197/232 kB | 202/328 kB | 180/450 kB | 4.1/69 kB
Progress (4): 197/232 kB | 206/328 kB | 180/450 kB | 4.1/69 kB
Progress (4): 197/232 kB | 211/328 kB | 180/450 kB | 4.1/69 kB
Progress (4): 201/232 kB | 211/328 kB | 180/450 kB | 4.1/69 kB
Progress (4): 201/232 kB | 211/328 kB | 197/450 kB | 4.1/69 kB
Progress (4): 201/232 kB | 215/328 kB | 197/450 kB | 4.1/69 kB
Progress (4): 205/232 kB | 215/328 kB | 197/450 kB | 4.1/69 kB
Progress (4): 205/232 kB | 219/328 kB | 197/450 kB | 4.1/69 kB
Progress (4): 205/232 kB | 219/328 kB | 213/450 kB | 4.1/69 kB
Progress (4): 205/232 kB | 219/328 kB | 213/450 kB | 5.5/69 kB
Progress (4): 205/232 kB | 223/328 kB | 213/450 kB | 5.5/69 kB
Progress (4): 209/232 kB | 223/328 kB | 213/450 kB | 5.5/69 kB
Progress (4): 209/232 kB | 223/328 kB | 229/450 kB | 5.5/69 kB
Progress (4): 214/232 kB | 223/328 kB | 229/450 kB | 5.5/69 kB
Progress (4): 214/232 kB | 240/328 kB | 229/450 kB | 5.5/69 kB
Progress (4): 218/232 kB | 240/328 kB | 229/450 kB | 5.5/69 kB
Progress (4): 218/232 kB | 240/328 kB | 246/450 kB | 5.5/69 kB
Progress (4): 222/232 kB | 240/328 kB | 246/450 kB | 5.5/69 kB
Progress (4): 222/232 kB | 256/328 kB | 246/450 kB | 5.5/69 kB
Progress (4): 232 kB | 256/328 kB | 246/450 kB | 5.5/69 kB    
Progress (4): 232 kB | 256/328 kB | 262/450 kB | 5.5/69 kB
Progress (4): 232 kB | 256/328 kB | 262/450 kB | 6.8/69 kB
Progress (4): 232 kB | 256/328 kB | 279/450 kB | 6.8/69 kB
Progress (4): 232 kB | 272/328 kB | 279/450 kB | 6.8/69 kB
Progress (4): 232 kB | 272/328 kB | 295/450 kB | 6.8/69 kB
Progress (4): 232 kB | 272/328 kB | 311/450 kB | 6.8/69 kB
Progress (4): 232 kB | 287/328 kB | 311/450 kB | 6.8/69 kB
Progress (4): 232 kB | 287/328 kB | 328/450 kB | 6.8/69 kB
Progress (4): 232 kB | 287/328 kB | 328/450 kB | 8.2/69 kB
Progress (4): 232 kB | 287/328 kB | 328/450 kB | 9.6/69 kB
Progress (4): 232 kB | 287/328 kB | 328/450 kB | 11/69 kB 
Progress (4): 232 kB | 287/328 kB | 344/450 kB | 11/69 kB
Progress (4): 232 kB | 287/328 kB | 344/450 kB | 12/69 kB
Progress (4): 232 kB | 287/328 kB | 344/450 kB | 14/69 kB
Progress (4): 232 kB | 287/328 kB | 344/450 kB | 15/69 kB
Progress (4): 232 kB | 287/328 kB | 360/450 kB | 15/69 kB
Progress (4): 232 kB | 287/328 kB | 360/450 kB | 16/69 kB
Progress (4): 232 kB | 287/328 kB | 360/450 kB | 18/69 kB
Progress (4): 232 kB | 303/328 kB | 360/450 kB | 18/69 kB
Progress (4): 232 kB | 303/328 kB | 360/450 kB | 19/69 kB
Progress (4): 232 kB | 303/328 kB | 377/450 kB | 19/69 kB
Progress (4): 232 kB | 303/328 kB | 377/450 kB | 21/69 kB
Progress (4): 232 kB | 303/328 kB | 377/450 kB | 22/69 kB
Progress (4): 232 kB | 303/328 kB | 377/450 kB | 23/69 kB
Progress (4): 232 kB | 303/328 kB | 393/450 kB | 23/69 kB
Progress (4): 232 kB | 303/328 kB | 393/450 kB | 25/69 kB
Progress (4): 232 kB | 303/328 kB | 393/450 kB | 26/69 kB
Progress (4): 232 kB | 303/328 kB | 393/450 kB | 27/69 kB
Progress (4): 232 kB | 319/328 kB | 393/450 kB | 27/69 kB
Progress (4): 232 kB | 319/328 kB | 410/450 kB | 27/69 kB
Progress (4): 232 kB | 319/328 kB | 410/450 kB | 29/69 kB
Progress (4): 232 kB | 319/328 kB | 410/450 kB | 30/69 kB
Progress (4): 232 kB | 319/328 kB | 410/450 kB | 31/69 kB
Progress (4): 232 kB | 328 kB | 410/450 kB | 31/69 kB    
Progress (4): 232 kB | 328 kB | 410/450 kB | 33/69 kB
Progress (4): 232 kB | 328 kB | 426/450 kB | 33/69 kB
Progress (4): 232 kB | 328 kB | 426/450 kB | 34/69 kB
Progress (4): 232 kB | 328 kB | 426/450 kB | 36/69 kB
Progress (4): 232 kB | 328 kB | 442/450 kB | 36/69 kB
Progress (4): 232 kB | 328 kB | 442/450 kB | 37/69 kB
Progress (4): 232 kB | 328 kB | 442/450 kB | 38/69 kB
Progress (4): 232 kB | 328 kB | 450 kB | 38/69 kB    
Progress (4): 232 kB | 328 kB | 450 kB | 40/69 kB
Progress (4): 232 kB | 328 kB | 450 kB | 41/69 kB
Progress (4): 232 kB | 328 kB | 450 kB | 42/69 kB
Progress (4): 232 kB | 328 kB | 450 kB | 44/69 kB
Progress (4): 232 kB | 328 kB | 450 kB | 45/69 kB
Progress (4): 232 kB | 328 kB | 450 kB | 47/69 kB
Progress (4): 232 kB | 328 kB | 450 kB | 48/69 kB
Progress (4): 232 kB | 328 kB | 450 kB | 49/69 kB
Progress (4): 232 kB | 328 kB | 450 kB | 51/69 kB
Progress (4): 232 kB | 328 kB | 450 kB | 52/69 kB
Progress (4): 232 kB | 328 kB | 450 kB | 53/69 kB
Progress (4): 232 kB | 328 kB | 450 kB | 55/69 kB
Progress (4): 232 kB | 328 kB | 450 kB | 57/69 kB
Progress (4): 232 kB | 328 kB | 450 kB | 62/69 kB
Progress (4): 232 kB | 328 kB | 450 kB | 66/69 kB
Progress (4): 232 kB | 328 kB | 450 kB | 69 kB   
                                              
Downloaded from central: https://repo1.maven.org/maven2/ch/qos/logback/logback-classic/1.2.13/logback-classic-1.2.13.jar (232 kB at 1.7 MB/s)
Downloading from central: https://repo1.maven.org/maven2/com/google/guava/guava/20.0/guava-20.0.jar
Downloaded from central: https://repo1.maven.org/maven2/javax/jcr/jcr/2.0/jcr-2.0.jar (69 kB at 459 kB/s)
Downloading from central: https://repo1.maven.org/maven2/org/apache/commons/commons-lang3/3.5/commons-lang3-3.5.jar
Downloaded from central: https://repo1.maven.org/maven2/org/apache/httpcomponents/httpcore/4.4.16/httpcore-4.4.16.jar (328 kB at 2.2 MB/s)
Downloading from central: https://repo1.maven.org/maven2/io/netty/netty-all/4.0.44.Final/netty-all-4.0.44.Final.jar
Downloaded from central: https://repo1.maven.org/maven2/ch/qos/logback/logback-core/1.2.13/logback-core-1.2.13.jar (450 kB at 3.0 MB/s)
Downloading from central: https://repo1.maven.org/maven2/com/barchart/udt/barchart-udt-bundle/2.3.0/barchart-udt-bundle-2.3.0.jar
Progress (1): 0.9/130 kB
Progress (1): 2.3/130 kB
Progress (1): 3.7/130 kB
Progress (1): 5.0/130 kB
Progress (1): 6.4/130 kB
Progress (1): 7.8/130 kB
Progress (1): 9.1/130 kB
Progress (1): 11/130 kB 
Progress (1): 12/130 kB
Progress (1): 13/130 kB
Progress (1): 17/130 kB
Progress (1): 22/130 kB
Progress (1): 26/130 kB
Progress (1): 30/130 kB
Progress (1): 34/130 kB
Progress (1): 39/130 kB
Progress (1): 43/130 kB
Progress (1): 47/130 kB
Progress (1): 51/130 kB
Progress (1): 56/130 kB
Progress (1): 60/130 kB
Progress (1): 64/130 kB
Progress (1): 68/130 kB
Progress (1): 72/130 kB
Progress (1): 77/130 kB
Progress (1): 81/130 kB
Progress (1): 85/130 kB
Progress (1): 89/130 kB
Progress (1): 94/130 kB
Progress (1): 98/130 kB
Progress (1): 102/130 kB
Progress (1): 106/130 kB
Progress (1): 111/130 kB
Progress (1): 115/130 kB
Progress (2): 115/130 kB | 0/2.4 MB
Progress (2): 119/130 kB | 0/2.4 MB
Progress (2): 123/130 kB | 0/2.4 MB
Progress (3): 123/130 kB | 0/2.4 MB | 7.7/480 kB
Progress (3): 127/130 kB | 0/2.4 MB | 7.7/480 kB
Progress (3): 127/130 kB | 0/2.4 MB | 16/480 kB 
Progress (3): 130 kB | 0/2.4 MB | 16/480 kB    
Progress (3): 130 kB | 0/2.4 MB | 32/480 kB
Progress (3): 130 kB | 0/2.4 MB | 32/480 kB
Progress (3): 130 kB | 0/2.4 MB | 49/480 kB
Progress (3): 130 kB | 0/2.4 MB | 49/480 kB
Progress (3): 130 kB | 0/2.4 MB | 65/480 kB
Progress (3): 130 kB | 0/2.4 MB | 65/480 kB
Progress (3): 130 kB | 0/2.4 MB | 65/480 kB
Progress (3): 130 kB | 0/2.4 MB | 81/480 kB
Progress (3): 130 kB | 0/2.4 MB | 81/480 kB
Progress (3): 130 kB | 0/2.4 MB | 81/480 kB
Progress (3): 130 kB | 0/2.4 MB | 98/480 kB
Progress (3): 130 kB | 0/2.4 MB | 98/480 kB
Progress (3): 130 kB | 0/2.4 MB | 114/480 kB
Progress (3): 130 kB | 0/2.4 MB | 114/480 kB
Progress (3): 130 kB | 0/2.4 MB | 114/480 kB
Progress (3): 130 kB | 0/2.4 MB | 131/480 kB
Progress (3): 130 kB | 0/2.4 MB | 131/480 kB
Progress (3): 130 kB | 0.1/2.4 MB | 131/480 kB
Progress (3): 130 kB | 0.1/2.4 MB | 131/480 kB
Progress (3): 130 kB | 0.1/2.4 MB | 147/480 kB
Progress (3): 130 kB | 0.1/2.4 MB | 147/480 kB
Progress (3): 130 kB | 0.1/2.4 MB | 147/480 kB
Progress (3): 130 kB | 0.1/2.4 MB | 163/480 kB
Progress (3): 130 kB | 0.1/2.4 MB | 163/480 kB
Progress (3): 130 kB | 0.1/2.4 MB | 180/480 kB
Progress (3): 130 kB | 0.1/2.4 MB | 180/480 kB
Progress (3): 130 kB | 0.1/2.4 MB | 180/480 kB
Progress (3): 130 kB | 0.1/2.4 MB | 180/480 kB
Progress (3): 130 kB | 0.1/2.4 MB | 196/480 kB
Progress (3): 130 kB | 0.1/2.4 MB | 196/480 kB
Progress (3): 130 kB | 0.1/2.4 MB | 196/480 kB
Progress (3): 130 kB | 0.1/2.4 MB | 196/480 kB
Progress (3): 130 kB | 0.1/2.4 MB | 213/480 kB
Progress (3): 130 kB | 0.1/2.4 MB | 213/480 kB
Progress (3): 130 kB | 0.1/2.4 MB | 213/480 kB
Progress (3): 130 kB | 0.1/2.4 MB | 213/480 kB
Progress (3): 130 kB | 0.1/2.4 MB | 229/480 kB
Progress (3): 130 kB | 0.1/2.4 MB | 229/480 kB
Progress (3): 130 kB | 0.1/2.4 MB | 229/480 kB
Progress (3): 130 kB | 0.1/2.4 MB | 245/480 kB
Progress (3): 130 kB | 0.1/2.4 MB | 245/480 kB
Progress (3): 130 kB | 0.1/2.4 MB | 245/480 kB
Progress (3): 130 kB | 0.1/2.4 MB | 262/480 kB
Progress (3): 130 kB | 0.1/2.4 MB | 262/480 kB
Progress (3): 130 kB | 0.1/2.4 MB | 278/480 kB
Progress (3): 130 kB | 0.1/2.4 MB | 294/480 kB
Progress (3): 130 kB | 0.1/2.4 MB | 311/480 kB
Progress (3): 130 kB | 0.1/2.4 MB | 311/480 kB
Progress (3): 130 kB | 0.1/2.4 MB | 327/480 kB
Progress (3): 130 kB | 0.1/2.4 MB | 327/480 kB
Progress (3): 130 kB | 0.1/2.4 MB | 344/480 kB
Progress (3): 130 kB | 0.1/2.4 MB | 344/480 kB
Progress (3): 130 kB | 0.1/2.4 MB | 360/480 kB
Progress (3): 130 kB | 0.1/2.4 MB | 360/480 kB
Progress (3): 130 kB | 0.1/2.4 MB | 360/480 kB
Progress (3): 130 kB | 0.1/2.4 MB | 376/480 kB
Progress (3): 130 kB | 0.2/2.4 MB | 376/480 kB
Progress (3): 130 kB | 0.2/2.4 MB | 376/480 kB
Progress (3): 130 kB | 0.2/2.4 MB | 393/480 kB
Progress (3): 130 kB | 0.2/2.4 MB | 409/480 kB
Progress (3): 130 kB | 0.2/2.4 MB | 409/480 kB
                                              
Downloaded from central: https://repo1.maven.org/maven2/org/littleshoot/littleproxy/1.1.2/littleproxy-1.1.2.jar (130 kB at 679 kB/s)
Progress (2): 0.2/2.4 MB | 426/480 kB
Progress (2): 0.2/2.4 MB | 426/480 kB
Progress (2): 0.2/2.4 MB | 442/480 kB
Progress (2): 0.2/2.4 MB | 458/480 kB
Progress (2): 0.2/2.4 MB | 475/480 kB
Progress (2): 0.2/2.4 MB | 480 kB    
Progress (2): 0.2/2.4 MB | 480 kB
Progress (2): 0.2/2.4 MB | 480 kB
Progress (2): 0.3/2.4 MB | 480 kB
Progress (2): 0.3/2.4 MB | 480 kB
Progress (2): 0.3/2.4 MB | 480 kB
Progress (2): 0.3/2.4 MB | 480 kB
Progress (2): 0.3/2.4 MB | 480 kB
Progress (2): 0.3/2.4 MB | 480 kB
Progress (3): 0.3/2.4 MB | 480 kB | 0/2.3 MB
Progress (3): 0.3/2.4 MB | 480 kB | 0/2.3 MB
Progress (3): 0.3/2.4 MB | 480 kB | 0/2.3 MB
Progress (3): 0.4/2.4 MB | 480 kB | 0/2.3 MB
Progress (3): 0.4/2.4 MB | 480 kB | 0/2.3 MB
Progress (3): 0.4/2.4 MB | 480 kB | 0/2.3 MB
Progress (3): 0.4/2.4 MB | 480 kB | 0.1/2.3 MB
Progress (3): 0.4/2.4 MB | 480 kB | 0.1/2.3 MB
Progress (3): 0.4/2.4 MB | 480 kB | 0.1/2.3 MB
Progress (3): 0.4/2.4 MB | 480 kB | 0.1/2.3 MB
Progress (3): 0.4/2.4 MB | 480 kB | 0.1/2.3 MB
Progress (3): 0.4/2.4 MB | 480 kB | 0.1/2.3 MB
Progress (3): 0.4/2.4 MB | 480 kB | 0.1/2.3 MB
Progress (3): 0.4/2.4 MB | 480 kB | 0.1/2.3 MB
Progress (3): 0.4/2.4 MB | 480 kB | 0.1/2.3 MB
                                              
Downloaded from central: https://repo1.maven.org/maven2/org/apache/commons/commons-lang3/3.5/commons-lang3-3.5.jar (480 kB at 2.3 MB/s)
Progress (2): 0.4/2.4 MB | 0.1/2.3 MB
Progress (2): 0.4/2.4 MB | 0.1/2.3 MB
Progress (2): 0.5/2.4 MB | 0.1/2.3 MB
Progress (2): 0.5/2.4 MB | 0.1/2.3 MB
Progress (2): 0.5/2.4 MB | 0.2/2.3 MB
Progress (2): 0.5/2.4 MB | 0.2/2.3 MB
Progress (3): 0.5/2.4 MB | 0.2/2.3 MB | 0/1.8 MB
Progress (3): 0.5/2.4 MB | 0.2/2.3 MB | 0/1.8 MB
Progress (3): 0.5/2.4 MB | 0.2/2.3 MB | 0/1.8 MB
Progress (3): 0.5/2.4 MB | 0.2/2.3 MB | 0/1.8 MB
Progress (3): 0.5/2.4 MB | 0.2/2.3 MB | 0/1.8 MB
Progress (3): 0.5/2.4 MB | 0.2/2.3 MB | 0/1.8 MB
Progress (3): 0.5/2.4 MB | 0.2/2.3 MB | 0/1.8 MB
Progress (3): 0.5/2.4 MB | 0.2/2.3 MB | 0/1.8 MB
Progress (3): 0.5/2.4 MB | 0.2/2.3 MB | 0/1.8 MB
Progress (3): 0.5/2.4 MB | 0.2/2.3 MB | 0/1.8 MB
Progress (3): 0.5/2.4 MB | 0.2/2.3 MB | 0.1/1.8 MB
Progress (3): 0.5/2.4 MB | 0.2/2.3 MB | 0.1/1.8 MB
Progress (3): 0.5/2.4 MB | 0.2/2.3 MB | 0.1/1.8 MB
Progress (3): 0.5/2.4 MB | 0.2/2.3 MB | 0.1/1.8 MB
Progress (3): 0.5/2.4 MB | 0.2/2.3 MB | 0.1/1.8 MB
Progress (3): 0.5/2.4 MB | 0.2/2.3 MB | 0.1/1.8 MB
Progress (3): 0.6/2.4 MB | 0.2/2.3 MB | 0.1/1.8 MB
Progress (3): 0.6/2.4 MB | 0.2/2.3 MB | 0.1/1.8 MB
Progress (3): 0.6/2.4 MB | 0.3/2.3 MB | 0.1/1.8 MB
Progress (3): 0.6/2.4 MB | 0.3/2.3 MB | 0.1/1.8 MB
Progress (3): 0.6/2.4 MB | 0.3/2.3 MB | 0.1/1.8 MB
Progress (3): 0.6/2.4 MB | 0.3/2.3 MB | 0.1/1.8 MB
Progress (3): 0.6/2.4 MB | 0.3/2.3 MB | 0.1/1.8 MB
Progress (3): 0.6/2.4 MB | 0.3/2.3 MB | 0.1/1.8 MB
Progress (3): 0.6/2.4 MB | 0.3/2.3 MB | 0.1/1.8 MB
Progress (3): 0.6/2.4 MB | 0.3/2.3 MB | 0.1/1.8 MB
Progress (3): 0.6/2.4 MB | 0.3/2.3 MB | 0.1/1.8 MB
Progress (3): 0.6/2.4 MB | 0.3/2.3 MB | 0.1/1.8 MB
Progress (3): 0.6/2.4 MB | 0.3/2.3 MB | 0.1/1.8 MB
Progress (3): 0.7/2.4 MB | 0.3/2.3 MB | 0.1/1.8 MB
Progress (3): 0.7/2.4 MB | 0.3/2.3 MB | 0.1/1.8 MB
Progress (3): 0.7/2.4 MB | 0.3/2.3 MB | 0.2/1.8 MB
Progress (3): 0.7/2.4 MB | 0.3/2.3 MB | 0.2/1.8 MB
Progress (3): 0.7/2.4 MB | 0.3/2.3 MB | 0.2/1.8 MB
Progress (3): 0.7/2.4 MB | 0.3/2.3 MB | 0.2/1.8 MB
Progress (3): 0.7/2.4 MB | 0.3/2.3 MB | 0.2/1.8 MB
Progress (3): 0.7/2.4 MB | 0.3/2.3 MB | 0.2/1.8 MB
Progress (3): 0.7/2.4 MB | 0.3/2.3 MB | 0.2/1.8 MB
Progress (3): 0.7/2.4 MB | 0.3/2.3 MB | 0.2/1.8 MB
Progress (3): 0.7/2.4 MB | 0.4/2.3 MB | 0.2/1.8 MB
Progress (3): 0.7/2.4 MB | 0.4/2.3 MB | 0.2/1.8 MB
Progress (3): 0.7/2.4 MB | 0.4/2.3 MB | 0.2/1.8 MB
Progress (3): 0.7/2.4 MB | 0.4/2.3 MB | 0.2/1.8 MB
Progress (3): 0.7/2.4 MB | 0.4/2.3 MB | 0.2/1.8 MB
Progress (3): 0.8/2.4 MB | 0.4/2.3 MB | 0.2/1.8 MB
Progress (3): 0.8/2.4 MB | 0.4/2.3 MB | 0.2/1.8 MB
Progress (3): 0.8/2.4 MB | 0.4/2.3 MB | 0.2/1.8 MB
Progress (3): 0.8/2.4 MB | 0.4/2.3 MB | 0.2/1.8 MB
Progress (3): 0.8/2.4 MB | 0.4/2.3 MB | 0.2/1.8 MB
Progress (3): 0.8/2.4 MB | 0.4/2.3 MB | 0.2/1.8 MB
Progress (3): 0.8/2.4 MB | 0.4/2.3 MB | 0.3/1.8 MB
Progress (3): 0.8/2.4 MB | 0.4/2.3 MB | 0.3/1.8 MB
Progress (3): 0.8/2.4 MB | 0.4/2.3 MB | 0.3/1.8 MB
Progress (3): 0.8/2.4 MB | 0.4/2.3 MB | 0.3/1.8 MB
Progress (3): 0.8/2.4 MB | 0.4/2.3 MB | 0.3/1.8 MB
Progress (3): 0.8/2.4 MB | 0.4/2.3 MB | 0.3/1.8 MB
Progress (3): 0.8/2.4 MB | 0.4/2.3 MB | 0.3/1.8 MB
Progress (3): 0.8/2.4 MB | 0.5/2.3 MB | 0.3/1.8 MB
Progress (3): 0.8/2.4 MB | 0.5/2.3 MB | 0.3/1.8 MB
Progress (3): 0.8/2.4 MB | 0.5/2.3 MB | 0.3/1.8 MB
Progress (3): 0.9/2.4 MB | 0.5/2.3 MB | 0.3/1.8 MB
Progress (3): 0.9/2.4 MB | 0.5/2.3 MB | 0.3/1.8 MB
Progress (3): 0.9/2.4 MB | 0.5/2.3 MB | 0.3/1.8 MB
Progress (3): 0.9/2.4 MB | 0.5/2.3 MB | 0.3/1.8 MB
Progress (3): 0.9/2.4 MB | 0.5/2.3 MB | 0.3/1.8 MB
Progress (3): 0.9/2.4 MB | 0.5/2.3 MB | 0.3/1.8 MB
Progress (3): 0.9/2.4 MB | 0.5/2.3 MB | 0.3/1.8 MB
Progress (3): 0.9/2.4 MB | 0.5/2.3 MB | 0.3/1.8 MB
Progress (3): 0.9/2.4 MB | 0.5/2.3 MB | 0.3/1.8 MB
Progress (3): 0.9/2.4 MB | 0.5/2.3 MB | 0.3/1.8 MB
Progress (3): 0.9/2.4 MB | 0.5/2.3 MB | 0.3/1.8 MB
Progress (3): 0.9/2.4 MB | 0.5/2.3 MB | 0.3/1.8 MB
Progress (3): 0.9/2.4 MB | 0.5/2.3 MB | 0.3/1.8 MB
Progress (3): 0.9/2.4 MB | 0.5/2.3 MB | 0.4/1.8 MB
Progress (3): 0.9/2.4 MB | 0.6/2.3 MB | 0.4/1.8 MB
Progress (3): 1.0/2.4 MB | 0.6/2.3 MB | 0.4/1.8 MB
Progress (3): 1.0/2.4 MB | 0.6/2.3 MB | 0.4/1.8 MB
Progress (3): 1.0/2.4 MB | 0.6/2.3 MB | 0.4/1.8 MB
Progress (3): 1.0/2.4 MB | 0.6/2.3 MB | 0.4/1.8 MB
Progress (3): 1.0/2.4 MB | 0.6/2.3 MB | 0.4/1.8 MB
Progress (3): 1.0/2.4 MB | 0.6/2.3 MB | 0.4/1.8 MB
Progress (3): 1.0/2.4 MB | 0.6/2.3 MB | 0.4/1.8 MB
Progress (3): 1.0/2.4 MB | 0.6/2.3 MB | 0.4/1.8 MB
Progress (3): 1.0/2.4 MB | 0.6/2.3 MB | 0.4/1.8 MB
Progress (3): 1.0/2.4 MB | 0.6/2.3 MB | 0.4/1.8 MB
Progress (3): 1.0/2.4 MB | 0.6/2.3 MB | 0.4/1.8 MB
Progress (3): 1.0/2.4 MB | 0.6/2.3 MB | 0.4/1.8 MB
Progress (3): 1.0/2.4 MB | 0.7/2.3 MB | 0.4/1.8 MB
Progress (3): 1.0/2.4 MB | 0.7/2.3 MB | 0.4/1.8 MB
Progress (3): 1.0/2.4 MB | 0.7/2.3 MB | 0.4/1.8 MB
Progress (3): 1.1/2.4 MB | 0.7/2.3 MB | 0.4/1.8 MB
Progress (3): 1.1/2.4 MB | 0.7/2.3 MB | 0.4/1.8 MB
Progress (3): 1.1/2.4 MB | 0.7/2.3 MB | 0.4/1.8 MB
Progress (3): 1.1/2.4 MB | 0.7/2.3 MB | 0.4/1.8 MB
Progress (3): 1.1/2.4 MB | 0.7/2.3 MB | 0.4/1.8 MB
Progress (3): 1.1/2.4 MB | 0.7/2.3 MB | 0.4/1.8 MB
Progress (3): 1.1/2.4 MB | 0.7/2.3 MB | 0.4/1.8 MB
Progress (3): 1.1/2.4 MB | 0.7/2.3 MB | 0.4/1.8 MB
Progress (3): 1.1/2.4 MB | 0.8/2.3 MB | 0.4/1.8 MB
Progress (3): 1.1/2.4 MB | 0.8/2.3 MB | 0.4/1.8 MB
Progress (3): 1.1/2.4 MB | 0.8/2.3 MB | 0.4/1.8 MB
Progress (3): 1.1/2.4 MB | 0.8/2.3 MB | 0.4/1.8 MB
Progress (3): 1.1/2.4 MB | 0.8/2.3 MB | 0.4/1.8 MB
Progress (3): 1.1/2.4 MB | 0.8/2.3 MB | 0.4/1.8 MB
Progress (3): 1.2/2.4 MB | 0.8/2.3 MB | 0.4/1.8 MB
Progress (3): 1.2/2.4 MB | 0.8/2.3 MB | 0.4/1.8 MB
Progress (3): 1.2/2.4 MB | 0.8/2.3 MB | 0.4/1.8 MB
Progress (3): 1.2/2.4 MB | 0.8/2.3 MB | 0.4/1.8 MB
Progress (3): 1.2/2.4 MB | 0.8/2.3 MB | 0.4/1.8 MB
Progress (3): 1.2/2.4 MB | 0.8/2.3 MB | 0.4/1.8 MB
Progress (3): 1.2/2.4 MB | 0.9/2.3 MB | 0.4/1.8 MB
Progress (3): 1.2/2.4 MB | 0.9/2.3 MB | 0.4/1.8 MB
Progress (3): 1.2/2.4 MB | 0.9/2.3 MB | 0.4/1.8 MB
Progress (3): 1.2/2.4 MB | 0.9/2.3 MB | 0.4/1.8 MB
Progress (3): 1.2/2.4 MB | 0.9/2.3 MB | 0.4/1.8 MB
Progress (3): 1.2/2.4 MB | 0.9/2.3 MB | 0.4/1.8 MB
Progress (3): 1.2/2.4 MB | 0.9/2.3 MB | 0.4/1.8 MB
Progress (3): 1.2/2.4 MB | 0.9/2.3 MB | 0.4/1.8 MB
Progress (3): 1.2/2.4 MB | 0.9/2.3 MB | 0.5/1.8 MB
Progress (3): 1.3/2.4 MB | 0.9/2.3 MB | 0.5/1.8 MB
Progress (3): 1.3/2.4 MB | 0.9/2.3 MB | 0.5/1.8 MB
Progress (3): 1.3/2.4 MB | 0.9/2.3 MB | 0.5/1.8 MB
Progress (3): 1.3/2.4 MB | 0.9/2.3 MB | 0.5/1.8 MB
Progress (3): 1.3/2.4 MB | 0.9/2.3 MB | 0.5/1.8 MB
Progress (3): 1.3/2.4 MB | 0.9/2.3 MB | 0.5/1.8 MB
Progress (3): 1.3/2.4 MB | 0.9/2.3 MB | 0.5/1.8 MB
Progress (3): 1.3/2.4 MB | 0.9/2.3 MB | 0.5/1.8 MB
Progress (3): 1.3/2.4 MB | 0.9/2.3 MB | 0.5/1.8 MB
Progress (3): 1.3/2.4 MB | 0.9/2.3 MB | 0.5/1.8 MB
Progress (3): 1.3/2.4 MB | 1.0/2.3 MB | 0.5/1.8 MB
Progress (3): 1.3/2.4 MB | 1.0/2.3 MB | 0.5/1.8 MB
Progress (3): 1.3/2.4 MB | 1.0/2.3 MB | 0.5/1.8 MB
Progress (3): 1.4/2.4 MB | 1.0/2.3 MB | 0.5/1.8 MB
Progress (3): 1.4/2.4 MB | 1.0/2.3 MB | 0.5/1.8 MB
Progress (3): 1.4/2.4 MB | 1.0/2.3 MB | 0.5/1.8 MB
Progress (3): 1.4/2.4 MB | 1.0/2.3 MB | 0.5/1.8 MB
Progress (3): 1.4/2.4 MB | 1.0/2.3 MB | 0.5/1.8 MB
Progress (3): 1.4/2.4 MB | 1.0/2.3 MB | 0.5/1.8 MB
Progress (3): 1.4/2.4 MB | 1.0/2.3 MB | 0.5/1.8 MB
Progress (3): 1.4/2.4 MB | 1.0/2.3 MB | 0.5/1.8 MB
Progress (3): 1.4/2.4 MB | 1.0/2.3 MB | 0.5/1.8 MB
Progress (3): 1.4/2.4 MB | 1.0/2.3 MB | 0.5/1.8 MB
Progress (3): 1.4/2.4 MB | 1.0/2.3 MB | 0.5/1.8 MB
Progress (3): 1.4/2.4 MB | 1.1/2.3 MB | 0.5/1.8 MB
Progress (3): 1.5/2.4 MB | 1.1/2.3 MB | 0.5/1.8 MB
Progress (3): 1.5/2.4 MB | 1.1/2.3 MB | 0.5/1.8 MB
Progress (3): 1.5/2.4 MB | 1.1/2.3 MB | 0.5/1.8 MB
Progress (3): 1.5/2.4 MB | 1.1/2.3 MB | 0.5/1.8 MB
Progress (3): 1.5/2.4 MB | 1.1/2.3 MB | 0.5/1.8 MB
Progress (3): 1.5/2.4 MB | 1.1/2.3 MB | 0.5/1.8 MB
Progress (3): 1.5/2.4 MB | 1.1/2.3 MB | 0.5/1.8 MB
Progress (3): 1.5/2.4 MB | 1.1/2.3 MB | 0.5/1.8 MB
Progress (3): 1.5/2.4 MB | 1.1/2.3 MB | 0.5/1.8 MB
Progress (3): 1.5/2.4 MB | 1.1/2.3 MB | 0.5/1.8 MB
Progress (3): 1.5/2.4 MB | 1.1/2.3 MB | 0.5/1.8 MB
Progress (3): 1.6/2.4 MB | 1.1/2.3 MB | 0.5/1.8 MB
Progress (3): 1.6/2.4 MB | 1.1/2.3 MB | 0.5/1.8 MB
Progress (3): 1.6/2.4 MB | 1.1/2.3 MB | 0.5/1.8 MB
Progress (3): 1.6/2.4 MB | 1.1/2.3 MB | 0.5/1.8 MB
Progress (3): 1.6/2.4 MB | 1.1/2.3 MB | 0.5/1.8 MB
Progress (3): 1.6/2.4 MB | 1.1/2.3 MB | 0.5/1.8 MB
Progress (3): 1.6/2.4 MB | 1.1/2.3 MB | 0.5/1.8 MB
Progress (3): 1.6/2.4 MB | 1.2/2.3 MB | 0.5/1.8 MB
Progress (3): 1.6/2.4 MB | 1.2/2.3 MB | 0.5/1.8 MB
Progress (3): 1.6/2.4 MB | 1.2/2.3 MB | 0.5/1.8 MB
Progress (3): 1.6/2.4 MB | 1.2/2.3 MB | 0.5/1.8 MB
Progress (3): 1.6/2.4 MB | 1.2/2.3 MB | 0.6/1.8 MB
Progress (3): 1.6/2.4 MB | 1.2/2.3 MB | 0.6/1.8 MB
Progress (3): 1.6/2.4 MB | 1.2/2.3 MB | 0.6/1.8 MB
Progress (3): 1.6/2.4 MB | 1.2/2.3 MB | 0.6/1.8 MB
Progress (3): 1.7/2.4 MB | 1.2/2.3 MB | 0.6/1.8 MB
Progress (3): 1.7/2.4 MB | 1.2/2.3 MB | 0.6/1.8 MB
Progress (3): 1.7/2.4 MB | 1.2/2.3 MB | 0.6/1.8 MB
Progress (3): 1.7/2.4 MB | 1.2/2.3 MB | 0.6/1.8 MB
Progress (3): 1.7/2.4 MB | 1.2/2.3 MB | 0.6/1.8 MB
Progress (3): 1.7/2.4 MB | 1.2/2.3 MB | 0.6/1.8 MB
Progress (3): 1.7/2.4 MB | 1.2/2.3 MB | 0.6/1.8 MB
Progress (3): 1.7/2.4 MB | 1.2/2.3 MB | 0.6/1.8 MB
Progress (3): 1.7/2.4 MB | 1.2/2.3 MB | 0.6/1.8 MB
Progress (3): 1.7/2.4 MB | 1.2/2.3 MB | 0.6/1.8 MB
Progress (3): 1.8/2.4 MB | 1.2/2.3 MB | 0.6/1.8 MB
Progress (3): 1.8/2.4 MB | 1.2/2.3 MB | 0.6/1.8 MB
Progress (3): 1.8/2.4 MB | 1.2/2.3 MB | 0.6/1.8 MB
Progress (3): 1.8/2.4 MB | 1.2/2.3 MB | 0.6/1.8 MB
Progress (3): 1.8/2.4 MB | 1.2/2.3 MB | 0.6/1.8 MB
Progress (3): 1.8/2.4 MB | 1.2/2.3 MB | 0.6/1.8 MB
Progress (3): 1.8/2.4 MB | 1.2/2.3 MB | 0.6/1.8 MB
Progress (3): 1.8/2.4 MB | 1.2/2.3 MB | 0.7/1.8 MB
Progress (3): 1.8/2.4 MB | 1.2/2.3 MB | 0.7/1.8 MB
Progress (3): 1.8/2.4 MB | 1.2/2.3 MB | 0.7/1.8 MB
Progress (3): 1.9/2.4 MB | 1.2/2.3 MB | 0.7/1.8 MB
Progress (3): 1.9/2.4 MB | 1.2/2.3 MB | 0.7/1.8 MB
Progress (3): 1.9/2.4 MB | 1.2/2.3 MB | 0.7/1.8 MB
Progress (3): 1.9/2.4 MB | 1.2/2.3 MB | 0.7/1.8 MB
Progress (3): 1.9/2.4 MB | 1.2/2.3 MB | 0.7/1.8 MB
Progress (3): 1.9/2.4 MB | 1.3/2.3 MB | 0.7/1.8 MB
Progress (3): 1.9/2.4 MB | 1.3/2.3 MB | 0.7/1.8 MB
Progress (3): 1.9/2.4 MB | 1.3/2.3 MB | 0.7/1.8 MB
Progress (3): 1.9/2.4 MB | 1.3/2.3 MB | 0.7/1.8 MB
Progress (3): 1.9/2.4 MB | 1.3/2.3 MB | 0.7/1.8 MB
Progress (3): 1.9/2.4 MB | 1.3/2.3 MB | 0.7/1.8 MB
Progress (3): 1.9/2.4 MB | 1.3/2.3 MB | 0.7/1.8 MB
Progress (3): 1.9/2.4 MB | 1.3/2.3 MB | 0.7/1.8 MB
Progress (3): 1.9/2.4 MB | 1.3/2.3 MB | 0.8/1.8 MB
Progress (3): 1.9/2.4 MB | 1.3/2.3 MB | 0.8/1.8 MB
Progress (3): 1.9/2.4 MB | 1.3/2.3 MB | 0.8/1.8 MB
Progress (3): 1.9/2.4 MB | 1.3/2.3 MB | 0.8/1.8 MB
Progress (3): 2.0/2.4 MB | 1.3/2.3 MB | 0.8/1.8 MB
Progress (3): 2.0/2.4 MB | 1.3/2.3 MB | 0.8/1.8 MB
Progress (3): 2.0/2.4 MB | 1.3/2.3 MB | 0.8/1.8 MB
Progress (3): 2.0/2.4 MB | 1.3/2.3 MB | 0.8/1.8 MB
Progress (3): 2.0/2.4 MB | 1.3/2.3 MB | 0.8/1.8 MB
Progress (3): 2.0/2.4 MB | 1.4/2.3 MB | 0.8/1.8 MB
Progress (3): 2.0/2.4 MB | 1.4/2.3 MB | 0.8/1.8 MB
Progress (3): 2.0/2.4 MB | 1.4/2.3 MB | 0.8/1.8 MB
Progress (3): 2.0/2.4 MB | 1.4/2.3 MB | 0.8/1.8 MB
Progress (3): 2.0/2.4 MB | 1.4/2.3 MB | 0.8/1.8 MB
Progress (3): 2.0/2.4 MB | 1.4/2.3 MB | 0.8/1.8 MB
Progress (3): 2.0/2.4 MB | 1.4/2.3 MB | 0.8/1.8 MB
Progress (3): 2.0/2.4 MB | 1.4/2.3 MB | 0.8/1.8 MB
Progress (3): 2.0/2.4 MB | 1.4/2.3 MB | 0.8/1.8 MB
Progress (3): 2.0/2.4 MB | 1.4/2.3 MB | 0.8/1.8 MB
Progress (3): 2.0/2.4 MB | 1.4/2.3 MB | 0.8/1.8 MB
Progress (3): 2.0/2.4 MB | 1.4/2.3 MB | 0.8/1.8 MB
Progress (3): 2.0/2.4 MB | 1.4/2.3 MB | 0.8/1.8 MB
Progress (3): 2.1/2.4 MB | 1.4/2.3 MB | 0.8/1.8 MB
Progress (3): 2.1/2.4 MB | 1.4/2.3 MB | 0.8/1.8 MB
Progress (3): 2.1/2.4 MB | 1.4/2.3 MB | 0.8/1.8 MB
Progress (3): 2.1/2.4 MB | 1.5/2.3 MB | 0.8/1.8 MB
Progress (3): 2.1/2.4 MB | 1.5/2.3 MB | 0.8/1.8 MB
Progress (3): 2.1/2.4 MB | 1.5/2.3 MB | 0.8/1.8 MB
Progress (3): 2.1/2.4 MB | 1.5/2.3 MB | 0.8/1.8 MB
Progress (3): 2.1/2.4 MB | 1.5/2.3 MB | 0.8/1.8 MB
Progress (3): 2.1/2.4 MB | 1.5/2.3 MB | 0.8/1.8 MB
Progress (3): 2.1/2.4 MB | 1.5/2.3 MB | 0.8/1.8 MB
Progress (3): 2.1/2.4 MB | 1.5/2.3 MB | 0.8/1.8 MB
Progress (3): 2.1/2.4 MB | 1.5/2.3 MB | 0.8/1.8 MB
Progress (3): 2.1/2.4 MB | 1.5/2.3 MB | 0.8/1.8 MB
Progress (3): 2.1/2.4 MB | 1.6/2.3 MB | 0.8/1.8 MB
Progress (3): 2.2/2.4 MB | 1.6/2.3 MB | 0.8/1.8 MB
Progress (3): 2.2/2.4 MB | 1.6/2.3 MB | 0.8/1.8 MB
Progress (3): 2.2/2.4 MB | 1.6/2.3 MB | 0.8/1.8 MB
Progress (3): 2.2/2.4 MB | 1.6/2.3 MB | 0.8/1.8 MB
Progress (3): 2.2/2.4 MB | 1.6/2.3 MB | 0.8/1.8 MB
Progress (3): 2.2/2.4 MB | 1.6/2.3 MB | 0.8/1.8 MB
Progress (3): 2.2/2.4 MB | 1.6/2.3 MB | 0.8/1.8 MB
Progress (3): 2.2/2.4 MB | 1.6/2.3 MB | 0.9/1.8 MB
Progress (3): 2.2/2.4 MB | 1.6/2.3 MB | 0.9/1.8 MB
Progress (3): 2.2/2.4 MB | 1.6/2.3 MB | 0.9/1.8 MB
Progress (3): 2.2/2.4 MB | 1.6/2.3 MB | 0.9/1.8 MB
Progress (3): 2.2/2.4 MB | 1.6/2.3 MB | 0.9/1.8 MB
Progress (3): 2.2/2.4 MB | 1.6/2.3 MB | 0.9/1.8 MB
Progress (3): 2.2/2.4 MB | 1.7/2.3 MB | 0.9/1.8 MB
Progress (3): 2.2/2.4 MB | 1.7/2.3 MB | 0.9/1.8 MB
Progress (3): 2.2/2.4 MB | 1.7/2.3 MB | 0.9/1.8 MB
Progress (3): 2.2/2.4 MB | 1.7/2.3 MB | 0.9/1.8 MB
Progress (3): 2.2/2.4 MB | 1.7/2.3 MB | 0.9/1.8 MB
Progress (3): 2.2/2.4 MB | 1.7/2.3 MB | 0.9/1.8 MB
Progress (3): 2.2/2.4 MB | 1.7/2.3 MB | 0.9/1.8 MB
Progress (3): 2.2/2.4 MB | 1.7/2.3 MB | 0.9/1.8 MB
Progress (3): 2.2/2.4 MB | 1.7/2.3 MB | 0.9/1.8 MB
Progress (3): 2.3/2.4 MB | 1.7/2.3 MB | 0.9/1.8 MB
Progress (3): 2.3/2.4 MB | 1.7/2.3 MB | 1.0/1.8 MB
Progress (3): 2.3/2.4 MB | 1.7/2.3 MB | 1.0/1.8 MB
Progress (3): 2.3/2.4 MB | 1.7/2.3 MB | 1.0/1.8 MB
Progress (3): 2.3/2.4 MB | 1.7/2.3 MB | 1.0/1.8 MB
Progress (3): 2.3/2.4 MB | 1.7/2.3 MB | 1.0/1.8 MB
Progress (3): 2.3/2.4 MB | 1.7/2.3 MB | 1.0/1.8 MB
Progress (3): 2.3/2.4 MB | 1.7/2.3 MB | 1.0/1.8 MB
Progress (3): 2.3/2.4 MB | 1.7/2.3 MB | 1.0/1.8 MB
Progress (3): 2.3/2.4 MB | 1.7/2.3 MB | 1.0/1.8 MB
Progress (3): 2.3/2.4 MB | 1.8/2.3 MB | 1.0/1.8 MB
Progress (3): 2.3/2.4 MB | 1.8/2.3 MB | 1.0/1.8 MB
Progress (3): 2.3/2.4 MB | 1.8/2.3 MB | 1.0/1.8 MB
Progress (3): 2.3/2.4 MB | 1.8/2.3 MB | 1.0/1.8 MB
Progress (3): 2.3/2.4 MB | 1.8/2.3 MB | 1.0/1.8 MB
Progress (3): 2.3/2.4 MB | 1.8/2.3 MB | 1.0/1.8 MB
Progress (3): 2.3/2.4 MB | 1.8/2.3 MB | 1.0/1.8 MB
Progress (3): 2.3/2.4 MB | 1.8/2.3 MB | 1.0/1.8 MB
Progress (3): 2.3/2.4 MB | 1.8/2.3 MB | 1.0/1.8 MB
Progress (3): 2.4/2.4 MB | 1.8/2.3 MB | 1.0/1.8 MB
Progress (3): 2.4/2.4 MB | 1.8/2.3 MB | 1.0/1.8 MB
Progress (3): 2.4/2.4 MB | 1.8/2.3 MB | 1.0/1.8 MB
Progress (3): 2.4/2.4 MB | 1.9/2.3 MB | 1.0/1.8 MB
Progress (3): 2.4/2.4 MB | 1.9/2.3 MB | 1.0/1.8 MB
Progress (3): 2.4/2.4 MB | 1.9/2.3 MB | 1.0/1.8 MB
Progress (3): 2.4/2.4 MB | 1.9/2.3 MB | 1.0/1.8 MB
Progress (3): 2.4/2.4 MB | 1.9/2.3 MB | 1.0/1.8 MB
Progress (3): 2.4/2.4 MB | 1.9/2.3 MB | 1.1/1.8 MB
Progress (3): 2.4/2.4 MB | 1.9/2.3 MB | 1.1/1.8 MB
Progress (3): 2.4/2.4 MB | 1.9/2.3 MB | 1.1/1.8 MB
Progress (3): 2.4/2.4 MB | 1.9/2.3 MB | 1.1/1.8 MB
Progress (3): 2.4/2.4 MB | 1.9/2.3 MB | 1.1/1.8 MB
Progress (3): 2.4/2.4 MB | 1.9/2.3 MB | 1.1/1.8 MB
Progress (3): 2.4/2.4 MB | 1.9/2.3 MB | 1.1/1.8 MB
Progress (3): 2.4/2.4 MB | 1.9/2.3 MB | 1.1/1.8 MB
Progress (3): 2.4 MB | 1.9/2.3 MB | 1.1/1.8 MB    
Progress (3): 2.4 MB | 1.9/2.3 MB | 1.1/1.8 MB
Progress (3): 2.4 MB | 1.9/2.3 MB | 1.1/1.8 MB
Progress (3): 2.4 MB | 1.9/2.3 MB | 1.1/1.8 MB
Progress (3): 2.4 MB | 2.0/2.3 MB | 1.1/1.8 MB
Progress (3): 2.4 MB | 2.0/2.3 MB | 1.1/1.8 MB
Progress (3): 2.4 MB | 2.0/2.3 MB | 1.1/1.8 MB
Progress (3): 2.4 MB | 2.0/2.3 MB | 1.1/1.8 MB
Progress (3): 2.4 MB | 2.0/2.3 MB | 1.2/1.8 MB
Progress (3): 2.4 MB | 2.0/2.3 MB | 1.2/1.8 MB
Progress (3): 2.4 MB | 2.0/2.3 MB | 1.2/1.8 MB
Progress (3): 2.4 MB | 2.0/2.3 MB | 1.2/1.8 MB
Progress (3): 2.4 MB | 2.0/2.3 MB | 1.2/1.8 MB
Progress (3): 2.4 MB | 2.0/2.3 MB | 1.2/1.8 MB
Progress (3): 2.4 MB | 2.0/2.3 MB | 1.2/1.8 MB
Progress (3): 2.4 MB | 2.1/2.3 MB | 1.2/1.8 MB
Progress (3): 2.4 MB | 2.1/2.3 MB | 1.2/1.8 MB
Progress (3): 2.4 MB | 2.1/2.3 MB | 1.2/1.8 MB
Progress (3): 2.4 MB | 2.1/2.3 MB | 1.2/1.8 MB
Progress (3): 2.4 MB | 2.1/2.3 MB | 1.2/1.8 MB
Progress (3): 2.4 MB | 2.1/2.3 MB | 1.3/1.8 MB
Progress (3): 2.4 MB | 2.1/2.3 MB | 1.3/1.8 MB
Progress (3): 2.4 MB | 2.1/2.3 MB | 1.3/1.8 MB
Progress (3): 2.4 MB | 2.1/2.3 MB | 1.3/1.8 MB
Progress (3): 2.4 MB | 2.1/2.3 MB | 1.3/1.8 MB
Progress (3): 2.4 MB | 2.1/2.3 MB | 1.3/1.8 MB
Progress (3): 2.4 MB | 2.1/2.3 MB | 1.3/1.8 MB
Progress (3): 2.4 MB | 2.2/2.3 MB | 1.3/1.8 MB
Progress (3): 2.4 MB | 2.2/2.3 MB | 1.3/1.8 MB
Progress (3): 2.4 MB | 2.2/2.3 MB | 1.3/1.8 MB
Progress (3): 2.4 MB | 2.2/2.3 MB | 1.3/1.8 MB
Progress (3): 2.4 MB | 2.2/2.3 MB | 1.3/1.8 MB
Progress (3): 2.4 MB | 2.2/2.3 MB | 1.4/1.8 MB
Progress (3): 2.4 MB | 2.2/2.3 MB | 1.4/1.8 MB
Progress (3): 2.4 MB | 2.2/2.3 MB | 1.4/1.8 MB
Progress (3): 2.4 MB | 2.2/2.3 MB | 1.4/1.8 MB
Progress (3): 2.4 MB | 2.2/2.3 MB | 1.4/1.8 MB
Progress (3): 2.4 MB | 2.2/2.3 MB | 1.4/1.8 MB
Progress (3): 2.4 MB | 2.2/2.3 MB | 1.4/1.8 MB
Progress (3): 2.4 MB | 2.3/2.3 MB | 1.4/1.8 MB
Progress (3): 2.4 MB | 2.3/2.3 MB | 1.4/1.8 MB
Progress (3): 2.4 MB | 2.3/2.3 MB | 1.4/1.8 MB
Progress (3): 2.4 MB | 2.3/2.3 MB | 1.4/1.8 MB
Progress (3): 2.4 MB | 2.3/2.3 MB | 1.4/1.8 MB
Progress (3): 2.4 MB | 2.3/2.3 MB | 1.5/1.8 MB
Progress (3): 2.4 MB | 2.3/2.3 MB | 1.5/1.8 MB
Progress (3): 2.4 MB | 2.3/2.3 MB | 1.5/1.8 MB
Progress (3): 2.4 MB | 2.3/2.3 MB | 1.5/1.8 MB
Progress (3): 2.4 MB | 2.3/2.3 MB | 1.5/1.8 MB
Progress (3): 2.4 MB | 2.3/2.3 MB | 1.5/1.8 MB
Progress (3): 2.4 MB | 2.3 MB | 1.5/1.8 MB    
Progress (3): 2.4 MB | 2.3 MB | 1.5/1.8 MB
Progress (3): 2.4 MB | 2.3 MB | 1.5/1.8 MB
Progress (3): 2.4 MB | 2.3 MB | 1.5/1.8 MB
Progress (3): 2.4 MB | 2.3 MB | 1.6/1.8 MB
Progress (3): 2.4 MB | 2.3 MB | 1.6/1.8 MB
Progress (3): 2.4 MB | 2.3 MB | 1.6/1.8 MB
Progress (3): 2.4 MB | 2.3 MB | 1.6/1.8 MB
Progress (3): 2.4 MB | 2.3 MB | 1.6/1.8 MB
Progress (3): 2.4 MB | 2.3 MB | 1.6/1.8 MB
Progress (3): 2.4 MB | 2.3 MB | 1.7/1.8 MB
Progress (3): 2.4 MB | 2.3 MB | 1.7/1.8 MB
Progress (3): 2.4 MB | 2.3 MB | 1.7/1.8 MB
Progress (3): 2.4 MB | 2.3 MB | 1.7/1.8 MB
Progress (3): 2.4 MB | 2.3 MB | 1.7/1.8 MB
Progress (3): 2.4 MB | 2.3 MB | 1.7/1.8 MB
Progress (3): 2.4 MB | 2.3 MB | 1.7/1.8 MB
Progress (3): 2.4 MB | 2.3 MB | 1.8/1.8 MB
Progress (3): 2.4 MB | 2.3 MB | 1.8/1.8 MB
Progress (3): 2.4 MB | 2.3 MB | 1.8/1.8 MB
Progress (3): 2.4 MB | 2.3 MB | 1.8/1.8 MB
Progress (3): 2.4 MB | 2.3 MB | 1.8 MB    
                                      
Downloaded from central: https://repo1.maven.org/maven2/com/google/guava/guava/20.0/guava-20.0.jar (2.4 MB at 7.8 MB/s)
Downloaded from central: https://repo1.maven.org/maven2/io/netty/netty-all/4.0.44.Final/netty-all-4.0.44.Final.jar (2.3 MB at 7.4 MB/s)
Downloaded from central: https://repo1.maven.org/maven2/com/barchart/udt/barchart-udt-bundle/2.3.0/barchart-udt-bundle-2.3.0.jar (1.8 MB at 5.6 MB/s)
[INFO] ------------------------------------------------------------------------
[INFO] BUILD FAILURE
[INFO] ------------------------------------------------------------------------
[INFO] Total time:  3.252 s
[INFO] Finished at: 2026-02-24T21:29:17-05:00
[INFO] ------------------------------------------------------------------------
[ERROR] Failed to execute goal on project jackrabbit-spi2dav: Could not resolve dependencies for project org.apache.jackrabbit:jackrabbit-spi2dav:jar:2.23.3-beta-SNAPSHOT
[ERROR] dependency: org.apache.jackrabbit:jackrabbit-spi:jar:2.23.3-beta-SNAPSHOT (compile)
[ERROR] 	Could not find artifact org.apache.jackrabbit:jackrabbit-spi:jar:2.23.3-beta-SNAPSHOT
[ERROR] dependency: org.apache.jackrabbit:jackrabbit-spi-commons:jar:2.23.3-beta-SNAPSHOT (compile)
[ERROR] 	Could not find artifact org.apache.jackrabbit:jackrabbit-spi-commons:jar:2.23.3-beta-SNAPSHOT
[ERROR] dependency: org.apache.jackrabbit:jackrabbit-jcr-commons:jar:2.23.3-beta-SNAPSHOT (compile)
[ERROR] 	Could not find artifact org.apache.jackrabbit:jackrabbit-jcr-commons:jar:2.23.3-beta-SNAPSHOT
[ERROR] dependency: org.apache.jackrabbit:jackrabbit-webdav:jar:2.23.3-beta-SNAPSHOT (compile)
[ERROR] 	Could not find artifact org.apache.jackrabbit:jackrabbit-webdav:jar:2.23.3-beta-SNAPSHOT
[ERROR] dependency: org.apache.jackrabbit:jackrabbit-jcr-tests:jar:2.23.3-beta-SNAPSHOT (test)
[ERROR] 	Could not find artifact org.apache.jackrabbit:jackrabbit-jcr-tests:jar:2.23.3-beta-SNAPSHOT
[ERROR] dependency: org.apache.jackrabbit:jackrabbit-jcr2spi:jar:2.23.3-beta-SNAPSHOT (test)
[ERROR] 	Could not find artifact org.apache.jackrabbit:jackrabbit-jcr2spi:jar:2.23.3-beta-SNAPSHOT
[ERROR] dependency: org.apache.jackrabbit:jackrabbit-jcr2spi:jar:tests:2.23.3-beta-SNAPSHOT (test)
[ERROR] 	Could not find artifact org.apache.jackrabbit:jackrabbit-jcr2spi:jar:tests:2.23.3-beta-SNAPSHOT
[ERROR] dependency: org.apache.jackrabbit:jackrabbit-spi:jar:tests:2.23.3-beta-SNAPSHOT (test)
[ERROR] 	Could not find artifact org.apache.jackrabbit:jackrabbit-spi:jar:tests:2.23.3-beta-SNAPSHOT
[ERROR] dependency: org.apache.jackrabbit:jackrabbit-jcr-server:jar:tests:2.23.3-beta-SNAPSHOT (test)
[ERROR] 	Could not find artifact org.apache.jackrabbit:jackrabbit-jcr-server:jar:tests:2.23.3-beta-SNAPSHOT
[ERROR] dependency: org.apache.jackrabbit:jackrabbit-jcr-server:jar:2.23.3-beta-SNAPSHOT (test)
[ERROR] 	Could not find artifact org.apache.jackrabbit:jackrabbit-jcr-server:jar:2.23.3-beta-SNAPSHOT
[ERROR] dependency: org.apache.jackrabbit:jackrabbit-core:jar:2.23.3-beta-SNAPSHOT (test)
[ERROR] 	Could not find artifact org.apache.jackrabbit:jackrabbit-core:jar:2.23.3-beta-SNAPSHOT
[ERROR] 
[ERROR] -> [Help 1]
[ERROR] 
[ERROR] To see the full stack trace of the errors, re-run Maven with the -e switch.
[ERROR] Re-run Maven using the -X switch to enable full debug logging.
[ERROR] 
[ERROR] For more information about the errors and possible solutions, please read the following articles:
[ERROR] [Help 1] http://cwiki.apache.org/confluence/display/MAVEN/DependencyResolutionException

STDERR:
