COMMAND: mvn.cmd -s D:\Khedma\Mr wiem\mutation-test-pipeline\.mvn\settings.xml -DskipTests compile

STDOUT:
[INFO] Scanning for projects...
[INFO] 
[INFO] -----------------------< br.com.caelum:vraptor >------------------------
[INFO] Building vraptor 3.5.6-SNAPSHOT
[INFO]   from pom.xml
[INFO] --------------------------------[ jar ]---------------------------------
[INFO] 
[INFO] --- enforcer:1.0:enforce (enforce-maven) @ vraptor ---
[INFO] 
[INFO] --- antrun:1.7:run (process-sources) @ vraptor ---
[INFO] Executing tasks

main:
[INFO] Executed tasks
[INFO] 
[INFO] --- resources:3.3.1:resources (default-resources) @ vraptor ---
[INFO] Copying 2 resources from src\main\resources to target\classes
[INFO] 
[INFO] --- compiler:2.3.1:compile (default-compile) @ vraptor ---
[INFO] Compiling 1 source file to D:\Khedma\Mr wiem\mutation-test-pipeline\target-repos\154520\vraptor-core\target\classes
[INFO] -------------------------------------------------------------
[ERROR] COMPILATION ERROR : 
[INFO] -------------------------------------------------------------
[ERROR] error: Source option 5 is no longer supported. Use 7 or later.
[ERROR] error: Target option 5 is no longer supported. Use 7 or later.
[INFO] 2 errors 
[INFO] -------------------------------------------------------------
[INFO] ------------------------------------------------------------------------
[INFO] BUILD FAILURE
[INFO] ------------------------------------------------------------------------
[INFO] Total time:  1.343 s
[INFO] Finished at: 2026-02-25T14:06:04-05:00
[INFO] ------------------------------------------------------------------------
[ERROR] Failed to execute goal org.apache.maven.plugins:maven-compiler-plugin:2.3.1:compile (default-compile) on project vraptor: Compilation failure: Compilation failure: 
[ERROR] error: Source option 5 is no longer supported. Use 7 or later.
[ERROR] error: Target option 5 is no longer supported. Use 7 or later.
[ERROR] -> [Help 1]
[ERROR] 
[ERROR] To see the full stack trace of the errors, re-run Maven with the -e switch.
[ERROR] Re-run Maven using the -X switch to enable full debug logging.
[ERROR] 
[ERROR] For more information about the errors and possible solutions, please read the following articles:
[ERROR] [Help 1] http://cwiki.apache.org/confluence/display/MAVEN/MojoFailureException

STDERR:
