COMMAND: mvn.cmd -s D:\Khedma\Mr wiem\mutation-test-pipeline\.mvn\settings.xml -DskipTests compile

STDOUT:
[INFO] Scanning for projects...
[INFO] Artifact org.sonatype.oss:oss-parent:pom:7 is present in the local repository, but cached from a remote repository ID that is unavailable in current build context, verifying that is downloadable from [apache.snapshots (https://repository.apache.org/snapshots, default, snapshots), central (https://repo1.maven.org/maven2, default, releases)]
[INFO] Artifact org.sonatype.oss:oss-parent:pom:7 is present in the local repository, but cached from a remote repository ID that is unavailable in current build context, verifying that is downloadable from [apache.snapshots (https://repository.apache.org/snapshots, default, snapshots), central (https://repo1.maven.org/maven2, default, releases)]
Downloading from central: https://repo1.maven.org/maven2/org/sonatype/oss/oss-parent/7/oss-parent-7.pom
Downloaded from central: https://repo1.maven.org/maven2/org/sonatype/oss/oss-parent/7/oss-parent-7.pom (0 B at 0 B/s)
[INFO] 
[INFO] -------------------< org.apache.zookeeper:zookeeper >-------------------
[INFO] Building Apache ZooKeeper - Server 3.10.0-SNAPSHOT
[INFO]   from pom.xml
[INFO] --------------------------------[ jar ]---------------------------------
Downloading from central: https://repo1.maven.org/maven2/org/codehaus/mojo/build-helper-maven-plugin/3.0.0/build-helper-maven-plugin-3.0.0.pom
Progress (1): 1.0 kB
Progress (1): 2.6 kB
Progress (1): 5.3 kB
Progress (1): 5.8 kB
                    
Downloaded from central: https://repo1.maven.org/maven2/org/codehaus/mojo/build-helper-maven-plugin/3.0.0/build-helper-maven-plugin-3.0.0.pom (5.8 kB at 80 kB/s)
Downloading from central: https://repo1.maven.org/maven2/org/codehaus/mojo/mojo-parent/40/mojo-parent-40.pom
Progress (1): 722 B
Progress (1): 1.7 kB
Progress (1): 4.6 kB
Progress (1): 6.9 kB
Progress (1): 8.0 kB
Progress (1): 12 kB 
Progress (1): 17 kB
Progress (1): 19 kB
Progress (1): 21 kB
Progress (1): 24 kB
Progress (1): 27 kB
Progress (1): 32 kB
Progress (1): 34 kB
                   
Downloaded from central: https://repo1.maven.org/maven2/org/codehaus/mojo/mojo-parent/40/mojo-parent-40.pom (34 kB at 534 kB/s)
Downloading from central: https://repo1.maven.org/maven2/org/codehaus/mojo/build-helper-maven-plugin/3.0.0/build-helper-maven-plugin-3.0.0.jar
Progress (1): 0.9/64 kB
Progress (1): 2.3/64 kB
Progress (1): 3.6/64 kB
Progress (1): 5.0/64 kB
Progress (1): 6.4/64 kB
Progress (1): 7.7/64 kB
Progress (1): 9.1/64 kB
Progress (1): 10/64 kB 
Progress (1): 12/64 kB
Progress (1): 13/64 kB
Progress (1): 15/64 kB
Progress (1): 16/64 kB
Progress (1): 17/64 kB
Progress (1): 19/64 kB
Progress (1): 20/64 kB
Progress (1): 21/64 kB
Progress (1): 23/64 kB
Progress (1): 24/64 kB
Progress (1): 25/64 kB
Progress (1): 26/64 kB
Progress (1): 27/64 kB
Progress (1): 29/64 kB
Progress (1): 30/64 kB
Progress (1): 31/64 kB
Progress (1): 33/64 kB
Progress (1): 34/64 kB
Progress (1): 36/64 kB
Progress (1): 37/64 kB
Progress (1): 38/64 kB
Progress (1): 40/64 kB
Progress (1): 41/64 kB
Progress (1): 45/64 kB
Progress (1): 49/64 kB
Progress (1): 54/64 kB
Progress (1): 58/64 kB
Progress (1): 62/64 kB
Progress (1): 64 kB   
                   
Downloaded from central: https://repo1.maven.org/maven2/org/codehaus/mojo/build-helper-maven-plugin/3.0.0/build-helper-maven-plugin-3.0.0.jar (64 kB at 1.0 MB/s)
Downloading from central: https://repo1.maven.org/maven2/org/apache/maven/plugins/maven-jar-plugin/3.2.0/maven-jar-plugin-3.2.0.pom
Progress (1): 779 B
Progress (1): 2.2 kB
Progress (1): 4.4 kB
Progress (1): 6.9 kB
Progress (1): 7.3 kB
                    
Downloaded from central: https://repo1.maven.org/maven2/org/apache/maven/plugins/maven-jar-plugin/3.2.0/maven-jar-plugin-3.2.0.pom (7.3 kB at 134 kB/s)
Downloading from central: https://repo1.maven.org/maven2/org/apache/maven/plugins/maven-plugins/33/maven-plugins-33.pom
Progress (1): 758 B
Progress (1): 2.3 kB
Progress (1): 4.7 kB
Progress (1): 7.6 kB
Progress (1): 10.0 kB
Progress (1): 11 kB  
                   
Downloaded from central: https://repo1.maven.org/maven2/org/apache/maven/plugins/maven-plugins/33/maven-plugins-33.pom (11 kB at 187 kB/s)
Downloading from central: https://repo1.maven.org/maven2/org/apache/maven/maven-parent/33/maven-parent-33.pom
Progress (1): 717 B
Progress (1): 1.9 kB
Progress (1): 5.4 kB
Progress (1): 9.9 kB
Progress (1): 14 kB 
Progress (1): 19 kB
Progress (1): 23 kB
Progress (1): 24 kB
Progress (1): 26 kB
Progress (1): 28 kB
Progress (1): 32 kB
Progress (1): 35 kB
Progress (1): 38 kB
Progress (1): 41 kB
Progress (1): 44 kB
                   
Downloaded from central: https://repo1.maven.org/maven2/org/apache/maven/maven-parent/33/maven-parent-33.pom (44 kB at 736 kB/s)
Downloading from central: https://repo1.maven.org/maven2/org/apache/apache/21/apache-21.pom
Progress (1): 753 B
Progress (1): 2.1 kB
Progress (1): 3.9 kB
Progress (1): 8.3 kB
Progress (1): 13 kB 
Progress (1): 16 kB
Progress (1): 17 kB
                   
Downloaded from central: https://repo1.maven.org/maven2/org/apache/apache/21/apache-21.pom (17 kB at 323 kB/s)
Downloading from central: https://repo1.maven.org/maven2/org/apache/maven/plugins/maven-jar-plugin/3.2.0/maven-jar-plugin-3.2.0.jar
Progress (1): 3.8/29 kB
Progress (1): 8.0/29 kB
Progress (1): 8.2/29 kB
Progress (1): 12/29 kB 
Progress (1): 17/29 kB
Progress (1): 21/29 kB
Progress (1): 25/29 kB
Progress (1): 29 kB   
                   
Downloaded from central: https://repo1.maven.org/maven2/org/apache/maven/plugins/maven-jar-plugin/3.2.0/maven-jar-plugin-3.2.0.jar (29 kB at 607 kB/s)
Downloading from central: https://repo1.maven.org/maven2/org/apache/maven/plugins/maven-source-plugin/3.2.1/maven-source-plugin-3.2.1.pom
Progress (1): 759 B
Progress (1): 2.3 kB
Progress (1): 5.0 kB
Progress (1): 6.9 kB
                    
Downloaded from central: https://repo1.maven.org/maven2/org/apache/maven/plugins/maven-source-plugin/3.2.1/maven-source-plugin-3.2.1.pom (6.9 kB at 95 kB/s)
Downloading from central: https://repo1.maven.org/maven2/org/apache/maven/plugins/maven-source-plugin/3.2.1/maven-source-plugin-3.2.1.jar
Progress (1): 3.8/32 kB
Progress (1): 8.0/32 kB
Progress (1): 12/32 kB 
Progress (1): 16/32 kB
Progress (1): 21/32 kB
Progress (1): 25/32 kB
Progress (1): 29/32 kB
Progress (1): 32 kB   
                   
Downloaded from central: https://repo1.maven.org/maven2/org/apache/maven/plugins/maven-source-plugin/3.2.1/maven-source-plugin-3.2.1.jar (32 kB at 412 kB/s)
Downloading from central: https://repo1.maven.org/maven2/org/apache/maven/plugins/maven-javadoc-plugin/3.1.1/maven-javadoc-plugin-3.1.1.pom
Progress (1): 745 B
Progress (1): 2.1 kB
Progress (1): 4.4 kB
Progress (1): 9.2 kB
Progress (1): 12 kB 
Progress (1): 14 kB
Progress (1): 17 kB
Progress (1): 18 kB
Progress (1): 18 kB
                   
Downloaded from central: https://repo1.maven.org/maven2/org/apache/maven/plugins/maven-javadoc-plugin/3.1.1/maven-javadoc-plugin-3.1.1.pom (18 kB at 365 kB/s)
Downloading from central: https://repo1.maven.org/maven2/org/apache/maven/plugins/maven-javadoc-plugin/3.1.1/maven-javadoc-plugin-3.1.1.jar
Progress (1): 4.2/481 kB
Progress (1): 8.5/481 kB
Progress (1): 13/481 kB 
Progress (1): 16/481 kB
Progress (1): 21/481 kB
Progress (1): 25/481 kB
Progress (1): 33/481 kB
Progress (1): 49/481 kB
Progress (1): 66/481 kB
Progress (1): 82/481 kB
Progress (1): 98/481 kB
Progress (1): 115/481 kB
Progress (1): 131/481 kB
Progress (1): 147/481 kB
Progress (1): 156/481 kB
Progress (1): 172/481 kB
Progress (1): 188/481 kB
Progress (1): 197/481 kB
Progress (1): 213/481 kB
Progress (1): 229/481 kB
Progress (1): 246/481 kB
Progress (1): 262/481 kB
Progress (1): 279/481 kB
Progress (1): 295/481 kB
Progress (1): 311/481 kB
Progress (1): 328/481 kB
Progress (1): 344/481 kB
Progress (1): 360/481 kB
Progress (1): 377/481 kB
Progress (1): 393/481 kB
Progress (1): 410/481 kB
Progress (1): 426/481 kB
Progress (1): 442/481 kB
Progress (1): 459/481 kB
Progress (1): 475/481 kB
Progress (1): 481 kB    
                    
Downloaded from central: https://repo1.maven.org/maven2/org/apache/maven/plugins/maven-javadoc-plugin/3.1.1/maven-javadoc-plugin-3.1.1.jar (481 kB at 3.4 MB/s)
Downloading from central: https://repo1.maven.org/maven2/org/apache/maven/plugins/maven-enforcer-plugin/3.0.0-M3/maven-enforcer-plugin-3.0.0-M3.pom
Progress (1): 814 B
Progress (1): 3.3 kB
Progress (1): 5.1 kB
Progress (1): 7.3 kB
                    
Downloaded from central: https://repo1.maven.org/maven2/org/apache/maven/plugins/maven-enforcer-plugin/3.0.0-M3/maven-enforcer-plugin-3.0.0-M3.pom (7.3 kB at 129 kB/s)
Downloading from central: https://repo1.maven.org/maven2/org/apache/maven/enforcer/enforcer/3.0.0-M3/enforcer-3.0.0-M3.pom
Progress (1): 807 B
Progress (1): 2.3 kB
Progress (1): 6.0 kB
Progress (1): 7.8 kB
                    
Downloaded from central: https://repo1.maven.org/maven2/org/apache/maven/enforcer/enforcer/3.0.0-M3/enforcer-3.0.0-M3.pom (7.8 kB at 147 kB/s)
Downloading from central: https://repo1.maven.org/maven2/org/apache/maven/plugins/maven-enforcer-plugin/3.0.0-M3/maven-enforcer-plugin-3.0.0-M3.jar
Progress (1): 7.7/27 kB
Progress (1): 12/27 kB 
Progress (1): 27 kB   
                   
Downloaded from central: https://repo1.maven.org/maven2/org/apache/maven/plugins/maven-enforcer-plugin/3.0.0-M3/maven-enforcer-plugin-3.0.0-M3.jar (27 kB at 540 kB/s)
Downloading from central: https://repo1.maven.org/maven2/org/apache/maven/plugins/maven-site-plugin/3.7.1/maven-site-plugin-3.7.1.pom
Progress (1): 1.0 kB
Progress (1): 3.8 kB
Progress (1): 6.4 kB
Progress (1): 9.4 kB
Progress (1): 16 kB 
Progress (1): 19 kB
                   
Downloaded from central: https://repo1.maven.org/maven2/org/apache/maven/plugins/maven-site-plugin/3.7.1/maven-site-plugin-3.7.1.pom (19 kB at 318 kB/s)
Downloading from central: https://repo1.maven.org/maven2/org/apache/maven/plugins/maven-plugins/31/maven-plugins-31.pom
Progress (1): 758 B
Progress (1): 2.3 kB
Progress (1): 4.7 kB
Progress (1): 7.5 kB
Progress (1): 10 kB 
                   
Downloaded from central: https://repo1.maven.org/maven2/org/apache/maven/plugins/maven-plugins/31/maven-plugins-31.pom (10 kB at 170 kB/s)
Downloading from central: https://repo1.maven.org/maven2/org/apache/maven/maven-parent/31/maven-parent-31.pom
Progress (1): 721 B
Progress (1): 1.9 kB
Progress (1): 5.4 kB
Progress (1): 9.9 kB
Progress (1): 14 kB 
Progress (1): 19 kB
Progress (1): 24 kB
Progress (1): 25 kB
Progress (1): 27 kB
Progress (1): 30 kB
Progress (1): 34 kB
Progress (1): 37 kB
Progress (1): 40 kB
Progress (1): 43 kB
                   
Downloaded from central: https://repo1.maven.org/maven2/org/apache/maven/maven-parent/31/maven-parent-31.pom (43 kB at 678 kB/s)
Downloading from central: https://repo1.maven.org/maven2/org/apache/apache/19/apache-19.pom
Progress (1): 756 B
Progress (1): 2.1 kB
Progress (1): 3.9 kB
Progress (1): 8.0 kB
Progress (1): 12 kB 
Progress (1): 15 kB
                   
Downloaded from central: https://repo1.maven.org/maven2/org/apache/apache/19/apache-19.pom (15 kB at 277 kB/s)
Downloading from central: https://repo1.maven.org/maven2/org/apache/maven/plugins/maven-site-plugin/3.7.1/maven-site-plugin-3.7.1.jar
Progress (1): 7.7/135 kB
Progress (1): 8.2/135 kB
Progress (1): 25/135 kB 
Progress (1): 41/135 kB
Progress (1): 57/135 kB
Progress (1): 74/135 kB
Progress (1): 90/135 kB
Progress (1): 106/135 kB
Progress (1): 123/135 kB
Progress (1): 135 kB    
                    
Downloaded from central: https://repo1.maven.org/maven2/org/apache/maven/plugins/maven-site-plugin/3.7.1/maven-site-plugin-3.7.1.jar (135 kB at 2.6 MB/s)
Downloading from central: https://repo1.maven.org/maven2/org/apache/maven/plugins/maven-antrun-plugin/1.8/maven-antrun-plugin-1.8.pom
Progress (1): 807 B
Progress (1): 2.3 kB
Progress (1): 3.3 kB
                    
Downloaded from central: https://repo1.maven.org/maven2/org/apache/maven/plugins/maven-antrun-plugin/1.8/maven-antrun-plugin-1.8.pom (3.3 kB at 63 kB/s)
Downloading from central: https://repo1.maven.org/maven2/org/apache/maven/plugins/maven-plugins/27/maven-plugins-27.pom
Progress (1): 748 B
Progress (1): 2.2 kB
Progress (1): 4.1 kB
Progress (1): 6.6 kB
Progress (1): 9.6 kB
Progress (1): 11 kB 
                   
Downloaded from central: https://repo1.maven.org/maven2/org/apache/maven/plugins/maven-plugins/27/maven-plugins-27.pom (11 kB at 227 kB/s)
Downloading from central: https://repo1.maven.org/maven2/org/apache/maven/maven-parent/26/maven-parent-26.pom
Progress (1): 729 B
Progress (1): 2.0 kB
Progress (1): 6.0 kB
Progress (1): 10 kB 
Progress (1): 15 kB
Progress (1): 18 kB
Progress (1): 23 kB
Progress (1): 24 kB
Progress (1): 27 kB
Progress (1): 30 kB
Progress (1): 32 kB
Progress (1): 36 kB
Progress (1): 40 kB
                   
Downloaded from central: https://repo1.maven.org/maven2/org/apache/maven/maven-parent/26/maven-parent-26.pom (40 kB at 612 kB/s)
Downloading from central: https://repo1.maven.org/maven2/org/apache/apache/16/apache-16.pom
Progress (1): 745 B
Progress (1): 2.1 kB
Progress (1): 3.9 kB
Progress (1): 7.8 kB
Progress (1): 11 kB 
Progress (1): 14 kB
Progress (1): 15 kB
                   
Downloaded from central: https://repo1.maven.org/maven2/org/apache/apache/16/apache-16.pom (15 kB at 248 kB/s)
Downloading from central: https://repo1.maven.org/maven2/org/apache/maven/plugins/maven-antrun-plugin/1.8/maven-antrun-plugin-1.8.jar
Progress (1): 3.4/36 kB
Progress (1): 12/36 kB 
Progress (1): 20/36 kB
Progress (1): 36 kB   
                   
Downloaded from central: https://repo1.maven.org/maven2/org/apache/maven/plugins/maven-antrun-plugin/1.8/maven-antrun-plugin-1.8.jar (36 kB at 679 kB/s)
Downloading from central: https://repo1.maven.org/maven2/org/apache/maven/plugins/maven-resources-plugin/3.1.0/maven-resources-plugin-3.1.0.pom
Progress (1): 768 B
Progress (1): 2.1 kB
Progress (1): 4.4 kB
Progress (1): 7.2 kB
                    
Downloaded from central: https://repo1.maven.org/maven2/org/apache/maven/plugins/maven-resources-plugin/3.1.0/maven-resources-plugin-3.1.0.pom (7.2 kB at 130 kB/s)
Downloading from central: https://repo1.maven.org/maven2/org/apache/maven/plugins/maven-resources-plugin/3.1.0/maven-resources-plugin-3.1.0.jar
Progress (1): 7.7/32 kB
Progress (1): 12/32 kB 
Progress (1): 28/32 kB
Progress (1): 32 kB   
                   
Downloaded from central: https://repo1.maven.org/maven2/org/apache/maven/plugins/maven-resources-plugin/3.1.0/maven-resources-plugin-3.1.0.jar (32 kB at 564 kB/s)
Downloading from central: https://repo1.maven.org/maven2/org/apache/maven/plugins/maven-compiler-plugin/3.8.1/maven-compiler-plugin-3.8.1.pom
Progress (1): 755 B
Progress (1): 2.2 kB
Progress (1): 4.3 kB
Progress (1): 8.0 kB
Progress (1): 10 kB 
Progress (1): 12 kB
                   
Downloaded from central: https://repo1.maven.org/maven2/org/apache/maven/plugins/maven-compiler-plugin/3.8.1/maven-compiler-plugin-3.8.1.pom (12 kB at 137 kB/s)
Downloading from central: https://repo1.maven.org/maven2/org/apache/maven/plugins/maven-compiler-plugin/3.8.1/maven-compiler-plugin-3.8.1.jar
Progress (1): 7.7/62 kB
Progress (1): 16/62 kB 
Progress (1): 32/62 kB
Progress (1): 49/62 kB
Progress (1): 62 kB   
                   
Downloaded from central: https://repo1.maven.org/maven2/org/apache/maven/plugins/maven-compiler-plugin/3.8.1/maven-compiler-plugin-3.8.1.jar (62 kB at 1.3 MB/s)
Downloading from central: https://repo1.maven.org/maven2/com/google/code/findbugs/jsr305/3.0.2/jsr305-3.0.2.pom
Progress (1): 1.0 kB
Progress (1): 3.7 kB
Progress (1): 4.3 kB
                    
Downloaded from central: https://repo1.maven.org/maven2/com/google/code/findbugs/jsr305/3.0.2/jsr305-3.0.2.pom (4.3 kB at 77 kB/s)
Downloading from central: https://repo1.maven.org/maven2/org/hamcrest/hamcrest-library/2.2/hamcrest-library-2.2.pom
Progress (1): 1.3 kB
Progress (1): 1.4 kB
                    
Downloaded from central: https://repo1.maven.org/maven2/org/hamcrest/hamcrest-library/2.2/hamcrest-library-2.2.pom (1.4 kB at 29 kB/s)
Downloading from central: https://repo1.maven.org/maven2/org/hamcrest/hamcrest-core/2.2/hamcrest-core-2.2.pom
Progress (1): 1.3 kB
Progress (1): 1.4 kB
                    
Downloaded from central: https://repo1.maven.org/maven2/org/hamcrest/hamcrest-core/2.2/hamcrest-core-2.2.pom (1.4 kB at 29 kB/s)
Downloading from central: https://repo1.maven.org/maven2/org/hamcrest/hamcrest/2.2/hamcrest-2.2.pom
Progress (1): 1.1 kB
                    
Downloaded from central: https://repo1.maven.org/maven2/org/hamcrest/hamcrest/2.2/hamcrest-2.2.pom (1.1 kB at 25 kB/s)
Downloading from central: https://repo1.maven.org/maven2/org/apache/commons/commons-collections4/4.4/commons-collections4-4.4.pom
Progress (1): 763 B
Progress (1): 2.2 kB
Progress (1): 5.1 kB
Progress (1): 8.9 kB
Progress (1): 12 kB 
Progress (1): 14 kB
Progress (1): 16 kB
Progress (1): 19 kB
Progress (1): 22 kB
Progress (1): 24 kB
                   
Downloaded from central: https://repo1.maven.org/maven2/org/apache/commons/commons-collections4/4.4/commons-collections4-4.4.pom (24 kB at 440 kB/s)
Downloading from central: https://repo1.maven.org/maven2/org/apache/commons/commons-parent/48/commons-parent-48.pom
Progress (1): 704 B
Progress (1): 1.9 kB
Progress (1): 3.2 kB
Progress (1): 4.7 kB
Progress (1): 8.4 kB
Progress (1): 11 kB 
Progress (1): 14 kB
Progress (1): 17 kB
Progress (1): 21 kB
Progress (1): 24 kB
Progress (1): 26 kB
Progress (1): 29 kB
Progress (1): 32 kB
Progress (1): 36 kB
Progress (1): 38 kB
Progress (1): 39 kB
Progress (1): 41 kB
Progress (1): 45 kB
Progress (1): 50 kB
Progress (1): 55 kB
Progress (1): 59 kB
Progress (1): 62 kB
Progress (1): 64 kB
Progress (1): 66 kB
Progress (1): 68 kB
Progress (1): 70 kB
Progress (1): 72 kB
Progress (1): 72 kB
                   
Downloaded from central: https://repo1.maven.org/maven2/org/apache/commons/commons-parent/48/commons-parent-48.pom (72 kB at 1.1 MB/s)
Downloading from apache.snapshots: https://repository.apache.org/snapshots/org/apache/zookeeper/zookeeper-jute/3.10.0-SNAPSHOT/maven-metadata.xml
Downloading from apache.snapshots: https://repository.apache.org/snapshots/org/apache/zookeeper/zookeeper-jute/3.10.0-SNAPSHOT/zookeeper-jute-3.10.0-SNAPSHOT.pom
[WARNING] The POM for org.apache.zookeeper:zookeeper-jute:jar:3.10.0-SNAPSHOT is missing, no dependency information available
Downloading from central: https://repo1.maven.org/maven2/org/apache/yetus/audience-annotations/0.12.0/audience-annotations-0.12.0.pom
Progress (1): 826 B
Progress (1): 2.2 kB
Progress (1): 2.8 kB
                    
Downloaded from central: https://repo1.maven.org/maven2/org/apache/yetus/audience-annotations/0.12.0/audience-annotations-0.12.0.pom (2.8 kB at 48 kB/s)
Downloading from central: https://repo1.maven.org/maven2/org/apache/yetus/yetus-project/0.12.0/yetus-project-0.12.0.pom
Progress (1): 767 B
Progress (1): 2.3 kB
Progress (1): 4.5 kB
Progress (1): 6.7 kB
Progress (1): 9.8 kB
Progress (1): 12 kB 
                   
Downloaded from central: https://repo1.maven.org/maven2/org/apache/yetus/yetus-project/0.12.0/yetus-project-0.12.0.pom (12 kB at 215 kB/s)
Downloading from central: https://repo1.maven.org/maven2/org/sonatype/oss/oss-parent/9/oss-parent-9.pom
Progress (1): 838 B
Progress (1): 2.7 kB
Progress (1): 6.5 kB
Progress (1): 6.6 kB
                    
Downloaded from central: https://repo1.maven.org/maven2/org/sonatype/oss/oss-parent/9/oss-parent-9.pom (6.6 kB at 131 kB/s)
Downloading from central: https://repo1.maven.org/maven2/org/slf4j/slf4j-api/2.0.13/slf4j-api-2.0.13.pom
Progress (1): 1.1 kB
Progress (1): 2.8 kB
                    
Downloaded from central: https://repo1.maven.org/maven2/org/slf4j/slf4j-api/2.0.13/slf4j-api-2.0.13.pom (2.8 kB at 52 kB/s)
Downloading from central: https://repo1.maven.org/maven2/org/slf4j/slf4j-parent/2.0.13/slf4j-parent-2.0.13.pom
Progress (1): 953 B
Progress (1): 3.2 kB
Progress (1): 6.0 kB
Progress (1): 8.2 kB
Progress (1): 11 kB 
Progress (1): 13 kB
                   
Downloaded from central: https://repo1.maven.org/maven2/org/slf4j/slf4j-parent/2.0.13/slf4j-parent-2.0.13.pom (13 kB at 273 kB/s)
Downloading from central: https://repo1.maven.org/maven2/org/slf4j/slf4j-bom/2.0.13/slf4j-bom-2.0.13.pom
Progress (1): 1.0 kB
Progress (1): 4.6 kB
Progress (1): 7.3 kB
Progress (1): 7.3 kB
                    
Downloaded from central: https://repo1.maven.org/maven2/org/slf4j/slf4j-bom/2.0.13/slf4j-bom-2.0.13.pom (7.3 kB at 138 kB/s)
Downloading from central: https://repo1.maven.org/maven2/org/eclipse/jetty/jetty-server/9.4.58.v20250814/jetty-server-9.4.58.v20250814.pom
Progress (1): 1.5 kB
Progress (1): 3.6 kB
                    
Downloaded from central: https://repo1.maven.org/maven2/org/eclipse/jetty/jetty-server/9.4.58.v20250814/jetty-server-9.4.58.v20250814.pom (3.6 kB at 60 kB/s)
Downloading from central: https://repo1.maven.org/maven2/org/eclipse/jetty/jetty-project/9.4.58.v20250814/jetty-project-9.4.58.v20250814.pom
Progress (1): 940 B
Progress (1): 2.7 kB
Progress (1): 4.7 kB
Progress (1): 7.1 kB
Progress (1): 8.9 kB
Progress (1): 12 kB 
Progress (1): 14 kB
Progress (1): 17 kB
Progress (1): 20 kB
Progress (1): 24 kB
Progress (1): 28 kB
Progress (1): 32 kB
Progress (1): 35 kB
Progress (1): 39 kB
Progress (1): 44 kB
Progress (1): 45 kB
Progress (1): 50 kB
Progress (1): 55 kB
Progress (1): 60 kB
Progress (1): 63 kB
Progress (1): 67 kB
Progress (1): 70 kB
Progress (1): 72 kB
                   
Downloaded from central: https://repo1.maven.org/maven2/org/eclipse/jetty/jetty-project/9.4.58.v20250814/jetty-project-9.4.58.v20250814.pom (72 kB at 810 kB/s)
Downloading from central: https://repo1.maven.org/maven2/org/junit/junit-bom/5.10.5/junit-bom-5.10.5.pom
Progress (1): 908 B
Progress (1): 4.1 kB
Progress (1): 5.6 kB
                    
Downloaded from central: https://repo1.maven.org/maven2/org/junit/junit-bom/5.10.5/junit-bom-5.10.5.pom (5.6 kB at 91 kB/s)
Downloading from central: https://repo1.maven.org/maven2/org/jboss/jboss-parent/36/jboss-parent-36.pom
Progress (1): 701 B
Progress (1): 2.1 kB
Progress (1): 4.5 kB
Progress (1): 6.8 kB
Progress (1): 8.9 kB
Progress (1): 13 kB 
Progress (1): 21 kB
Progress (1): 28 kB
Progress (1): 31 kB
Progress (1): 34 kB
Progress (1): 38 kB
Progress (1): 43 kB
Progress (1): 60 kB
Progress (1): 66 kB
                   
Downloaded from central: https://repo1.maven.org/maven2/org/jboss/jboss-parent/36/jboss-parent-36.pom (66 kB at 1.1 MB/s)
Downloading from central: https://repo1.maven.org/maven2/javax/servlet/javax.servlet-api/3.1.0/javax.servlet-api-3.1.0.pom
Progress (1): 701 B
Progress (1): 2.0 kB
Progress (1): 3.5 kB
Progress (1): 5.8 kB
Progress (1): 9.4 kB
Progress (1): 12 kB 
Progress (1): 14 kB
                   
Downloaded from central: https://repo1.maven.org/maven2/javax/servlet/javax.servlet-api/3.1.0/javax.servlet-api-3.1.0.pom (14 kB at 188 kB/s)
Downloading from central: https://repo1.maven.org/maven2/org/eclipse/jetty/jetty-http/9.4.58.v20250814/jetty-http-9.4.58.v20250814.pom
Progress (1): 1.5 kB
Progress (1): 4.0 kB
Progress (1): 4.0 kB
                    
Downloaded from central: https://repo1.maven.org/maven2/org/eclipse/jetty/jetty-http/9.4.58.v20250814/jetty-http-9.4.58.v20250814.pom (4.0 kB at 79 kB/s)
Downloading from central: https://repo1.maven.org/maven2/org/eclipse/jetty/jetty-util/9.4.58.v20250814/jetty-util-9.4.58.v20250814.pom
Progress (1): 1.2 kB
Progress (1): 3.1 kB
Progress (1): 4.0 kB
                    
Downloaded from central: https://repo1.maven.org/maven2/org/eclipse/jetty/jetty-util/9.4.58.v20250814/jetty-util-9.4.58.v20250814.pom (4.0 kB at 78 kB/s)
Downloading from central: https://repo1.maven.org/maven2/org/eclipse/jetty/jetty-io/9.4.58.v20250814/jetty-io-9.4.58.v20250814.pom
Progress (1): 1.2 kB
                    
Downloaded from central: https://repo1.maven.org/maven2/org/eclipse/jetty/jetty-io/9.4.58.v20250814/jetty-io-9.4.58.v20250814.pom (1.2 kB at 24 kB/s)
Downloading from central: https://repo1.maven.org/maven2/org/eclipse/jetty/jetty-servlet/9.4.58.v20250814/jetty-servlet-9.4.58.v20250814.pom
Progress (1): 1.3 kB
Progress (1): 2.3 kB
                    
Downloaded from central: https://repo1.maven.org/maven2/org/eclipse/jetty/jetty-servlet/9.4.58.v20250814/jetty-servlet-9.4.58.v20250814.pom (2.3 kB at 48 kB/s)
Downloading from central: https://repo1.maven.org/maven2/org/eclipse/jetty/jetty-security/9.4.58.v20250814/jetty-security-9.4.58.v20250814.pom
Progress (1): 1.2 kB
Progress (1): 2.1 kB
                    
Downloaded from central: https://repo1.maven.org/maven2/org/eclipse/jetty/jetty-security/9.4.58.v20250814/jetty-security-9.4.58.v20250814.pom (2.1 kB at 46 kB/s)
Downloading from central: https://repo1.maven.org/maven2/org/eclipse/jetty/jetty-util-ajax/9.4.58.v20250814/jetty-util-ajax-9.4.58.v20250814.pom
Progress (1): 1.3 kB
                    
Downloaded from central: https://repo1.maven.org/maven2/org/eclipse/jetty/jetty-util-ajax/9.4.58.v20250814/jetty-util-ajax-9.4.58.v20250814.pom (1.3 kB at 23 kB/s)
Downloading from central: https://repo1.maven.org/maven2/org/eclipse/jetty/jetty-client/9.4.58.v20250814/jetty-client-9.4.58.v20250814.pom
Progress (1): 1.2 kB
Progress (1): 4.7 kB
Progress (1): 5.3 kB
                    
Downloaded from central: https://repo1.maven.org/maven2/org/eclipse/jetty/jetty-client/9.4.58.v20250814/jetty-client-9.4.58.v20250814.pom (5.3 kB at 67 kB/s)
Downloading from central: https://repo1.maven.org/maven2/com/fasterxml/jackson/core/jackson-databind/2.18.1/jackson-databind-2.18.1.pom
Progress (1): 973 B
Progress (1): 2.4 kB
Progress (1): 4.0 kB
Progress (1): 6.4 kB
Progress (1): 8.1 kB
Progress (1): 10 kB 
Progress (1): 12 kB
Progress (1): 17 kB
Progress (1): 19 kB
Progress (1): 21 kB
Progress (1): 21 kB
                   
Downloaded from central: https://repo1.maven.org/maven2/com/fasterxml/jackson/core/jackson-databind/2.18.1/jackson-databind-2.18.1.pom (21 kB at 360 kB/s)
Downloading from central: https://repo1.maven.org/maven2/com/fasterxml/jackson/jackson-base/2.18.1/jackson-base-2.18.1.pom
Progress (1): 919 B
Progress (1): 2.7 kB
Progress (1): 4.5 kB
Progress (1): 6.6 kB
Progress (1): 8.7 kB
Progress (1): 11 kB 
Progress (1): 12 kB
                   
Downloaded from central: https://repo1.maven.org/maven2/com/fasterxml/jackson/jackson-base/2.18.1/jackson-base-2.18.1.pom (12 kB at 205 kB/s)
Downloading from central: https://repo1.maven.org/maven2/com/fasterxml/jackson/jackson-bom/2.18.1/jackson-bom-2.18.1.pom
Progress (1): 933 B
Progress (1): 2.7 kB
Progress (1): 8.1 kB
Progress (1): 17 kB 
Progress (1): 19 kB
                   
Downloaded from central: https://repo1.maven.org/maven2/com/fasterxml/jackson/jackson-bom/2.18.1/jackson-bom-2.18.1.pom (19 kB at 334 kB/s)
Downloading from central: https://repo1.maven.org/maven2/com/fasterxml/jackson/jackson-parent/2.18.1/jackson-parent-2.18.1.pom
Progress (1): 1.1 kB
Progress (1): 2.5 kB
Progress (1): 4.1 kB
Progress (1): 6.3 kB
Progress (1): 6.7 kB
                    
Downloaded from central: https://repo1.maven.org/maven2/com/fasterxml/jackson/jackson-parent/2.18.1/jackson-parent-2.18.1.pom (6.7 kB at 134 kB/s)
Downloading from central: https://repo1.maven.org/maven2/com/fasterxml/oss-parent/61/oss-parent-61.pom
Progress (1): 952 B
Progress (1): 2.6 kB
Progress (1): 4.1 kB
Progress (1): 7.2 kB
Progress (1): 9.7 kB
Progress (1): 12 kB 
Progress (1): 15 kB
Progress (1): 18 kB
Progress (1): 23 kB
                   
Downloaded from central: https://repo1.maven.org/maven2/com/fasterxml/oss-parent/61/oss-parent-61.pom (23 kB at 383 kB/s)
Downloading from central: https://repo1.maven.org/maven2/com/fasterxml/jackson/core/jackson-annotations/2.18.1/jackson-annotations-2.18.1.pom
Progress (1): 945 B
Progress (1): 2.4 kB
Progress (1): 3.9 kB
Progress (1): 6.3 kB
Progress (1): 7.1 kB
                    
Downloaded from central: https://repo1.maven.org/maven2/com/fasterxml/jackson/core/jackson-annotations/2.18.1/jackson-annotations-2.18.1.pom (7.1 kB at 120 kB/s)
Downloading from central: https://repo1.maven.org/maven2/com/fasterxml/jackson/core/jackson-core/2.18.1/jackson-core-2.18.1.pom
Progress (1): 980 B
Progress (1): 2.9 kB
Progress (1): 7.1 kB
Progress (1): 9.6 kB
Progress (1): 10 kB 
                   
Downloaded from central: https://repo1.maven.org/maven2/com/fasterxml/jackson/core/jackson-core/2.18.1/jackson-core-2.18.1.pom (10 kB at 145 kB/s)
Downloading from central: https://repo1.maven.org/maven2/org/apache/kerby/kerb-core/2.0.0/kerb-core-2.0.0.pom
Progress (1): 869 B
Progress (1): 1.5 kB
                    
Downloaded from central: https://repo1.maven.org/maven2/org/apache/kerby/kerb-core/2.0.0/kerb-core-2.0.0.pom (1.5 kB at 11 kB/s)
Downloading from central: https://repo1.maven.org/maven2/org/apache/kerby/kerby-kerb/2.0.0/kerby-kerb-2.0.0.pom
Progress (1): 874 B
Progress (1): 1.7 kB
                    
Downloaded from central: https://repo1.maven.org/maven2/org/apache/kerby/kerby-kerb/2.0.0/kerby-kerb-2.0.0.pom (1.7 kB at 37 kB/s)
Downloading from central: https://repo1.maven.org/maven2/org/apache/kerby/kerby-all/2.0.0/kerby-all-2.0.0.pom
Progress (1): 735 B
Progress (1): 2.3 kB
Progress (1): 4.4 kB
Progress (1): 7.0 kB
Progress (1): 10 kB 
Progress (1): 14 kB
Progress (1): 17 kB
                   
Downloaded from central: https://repo1.maven.org/maven2/org/apache/kerby/kerby-all/2.0.0/kerby-all-2.0.0.pom (17 kB at 274 kB/s)
Downloading from central: https://repo1.maven.org/maven2/org/apache/kerby/kerby-pkix/2.0.0/kerby-pkix-2.0.0.pom
Progress (1): 863 B
Progress (1): 2.2 kB
                    
Downloaded from central: https://repo1.maven.org/maven2/org/apache/kerby/kerby-pkix/2.0.0/kerby-pkix-2.0.0.pom (2.2 kB at 41 kB/s)
Downloading from central: https://repo1.maven.org/maven2/org/apache/kerby/kerby-asn1/2.0.0/kerby-asn1-2.0.0.pom
Progress (1): 881 B
Progress (1): 1.4 kB
                    
Downloaded from central: https://repo1.maven.org/maven2/org/apache/kerby/kerby-asn1/2.0.0/kerby-asn1-2.0.0.pom (1.4 kB at 29 kB/s)
Downloading from central: https://repo1.maven.org/maven2/org/apache/kerby/kerby-common/2.0.0/kerby-common-2.0.0.pom
Progress (1): 876 B
Progress (1): 1.3 kB
                    
Downloaded from central: https://repo1.maven.org/maven2/org/apache/kerby/kerby-common/2.0.0/kerby-common-2.0.0.pom (1.3 kB at 25 kB/s)
Downloading from central: https://repo1.maven.org/maven2/org/apache/kerby/kerby-util/2.0.0/kerby-util-2.0.0.pom
Progress (1): 876 B
Progress (1): 1.4 kB
                    
Downloaded from central: https://repo1.maven.org/maven2/org/apache/kerby/kerby-util/2.0.0/kerby-util-2.0.0.pom (1.4 kB at 27 kB/s)
Downloading from central: https://repo1.maven.org/maven2/org/apache/kerby/kerb-simplekdc/2.0.0/kerb-simplekdc-2.0.0.pom
Progress (1): 868 B
Progress (1): 1.6 kB
                    
Downloaded from central: https://repo1.maven.org/maven2/org/apache/kerby/kerb-simplekdc/2.0.0/kerb-simplekdc-2.0.0.pom (1.6 kB at 20 kB/s)
Downloading from central: https://repo1.maven.org/maven2/org/apache/kerby/kerb-client/2.0.0/kerb-client-2.0.0.pom
Progress (1): 861 B
Progress (1): 2.4 kB
                    
Downloaded from central: https://repo1.maven.org/maven2/org/apache/kerby/kerb-client/2.0.0/kerb-client-2.0.0.pom (2.4 kB at 29 kB/s)
Downloading from central: https://repo1.maven.org/maven2/org/apache/kerby/kerby-config/2.0.0/kerby-config-2.0.0.pom
Progress (1): 864 B
Progress (1): 1.7 kB
                    
Downloaded from central: https://repo1.maven.org/maven2/org/apache/kerby/kerby-config/2.0.0/kerby-config-2.0.0.pom (1.7 kB at 30 kB/s)
Downloading from central: https://repo1.maven.org/maven2/org/apache/kerby/kerb-common/2.0.0/kerb-common-2.0.0.pom
Progress (1): 863 B
Progress (1): 1.9 kB
                    
Downloaded from central: https://repo1.maven.org/maven2/org/apache/kerby/kerb-common/2.0.0/kerb-common-2.0.0.pom (1.9 kB at 39 kB/s)
Downloading from central: https://repo1.maven.org/maven2/org/apache/kerby/kerb-crypto/2.0.0/kerb-crypto-2.0.0.pom
Progress (1): 868 B
Progress (1): 1.7 kB
                    
Downloaded from central: https://repo1.maven.org/maven2/org/apache/kerby/kerb-crypto/2.0.0/kerb-crypto-2.0.0.pom (1.7 kB at 35 kB/s)
Downloading from central: https://repo1.maven.org/maven2/org/apache/commons/commons-parent/74/commons-parent-74.pom
Progress (1): 705 B
Progress (1): 1.9 kB
Progress (1): 3.2 kB
Progress (1): 4.6 kB
Progress (1): 6.8 kB
Progress (1): 8.5 kB
Progress (1): 10 kB 
Progress (1): 13 kB
Progress (1): 15 kB
Progress (1): 17 kB
Progress (1): 20 kB
Progress (1): 22 kB
Progress (1): 25 kB
Progress (1): 28 kB
Progress (1): 32 kB
Progress (1): 32 kB
Progress (1): 35 kB
Progress (1): 40 kB
Progress (1): 43 kB
Progress (1): 46 kB
Progress (1): 49 kB
Progress (1): 51 kB
Progress (1): 55 kB
Progress (1): 57 kB
Progress (1): 60 kB
Progress (1): 63 kB
Progress (1): 67 kB
Progress (1): 70 kB
Progress (1): 73 kB
Progress (1): 75 kB
Progress (1): 78 kB
                   
Downloaded from central: https://repo1.maven.org/maven2/org/apache/commons/commons-parent/74/commons-parent-74.pom (78 kB at 1.2 MB/s)
Downloading from central: https://repo1.maven.org/maven2/org/apache/apache/33/apache-33.pom
Progress (1): 741 B
Progress (1): 2.1 kB
Progress (1): 4.0 kB
Progress (1): 6.0 kB
Progress (1): 10 kB 
Progress (1): 16 kB
Progress (1): 19 kB
Progress (1): 22 kB
Progress (1): 24 kB
                   
Downloaded from central: https://repo1.maven.org/maven2/org/apache/apache/33/apache-33.pom (24 kB at 432 kB/s)
Downloading from central: https://repo1.maven.org/maven2/org/junit/junit-bom/5.11.0/junit-bom-5.11.0.pom
Progress (1): 912 B
Progress (1): 4.1 kB
Progress (1): 5.6 kB
                    
Downloaded from central: https://repo1.maven.org/maven2/org/junit/junit-bom/5.11.0/junit-bom-5.11.0.pom (5.6 kB at 123 kB/s)
Downloading from central: https://repo1.maven.org/maven2/org/apache/kerby/kerb-util/2.0.0/kerb-util-2.0.0.pom
Progress (1): 861 B
Progress (1): 2.1 kB
                    
Downloaded from central: https://repo1.maven.org/maven2/org/apache/kerby/kerb-util/2.0.0/kerb-util-2.0.0.pom (2.1 kB at 40 kB/s)
Downloading from central: https://repo1.maven.org/maven2/org/apache/kerby/token-provider/2.0.0/token-provider-2.0.0.pom
Progress (1): 857 B
Progress (1): 1.7 kB
                    
Downloaded from central: https://repo1.maven.org/maven2/org/apache/kerby/token-provider/2.0.0/token-provider-2.0.0.pom (1.7 kB at 18 kB/s)
Downloading from central: https://repo1.maven.org/maven2/org/apache/kerby/kerby-provider/2.0.0/kerby-provider-2.0.0.pom
Progress (1): 880 B
Progress (1): 1.2 kB
                    
Downloaded from central: https://repo1.maven.org/maven2/org/apache/kerby/kerby-provider/2.0.0/kerby-provider-2.0.0.pom (1.2 kB at 24 kB/s)
Downloading from central: https://repo1.maven.org/maven2/org/apache/kerby/kerb-admin/2.0.0/kerb-admin-2.0.0.pom
Progress (1): 867 B
Progress (1): 1.7 kB
                    
Downloaded from central: https://repo1.maven.org/maven2/org/apache/kerby/kerb-admin/2.0.0/kerb-admin-2.0.0.pom (1.7 kB at 11 kB/s)
Downloading from central: https://repo1.maven.org/maven2/org/apache/kerby/kerb-server/2.0.0/kerb-server-2.0.0.pom
Progress (1): 866 B
Progress (1): 1.9 kB
                    
Downloaded from central: https://repo1.maven.org/maven2/org/apache/kerby/kerb-server/2.0.0/kerb-server-2.0.0.pom (1.9 kB at 28 kB/s)
Downloading from central: https://repo1.maven.org/maven2/org/apache/kerby/kerb-identity/2.0.0/kerb-identity-2.0.0.pom
Progress (1): 867 B
Progress (1): 1.7 kB
                    
Downloaded from central: https://repo1.maven.org/maven2/org/apache/kerby/kerb-identity/2.0.0/kerb-identity-2.0.0.pom (1.7 kB at 35 kB/s)
Downloading from central: https://repo1.maven.org/maven2/org/apache/kerby/kerby-xdr/2.0.0/kerby-xdr-2.0.0.pom
Progress (1): 882 B
Progress (1): 1.4 kB
                    
Downloaded from central: https://repo1.maven.org/maven2/org/apache/kerby/kerby-xdr/2.0.0/kerby-xdr-2.0.0.pom (1.4 kB at 22 kB/s)
Downloading from central: https://repo1.maven.org/maven2/org/mockito/mockito-core/4.9.0/mockito-core-4.9.0.pom
Progress (1): 1.5 kB
Progress (1): 2.5 kB
                    
Downloaded from central: https://repo1.maven.org/maven2/org/mockito/mockito-core/4.9.0/mockito-core-4.9.0.pom (2.5 kB at 47 kB/s)
Downloading from central: https://repo1.maven.org/maven2/org/objenesis/objenesis/3.3/objenesis-3.3.pom
Progress (1): 795 B
Progress (1): 2.5 kB
Progress (1): 3.0 kB
                    
Downloaded from central: https://repo1.maven.org/maven2/org/objenesis/objenesis/3.3/objenesis-3.3.pom (3.0 kB at 55 kB/s)
Downloading from central: https://repo1.maven.org/maven2/org/objenesis/objenesis-parent/3.3/objenesis-parent-3.3.pom
Progress (1): 741 B
Progress (1): 2.3 kB
Progress (1): 4.5 kB
Progress (1): 6.6 kB
Progress (1): 10 kB 
Progress (1): 13 kB
Progress (1): 18 kB
Progress (1): 19 kB
                   
Downloaded from central: https://repo1.maven.org/maven2/org/objenesis/objenesis-parent/3.3/objenesis-parent-3.3.pom (19 kB at 348 kB/s)
Downloading from central: https://repo1.maven.org/maven2/org/mockito/mockito-inline/4.9.0/mockito-inline-4.9.0.pom
Progress (1): 1.3 kB
Progress (1): 2.2 kB
                    
Downloaded from central: https://repo1.maven.org/maven2/org/mockito/mockito-inline/4.9.0/mockito-inline-4.9.0.pom (2.2 kB at 27 kB/s)
Downloading from central: https://repo1.maven.org/maven2/org/junit/jupiter/junit-jupiter-api/5.6.2/junit-jupiter-api-5.6.2.pom
Progress (1): 951 B
Progress (1): 3.2 kB
                    
Downloaded from central: https://repo1.maven.org/maven2/org/junit/jupiter/junit-jupiter-api/5.6.2/junit-jupiter-api-5.6.2.pom (3.2 kB at 62 kB/s)
Downloading from central: https://repo1.maven.org/maven2/org/junit/junit-bom/5.6.2/junit-bom-5.6.2.pom
Progress (1): 916 B
Progress (1): 4.1 kB
Progress (1): 4.9 kB
                    
Downloaded from central: https://repo1.maven.org/maven2/org/junit/junit-bom/5.6.2/junit-bom-5.6.2.pom (4.9 kB at 85 kB/s)
Downloading from central: https://repo1.maven.org/maven2/org/junit/platform/junit-platform-commons/1.6.2/junit-platform-commons-1.6.2.pom
Progress (1): 963 B
Progress (1): 2.8 kB
                    
Downloaded from central: https://repo1.maven.org/maven2/org/junit/platform/junit-platform-commons/1.6.2/junit-platform-commons-1.6.2.pom (2.8 kB at 49 kB/s)
Downloading from central: https://repo1.maven.org/maven2/org/junit/jupiter/junit-jupiter-engine/5.6.2/junit-jupiter-engine-5.6.2.pom
Progress (1): 960 B
Progress (1): 3.2 kB
                    
Downloaded from central: https://repo1.maven.org/maven2/org/junit/jupiter/junit-jupiter-engine/5.6.2/junit-jupiter-engine-5.6.2.pom (3.2 kB at 57 kB/s)
Downloading from central: https://repo1.maven.org/maven2/org/junit/platform/junit-platform-engine/1.6.2/junit-platform-engine-1.6.2.pom
Progress (1): 957 B
Progress (1): 3.2 kB
                    
Downloaded from central: https://repo1.maven.org/maven2/org/junit/platform/junit-platform-engine/1.6.2/junit-platform-engine-1.6.2.pom (3.2 kB at 54 kB/s)
Downloading from central: https://repo1.maven.org/maven2/org/junit/jupiter/junit-jupiter-params/5.6.2/junit-jupiter-params-5.6.2.pom
Progress (1): 962 B
Progress (1): 3.0 kB
                    
Downloaded from central: https://repo1.maven.org/maven2/org/junit/jupiter/junit-jupiter-params/5.6.2/junit-jupiter-params-5.6.2.pom (3.0 kB at 55 kB/s)
Downloading from central: https://repo1.maven.org/maven2/org/junit/platform/junit-platform-runner/1.6.2/junit-platform-runner-1.6.2.pom
Progress (1): 954 B
Progress (1): 3.4 kB
Progress (1): 3.5 kB
                    
Downloaded from central: https://repo1.maven.org/maven2/org/junit/platform/junit-platform-runner/1.6.2/junit-platform-runner-1.6.2.pom (3.5 kB at 63 kB/s)
Downloading from central: https://repo1.maven.org/maven2/org/hamcrest/hamcrest-core/1.3/hamcrest-core-1.3.pom
Progress (1): 766 B
                   
Downloaded from central: https://repo1.maven.org/maven2/org/hamcrest/hamcrest-core/1.3/hamcrest-core-1.3.pom (766 B at 15 kB/s)
Downloading from central: https://repo1.maven.org/maven2/org/hamcrest/hamcrest-parent/1.3/hamcrest-parent-1.3.pom
Progress (1): 1.1 kB
Progress (1): 2.0 kB
                    
Downloaded from central: https://repo1.maven.org/maven2/org/hamcrest/hamcrest-parent/1.3/hamcrest-parent-1.3.pom (2.0 kB at 33 kB/s)
Downloading from central: https://repo1.maven.org/maven2/org/junit/platform/junit-platform-launcher/1.6.2/junit-platform-launcher-1.6.2.pom
Progress (1): 967 B
Progress (1): 3.0 kB
                    
Downloaded from central: https://repo1.maven.org/maven2/org/junit/platform/junit-platform-launcher/1.6.2/junit-platform-launcher-1.6.2.pom (3.0 kB at 53 kB/s)
Downloading from central: https://repo1.maven.org/maven2/org/junit/platform/junit-platform-suite-api/1.6.2/junit-platform-suite-api-1.6.2.pom
Progress (1): 962 B
Progress (1): 2.8 kB
                    
Downloaded from central: https://repo1.maven.org/maven2/org/junit/platform/junit-platform-suite-api/1.6.2/junit-platform-suite-api-1.6.2.pom (2.8 kB at 35 kB/s)
Downloading from central: https://repo1.maven.org/maven2/com/google/code/findbugs/jsr305/3.0.2/jsr305-3.0.2.jar
Downloading from central: https://repo1.maven.org/maven2/org/hamcrest/hamcrest-library/2.2/hamcrest-library-2.2.jar
Downloading from central: https://repo1.maven.org/maven2/org/hamcrest/hamcrest-core/2.2/hamcrest-core-2.2.jar
Downloading from central: https://repo1.maven.org/maven2/org/hamcrest/hamcrest/2.2/hamcrest-2.2.jar
Downloading from central: https://repo1.maven.org/maven2/org/apache/commons/commons-collections4/4.4/commons-collections4-4.4.jar
Progress (1): 1.5 kB
                    
Downloaded from central: https://repo1.maven.org/maven2/org/hamcrest/hamcrest-library/2.2/hamcrest-library-2.2.jar (1.5 kB at 24 kB/s)
Downloading from central: https://repo1.maven.org/maven2/org/apache/yetus/audience-annotations/0.12.0/audience-annotations-0.12.0.jar
Progress (1): 0.9/123 kB
Progress (1): 2.3/123 kB
Progress (1): 3.6/123 kB
Progress (2): 3.6/123 kB | 0.9/20 kB
Progress (3): 3.6/123 kB | 0.9/20 kB | 0.9/1.5 kB
Progress (3): 3.6/123 kB | 0.9/20 kB | 1.5 kB    
Progress (3): 5.0/123 kB | 0.9/20 kB | 1.5 kB
Progress (3): 5.0/123 kB | 2.3/20 kB | 1.5 kB
Progress (3): 6.4/123 kB | 2.3/20 kB | 1.5 kB
Progress (4): 6.4/123 kB | 2.3/20 kB | 1.5 kB | 7.7/21 kB
Progress (4): 6.4/123 kB | 3.6/20 kB | 1.5 kB | 7.7/21 kB
Progress (4): 7.7/123 kB | 3.6/20 kB | 1.5 kB | 7.7/21 kB
Progress (4): 7.7/123 kB | 3.6/20 kB | 1.5 kB | 16/21 kB 
Progress (5): 7.7/123 kB | 3.6/20 kB | 1.5 kB | 16/21 kB | 0.9/752 kB
Progress (5): 7.7/123 kB | 3.6/20 kB | 1.5 kB | 21 kB | 0.9/752 kB   
Progress (5): 7.7/123 kB | 3.6/20 kB | 1.5 kB | 21 kB | 2.3/752 kB
Progress (5): 7.7/123 kB | 3.6/20 kB | 1.5 kB | 21 kB | 3.6/752 kB
Progress (5): 7.7/123 kB | 3.6/20 kB | 1.5 kB | 21 kB | 5.0/752 kB
Progress (5): 7.7/123 kB | 3.6/20 kB | 1.5 kB | 21 kB | 6.4/752 kB
Progress (5): 7.7/123 kB | 3.6/20 kB | 1.5 kB | 21 kB | 7.7/752 kB
Progress (5): 7.7/123 kB | 3.6/20 kB | 1.5 kB | 21 kB | 8.2/752 kB
Progress (5): 7.7/123 kB | 3.6/20 kB | 1.5 kB | 21 kB | 9.6/752 kB
Progress (5): 7.7/123 kB | 3.6/20 kB | 1.5 kB | 21 kB | 11/752 kB 
Progress (5): 7.7/123 kB | 3.6/20 kB | 1.5 kB | 21 kB | 12/752 kB
Progress (5): 7.7/123 kB | 3.6/20 kB | 1.5 kB | 21 kB | 14/752 kB
Progress (5): 7.7/123 kB | 3.6/20 kB | 1.5 kB | 21 kB | 15/752 kB
Progress (5): 7.7/123 kB | 3.6/20 kB | 1.5 kB | 21 kB | 16/752 kB
Progress (5): 7.7/123 kB | 3.6/20 kB | 1.5 kB | 21 kB | 18/752 kB
Progress (5): 7.7/123 kB | 3.6/20 kB | 1.5 kB | 21 kB | 19/752 kB
Progress (5): 7.7/123 kB | 3.6/20 kB | 1.5 kB | 21 kB | 21/752 kB
Progress (5): 7.7/123 kB | 3.6/20 kB | 1.5 kB | 21 kB | 22/752 kB
Progress (5): 7.7/123 kB | 3.6/20 kB | 1.5 kB | 21 kB | 23/752 kB
Progress (5): 7.7/123 kB | 3.6/20 kB | 1.5 kB | 21 kB | 25/752 kB
Progress (5): 7.7/123 kB | 3.6/20 kB | 1.5 kB | 21 kB | 26/752 kB
Progress (5): 7.7/123 kB | 3.6/20 kB | 1.5 kB | 21 kB | 27/752 kB
Progress (5): 7.7/123 kB | 3.6/20 kB | 1.5 kB | 21 kB | 29/752 kB
Progress (5): 7.7/123 kB | 3.6/20 kB | 1.5 kB | 21 kB | 30/752 kB
Progress (5): 9.1/123 kB | 3.6/20 kB | 1.5 kB | 21 kB | 30/752 kB
Progress (5): 9.1/123 kB | 5.0/20 kB | 1.5 kB | 21 kB | 30/752 kB
Progress (5): 10/123 kB | 5.0/20 kB | 1.5 kB | 21 kB | 30/752 kB 
Progress (5): 12/123 kB | 5.0/20 kB | 1.5 kB | 21 kB | 30/752 kB
Progress (5): 12/123 kB | 5.0/20 kB | 1.5 kB | 21 kB | 31/752 kB
Progress (5): 12/123 kB | 5.0/20 kB | 1.5 kB | 21 kB | 33/752 kB
Progress (5): 13/123 kB | 5.0/20 kB | 1.5 kB | 21 kB | 33/752 kB
Progress (5): 15/123 kB | 5.0/20 kB | 1.5 kB | 21 kB | 33/752 kB
Progress (5): 15/123 kB | 5.0/20 kB | 1.5 kB | 21 kB | 34/752 kB
Progress (5): 16/123 kB | 5.0/20 kB | 1.5 kB | 21 kB | 34/752 kB
Progress (5): 16/123 kB | 5.0/20 kB | 1.5 kB | 21 kB | 36/752 kB
Progress (5): 16/123 kB | 5.0/20 kB | 1.5 kB | 21 kB | 37/752 kB
Progress (5): 17/123 kB | 5.0/20 kB | 1.5 kB | 21 kB | 37/752 kB
Progress (5): 17/123 kB | 5.0/20 kB | 1.5 kB | 21 kB | 38/752 kB
Progress (5): 19/123 kB | 5.0/20 kB | 1.5 kB | 21 kB | 38/752 kB
Progress (5): 19/123 kB | 5.0/20 kB | 1.5 kB | 21 kB | 40/752 kB
Progress (5): 19/123 kB | 5.0/20 kB | 1.5 kB | 21 kB | 41/752 kB
Progress (5): 20/123 kB | 5.0/20 kB | 1.5 kB | 21 kB | 41/752 kB
Progress (5): 20/123 kB | 5.0/20 kB | 1.5 kB | 21 kB | 42/752 kB
Progress (5): 21/123 kB | 5.0/20 kB | 1.5 kB | 21 kB | 42/752 kB
Progress (5): 21/123 kB | 5.0/20 kB | 1.5 kB | 21 kB | 44/752 kB
Progress (5): 23/123 kB | 5.0/20 kB | 1.5 kB | 21 kB | 44/752 kB
Progress (5): 23/123 kB | 5.0/20 kB | 1.5 kB | 21 kB | 45/752 kB
Progress (5): 24/123 kB | 5.0/20 kB | 1.5 kB | 21 kB | 45/752 kB
Progress (5): 24/123 kB | 5.0/20 kB | 1.5 kB | 21 kB | 47/752 kB
Progress (5): 26/123 kB | 5.0/20 kB | 1.5 kB | 21 kB | 47/752 kB
Progress (5): 26/123 kB | 5.0/20 kB | 1.5 kB | 21 kB | 48/752 kB
Progress (5): 27/123 kB | 5.0/20 kB | 1.5 kB | 21 kB | 48/752 kB
Progress (5): 27/123 kB | 5.0/20 kB | 1.5 kB | 21 kB | 49/752 kB
Progress (5): 28/123 kB | 5.0/20 kB | 1.5 kB | 21 kB | 49/752 kB
Progress (5): 28/123 kB | 5.0/20 kB | 1.5 kB | 21 kB | 51/752 kB
Progress (5): 30/123 kB | 5.0/20 kB | 1.5 kB | 21 kB | 51/752 kB
Progress (5): 30/123 kB | 5.0/20 kB | 1.5 kB | 21 kB | 52/752 kB
Progress (5): 31/123 kB | 5.0/20 kB | 1.5 kB | 21 kB | 52/752 kB
Progress (5): 31/123 kB | 5.0/20 kB | 1.5 kB | 21 kB | 53/752 kB
Progress (5): 32/123 kB | 5.0/20 kB | 1.5 kB | 21 kB | 53/752 kB
Progress (5): 32/123 kB | 5.0/20 kB | 1.5 kB | 21 kB | 55/752 kB
Progress (5): 32/123 kB | 6.4/20 kB | 1.5 kB | 21 kB | 55/752 kB
Progress (5): 34/123 kB | 6.4/20 kB | 1.5 kB | 21 kB | 55/752 kB
Progress (5): 34/123 kB | 6.4/20 kB | 1.5 kB | 21 kB | 59/752 kB
Progress (5): 35/123 kB | 6.4/20 kB | 1.5 kB | 21 kB | 59/752 kB
Progress (5): 36/123 kB | 6.4/20 kB | 1.5 kB | 21 kB | 59/752 kB
Progress (5): 38/123 kB | 6.4/20 kB | 1.5 kB | 21 kB | 59/752 kB
Progress (5): 39/123 kB | 6.4/20 kB | 1.5 kB | 21 kB | 59/752 kB
Progress (5): 41/123 kB | 6.4/20 kB | 1.5 kB | 21 kB | 59/752 kB
Progress (5): 42/123 kB | 6.4/20 kB | 1.5 kB | 21 kB | 59/752 kB
Progress (5): 43/123 kB | 6.4/20 kB | 1.5 kB | 21 kB | 59/752 kB
Progress (5): 45/123 kB | 6.4/20 kB | 1.5 kB | 21 kB | 59/752 kB
Progress (5): 46/123 kB | 6.4/20 kB | 1.5 kB | 21 kB | 59/752 kB
Progress (5): 47/123 kB | 6.4/20 kB | 1.5 kB | 21 kB | 59/752 kB
Progress (5): 49/123 kB | 6.4/20 kB | 1.5 kB | 21 kB | 59/752 kB
Progress (5): 50/123 kB | 6.4/20 kB | 1.5 kB | 21 kB | 59/752 kB
Progress (5): 52/123 kB | 6.4/20 kB | 1.5 kB | 21 kB | 59/752 kB
Progress (5): 53/123 kB | 6.4/20 kB | 1.5 kB | 21 kB | 59/752 kB
Progress (5): 54/123 kB | 6.4/20 kB | 1.5 kB | 21 kB | 59/752 kB
Progress (5): 56/123 kB | 6.4/20 kB | 1.5 kB | 21 kB | 59/752 kB
Progress (5): 60/123 kB | 6.4/20 kB | 1.5 kB | 21 kB | 59/752 kB
Progress (5): 60/123 kB | 7.7/20 kB | 1.5 kB | 21 kB | 59/752 kB
Progress (5): 60/123 kB | 9.1/20 kB | 1.5 kB | 21 kB | 59/752 kB
Progress (5): 60/123 kB | 10/20 kB | 1.5 kB | 21 kB | 59/752 kB 
Progress (5): 60/123 kB | 12/20 kB | 1.5 kB | 21 kB | 59/752 kB
Progress (5): 60/123 kB | 13/20 kB | 1.5 kB | 21 kB | 59/752 kB
Progress (5): 60/123 kB | 15/20 kB | 1.5 kB | 21 kB | 59/752 kB
Progress (5): 60/123 kB | 16/20 kB | 1.5 kB | 21 kB | 59/752 kB
                                                               
Downloaded from central: https://repo1.maven.org/maven2/org/hamcrest/hamcrest-core/2.2/hamcrest-core-2.2.jar (1.5 kB at 12 kB/s)
Downloading from central: https://repo1.maven.org/maven2/org/slf4j/slf4j-api/2.0.13/slf4j-api-2.0.13.jar
Progress (4): 60/123 kB | 17/20 kB | 21 kB | 59/752 kB
Progress (4): 60/123 kB | 19/20 kB | 21 kB | 59/752 kB
Progress (4): 60/123 kB | 20 kB | 21 kB | 59/752 kB   
Progress (4): 64/123 kB | 20 kB | 21 kB | 59/752 kB
Progress (4): 68/123 kB | 20 kB | 21 kB | 59/752 kB
                                                   
Downloaded from central: https://repo1.maven.org/maven2/org/apache/yetus/audience-annotations/0.12.0/audience-annotations-0.12.0.jar (21 kB at 164 kB/s)
Downloading from central: https://repo1.maven.org/maven2/org/eclipse/jetty/jetty-server/9.4.58.v20250814/jetty-server-9.4.58.v20250814.jar
Progress (3): 73/123 kB | 20 kB | 59/752 kB
Progress (3): 77/123 kB | 20 kB | 59/752 kB
Progress (3): 81/123 kB | 20 kB | 59/752 kB
Progress (3): 85/123 kB | 20 kB | 59/752 kB
Progress (3): 89/123 kB | 20 kB | 59/752 kB
Progress (3): 94/123 kB | 20 kB | 59/752 kB
Progress (3): 98/123 kB | 20 kB | 59/752 kB
Progress (3): 102/123 kB | 20 kB | 59/752 kB
Progress (3): 106/123 kB | 20 kB | 59/752 kB
Progress (3): 111/123 kB | 20 kB | 59/752 kB
Progress (3): 115/123 kB | 20 kB | 59/752 kB
Progress (3): 119/123 kB | 20 kB | 59/752 kB
Progress (3): 119/123 kB | 20 kB | 63/752 kB
Progress (3): 123/123 kB | 20 kB | 63/752 kB
Progress (3): 123 kB | 20 kB | 63/752 kB    
                                        
Downloaded from central: https://repo1.maven.org/maven2/com/google/code/findbugs/jsr305/3.0.2/jsr305-3.0.2.jar (20 kB at 146 kB/s)
Downloading from central: https://repo1.maven.org/maven2/javax/servlet/javax.servlet-api/3.1.0/javax.servlet-api-3.1.0.jar
Progress (2): 123 kB | 67/752 kB
Progress (2): 123 kB | 72/752 kB
Progress (2): 123 kB | 76/752 kB
Progress (2): 123 kB | 80/752 kB
Progress (2): 123 kB | 84/752 kB
Progress (2): 123 kB | 89/752 kB
Progress (2): 123 kB | 93/752 kB
Progress (2): 123 kB | 97/752 kB
Progress (2): 123 kB | 101/752 kB
Progress (2): 123 kB | 105/752 kB
Progress (2): 123 kB | 110/752 kB
Progress (2): 123 kB | 114/752 kB
Progress (2): 123 kB | 118/752 kB
Progress (2): 123 kB | 122/752 kB
Progress (2): 123 kB | 127/752 kB
Progress (2): 123 kB | 131/752 kB
                                 
Downloaded from central: https://repo1.maven.org/maven2/org/hamcrest/hamcrest/2.2/hamcrest-2.2.jar (123 kB at 839 kB/s)
Downloading from central: https://repo1.maven.org/maven2/org/eclipse/jetty/jetty-http/9.4.58.v20250814/jetty-http-9.4.58.v20250814.jar
Progress (1): 135/752 kB
Progress (1): 139/752 kB
Progress (1): 143/752 kB
Progress (1): 148/752 kB
Progress (1): 152/752 kB
Progress (1): 156/752 kB
Progress (1): 160/752 kB
Progress (1): 165/752 kB
Progress (1): 169/752 kB
Progress (1): 172/752 kB
Progress (1): 176/752 kB
Progress (1): 180/752 kB
Progress (1): 185/752 kB
Progress (1): 189/752 kB
Progress (1): 193/752 kB
Progress (1): 197/752 kB
Progress (1): 202/752 kB
Progress (1): 206/752 kB
Progress (2): 206/752 kB | 3.4/69 kB
Progress (2): 210/752 kB | 3.4/69 kB
Progress (2): 213/752 kB | 3.4/69 kB
Progress (2): 217/752 kB | 3.4/69 kB
Progress (2): 221/752 kB | 3.4/69 kB
Progress (2): 221/752 kB | 20/69 kB 
Progress (2): 221/752 kB | 36/69 kB
Progress (2): 221/752 kB | 53/69 kB
Progress (2): 221/752 kB | 61/69 kB
Progress (2): 221/752 kB | 69 kB   
Progress (2): 238/752 kB | 69 kB
Progress (3): 238/752 kB | 69 kB | 0.9/749 kB
Progress (3): 238/752 kB | 69 kB | 2.3/749 kB
Progress (3): 254/752 kB | 69 kB | 2.3/749 kB
Progress (3): 254/752 kB | 69 kB | 3.6/749 kB
Progress (3): 254/752 kB | 69 kB | 5.0/749 kB
Progress (3): 254/752 kB | 69 kB | 6.4/749 kB
Progress (3): 271/752 kB | 69 kB | 6.4/749 kB
Progress (3): 271/752 kB | 69 kB | 7.7/749 kB
Progress (3): 271/752 kB | 69 kB | 9.1/749 kB
Progress (3): 271/752 kB | 69 kB | 10/749 kB 
Progress (3): 271/752 kB | 69 kB | 12/749 kB
Progress (3): 271/752 kB | 69 kB | 13/749 kB
Progress (3): 271/752 kB | 69 kB | 15/749 kB
Progress (3): 287/752 kB | 69 kB | 15/749 kB
Progress (3): 287/752 kB | 69 kB | 16/749 kB
Progress (3): 287/752 kB | 69 kB | 17/749 kB
Progress (3): 287/752 kB | 69 kB | 19/749 kB
Progress (3): 303/752 kB | 69 kB | 19/749 kB
Progress (3): 303/752 kB | 69 kB | 20/749 kB
Progress (3): 303/752 kB | 69 kB | 21/749 kB
Progress (3): 303/752 kB | 69 kB | 23/749 kB
Progress (3): 320/752 kB | 69 kB | 23/749 kB
Progress (3): 320/752 kB | 69 kB | 24/749 kB
Progress (3): 320/752 kB | 69 kB | 26/749 kB
Progress (3): 320/752 kB | 69 kB | 27/749 kB
Progress (3): 320/752 kB | 69 kB | 28/749 kB
Progress (3): 336/752 kB | 69 kB | 28/749 kB
Progress (3): 336/752 kB | 69 kB | 30/749 kB
Progress (3): 336/752 kB | 69 kB | 31/749 kB
Progress (3): 336/752 kB | 69 kB | 32/749 kB
                                            
Downloaded from central: https://repo1.maven.org/maven2/org/slf4j/slf4j-api/2.0.13/slf4j-api-2.0.13.jar (69 kB at 408 kB/s)
Downloading from central: https://repo1.maven.org/maven2/org/eclipse/jetty/jetty-util/9.4.58.v20250814/jetty-util-9.4.58.v20250814.jar
Progress (2): 336/752 kB | 34/749 kB
Progress (2): 344/752 kB | 34/749 kB
Progress (2): 344/752 kB | 35/749 kB
Progress (2): 344/752 kB | 39/749 kB
Progress (2): 344/752 kB | 44/749 kB
Progress (2): 344/752 kB | 48/749 kB
Progress (2): 344/752 kB | 52/749 kB
Progress (2): 344/752 kB | 56/749 kB
Progress (2): 344/752 kB | 60/749 kB
Progress (2): 360/752 kB | 60/749 kB
Progress (2): 360/752 kB | 65/749 kB
Progress (2): 360/752 kB | 69/749 kB
Progress (2): 377/752 kB | 69/749 kB
Progress (2): 377/752 kB | 73/749 kB
Progress (2): 377/752 kB | 77/749 kB
Progress (2): 393/752 kB | 77/749 kB
Progress (2): 393/752 kB | 82/749 kB
Progress (2): 393/752 kB | 86/749 kB
Progress (2): 410/752 kB | 86/749 kB
Progress (2): 410/752 kB | 90/749 kB
Progress (3): 410/752 kB | 90/749 kB | 3.8/96 kB
Progress (3): 410/752 kB | 90/749 kB | 8.0/96 kB
Progress (3): 410/752 kB | 90/749 kB | 12/96 kB 
Progress (3): 426/752 kB | 90/749 kB | 12/96 kB
Progress (3): 426/752 kB | 94/749 kB | 12/96 kB
Progress (3): 426/752 kB | 94/749 kB | 16/96 kB
Progress (3): 426/752 kB | 94/749 kB | 21/96 kB
Progress (3): 426/752 kB | 94/749 kB | 25/96 kB
Progress (3): 426/752 kB | 94/749 kB | 29/96 kB
Progress (3): 442/752 kB | 94/749 kB | 29/96 kB
Progress (3): 442/752 kB | 94/749 kB | 33/96 kB
Progress (3): 442/752 kB | 94/749 kB | 38/96 kB
Progress (3): 442/752 kB | 94/749 kB | 42/96 kB
Progress (3): 459/752 kB | 94/749 kB | 42/96 kB
Progress (3): 459/752 kB | 94/749 kB | 46/96 kB
Progress (3): 459/752 kB | 94/749 kB | 50/96 kB
Progress (3): 459/752 kB | 94/749 kB | 54/96 kB
Progress (3): 475/752 kB | 94/749 kB | 54/96 kB
Progress (3): 475/752 kB | 94/749 kB | 59/96 kB
Progress (3): 475/752 kB | 94/749 kB | 63/96 kB
Progress (3): 475/752 kB | 94/749 kB | 67/96 kB
Progress (3): 475/752 kB | 94/749 kB | 71/96 kB
Progress (3): 492/752 kB | 94/749 kB | 71/96 kB
Progress (3): 492/752 kB | 94/749 kB | 76/96 kB
Progress (3): 492/752 kB | 99/749 kB | 76/96 kB
Progress (3): 492/752 kB | 99/749 kB | 80/96 kB
Progress (3): 492/752 kB | 103/749 kB | 80/96 kB
Progress (3): 492/752 kB | 103/749 kB | 84/96 kB
Progress (3): 492/752 kB | 107/749 kB | 84/96 kB
Progress (3): 492/752 kB | 107/749 kB | 88/96 kB
Progress (3): 492/752 kB | 111/749 kB | 88/96 kB
Progress (3): 492/752 kB | 111/749 kB | 93/96 kB
Progress (3): 492/752 kB | 115/749 kB | 93/96 kB
Progress (3): 492/752 kB | 115/749 kB | 96 kB   
Progress (3): 492/752 kB | 120/749 kB | 96 kB
Progress (3): 492/752 kB | 124/749 kB | 96 kB
Progress (3): 492/752 kB | 128/749 kB | 96 kB
Progress (3): 508/752 kB | 128/749 kB | 96 kB
Progress (3): 508/752 kB | 132/749 kB | 96 kB
Progress (3): 524/752 kB | 132/749 kB | 96 kB
Progress (3): 524/752 kB | 137/749 kB | 96 kB
Progress (3): 524/752 kB | 141/749 kB | 96 kB
Progress (3): 541/752 kB | 141/749 kB | 96 kB
Progress (3): 541/752 kB | 145/749 kB | 96 kB
Progress (3): 557/752 kB | 145/749 kB | 96 kB
Progress (3): 557/752 kB | 149/749 kB | 96 kB
Progress (3): 573/752 kB | 149/749 kB | 96 kB
Progress (3): 573/752 kB | 154/749 kB | 96 kB
Progress (3): 573/752 kB | 158/749 kB | 96 kB
Progress (3): 573/752 kB | 162/749 kB | 96 kB
Progress (3): 590/752 kB | 162/749 kB | 96 kB
Progress (3): 590/752 kB | 166/749 kB | 96 kB
Progress (3): 606/752 kB | 166/749 kB | 96 kB
Progress (3): 606/752 kB | 170/749 kB | 96 kB
Progress (3): 606/752 kB | 175/749 kB | 96 kB
Progress (3): 623/752 kB | 175/749 kB | 96 kB
Progress (3): 623/752 kB | 179/749 kB | 96 kB
Progress (3): 623/752 kB | 183/749 kB | 96 kB
Progress (3): 639/752 kB | 183/749 kB | 96 kB
Progress (3): 639/752 kB | 187/749 kB | 96 kB
Progress (3): 639/752 kB | 192/749 kB | 96 kB
Progress (3): 639/752 kB | 196/749 kB | 96 kB
Progress (3): 639/752 kB | 200/749 kB | 96 kB
Progress (3): 639/752 kB | 204/749 kB | 96 kB
Progress (3): 639/752 kB | 221/749 kB | 96 kB
Progress (3): 655/752 kB | 221/749 kB | 96 kB
Progress (4): 655/752 kB | 221/749 kB | 96 kB | 0.9/253 kB
Progress (4): 672/752 kB | 221/749 kB | 96 kB | 0.9/253 kB
Progress (4): 672/752 kB | 221/749 kB | 96 kB | 2.3/253 kB
Progress (4): 672/752 kB | 237/749 kB | 96 kB | 2.3/253 kB
Progress (4): 672/752 kB | 237/749 kB | 96 kB | 3.6/253 kB
Progress (4): 688/752 kB | 237/749 kB | 96 kB | 3.6/253 kB
Progress (4): 688/752 kB | 237/749 kB | 96 kB | 5.0/253 kB
Progress (4): 688/752 kB | 237/749 kB | 96 kB | 6.4/253 kB
Progress (4): 688/752 kB | 237/749 kB | 96 kB | 7.7/253 kB
Progress (4): 688/752 kB | 237/749 kB | 96 kB | 9.1/253 kB
Progress (4): 705/752 kB | 237/749 kB | 96 kB | 9.1/253 kB
Progress (4): 705/752 kB | 237/749 kB | 96 kB | 10/253 kB 
Progress (4): 705/752 kB | 237/749 kB | 96 kB | 12/253 kB
Progress (4): 705/752 kB | 237/749 kB | 96 kB | 13/253 kB
Progress (4): 705/752 kB | 253/749 kB | 96 kB | 13/253 kB
Progress (4): 705/752 kB | 253/749 kB | 96 kB | 15/253 kB
Progress (4): 721/752 kB | 253/749 kB | 96 kB | 15/253 kB
Progress (4): 721/752 kB | 253/749 kB | 96 kB | 16/253 kB
Progress (4): 721/752 kB | 253/749 kB | 96 kB | 17/253 kB
Progress (4): 721/752 kB | 253/749 kB | 96 kB | 19/253 kB
Progress (4): 721/752 kB | 253/749 kB | 96 kB | 20/253 kB
                                                         
Downloaded from central: https://repo1.maven.org/maven2/javax/servlet/javax.servlet-api/3.1.0/javax.servlet-api-3.1.0.jar (96 kB at 510 kB/s)
Downloading from central: https://repo1.maven.org/maven2/org/eclipse/jetty/jetty-io/9.4.58.v20250814/jetty-io-9.4.58.v20250814.jar
Progress (3): 721/752 kB | 253/749 kB | 21/253 kB
Progress (3): 721/752 kB | 253/749 kB | 23/253 kB
Progress (3): 721/752 kB | 253/749 kB | 24/253 kB
Progress (3): 737/752 kB | 253/749 kB | 24/253 kB
Progress (3): 737/752 kB | 270/749 kB | 24/253 kB
Progress (3): 737/752 kB | 270/749 kB | 26/253 kB
Progress (3): 737/752 kB | 270/749 kB | 27/253 kB
Progress (3): 737/752 kB | 270/749 kB | 28/253 kB
Progress (3): 737/752 kB | 270/749 kB | 30/253 kB
Progress (3): 752 kB | 270/749 kB | 30/253 kB    
Progress (3): 752 kB | 270/749 kB | 31/253 kB
Progress (3): 752 kB | 270/749 kB | 32/253 kB
Progress (3): 752 kB | 286/749 kB | 32/253 kB
Progress (3): 752 kB | 286/749 kB | 34/253 kB
Progress (3): 752 kB | 286/749 kB | 35/253 kB
Progress (3): 752 kB | 303/749 kB | 35/253 kB
Progress (3): 752 kB | 303/749 kB | 36/253 kB
Progress (3): 752 kB | 303/749 kB | 38/253 kB
Progress (3): 752 kB | 303/749 kB | 39/253 kB
Progress (3): 752 kB | 319/749 kB | 39/253 kB
Progress (3): 752 kB | 319/749 kB | 41/253 kB
Progress (3): 752 kB | 319/749 kB | 42/253 kB
Progress (3): 752 kB | 335/749 kB | 42/253 kB
Progress (3): 752 kB | 335/749 kB | 43/253 kB
Progress (3): 752 kB | 335/749 kB | 45/253 kB
Progress (3): 752 kB | 335/749 kB | 46/253 kB
Progress (3): 752 kB | 335/749 kB | 47/253 kB
Progress (3): 752 kB | 352/749 kB | 47/253 kB
Progress (3): 752 kB | 352/749 kB | 49/253 kB
Progress (3): 752 kB | 352/749 kB | 50/253 kB
Progress (3): 752 kB | 352/749 kB | 52/253 kB
Progress (3): 752 kB | 352/749 kB | 53/253 kB
Progress (3): 752 kB | 352/749 kB | 57/253 kB
Progress (3): 752 kB | 352/749 kB | 61/253 kB
Progress (3): 752 kB | 368/749 kB | 61/253 kB
Progress (3): 752 kB | 385/749 kB | 61/253 kB
Progress (3): 752 kB | 401/749 kB | 61/253 kB
Progress (3): 752 kB | 417/749 kB | 61/253 kB
Progress (3): 752 kB | 434/749 kB | 61/253 kB
Progress (3): 752 kB | 450/749 kB | 61/253 kB
Progress (3): 752 kB | 466/749 kB | 61/253 kB
Progress (3): 752 kB | 483/749 kB | 61/253 kB
Progress (4): 752 kB | 483/749 kB | 61/253 kB | 7.7/595 kB
Progress (4): 752 kB | 483/749 kB | 66/253 kB | 7.7/595 kB
Progress (4): 752 kB | 483/749 kB | 70/253 kB | 7.7/595 kB
Progress (4): 752 kB | 483/749 kB | 74/253 kB | 7.7/595 kB
Progress (4): 752 kB | 483/749 kB | 78/253 kB | 7.7/595 kB
Progress (4): 752 kB | 483/749 kB | 83/253 kB | 7.7/595 kB
Progress (4): 752 kB | 483/749 kB | 83/253 kB | 8.2/595 kB
Progress (4): 752 kB | 499/749 kB | 83/253 kB | 8.2/595 kB
Progress (4): 752 kB | 499/749 kB | 87/253 kB | 8.2/595 kB
Progress (4): 752 kB | 499/749 kB | 87/253 kB | 25/595 kB 
                                                         
Downloaded from central: https://repo1.maven.org/maven2/org/apache/commons/commons-collections4/4.4/commons-collections4-4.4.jar (752 kB at 3.7 MB/s)
Progress (3): 516/749 kB | 87/253 kB | 25/595 kB
                                                
Downloading from central: https://repo1.maven.org/maven2/org/eclipse/jetty/jetty-servlet/9.4.58.v20250814/jetty-servlet-9.4.58.v20250814.jar
Progress (3): 516/749 kB | 91/253 kB | 25/595 kB
Progress (3): 516/749 kB | 91/253 kB | 41/595 kB
Progress (3): 516/749 kB | 95/253 kB | 41/595 kB
Progress (3): 516/749 kB | 99/253 kB | 41/595 kB
Progress (3): 532/749 kB | 99/253 kB | 41/595 kB
Progress (3): 532/749 kB | 104/253 kB | 41/595 kB
Progress (3): 532/749 kB | 104/253 kB | 57/595 kB
Progress (3): 548/749 kB | 104/253 kB | 57/595 kB
Progress (3): 548/749 kB | 104/253 kB | 66/595 kB
Progress (3): 548/749 kB | 104/253 kB | 82/595 kB
Progress (3): 548/749 kB | 108/253 kB | 82/595 kB
Progress (3): 565/749 kB | 108/253 kB | 82/595 kB
Progress (3): 565/749 kB | 112/253 kB | 82/595 kB
Progress (3): 565/749 kB | 112/253 kB | 98/595 kB
Progress (3): 581/749 kB | 112/253 kB | 98/595 kB
Progress (3): 581/749 kB | 112/253 kB | 106/595 kB
Progress (3): 597/749 kB | 112/253 kB | 106/595 kB
Progress (3): 597/749 kB | 116/253 kB | 106/595 kB
Progress (3): 597/749 kB | 116/253 kB | 123/595 kB
Progress (3): 597/749 kB | 121/253 kB | 123/595 kB
Progress (3): 614/749 kB | 121/253 kB | 123/595 kB
Progress (3): 614/749 kB | 121/253 kB | 131/595 kB
Progress (3): 614/749 kB | 125/253 kB | 131/595 kB
Progress (3): 630/749 kB | 125/253 kB | 131/595 kB
Progress (3): 630/749 kB | 125/253 kB | 147/595 kB
Progress (3): 647/749 kB | 125/253 kB | 147/595 kB
Progress (3): 647/749 kB | 125/253 kB | 164/595 kB
Progress (3): 663/749 kB | 125/253 kB | 164/595 kB
Progress (3): 663/749 kB | 125/253 kB | 172/595 kB
Progress (3): 679/749 kB | 125/253 kB | 172/595 kB
Progress (3): 679/749 kB | 125/253 kB | 188/595 kB
Progress (3): 696/749 kB | 125/253 kB | 188/595 kB
Progress (3): 696/749 kB | 125/253 kB | 197/595 kB
Progress (3): 712/749 kB | 125/253 kB | 197/595 kB
Progress (3): 712/749 kB | 125/253 kB | 213/595 kB
Progress (3): 712/749 kB | 125/253 kB | 229/595 kB
Progress (3): 729/749 kB | 125/253 kB | 229/595 kB
Progress (3): 729/749 kB | 125/253 kB | 246/595 kB
Progress (3): 745/749 kB | 125/253 kB | 246/595 kB
Progress (3): 749 kB | 125/253 kB | 246/595 kB    
Progress (3): 749 kB | 125/253 kB | 262/595 kB
Progress (3): 749 kB | 125/253 kB | 279/595 kB
Progress (3): 749 kB | 125/253 kB | 295/595 kB
Progress (3): 749 kB | 125/253 kB | 311/595 kB
Progress (3): 749 kB | 125/253 kB | 319/595 kB
Progress (3): 749 kB | 125/253 kB | 328/595 kB
Progress (3): 749 kB | 125/253 kB | 336/595 kB
Progress (3): 749 kB | 125/253 kB | 352/595 kB
Progress (3): 749 kB | 125/253 kB | 360/595 kB
Progress (3): 749 kB | 125/253 kB | 377/595 kB
Progress (3): 749 kB | 125/253 kB | 385/595 kB
Progress (3): 749 kB | 125/253 kB | 401/595 kB
Progress (3): 749 kB | 125/253 kB | 410/595 kB
Progress (3): 749 kB | 125/253 kB | 426/595 kB
Progress (3): 749 kB | 125/253 kB | 434/595 kB
Progress (3): 749 kB | 125/253 kB | 451/595 kB
Progress (3): 749 kB | 125/253 kB | 467/595 kB
Progress (3): 749 kB | 125/253 kB | 483/595 kB
Progress (3): 749 kB | 125/253 kB | 500/595 kB
Progress (3): 749 kB | 129/253 kB | 500/595 kB
Progress (3): 749 kB | 133/253 kB | 500/595 kB
Progress (3): 749 kB | 137/253 kB | 500/595 kB
Progress (3): 749 kB | 142/253 kB | 500/595 kB
Progress (3): 749 kB | 146/253 kB | 500/595 kB
Progress (3): 749 kB | 150/253 kB | 500/595 kB
Progress (3): 749 kB | 150/253 kB | 516/595 kB
Progress (3): 749 kB | 150/253 kB | 532/595 kB
Progress (3): 749 kB | 154/253 kB | 532/595 kB
Progress (3): 749 kB | 154/253 kB | 549/595 kB
Progress (3): 749 kB | 159/253 kB | 549/595 kB
Progress (3): 749 kB | 163/253 kB | 549/595 kB
Progress (3): 749 kB | 163/253 kB | 565/595 kB
Progress (3): 749 kB | 167/253 kB | 565/595 kB
Progress (3): 749 kB | 167/253 kB | 582/595 kB
Progress (3): 749 kB | 171/253 kB | 582/595 kB
Progress (3): 749 kB | 176/253 kB | 582/595 kB
Progress (3): 749 kB | 176/253 kB | 595 kB    
Progress (3): 749 kB | 180/253 kB | 595 kB
Progress (3): 749 kB | 184/253 kB | 595 kB
Progress (3): 749 kB | 188/253 kB | 595 kB
Progress (3): 749 kB | 192/253 kB | 595 kB
Progress (3): 749 kB | 197/253 kB | 595 kB
Progress (3): 749 kB | 201/253 kB | 595 kB
Progress (3): 749 kB | 205/253 kB | 595 kB
Progress (3): 749 kB | 209/253 kB | 595 kB
Progress (3): 749 kB | 214/253 kB | 595 kB
Progress (3): 749 kB | 218/253 kB | 595 kB
Progress (4): 749 kB | 218/253 kB | 595 kB | 7.7/185 kB
Progress (4): 749 kB | 222/253 kB | 595 kB | 7.7/185 kB
                                                       
Downloaded from central: https://repo1.maven.org/maven2/org/eclipse/jetty/jetty-server/9.4.58.v20250814/jetty-server-9.4.58.v20250814.jar (749 kB at 3.3 MB/s)
Downloading from central: https://repo1.maven.org/maven2/org/eclipse/jetty/jetty-security/9.4.58.v20250814/jetty-security-9.4.58.v20250814.jar
Progress (3): 238/253 kB | 595 kB | 7.7/185 kB
Progress (3): 238/253 kB | 595 kB | 8.2/185 kB
Progress (3): 253 kB | 595 kB | 8.2/185 kB    
Progress (3): 253 kB | 595 kB | 16/185 kB 
Progress (3): 253 kB | 595 kB | 33/185 kB
Progress (3): 253 kB | 595 kB | 41/185 kB
Progress (3): 253 kB | 595 kB | 57/185 kB
Progress (3): 253 kB | 595 kB | 66/185 kB
Progress (3): 253 kB | 595 kB | 82/185 kB
Progress (3): 253 kB | 595 kB | 98/185 kB
Progress (3): 253 kB | 595 kB | 115/185 kB
Progress (3): 253 kB | 595 kB | 123/185 kB
Progress (3): 253 kB | 595 kB | 131/185 kB
Progress (3): 253 kB | 595 kB | 139/185 kB
Progress (3): 253 kB | 595 kB | 156/185 kB
Progress (3): 253 kB | 595 kB | 172/185 kB
Progress (3): 253 kB | 595 kB | 180/185 kB
Progress (3): 253 kB | 595 kB | 185 kB    
                                      
Downloaded from central: https://repo1.maven.org/maven2/org/eclipse/jetty/jetty-util/9.4.58.v20250814/jetty-util-9.4.58.v20250814.jar (595 kB at 2.5 MB/s)
Downloading from central: https://repo1.maven.org/maven2/org/eclipse/jetty/jetty-util-ajax/9.4.58.v20250814/jetty-util-ajax-9.4.58.v20250814.jar
Downloaded from central: https://repo1.maven.org/maven2/org/eclipse/jetty/jetty-http/9.4.58.v20250814/jetty-http-9.4.58.v20250814.jar (253 kB at 1.1 MB/s)
Downloading from central: https://repo1.maven.org/maven2/org/eclipse/jetty/jetty-client/9.4.58.v20250814/jetty-client-9.4.58.v20250814.jar
Progress (2): 185 kB | 7.7/148 kB
                                 
Downloaded from central: https://repo1.maven.org/maven2/org/eclipse/jetty/jetty-io/9.4.58.v20250814/jetty-io-9.4.58.v20250814.jar (185 kB at 743 kB/s)
Downloading from central: https://repo1.maven.org/maven2/com/fasterxml/jackson/core/jackson-databind/2.18.1/jackson-databind-2.18.1.jar
Progress (1): 16/148 kB
Progress (1): 25/148 kB
Progress (1): 41/148 kB
Progress (1): 57/148 kB
Progress (1): 74/148 kB
Progress (1): 90/148 kB
Progress (1): 106/148 kB
Progress (1): 123/148 kB
Progress (1): 139/148 kB
Progress (1): 148 kB    
                    
Downloaded from central: https://repo1.maven.org/maven2/org/eclipse/jetty/jetty-servlet/9.4.58.v20250814/jetty-servlet-9.4.58.v20250814.jar (148 kB at 555 kB/s)
Downloading from central: https://repo1.maven.org/maven2/com/fasterxml/jackson/core/jackson-annotations/2.18.1/jackson-annotations-2.18.1.jar
Progress (1): 7.7/67 kB
Progress (1): 16/67 kB 
Progress (1): 32/67 kB
Progress (1): 49/67 kB
Progress (1): 65/67 kB
Progress (1): 67 kB   
Progress (2): 67 kB | 7.7/332 kB
Progress (2): 67 kB | 8.2/332 kB
Progress (2): 67 kB | 16/332 kB 
Progress (2): 67 kB | 33/332 kB
Progress (2): 67 kB | 49/332 kB
Progress (2): 67 kB | 66/332 kB
Progress (2): 67 kB | 82/332 kB
Progress (2): 67 kB | 98/332 kB
Progress (2): 67 kB | 115/332 kB
Progress (2): 67 kB | 131/332 kB
Progress (2): 67 kB | 147/332 kB
Progress (2): 67 kB | 164/332 kB
Progress (3): 67 kB | 164/332 kB | 7.7/120 kB
Progress (3): 67 kB | 180/332 kB | 7.7/120 kB
                                             
Downloaded from central: https://repo1.maven.org/maven2/org/eclipse/jetty/jetty-util-ajax/9.4.58.v20250814/jetty-util-ajax-9.4.58.v20250814.jar (67 kB at 233 kB/s)
Downloading from central: https://repo1.maven.org/maven2/com/fasterxml/jackson/core/jackson-core/2.18.1/jackson-core-2.18.1.jar
Progress (2): 197/332 kB | 7.7/120 kB
Progress (2): 205/332 kB | 7.7/120 kB
Progress (3): 205/332 kB | 7.7/120 kB | 0/1.7 MB
Progress (3): 205/332 kB | 16/120 kB | 0/1.7 MB 
Progress (3): 205/332 kB | 32/120 kB | 0/1.7 MB
Progress (3): 205/332 kB | 49/120 kB | 0/1.7 MB
Progress (3): 205/332 kB | 49/120 kB | 0/1.7 MB
Progress (3): 213/332 kB | 49/120 kB | 0/1.7 MB
Progress (3): 213/332 kB | 65/120 kB | 0/1.7 MB
Progress (3): 213/332 kB | 81/120 kB | 0/1.7 MB
Progress (3): 221/332 kB | 81/120 kB | 0/1.7 MB
Progress (3): 221/332 kB | 81/120 kB | 0/1.7 MB
Progress (3): 221/332 kB | 81/120 kB | 0/1.7 MB
Progress (3): 221/332 kB | 98/120 kB | 0/1.7 MB
Progress (3): 221/332 kB | 98/120 kB | 0.1/1.7 MB
Progress (3): 221/332 kB | 114/120 kB | 0.1/1.7 MB
Progress (3): 238/332 kB | 114/120 kB | 0.1/1.7 MB
Progress (3): 238/332 kB | 120 kB | 0.1/1.7 MB    
Progress (3): 238/332 kB | 120 kB | 0.1/1.7 MB
Progress (3): 254/332 kB | 120 kB | 0.1/1.7 MB
Progress (3): 254/332 kB | 120 kB | 0.1/1.7 MB
Progress (3): 254/332 kB | 120 kB | 0.1/1.7 MB
Progress (3): 254/332 kB | 120 kB | 0.1/1.7 MB
Progress (3): 270/332 kB | 120 kB | 0.1/1.7 MB
Progress (3): 270/332 kB | 120 kB | 0.1/1.7 MB
Progress (3): 287/332 kB | 120 kB | 0.1/1.7 MB
Progress (3): 287/332 kB | 120 kB | 0.1/1.7 MB
Progress (3): 303/332 kB | 120 kB | 0.1/1.7 MB
Progress (3): 303/332 kB | 120 kB | 0.2/1.7 MB
Progress (3): 303/332 kB | 120 kB | 0.2/1.7 MB
Progress (3): 319/332 kB | 120 kB | 0.2/1.7 MB
Progress (3): 319/332 kB | 120 kB | 0.2/1.7 MB
Progress (3): 332 kB | 120 kB | 0.2/1.7 MB    
Progress (3): 332 kB | 120 kB | 0.2/1.7 MB
Progress (3): 332 kB | 120 kB | 0.2/1.7 MB
Progress (3): 332 kB | 120 kB | 0.2/1.7 MB
Progress (3): 332 kB | 120 kB | 0.2/1.7 MB
Progress (3): 332 kB | 120 kB | 0.2/1.7 MB
Progress (3): 332 kB | 120 kB | 0.3/1.7 MB
Progress (3): 332 kB | 120 kB | 0.3/1.7 MB
Progress (3): 332 kB | 120 kB | 0.3/1.7 MB
Progress (3): 332 kB | 120 kB | 0.3/1.7 MB
Progress (3): 332 kB | 120 kB | 0.3/1.7 MB
Progress (3): 332 kB | 120 kB | 0.3/1.7 MB
Progress (3): 332 kB | 120 kB | 0.3/1.7 MB
Progress (3): 332 kB | 120 kB | 0.4/1.7 MB
Progress (3): 332 kB | 120 kB | 0.4/1.7 MB
Progress (3): 332 kB | 120 kB | 0.4/1.7 MB
Progress (3): 332 kB | 120 kB | 0.4/1.7 MB
Progress (3): 332 kB | 120 kB | 0.4/1.7 MB
Progress (3): 332 kB | 120 kB | 0.4/1.7 MB
Progress (3): 332 kB | 120 kB | 0.4/1.7 MB
                                          
Downloaded from central: https://repo1.maven.org/maven2/org/eclipse/jetty/jetty-security/9.4.58.v20250814/jetty-security-9.4.58.v20250814.jar (120 kB at 394 kB/s)
Downloading from central: https://repo1.maven.org/maven2/org/apache/kerby/kerb-core/2.0.0/kerb-core-2.0.0.jar
Progress (2): 332 kB | 0.5/1.7 MB
Progress (2): 332 kB | 0.5/1.7 MB
Progress (2): 332 kB | 0.5/1.7 MB
Progress (2): 332 kB | 0.5/1.7 MB
Progress (2): 332 kB | 0.5/1.7 MB
Progress (2): 332 kB | 0.5/1.7 MB
Progress (2): 332 kB | 0.5/1.7 MB
Progress (2): 332 kB | 0.6/1.7 MB
Progress (2): 332 kB | 0.6/1.7 MB
Progress (2): 332 kB | 0.6/1.7 MB
Progress (2): 332 kB | 0.6/1.7 MB
Progress (2): 332 kB | 0.6/1.7 MB
Progress (2): 332 kB | 0.6/1.7 MB
Progress (3): 332 kB | 0.6/1.7 MB | 7.7/78 kB
Progress (3): 332 kB | 0.7/1.7 MB | 7.7/78 kB
Progress (3): 332 kB | 0.7/1.7 MB | 7.7/78 kB
Progress (3): 332 kB | 0.7/1.7 MB | 7.7/78 kB
                                             
Downloaded from central: https://repo1.maven.org/maven2/org/eclipse/jetty/jetty-client/9.4.58.v20250814/jetty-client-9.4.58.v20250814.jar (332 kB at 1.1 MB/s)
Downloading from central: https://repo1.maven.org/maven2/org/apache/kerby/kerby-pkix/2.0.0/kerby-pkix-2.0.0.jar
Progress (2): 0.7/1.7 MB | 7.7/78 kB
Progress (2): 0.7/1.7 MB | 7.7/78 kB
Progress (2): 0.7/1.7 MB | 12/78 kB 
Progress (2): 0.7/1.7 MB | 12/78 kB
Progress (2): 0.7/1.7 MB | 28/78 kB
Progress (2): 0.8/1.7 MB | 28/78 kB
Progress (2): 0.8/1.7 MB | 44/78 kB
Progress (2): 0.8/1.7 MB | 44/78 kB
Progress (2): 0.8/1.7 MB | 61/78 kB
Progress (2): 0.8/1.7 MB | 61/78 kB
Progress (2): 0.8/1.7 MB | 61/78 kB
Progress (2): 0.8/1.7 MB | 77/78 kB
Progress (2): 0.8/1.7 MB | 78 kB   
Progress (2): 0.8/1.7 MB | 78 kB
Progress (2): 0.8/1.7 MB | 78 kB
Progress (2): 0.9/1.7 MB | 78 kB
Progress (2): 0.9/1.7 MB | 78 kB
Progress (2): 0.9/1.7 MB | 78 kB
Progress (2): 0.9/1.7 MB | 78 kB
Progress (2): 0.9/1.7 MB | 78 kB
Progress (2): 0.9/1.7 MB | 78 kB
Progress (2): 1.0/1.7 MB | 78 kB
Progress (2): 1.0/1.7 MB | 78 kB
Progress (2): 1.0/1.7 MB | 78 kB
Progress (2): 1.0/1.7 MB | 78 kB
Progress (2): 1.0/1.7 MB | 78 kB
Progress (2): 1.0/1.7 MB | 78 kB
Progress (2): 1.1/1.7 MB | 78 kB
Progress (2): 1.1/1.7 MB | 78 kB
Progress (3): 1.1/1.7 MB | 78 kB | 3.4/598 kB
Progress (3): 1.1/1.7 MB | 78 kB | 3.4/598 kB
Progress (3): 1.1/1.7 MB | 78 kB | 3.4/598 kB
Progress (3): 1.1/1.7 MB | 78 kB | 3.4/598 kB
Progress (3): 1.1/1.7 MB | 78 kB | 3.4/598 kB
Progress (3): 1.2/1.7 MB | 78 kB | 3.4/598 kB
Progress (3): 1.2/1.7 MB | 78 kB | 3.4/598 kB
Progress (3): 1.2/1.7 MB | 78 kB | 12/598 kB 
Progress (3): 1.2/1.7 MB | 78 kB | 20/598 kB
Progress (3): 1.2/1.7 MB | 78 kB | 20/598 kB
Progress (3): 1.2/1.7 MB | 78 kB | 20/598 kB
Progress (3): 1.2/1.7 MB | 78 kB | 36/598 kB
Progress (3): 1.2/1.7 MB | 78 kB | 36/598 kB
Progress (3): 1.2/1.7 MB | 78 kB | 53/598 kB
Progress (3): 1.2/1.7 MB | 78 kB | 61/598 kB
Progress (3): 1.2/1.7 MB | 78 kB | 61/598 kB
Progress (3): 1.2/1.7 MB | 78 kB | 69/598 kB
                                            
Downloaded from central: https://repo1.maven.org/maven2/com/fasterxml/jackson/core/jackson-annotations/2.18.1/jackson-annotations-2.18.1.jar (78 kB at 239 kB/s)
Downloading from central: https://repo1.maven.org/maven2/org/apache/kerby/kerby-asn1/2.0.0/kerby-asn1-2.0.0.jar
Progress (2): 1.2/1.7 MB | 77/598 kB
Progress (2): 1.3/1.7 MB | 77/598 kB
Progress (2): 1.3/1.7 MB | 77/598 kB
Progress (2): 1.3/1.7 MB | 93/598 kB
Progress (2): 1.3/1.7 MB | 93/598 kB
Progress (2): 1.3/1.7 MB | 110/598 kB
Progress (2): 1.3/1.7 MB | 110/598 kB
Progress (2): 1.3/1.7 MB | 126/598 kB
Progress (2): 1.3/1.7 MB | 126/598 kB
Progress (2): 1.3/1.7 MB | 126/598 kB
Progress (2): 1.3/1.7 MB | 134/598 kB
Progress (2): 1.3/1.7 MB | 143/598 kB
Progress (2): 1.3/1.7 MB | 143/598 kB
Progress (2): 1.3/1.7 MB | 156/598 kB
Progress (2): 1.4/1.7 MB | 156/598 kB
Progress (2): 1.4/1.7 MB | 172/598 kB
Progress (2): 1.4/1.7 MB | 175/598 kB
Progress (2): 1.4/1.7 MB | 175/598 kB
Progress (2): 1.4/1.7 MB | 192/598 kB
Progress (2): 1.4/1.7 MB | 197/598 kB
Progress (2): 1.4/1.7 MB | 197/598 kB
Progress (2): 1.4/1.7 MB | 213/598 kB
Progress (2): 1.4/1.7 MB | 213/598 kB
Progress (2): 1.4/1.7 MB | 229/598 kB
Progress (2): 1.4/1.7 MB | 229/598 kB
Progress (2): 1.4/1.7 MB | 246/598 kB
Progress (2): 1.4/1.7 MB | 262/598 kB
Progress (2): 1.4/1.7 MB | 262/598 kB
Progress (2): 1.5/1.7 MB | 262/598 kB
Progress (2): 1.5/1.7 MB | 279/598 kB
Progress (2): 1.5/1.7 MB | 279/598 kB
Progress (2): 1.5/1.7 MB | 295/598 kB
Progress (2): 1.5/1.7 MB | 295/598 kB
Progress (2): 1.5/1.7 MB | 311/598 kB
Progress (2): 1.5/1.7 MB | 311/598 kB
Progress (2): 1.5/1.7 MB | 311/598 kB
Progress (2): 1.5/1.7 MB | 328/598 kB
Progress (2): 1.5/1.7 MB | 328/598 kB
Progress (2): 1.5/1.7 MB | 344/598 kB
Progress (2): 1.6/1.7 MB | 344/598 kB
Progress (2): 1.6/1.7 MB | 360/598 kB
Progress (2): 1.6/1.7 MB | 360/598 kB
Progress (2): 1.6/1.7 MB | 377/598 kB
Progress (2): 1.6/1.7 MB | 377/598 kB
Progress (2): 1.6/1.7 MB | 393/598 kB
Progress (2): 1.6/1.7 MB | 393/598 kB
Progress (2): 1.6/1.7 MB | 410/598 kB
Progress (2): 1.6/1.7 MB | 410/598 kB
Progress (2): 1.6/1.7 MB | 426/598 kB
Progress (2): 1.6/1.7 MB | 426/598 kB
Progress (2): 1.7/1.7 MB | 426/598 kB
Progress (2): 1.7 MB | 426/598 kB    
Progress (2): 1.7 MB | 442/598 kB
Progress (2): 1.7 MB | 459/598 kB
Progress (2): 1.7 MB | 475/598 kB
Progress (2): 1.7 MB | 492/598 kB
Progress (3): 1.7 MB | 492/598 kB | 7.7/204 kB
Progress (3): 1.7 MB | 508/598 kB | 7.7/204 kB
Progress (3): 1.7 MB | 524/598 kB | 7.7/204 kB
Progress (3): 1.7 MB | 541/598 kB | 7.7/204 kB
Progress (3): 1.7 MB | 557/598 kB | 7.7/204 kB
Progress (3): 1.7 MB | 557/598 kB | 16/204 kB 
Progress (3): 1.7 MB | 573/598 kB | 16/204 kB
Progress (3): 1.7 MB | 573/598 kB | 32/204 kB
Progress (3): 1.7 MB | 590/598 kB | 32/204 kB
Progress (3): 1.7 MB | 590/598 kB | 49/204 kB
Progress (3): 1.7 MB | 598 kB | 49/204 kB    
Progress (3): 1.7 MB | 598 kB | 65/204 kB
Progress (4): 1.7 MB | 598 kB | 65/204 kB | 7.7/227 kB
Progress (4): 1.7 MB | 598 kB | 81/204 kB | 7.7/227 kB
Progress (4): 1.7 MB | 598 kB | 98/204 kB | 7.7/227 kB
Progress (4): 1.7 MB | 598 kB | 114/204 kB | 7.7/227 kB
Progress (4): 1.7 MB | 598 kB | 114/204 kB | 12/227 kB 
Progress (4): 1.7 MB | 598 kB | 131/204 kB | 12/227 kB
Progress (4): 1.7 MB | 598 kB | 131/204 kB | 28/227 kB
Progress (4): 1.7 MB | 598 kB | 147/204 kB | 28/227 kB
Progress (4): 1.7 MB | 598 kB | 147/204 kB | 44/227 kB
Progress (4): 1.7 MB | 598 kB | 163/204 kB | 44/227 kB
Progress (4): 1.7 MB | 598 kB | 163/204 kB | 61/227 kB
Progress (4): 1.7 MB | 598 kB | 180/204 kB | 61/227 kB
Progress (4): 1.7 MB | 598 kB | 180/204 kB | 77/227 kB
Progress (4): 1.7 MB | 598 kB | 196/204 kB | 77/227 kB
Progress (4): 1.7 MB | 598 kB | 204 kB | 77/227 kB    
Progress (4): 1.7 MB | 598 kB | 204 kB | 94/227 kB
Progress (4): 1.7 MB | 598 kB | 204 kB | 110/227 kB
Progress (4): 1.7 MB | 598 kB | 204 kB | 126/227 kB
Progress (4): 1.7 MB | 598 kB | 204 kB | 143/227 kB
Progress (4): 1.7 MB | 598 kB | 204 kB | 156/227 kB
Progress (4): 1.7 MB | 598 kB | 204 kB | 172/227 kB
Progress (4): 1.7 MB | 598 kB | 204 kB | 188/227 kB
Progress (4): 1.7 MB | 598 kB | 204 kB | 205/227 kB
Progress (4): 1.7 MB | 598 kB | 204 kB | 221/227 kB
Progress (4): 1.7 MB | 598 kB | 204 kB | 227 kB    
                                               
Downloaded from central: https://repo1.maven.org/maven2/com/fasterxml/jackson/core/jackson-core/2.18.1/jackson-core-2.18.1.jar (598 kB at 1.6 MB/s)
Downloading from central: https://repo1.maven.org/maven2/org/apache/kerby/kerby-util/2.0.0/kerby-util-2.0.0.jar
Downloaded from central: https://repo1.maven.org/maven2/org/apache/kerby/kerby-pkix/2.0.0/kerby-pkix-2.0.0.jar (204 kB at 558 kB/s)
Downloading from central: https://repo1.maven.org/maven2/org/apache/kerby/kerb-simplekdc/2.0.0/kerb-simplekdc-2.0.0.jar
Downloaded from central: https://repo1.maven.org/maven2/com/fasterxml/jackson/core/jackson-databind/2.18.1/jackson-databind-2.18.1.jar (1.7 MB at 4.5 MB/s)
Downloading from central: https://repo1.maven.org/maven2/org/apache/kerby/kerb-client/2.0.0/kerb-client-2.0.0.jar
Progress (2): 227 kB | 7.7/101 kB
                                 
Downloaded from central: https://repo1.maven.org/maven2/org/apache/kerby/kerb-core/2.0.0/kerb-core-2.0.0.jar (227 kB at 612 kB/s)
Downloading from central: https://repo1.maven.org/maven2/org/apache/kerby/kerb-common/2.0.0/kerb-common-2.0.0.jar
Progress (1): 16/101 kB
Progress (1): 25/101 kB
Progress (1): 41/101 kB
Progress (1): 57/101 kB
Progress (1): 74/101 kB
Progress (1): 90/101 kB
Progress (1): 101 kB   
                    
Downloaded from central: https://repo1.maven.org/maven2/org/apache/kerby/kerby-asn1/2.0.0/kerby-asn1-2.0.0.jar (101 kB at 264 kB/s)
Downloading from central: https://repo1.maven.org/maven2/org/apache/kerby/kerb-crypto/2.0.0/kerb-crypto-2.0.0.jar
Progress (1): 7.7/21 kB
Progress (1): 8.2/21 kB
Progress (1): 21 kB    
Progress (2): 21 kB | 7.7/41 kB
Progress (3): 21 kB | 7.7/41 kB | 3.4/117 kB
Progress (3): 21 kB | 16/41 kB | 3.4/117 kB 
Progress (3): 21 kB | 28/41 kB | 3.4/117 kB
Progress (4): 21 kB | 28/41 kB | 3.4/117 kB | 7.7/72 kB
Progress (4): 21 kB | 41 kB | 3.4/117 kB | 7.7/72 kB   
Progress (4): 21 kB | 41 kB | 12/117 kB | 7.7/72 kB 
Progress (4): 21 kB | 41 kB | 28/117 kB | 7.7/72 kB
Progress (4): 21 kB | 41 kB | 44/117 kB | 7.7/72 kB
Progress (4): 21 kB | 41 kB | 61/117 kB | 7.7/72 kB
Progress (4): 21 kB | 41 kB | 61/117 kB | 8.2/72 kB
Progress (4): 21 kB | 41 kB | 77/117 kB | 8.2/72 kB
Progress (4): 21 kB | 41 kB | 94/117 kB | 8.2/72 kB
Progress (4): 21 kB | 41 kB | 110/117 kB | 8.2/72 kB
Progress (4): 21 kB | 41 kB | 117 kB | 8.2/72 kB    
Progress (4): 21 kB | 41 kB | 117 kB | 25/72 kB 
Progress (4): 21 kB | 41 kB | 117 kB | 41/72 kB
Progress (4): 21 kB | 41 kB | 117 kB | 57/72 kB
Progress (4): 21 kB | 41 kB | 117 kB | 72 kB   
Progress (5): 21 kB | 41 kB | 117 kB | 72 kB | 7.7/117 kB
Progress (5): 21 kB | 41 kB | 117 kB | 72 kB | 16/117 kB 
Progress (5): 21 kB | 41 kB | 117 kB | 72 kB | 25/117 kB
Progress (5): 21 kB | 41 kB | 117 kB | 72 kB | 41/117 kB
Progress (5): 21 kB | 41 kB | 117 kB | 72 kB | 57/117 kB
Progress (5): 21 kB | 41 kB | 117 kB | 72 kB | 74/117 kB
                                                        
Downloaded from central: https://repo1.maven.org/maven2/org/apache/kerby/kerb-simplekdc/2.0.0/kerb-simplekdc-2.0.0.jar (21 kB at 48 kB/s)
Downloading from central: https://repo1.maven.org/maven2/org/apache/kerby/kerb-util/2.0.0/kerb-util-2.0.0.jar
Progress (4): 41 kB | 117 kB | 72 kB | 90/117 kB
Progress (4): 41 kB | 117 kB | 72 kB | 106/117 kB
Progress (4): 41 kB | 117 kB | 72 kB | 117 kB    
                                             
Downloaded from central: https://repo1.maven.org/maven2/org/apache/kerby/kerby-util/2.0.0/kerby-util-2.0.0.jar (41 kB at 95 kB/s)
Downloading from central: https://repo1.maven.org/maven2/org/apache/kerby/token-provider/2.0.0/token-provider-2.0.0.jar
Downloaded from central: https://repo1.maven.org/maven2/org/apache/kerby/kerb-client/2.0.0/kerb-client-2.0.0.jar (117 kB at 272 kB/s)
Downloading from central: https://repo1.maven.org/maven2/org/apache/kerby/kerb-admin/2.0.0/kerb-admin-2.0.0.jar
Downloaded from central: https://repo1.maven.org/maven2/org/apache/kerby/kerb-common/2.0.0/kerb-common-2.0.0.jar (72 kB at 168 kB/s)
Downloading from central: https://repo1.maven.org/maven2/org/apache/kerby/kerb-server/2.0.0/kerb-server-2.0.0.jar
Downloaded from central: https://repo1.maven.org/maven2/org/apache/kerby/kerb-crypto/2.0.0/kerb-crypto-2.0.0.jar (117 kB at 266 kB/s)
Downloading from central: https://repo1.maven.org/maven2/org/apache/kerby/kerb-identity/2.0.0/kerb-identity-2.0.0.jar
Progress (1): 7.7/20 kB
Progress (2): 7.7/20 kB | 7.7/81 kB
Progress (3): 7.7/20 kB | 7.7/81 kB | 7.7/37 kB
Progress (3): 8.2/20 kB | 7.7/81 kB | 7.7/37 kB
Progress (3): 8.2/20 kB | 8.2/81 kB | 7.7/37 kB
Progress (3): 8.2/20 kB | 8.2/81 kB | 12/37 kB 
Progress (3): 20 kB | 8.2/81 kB | 12/37 kB    
Progress (3): 20 kB | 8.2/81 kB | 28/37 kB
Progress (3): 20 kB | 8.2/81 kB | 37 kB   
Progress (3): 20 kB | 25/81 kB | 37 kB 
Progress (3): 20 kB | 41/81 kB | 37 kB
Progress (3): 20 kB | 57/81 kB | 37 kB
Progress (3): 20 kB | 74/81 kB | 37 kB
Progress (3): 20 kB | 81 kB | 37 kB   
Progress (4): 20 kB | 81 kB | 37 kB | 7.7/18 kB
Progress (4): 20 kB | 81 kB | 37 kB | 16/18 kB 
Progress (4): 20 kB | 81 kB | 37 kB | 18 kB   
                                           
Downloaded from central: https://repo1.maven.org/maven2/org/apache/kerby/kerb-util/2.0.0/kerb-util-2.0.0.jar (37 kB at 76 kB/s)
Downloading from central: https://repo1.maven.org/maven2/org/apache/kerby/kerby-xdr/2.0.0/kerby-xdr-2.0.0.jar
Downloaded from central: https://repo1.maven.org/maven2/org/apache/kerby/kerb-admin/2.0.0/kerb-admin-2.0.0.jar (81 kB at 166 kB/s)
Downloading from central: https://repo1.maven.org/maven2/org/apache/kerby/kerby-config/2.0.0/kerby-config-2.0.0.jar
Downloaded from central: https://repo1.maven.org/maven2/org/apache/kerby/token-provider/2.0.0/token-provider-2.0.0.jar (20 kB at 40 kB/s)
Downloading from central: https://repo1.maven.org/maven2/org/mockito/mockito-core/4.9.0/mockito-core-4.9.0.jar
Downloaded from central: https://repo1.maven.org/maven2/org/apache/kerby/kerb-identity/2.0.0/kerb-identity-2.0.0.jar (18 kB at 37 kB/s)
Downloading from central: https://repo1.maven.org/maven2/org/objenesis/objenesis/3.3/objenesis-3.3.jar
Progress (1): 3.4/29 kB
Progress (1): 20/29 kB 
Progress (1): 29 kB   
Progress (2): 29 kB | 7.7/31 kB
Progress (2): 29 kB | 12/31 kB 
Progress (2): 29 kB | 28/31 kB
Progress (2): 29 kB | 31 kB   
Progress (3): 29 kB | 31 kB | 7.7/684 kB
Progress (3): 29 kB | 31 kB | 8.2/684 kB
Progress (3): 29 kB | 31 kB | 25/684 kB 
Progress (3): 29 kB | 31 kB | 41/684 kB
Progress (3): 29 kB | 31 kB | 57/684 kB
Progress (3): 29 kB | 31 kB | 74/684 kB
Progress (3): 29 kB | 31 kB | 90/684 kB
Progress (3): 29 kB | 31 kB | 106/684 kB
Progress (3): 29 kB | 31 kB | 123/684 kB
Progress (3): 29 kB | 31 kB | 131/684 kB
Progress (4): 29 kB | 31 kB | 131/684 kB | 7.7/49 kB
Progress (4): 29 kB | 31 kB | 147/684 kB | 7.7/49 kB
Progress (4): 29 kB | 31 kB | 164/684 kB | 7.7/49 kB
Progress (4): 29 kB | 31 kB | 180/684 kB | 7.7/49 kB
Progress (4): 29 kB | 31 kB | 188/684 kB | 7.7/49 kB
Progress (4): 29 kB | 31 kB | 197/684 kB | 7.7/49 kB
Progress (4): 29 kB | 31 kB | 205/684 kB | 7.7/49 kB
Progress (4): 29 kB | 31 kB | 221/684 kB | 7.7/49 kB
Progress (4): 29 kB | 31 kB | 221/684 kB | 12/49 kB 
Progress (4): 29 kB | 31 kB | 238/684 kB | 12/49 kB
Progress (4): 29 kB | 31 kB | 238/684 kB | 28/49 kB
Progress (4): 29 kB | 31 kB | 254/684 kB | 28/49 kB
                                                   
Downloaded from central: https://repo1.maven.org/maven2/org/apache/kerby/kerby-xdr/2.0.0/kerby-xdr-2.0.0.jar (29 kB at 55 kB/s)
Downloading from central: https://repo1.maven.org/maven2/org/mockito/mockito-inline/4.9.0/mockito-inline-4.9.0.jar
Progress (3): 31 kB | 254/684 kB | 44/49 kB
Progress (3): 31 kB | 262/684 kB | 44/49 kB
Progress (3): 31 kB | 262/684 kB | 49 kB   
Progress (3): 31 kB | 279/684 kB | 49 kB
Progress (3): 31 kB | 295/684 kB | 49 kB
Progress (3): 31 kB | 311/684 kB | 49 kB
Progress (3): 31 kB | 328/684 kB | 49 kB
Progress (3): 31 kB | 344/684 kB | 49 kB
Progress (3): 31 kB | 352/684 kB | 49 kB
Progress (3): 31 kB | 369/684 kB | 49 kB
Progress (3): 31 kB | 377/684 kB | 49 kB
Progress (3): 31 kB | 393/684 kB | 49 kB
Progress (3): 31 kB | 401/684 kB | 49 kB
Progress (3): 31 kB | 418/684 kB | 49 kB
Progress (3): 31 kB | 434/684 kB | 49 kB
Progress (3): 31 kB | 442/684 kB | 49 kB
Progress (3): 31 kB | 459/684 kB | 49 kB
Progress (3): 31 kB | 467/684 kB | 49 kB
Progress (3): 31 kB | 475/684 kB | 49 kB
Progress (3): 31 kB | 483/684 kB | 49 kB
Progress (3): 31 kB | 492/684 kB | 49 kB
Progress (3): 31 kB | 508/684 kB | 49 kB
Progress (3): 31 kB | 516/684 kB | 49 kB
Progress (3): 31 kB | 532/684 kB | 49 kB
Progress (3): 31 kB | 541/684 kB | 49 kB
Progress (3): 31 kB | 557/684 kB | 49 kB
Progress (3): 31 kB | 565/684 kB | 49 kB
Progress (3): 31 kB | 582/684 kB | 49 kB
                                        
Downloaded from central: https://repo1.maven.org/maven2/org/apache/kerby/kerby-config/2.0.0/kerby-config-2.0.0.jar (31 kB at 57 kB/s)
Downloading from central: https://repo1.maven.org/maven2/org/junit/jupiter/junit-jupiter-api/5.6.2/junit-jupiter-api-5.6.2.jar
Progress (2): 598/684 kB | 49 kB
Progress (2): 614/684 kB | 49 kB
Progress (2): 631/684 kB | 49 kB
Progress (2): 647/684 kB | 49 kB
Progress (2): 664/684 kB | 49 kB
Progress (2): 680/684 kB | 49 kB
Progress (2): 684 kB | 49 kB    
                            
Downloaded from central: https://repo1.maven.org/maven2/org/objenesis/objenesis/3.3/objenesis-3.3.jar (49 kB at 91 kB/s)
Downloading from central: https://repo1.maven.org/maven2/org/junit/platform/junit-platform-commons/1.6.2/junit-platform-commons-1.6.2.jar
Downloaded from central: https://repo1.maven.org/maven2/org/mockito/mockito-core/4.9.0/mockito-core-4.9.0.jar (684 kB at 1.2 MB/s)
Downloading from central: https://repo1.maven.org/maven2/org/junit/jupiter/junit-jupiter-engine/5.6.2/junit-jupiter-engine-5.6.2.jar
Progress (1): 7.7/86 kB
Progress (1): 8.2/86 kB
Progress (1): 16/86 kB 
Progress (1): 25/86 kB
Progress (1): 33/86 kB
Progress (1): 41/86 kB
Progress (1): 57/86 kB
Progress (1): 66/86 kB
Progress (1): 82/86 kB
Progress (1): 86 kB   
Progress (2): 86 kB | 7.7/154 kB
Progress (2): 86 kB | 8.2/154 kB
Progress (2): 86 kB | 16/154 kB 
Progress (2): 86 kB | 33/154 kB
Progress (2): 86 kB | 49/154 kB
Progress (2): 86 kB | 66/154 kB
Progress (2): 86 kB | 82/154 kB
Progress (2): 86 kB | 98/154 kB
Progress (2): 86 kB | 115/154 kB
Progress (3): 86 kB | 115/154 kB | 1.5 kB
Progress (3): 86 kB | 123/154 kB | 1.5 kB
Progress (3): 86 kB | 139/154 kB | 1.5 kB
Progress (3): 86 kB | 154 kB | 1.5 kB    
Progress (4): 86 kB | 154 kB | 1.5 kB | 7.7/97 kB
Progress (4): 86 kB | 154 kB | 1.5 kB | 16/97 kB 
Progress (4): 86 kB | 154 kB | 1.5 kB | 32/97 kB
Progress (4): 86 kB | 154 kB | 1.5 kB | 49/97 kB
Progress (4): 86 kB | 154 kB | 1.5 kB | 65/97 kB
Progress (4): 86 kB | 154 kB | 1.5 kB | 81/97 kB
Progress (4): 86 kB | 154 kB | 1.5 kB | 97 kB   
                                             
Downloaded from central: https://repo1.maven.org/maven2/org/apache/kerby/kerb-server/2.0.0/kerb-server-2.0.0.jar (86 kB at 147 kB/s)
Downloading from central: https://repo1.maven.org/maven2/org/junit/platform/junit-platform-engine/1.6.2/junit-platform-engine-1.6.2.jar
Downloaded from central: https://repo1.maven.org/maven2/org/junit/jupiter/junit-jupiter-api/5.6.2/junit-jupiter-api-5.6.2.jar (154 kB at 261 kB/s)
Downloading from central: https://repo1.maven.org/maven2/org/junit/jupiter/junit-jupiter-params/5.6.2/junit-jupiter-params-5.6.2.jar
Downloaded from central: https://repo1.maven.org/maven2/org/mockito/mockito-inline/4.9.0/mockito-inline-4.9.0.jar (1.5 kB at 2.5 kB/s)
Downloading from central: https://repo1.maven.org/maven2/org/junit/platform/junit-platform-runner/1.6.2/junit-platform-runner-1.6.2.jar
Progress (2): 97 kB | 7.7/209 kB
Progress (2): 97 kB | 16/209 kB 
Progress (2): 97 kB | 32/209 kB
Progress (2): 97 kB | 49/209 kB
Progress (2): 97 kB | 65/209 kB
Progress (2): 97 kB | 81/209 kB
Progress (2): 97 kB | 98/209 kB
Progress (2): 97 kB | 114/209 kB
                                
Downloaded from central: https://repo1.maven.org/maven2/org/junit/platform/junit-platform-commons/1.6.2/junit-platform-commons-1.6.2.jar (97 kB at 161 kB/s)
Downloading from central: https://repo1.maven.org/maven2/org/junit/platform/junit-platform-launcher/1.6.2/junit-platform-launcher-1.6.2.jar
Progress (1): 131/209 kB
Progress (1): 147/209 kB
Progress (1): 163/209 kB
Progress (1): 180/209 kB
Progress (1): 196/209 kB
Progress (1): 209 kB    
                    
Downloaded from central: https://repo1.maven.org/maven2/org/junit/jupiter/junit-jupiter-engine/5.6.2/junit-jupiter-engine-5.6.2.jar (209 kB at 341 kB/s)
Downloading from central: https://repo1.maven.org/maven2/org/junit/platform/junit-platform-suite-api/1.6.2/junit-platform-suite-api-1.6.2.jar
Progress (1): 7.7/562 kB
Progress (1): 16/562 kB 
Progress (1): 32/562 kB
Progress (1): 49/562 kB
Progress (1): 65/562 kB
Progress (1): 81/562 kB
Progress (1): 98/562 kB
Progress (1): 114/562 kB
Progress (1): 131/562 kB
Progress (1): 147/562 kB
Progress (1): 163/562 kB
Progress (1): 180/562 kB
Progress (1): 196/562 kB
Progress (1): 212/562 kB
Progress (1): 229/562 kB
Progress (1): 245/562 kB
Progress (1): 262/562 kB
Progress (1): 278/562 kB
Progress (1): 294/562 kB
Progress (1): 311/562 kB
Progress (1): 327/562 kB
Progress (1): 344/562 kB
Progress (1): 360/562 kB
Progress (1): 376/562 kB
Progress (1): 389/562 kB
Progress (1): 405/562 kB
Progress (1): 422/562 kB
Progress (1): 438/562 kB
Progress (1): 454/562 kB
Progress (1): 471/562 kB
Progress (1): 487/562 kB
Progress (1): 503/562 kB
Progress (1): 520/562 kB
Progress (1): 536/562 kB
Progress (1): 553/562 kB
Progress (2): 553/562 kB | 7.7/18 kB
Progress (2): 562 kB | 7.7/18 kB    
Progress (2): 562 kB | 16/18 kB 
Progress (2): 562 kB | 18 kB   
Progress (3): 562 kB | 18 kB | 7.7/174 kB
Progress (3): 562 kB | 18 kB | 8.2/174 kB
Progress (3): 562 kB | 18 kB | 25/174 kB 
Progress (3): 562 kB | 18 kB | 33/174 kB
Progress (3): 562 kB | 18 kB | 49/174 kB
Progress (3): 562 kB | 18 kB | 66/174 kB
Progress (3): 562 kB | 18 kB | 82/174 kB
Progress (3): 562 kB | 18 kB | 98/174 kB
Progress (3): 562 kB | 18 kB | 115/174 kB
Progress (3): 562 kB | 18 kB | 123/174 kB
Progress (3): 562 kB | 18 kB | 131/174 kB
Progress (3): 562 kB | 18 kB | 139/174 kB
Progress (3): 562 kB | 18 kB | 156/174 kB
Progress (3): 562 kB | 18 kB | 164/174 kB
Progress (3): 562 kB | 18 kB | 172/174 kB
Progress (3): 562 kB | 18 kB | 174 kB    
Progress (4): 562 kB | 18 kB | 174 kB | 7.7/14 kB
Progress (4): 562 kB | 18 kB | 174 kB | 14 kB    
                                             
Downloaded from central: https://repo1.maven.org/maven2/org/junit/jupiter/junit-jupiter-params/5.6.2/junit-jupiter-params-5.6.2.jar (562 kB at 860 kB/s)
Downloaded from central: https://repo1.maven.org/maven2/org/junit/platform/junit-platform-runner/1.6.2/junit-platform-runner-1.6.2.jar (18 kB at 28 kB/s)
Downloaded from central: https://repo1.maven.org/maven2/org/junit/platform/junit-platform-engine/1.6.2/junit-platform-engine-1.6.2.jar (174 kB at 262 kB/s)
Downloaded from central: https://repo1.maven.org/maven2/org/junit/platform/junit-platform-suite-api/1.6.2/junit-platform-suite-api-1.6.2.jar (14 kB at 21 kB/s)
Progress (1): 7.7/122 kB
Progress (1): 16/122 kB 
Progress (1): 32/122 kB
Progress (1): 49/122 kB
Progress (1): 65/122 kB
Progress (1): 81/122 kB
Progress (1): 98/122 kB
Progress (1): 114/122 kB
Progress (1): 122 kB    
                    
Downloaded from central: https://repo1.maven.org/maven2/org/junit/platform/junit-platform-launcher/1.6.2/junit-platform-launcher-1.6.2.jar (122 kB at 176 kB/s)
Downloading from apache.snapshots: https://repository.apache.org/snapshots/org/apache/zookeeper/zookeeper-jute/3.10.0-SNAPSHOT/zookeeper-jute-3.10.0-SNAPSHOT.jar
[INFO] ------------------------------------------------------------------------
[INFO] BUILD FAILURE
[INFO] ------------------------------------------------------------------------
[INFO] Total time:  8.922 s
[INFO] Finished at: 2026-02-25T19:26:11-05:00
[INFO] ------------------------------------------------------------------------
[ERROR] Failed to execute goal on project zookeeper: Could not resolve dependencies for project org.apache.zookeeper:zookeeper:jar:3.10.0-SNAPSHOT
[ERROR] dependency: org.apache.zookeeper:zookeeper-jute:jar:3.10.0-SNAPSHOT (compile)
[ERROR] 	Could not find artifact org.apache.zookeeper:zookeeper-jute:jar:3.10.0-SNAPSHOT in apache.snapshots (https://repository.apache.org/snapshots)
[ERROR] 
[ERROR] -> [Help 1]
[ERROR] 
[ERROR] To see the full stack trace of the errors, re-run Maven with the -e switch.
[ERROR] Re-run Maven using the -X switch to enable full debug logging.
[ERROR] 
[ERROR] For more information about the errors and possible solutions, please read the following articles:
[ERROR] [Help 1] http://cwiki.apache.org/confluence/display/MAVEN/DependencyResolutionException

STDERR:
