COMMAND: mvn.cmd -s D:\Khedma\Mr wiem\mutation-test-pipeline\.mvn\settings.xml -DskipTests compile

STDOUT:
[INFO] Scanning for projects...
[WARNING] 
[WARNING] Some problems were encountered while building the effective model for org.appfuse:appfuse-service:jar:2.1.0-M2-SNAPSHOT
[WARNING] The expression ${pom.groupId} is deprecated. Please use ${project.groupId} instead.
[WARNING] The expression ${pom.version} is deprecated. Please use ${project.version} instead.
[WARNING] 
[WARNING] It is highly recommended to fix these problems because they threaten the stability of your build.
[WARNING] 
[WARNING] For this reason, future Maven versions might no longer support building such malformed projects.
[WARNING] 
[INFO] 
[INFO] --------------------< org.appfuse:appfuse-service >---------------------
[INFO] Building AppFuse Service Module 2.1.0-M2-SNAPSHOT
[INFO]   from pom.xml
[INFO] --------------------------------[ jar ]---------------------------------
Downloading from central: https://repo1.maven.org/maven2/org/codehaus/mojo/aspectj-maven-plugin/1.2/aspectj-maven-plugin-1.2.pom
Progress (1): 1.2 kB
Progress (1): 2.5 kB
Progress (1): 5.0 kB
Progress (1): 8.3 kB
Progress (1): 8.5 kB
                    
Downloaded from central: https://repo1.maven.org/maven2/org/codehaus/mojo/aspectj-maven-plugin/1.2/aspectj-maven-plugin-1.2.pom (8.5 kB at 28 kB/s)
Downloading from central: https://repo1.maven.org/maven2/org/codehaus/mojo/mojo-parent/21/mojo-parent-21.pom
Progress (1): 1.2 kB
Progress (1): 3.4 kB
Progress (1): 7.1 kB
Progress (1): 11 kB 
Progress (1): 13 kB
Progress (1): 17 kB
Progress (1): 19 kB
                   
Downloaded from central: https://repo1.maven.org/maven2/org/codehaus/mojo/mojo-parent/21/mojo-parent-21.pom (19 kB at 230 kB/s)
Downloading from central: https://repo1.maven.org/maven2/org/codehaus/mojo/aspectj-maven-plugin/1.2/aspectj-maven-plugin-1.2.jar
Progress (1): 0.9/37 kB
Progress (1): 2.3/37 kB
Progress (1): 3.7/37 kB
Progress (1): 5.0/37 kB
Progress (1): 6.4/37 kB
Progress (1): 7.8/37 kB
Progress (1): 9.1/37 kB
Progress (1): 11/37 kB 
Progress (1): 12/37 kB
Progress (1): 13/37 kB
Progress (1): 15/37 kB
Progress (1): 16/37 kB
Progress (1): 17/37 kB
Progress (1): 19/37 kB
Progress (1): 20/37 kB
Progress (1): 21/37 kB
Progress (1): 23/37 kB
Progress (1): 24/37 kB
Progress (1): 26/37 kB
Progress (1): 27/37 kB
Progress (1): 28/37 kB
Progress (1): 30/37 kB
Progress (1): 31/37 kB
Progress (1): 32/37 kB
Progress (1): 34/37 kB
Progress (1): 35/37 kB
Progress (1): 37/37 kB
Progress (1): 37 kB   
                   
Downloaded from central: https://repo1.maven.org/maven2/org/codehaus/mojo/aspectj-maven-plugin/1.2/aspectj-maven-plugin-1.2.jar (37 kB at 452 kB/s)
[WARNING] Could not transfer metadata org.appfuse:appfuse-hibernate:2.1.0-M2-SNAPSHOT/maven-metadata.xml from/to maven-default-http-blocker (http://0.0.0.0/): Blocked mirror for repositories: [appfuse-snapshots (http://oss.sonatype.org/content/repositories/appfuse-snapshots, default, snapshots)]
[WARNING] org.appfuse:appfuse-hibernate:2.1.0-M2-SNAPSHOT/maven-metadata.xml failed to transfer from http://0.0.0.0/ during a previous attempt. This failure was cached in the local repository and resolution will not be reattempted until the update interval of maven-default-http-blocker has elapsed or updates are forced. Original error: Could not transfer metadata org.appfuse:appfuse-hibernate:2.1.0-M2-SNAPSHOT/maven-metadata.xml from/to maven-default-http-blocker (http://0.0.0.0/): Blocked mirror for repositories: [appfuse-snapshots (http://oss.sonatype.org/content/repositories/appfuse-snapshots, default, snapshots)]
Downloading from central: https://repo1.maven.org/maven2/org/aspectj/aspectjweaver/1.6.6/aspectjweaver-1.6.6.pom
Progress (1): 908 B
                   
Downloaded from central: https://repo1.maven.org/maven2/org/aspectj/aspectjweaver/1.6.6/aspectjweaver-1.6.6.pom (908 B at 13 kB/s)
Downloading from central: https://repo1.maven.org/maven2/org/aspectj/aspectjrt/1.6.6/aspectjrt-1.6.6.pom
Progress (1): 905 B
                   
Downloaded from central: https://repo1.maven.org/maven2/org/aspectj/aspectjrt/1.6.6/aspectjrt-1.6.6.pom (905 B at 14 kB/s)
Downloading from central: https://repo1.maven.org/maven2/net/sf/ehcache/ehcache-core/1.7.0/ehcache-core-1.7.0.pom
Progress (1): 1.2 kB
Progress (1): 3.5 kB
Progress (1): 6.9 kB
Progress (1): 8.3 kB
Progress (1): 12 kB 
Progress (1): 16 kB
Progress (1): 18 kB
Progress (1): 21 kB
Progress (1): 21 kB
                   
Downloaded from central: https://repo1.maven.org/maven2/net/sf/ehcache/ehcache-core/1.7.0/ehcache-core-1.7.0.pom (21 kB at 80 kB/s)
Downloading from central: https://repo1.maven.org/maven2/net/sf/ehcache/ehcache-parent/2.0/ehcache-parent-2.0.pom
Progress (1): 1.0 kB
Progress (1): 6.9 kB
Progress (1): 11 kB 
Progress (1): 14 kB
Progress (1): 17 kB
Progress (1): 19 kB
                   
Downloaded from central: https://repo1.maven.org/maven2/net/sf/ehcache/ehcache-parent/2.0/ehcache-parent-2.0.pom (19 kB at 202 kB/s)
Downloading from central: https://repo1.maven.org/maven2/javax/mail/mail/1.4.1/mail-1.4.1.pom
Progress (1): 995 B
                   
Downloaded from central: https://repo1.maven.org/maven2/javax/mail/mail/1.4.1/mail-1.4.1.pom (995 B at 16 kB/s)
Downloading from central: https://repo1.maven.org/maven2/org/jmock/jmock/2.5.1/jmock-2.5.1.pom
Progress (1): 806 B
                   
Downloaded from central: https://repo1.maven.org/maven2/org/jmock/jmock/2.5.1/jmock-2.5.1.pom (806 B at 9.6 kB/s)
Downloading from central: https://repo1.maven.org/maven2/org/jmock/jmock-parent/2.5.1/jmock-parent-2.5.1.pom
Progress (1): 1.1 kB
Progress (1): 2.9 kB
Progress (1): 5.9 kB
Progress (1): 6.5 kB
                    
Downloaded from central: https://repo1.maven.org/maven2/org/jmock/jmock-parent/2.5.1/jmock-parent-2.5.1.pom (6.5 kB at 71 kB/s)
Downloading from central: https://repo1.maven.org/maven2/org/hamcrest/hamcrest-library/1.1/hamcrest-library-1.1.pom
Progress (1): 683 B
                   
Downloaded from central: https://repo1.maven.org/maven2/org/hamcrest/hamcrest-library/1.1/hamcrest-library-1.1.pom (683 B at 8.1 kB/s)
Downloading from central: https://repo1.maven.org/maven2/org/jmock/jmock-junit4/2.5.1/jmock-junit4-2.5.1.pom
Progress (1): 1.0 kB
                    
Downloaded from central: https://repo1.maven.org/maven2/org/jmock/jmock-junit4/2.5.1/jmock-junit4-2.5.1.pom (1.0 kB at 13 kB/s)
Downloading from central: https://repo1.maven.org/maven2/junit/junit-dep/4.4/junit-dep-4.4.pom
Progress (1): 1.1 kB
Progress (1): 1.3 kB
                    
Downloaded from central: https://repo1.maven.org/maven2/junit/junit-dep/4.4/junit-dep-4.4.pom (1.3 kB at 22 kB/s)
Downloading from central: https://repo1.maven.org/maven2/junit/junit-dep/4.5/junit-dep-4.5.pom
Progress (1): 1.1 kB
Progress (1): 1.3 kB
                    
Downloaded from central: https://repo1.maven.org/maven2/junit/junit-dep/4.5/junit-dep-4.5.pom (1.3 kB at 8.4 kB/s)
Downloading from central: https://repo1.maven.org/maven2/org/subethamail/subethasmtp-wiser/1.2/subethasmtp-wiser-1.2.pom
Progress (1): 1.4 kB
Progress (1): 2.9 kB
                    
Downloaded from central: https://repo1.maven.org/maven2/org/subethamail/subethasmtp-wiser/1.2/subethasmtp-wiser-1.2.pom (2.9 kB at 35 kB/s)
Downloading from central: https://repo1.maven.org/maven2/org/subethamail/subethasmtp-parent/1.1/subethasmtp-parent-1.1.pom
Progress (1): 1.3 kB
Progress (1): 2.8 kB
                    
Downloaded from central: https://repo1.maven.org/maven2/org/subethamail/subethasmtp-parent/1.1/subethasmtp-parent-1.1.pom (2.8 kB at 36 kB/s)
Downloading from central: https://repo1.maven.org/maven2/org/subethamail/subethasmtp-smtp/1.2/subethasmtp-smtp-1.2.pom
Progress (1): 1.2 kB
Progress (1): 2.7 kB
                    
Downloaded from central: https://repo1.maven.org/maven2/org/subethamail/subethasmtp-smtp/1.2/subethasmtp-smtp-1.2.pom (2.7 kB at 32 kB/s)
Downloading from central: https://repo1.maven.org/maven2/javax/mail/mail/1.4/mail-1.4.pom
Progress (1): 993 B
                   
Downloaded from central: https://repo1.maven.org/maven2/javax/mail/mail/1.4/mail-1.4.pom (993 B at 18 kB/s)
Downloading from central: https://repo1.maven.org/maven2/velocity/velocity/1.4/velocity-1.4.pom
Progress (1): 1.4 kB
Progress (1): 2.3 kB
                    
Downloaded from central: https://repo1.maven.org/maven2/velocity/velocity/1.4/velocity-1.4.pom (2.3 kB at 42 kB/s)
Downloading from central: https://repo1.maven.org/maven2/velocity/velocity-dep/1.4/velocity-dep-1.4.pom
Progress (1): 1.4 kB
Progress (1): 1.9 kB
                    
Downloaded from central: https://repo1.maven.org/maven2/velocity/velocity-dep/1.4/velocity-dep-1.4.pom (1.9 kB at 26 kB/s)
Downloading from central: https://repo1.maven.org/maven2/org/apache/cxf/cxf-rt-frontend-jaxrs/2.2.4/cxf-rt-frontend-jaxrs-2.2.4.pom
Progress (1): 816 B
Progress (1): 3.8 kB
Progress (1): 7.4 kB
                    
Downloaded from central: https://repo1.maven.org/maven2/org/apache/cxf/cxf-rt-frontend-jaxrs/2.2.4/cxf-rt-frontend-jaxrs-2.2.4.pom (7.4 kB at 82 kB/s)
Downloading from central: https://repo1.maven.org/maven2/org/apache/cxf/cxf-parent/2.2.4/cxf-parent-2.2.4.pom
Progress (1): 749 B
Progress (1): 2.2 kB
Progress (1): 4.4 kB
Progress (1): 8.3 kB
Progress (1): 12 kB 
Progress (1): 16 kB
Progress (1): 22 kB
Progress (1): 28 kB
Progress (1): 31 kB
Progress (1): 41 kB
Progress (1): 50 kB
Progress (1): 53 kB
Progress (1): 57 kB
Progress (1): 59 kB
                   
Downloaded from central: https://repo1.maven.org/maven2/org/apache/cxf/cxf-parent/2.2.4/cxf-parent-2.2.4.pom (59 kB at 638 kB/s)
Downloading from central: https://repo1.maven.org/maven2/org/apache/cxf/cxf/2.2.4/cxf-2.2.4.pom
Progress (1): 788 B
Progress (1): 2.2 kB
Progress (1): 5.6 kB
Progress (1): 8.0 kB
Progress (1): 12 kB 
Progress (1): 17 kB
Progress (1): 22 kB
Progress (1): 23 kB
Progress (1): 29 kB
                   
Downloaded from central: https://repo1.maven.org/maven2/org/apache/cxf/cxf/2.2.4/cxf-2.2.4.pom (29 kB at 284 kB/s)
Downloading from central: https://repo1.maven.org/maven2/org/apache/cxf/cxf-common-utilities/2.2.4/cxf-common-utilities-2.2.4.pom
Progress (1): 845 B
Progress (1): 3.8 kB
Progress (1): 5.9 kB
                    
Downloaded from central: https://repo1.maven.org/maven2/org/apache/cxf/cxf-common-utilities/2.2.4/cxf-common-utilities-2.2.4.pom (5.9 kB at 21 kB/s)
Downloading from central: https://repo1.maven.org/maven2/org/springframework/spring-beans/2.5.5/spring-beans-2.5.5.pom
Progress (1): 1.3 kB
Progress (1): 2.2 kB
                    
Downloaded from central: https://repo1.maven.org/maven2/org/springframework/spring-beans/2.5.5/spring-beans-2.5.5.pom (2.2 kB at 26 kB/s)
Downloading from central: https://repo1.maven.org/maven2/org/springframework/spring-context/2.5.5/spring-context-2.5.5.pom
Progress (1): 1.2 kB
Progress (1): 3.5 kB
                    
Downloaded from central: https://repo1.maven.org/maven2/org/springframework/spring-context/2.5.5/spring-context-2.5.5.pom (3.5 kB at 31 kB/s)
Downloading from central: https://repo1.maven.org/maven2/org/apache/geronimo/specs/geronimo-annotation_1.0_spec/1.1.1/geronimo-annotation_1.0_spec-1.1.1.pom
Progress (1): 865 B
Progress (1): 2.2 kB
                    
Downloaded from central: https://repo1.maven.org/maven2/org/apache/geronimo/specs/geronimo-annotation_1.0_spec/1.1.1/geronimo-annotation_1.0_spec-1.1.1.pom (2.2 kB at 28 kB/s)
[INFO] Artifact org.apache.geronimo.specs:specs:pom:1.4 is present in the local repository, but cached from a remote repository ID that is unavailable in current build context, verifying that is downloadable from [maven-default-http-blocker (http://0.0.0.0/, default, releases+snapshots, blocked), central (https://repo1.maven.org/maven2, default, releases)]
[INFO] Artifact org.apache.geronimo.specs:specs:pom:1.4 is present in the local repository, but cached from a remote repository ID that is unavailable in current build context, verifying that is downloadable from [maven-default-http-blocker (http://0.0.0.0/, default, releases+snapshots, blocked), central (https://repo1.maven.org/maven2, default, releases)]
Downloading from central: https://repo1.maven.org/maven2/org/apache/geronimo/specs/specs/1.4/specs-1.4.pom
Downloaded from central: https://repo1.maven.org/maven2/org/apache/geronimo/specs/specs/1.4/specs-1.4.pom (0 B at 0 B/s)
[INFO] Artifact org.apache.geronimo.genesis.config:project-config:pom:1.2 is present in the local repository, but cached from a remote repository ID that is unavailable in current build context, verifying that is downloadable from [maven-default-http-blocker (http://0.0.0.0/, default, releases+snapshots, blocked), central (https://repo1.maven.org/maven2, default, releases)]
[INFO] Artifact org.apache.geronimo.genesis.config:project-config:pom:1.2 is present in the local repository, but cached from a remote repository ID that is unavailable in current build context, verifying that is downloadable from [maven-default-http-blocker (http://0.0.0.0/, default, releases+snapshots, blocked), central (https://repo1.maven.org/maven2, default, releases)]
Downloading from central: https://repo1.maven.org/maven2/org/apache/geronimo/genesis/config/project-config/1.2/project-config-1.2.pom
Downloaded from central: https://repo1.maven.org/maven2/org/apache/geronimo/genesis/config/project-config/1.2/project-config-1.2.pom (0 B at 0 B/s)
[INFO] Artifact org.apache.geronimo.genesis.config:config:pom:1.2 is present in the local repository, but cached from a remote repository ID that is unavailable in current build context, verifying that is downloadable from [maven-default-http-blocker (http://0.0.0.0/, default, releases+snapshots, blocked), central (https://repo1.maven.org/maven2, default, releases)]
[INFO] Artifact org.apache.geronimo.genesis.config:config:pom:1.2 is present in the local repository, but cached from a remote repository ID that is unavailable in current build context, verifying that is downloadable from [maven-default-http-blocker (http://0.0.0.0/, default, releases+snapshots, blocked), central (https://repo1.maven.org/maven2, default, releases)]
Downloading from central: https://repo1.maven.org/maven2/org/apache/geronimo/genesis/config/config/1.2/config-1.2.pom
Downloaded from central: https://repo1.maven.org/maven2/org/apache/geronimo/genesis/config/config/1.2/config-1.2.pom (0 B at 0 B/s)
[INFO] Artifact org.apache.geronimo.genesis:genesis:pom:1.2 is present in the local repository, but cached from a remote repository ID that is unavailable in current build context, verifying that is downloadable from [maven-default-http-blocker (http://0.0.0.0/, default, releases+snapshots, blocked), central (https://repo1.maven.org/maven2, default, releases)]
[INFO] Artifact org.apache.geronimo.genesis:genesis:pom:1.2 is present in the local repository, but cached from a remote repository ID that is unavailable in current build context, verifying that is downloadable from [maven-default-http-blocker (http://0.0.0.0/, default, releases+snapshots, blocked), central (https://repo1.maven.org/maven2, default, releases)]
Downloading from central: https://repo1.maven.org/maven2/org/apache/geronimo/genesis/genesis/1.2/genesis-1.2.pom
Downloaded from central: https://repo1.maven.org/maven2/org/apache/geronimo/genesis/genesis/1.2/genesis-1.2.pom (0 B at 0 B/s)
Downloading from central: https://repo1.maven.org/maven2/javax/xml/bind/jaxb-api/2.1/jaxb-api-2.1.pom
Progress (1): 486 B
                   
Downloaded from central: https://repo1.maven.org/maven2/javax/xml/bind/jaxb-api/2.1/jaxb-api-2.1.pom (486 B at 11 kB/s)
[INFO] Artifact org.apache.geronimo.specs:geronimo-stax-api_1.0_spec:pom:1.0.1 is present in the local repository, but cached from a remote repository ID that is unavailable in current build context, verifying that is downloadable from [maven-default-http-blocker (http://0.0.0.0/, default, releases+snapshots, blocked), central (https://repo1.maven.org/maven2, default, releases)]
[INFO] Artifact org.apache.geronimo.specs:geronimo-stax-api_1.0_spec:pom:1.0.1 is present in the local repository, but cached from a remote repository ID that is unavailable in current build context, verifying that is downloadable from [maven-default-http-blocker (http://0.0.0.0/, default, releases+snapshots, blocked), central (https://repo1.maven.org/maven2, default, releases)]
Downloading from central: https://repo1.maven.org/maven2/org/apache/geronimo/specs/geronimo-stax-api_1.0_spec/1.0.1/geronimo-stax-api_1.0_spec-1.0.1.pom
Downloaded from central: https://repo1.maven.org/maven2/org/apache/geronimo/specs/geronimo-stax-api_1.0_spec/1.0.1/geronimo-stax-api_1.0_spec-1.0.1.pom (0 B at 0 B/s)
[INFO] Artifact org.apache.geronimo.specs:specs:pom:1.3 is present in the local repository, but cached from a remote repository ID that is unavailable in current build context, verifying that is downloadable from [maven-default-http-blocker (http://0.0.0.0/, default, releases+snapshots, blocked), central (https://repo1.maven.org/maven2, default, releases)]
[INFO] Artifact org.apache.geronimo.specs:specs:pom:1.3 is present in the local repository, but cached from a remote repository ID that is unavailable in current build context, verifying that is downloadable from [maven-default-http-blocker (http://0.0.0.0/, default, releases+snapshots, blocked), central (https://repo1.maven.org/maven2, default, releases)]
Downloading from central: https://repo1.maven.org/maven2/org/apache/geronimo/specs/specs/1.3/specs-1.3.pom
Downloaded from central: https://repo1.maven.org/maven2/org/apache/geronimo/specs/specs/1.3/specs-1.3.pom (0 B at 0 B/s)
[INFO] Artifact org.apache.geronimo.genesis.config:project-config:pom:1.1 is present in the local repository, but cached from a remote repository ID that is unavailable in current build context, verifying that is downloadable from [maven-default-http-blocker (http://0.0.0.0/, default, releases+snapshots, blocked), central (https://repo1.maven.org/maven2, default, releases)]
[INFO] Artifact org.apache.geronimo.genesis.config:project-config:pom:1.1 is present in the local repository, but cached from a remote repository ID that is unavailable in current build context, verifying that is downloadable from [maven-default-http-blocker (http://0.0.0.0/, default, releases+snapshots, blocked), central (https://repo1.maven.org/maven2, default, releases)]
Downloading from central: https://repo1.maven.org/maven2/org/apache/geronimo/genesis/config/project-config/1.1/project-config-1.1.pom
Downloaded from central: https://repo1.maven.org/maven2/org/apache/geronimo/genesis/config/project-config/1.1/project-config-1.1.pom (0 B at 0 B/s)
[INFO] Artifact org.apache.geronimo.genesis.config:config:pom:1.1 is present in the local repository, but cached from a remote repository ID that is unavailable in current build context, verifying that is downloadable from [maven-default-http-blocker (http://0.0.0.0/, default, releases+snapshots, blocked), central (https://repo1.maven.org/maven2, default, releases)]
[INFO] Artifact org.apache.geronimo.genesis.config:config:pom:1.1 is present in the local repository, but cached from a remote repository ID that is unavailable in current build context, verifying that is downloadable from [maven-default-http-blocker (http://0.0.0.0/, default, releases+snapshots, blocked), central (https://repo1.maven.org/maven2, default, releases)]
Downloading from central: https://repo1.maven.org/maven2/org/apache/geronimo/genesis/config/config/1.1/config-1.1.pom
Downloaded from central: https://repo1.maven.org/maven2/org/apache/geronimo/genesis/config/config/1.1/config-1.1.pom (0 B at 0 B/s)
[INFO] Artifact org.apache.geronimo.genesis:genesis:pom:1.1 is present in the local repository, but cached from a remote repository ID that is unavailable in current build context, verifying that is downloadable from [maven-default-http-blocker (http://0.0.0.0/, default, releases+snapshots, blocked), central (https://repo1.maven.org/maven2, default, releases)]
[INFO] Artifact org.apache.geronimo.genesis:genesis:pom:1.1 is present in the local repository, but cached from a remote repository ID that is unavailable in current build context, verifying that is downloadable from [maven-default-http-blocker (http://0.0.0.0/, default, releases+snapshots, blocked), central (https://repo1.maven.org/maven2, default, releases)]
Downloading from central: https://repo1.maven.org/maven2/org/apache/geronimo/genesis/genesis/1.1/genesis-1.1.pom
Downloaded from central: https://repo1.maven.org/maven2/org/apache/geronimo/genesis/genesis/1.1/genesis-1.1.pom (0 B at 0 B/s)
[INFO] Artifact wsdl4j:wsdl4j:pom:1.6.2 is present in the local repository, but cached from a remote repository ID that is unavailable in current build context, verifying that is downloadable from [maven-default-http-blocker (http://0.0.0.0/, default, releases+snapshots, blocked), central (https://repo1.maven.org/maven2, default, releases)]
[INFO] Artifact wsdl4j:wsdl4j:pom:1.6.2 is present in the local repository, but cached from a remote repository ID that is unavailable in current build context, verifying that is downloadable from [maven-default-http-blocker (http://0.0.0.0/, default, releases+snapshots, blocked), central (https://repo1.maven.org/maven2, default, releases)]
Downloading from central: https://repo1.maven.org/maven2/wsdl4j/wsdl4j/1.6.2/wsdl4j-1.6.2.pom
Downloaded from central: https://repo1.maven.org/maven2/wsdl4j/wsdl4j/1.6.2/wsdl4j-1.6.2.pom (0 B at 0 B/s)
Downloading from central: https://repo1.maven.org/maven2/org/apache/ws/commons/schema/XmlSchema/1.4.5/XmlSchema-1.4.5.pom
Progress (1): 766 B
Progress (1): 1.9 kB
Progress (1): 4.1 kB
Progress (1): 6.7 kB
Progress (1): 10 kB 
Progress (1): 14 kB
Progress (1): 17 kB
                   
Downloaded from central: https://repo1.maven.org/maven2/org/apache/ws/commons/schema/XmlSchema/1.4.5/XmlSchema-1.4.5.pom (17 kB at 223 kB/s)
Downloading from central: https://repo1.maven.org/maven2/org/apache/cxf/cxf-api/2.2.4/cxf-api-2.2.4.pom
Progress (1): 803 B
Progress (1): 3.7 kB
Progress (1): 8.0 kB
Progress (1): 11 kB 
                   
Downloaded from central: https://repo1.maven.org/maven2/org/apache/cxf/cxf-api/2.2.4/cxf-api-2.2.4.pom (11 kB at 133 kB/s)
Downloading from central: https://repo1.maven.org/maven2/org/apache/geronimo/specs/geronimo-activation_1.1_spec/1.0.2/geronimo-activation_1.1_spec-1.0.2.pom
Progress (1): 864 B
Progress (1): 2.2 kB
                    
Downloaded from central: https://repo1.maven.org/maven2/org/apache/geronimo/specs/geronimo-activation_1.1_spec/1.0.2/geronimo-activation_1.1_spec-1.0.2.pom (2.2 kB at 29 kB/s)
Downloading from central: https://repo1.maven.org/maven2/org/apache/neethi/neethi/2.0.4/neethi-2.0.4.pom
Progress (1): 800 B
Progress (1): 2.0 kB
Progress (1): 4.0 kB
Progress (1): 6.3 kB
Progress (1): 9.1 kB
Progress (1): 9.9 kB
                    
Downloaded from central: https://repo1.maven.org/maven2/org/apache/neethi/neethi/2.0.4/neethi-2.0.4.pom (9.9 kB at 162 kB/s)
Downloading from central: https://repo1.maven.org/maven2/org/apache/cxf/cxf-common-schemas/2.2.4/cxf-common-schemas-2.2.4.pom
Progress (1): 868 B
Progress (1): 1.6 kB
                    
Downloaded from central: https://repo1.maven.org/maven2/org/apache/cxf/cxf-common-schemas/2.2.4/cxf-common-schemas-2.2.4.pom (1.6 kB at 5.3 kB/s)
Downloading from central: https://repo1.maven.org/maven2/org/apache/cxf/cxf-rt-core/2.2.4/cxf-rt-core-2.2.4.pom
Progress (1): 833 B
Progress (1): 3.1 kB
Progress (1): 3.5 kB
                    
Downloaded from central: https://repo1.maven.org/maven2/org/apache/cxf/cxf-rt-core/2.2.4/cxf-rt-core-2.2.4.pom (3.5 kB at 44 kB/s)
Downloading from central: https://repo1.maven.org/maven2/com/sun/xml/bind/jaxb-impl/2.1.12/jaxb-impl-2.1.12.pom
Progress (1): 340 B
                   
Downloaded from central: https://repo1.maven.org/maven2/com/sun/xml/bind/jaxb-impl/2.1.12/jaxb-impl-2.1.12.pom (340 B at 4.9 kB/s)
[INFO] Artifact org.apache.geronimo.specs:geronimo-javamail_1.4_spec:pom:1.6 is present in the local repository, but cached from a remote repository ID that is unavailable in current build context, verifying that is downloadable from [maven-default-http-blocker (http://0.0.0.0/, default, releases+snapshots, blocked), central (https://repo1.maven.org/maven2, default, releases)]
[INFO] Artifact org.apache.geronimo.specs:geronimo-javamail_1.4_spec:pom:1.6 is present in the local repository, but cached from a remote repository ID that is unavailable in current build context, verifying that is downloadable from [maven-default-http-blocker (http://0.0.0.0/, default, releases+snapshots, blocked), central (https://repo1.maven.org/maven2, default, releases)]
Downloading from central: https://repo1.maven.org/maven2/org/apache/geronimo/specs/geronimo-javamail_1.4_spec/1.6/geronimo-javamail_1.4_spec-1.6.pom
Downloaded from central: https://repo1.maven.org/maven2/org/apache/geronimo/specs/geronimo-javamail_1.4_spec/1.6/geronimo-javamail_1.4_spec-1.6.pom (0 B at 0 B/s)
[INFO] Artifact org.apache.geronimo.specs:specs-parent:pom:1.6 is present in the local repository, but cached from a remote repository ID that is unavailable in current build context, verifying that is downloadable from [maven-default-http-blocker (http://0.0.0.0/, default, releases+snapshots, blocked), central (https://repo1.maven.org/maven2, default, releases)]
[INFO] Artifact org.apache.geronimo.specs:specs-parent:pom:1.6 is present in the local repository, but cached from a remote repository ID that is unavailable in current build context, verifying that is downloadable from [maven-default-http-blocker (http://0.0.0.0/, default, releases+snapshots, blocked), central (https://repo1.maven.org/maven2, default, releases)]
Downloading from central: https://repo1.maven.org/maven2/org/apache/geronimo/specs/specs-parent/1.6/specs-parent-1.6.pom
Downloaded from central: https://repo1.maven.org/maven2/org/apache/geronimo/specs/specs-parent/1.6/specs-parent-1.6.pom (0 B at 0 B/s)
[INFO] Artifact org.apache.geronimo.genesis.config:project-config:pom:1.5 is present in the local repository, but cached from a remote repository ID that is unavailable in current build context, verifying that is downloadable from [maven-default-http-blocker (http://0.0.0.0/, default, releases+snapshots, blocked), central (https://repo1.maven.org/maven2, default, releases)]
[INFO] Artifact org.apache.geronimo.genesis.config:project-config:pom:1.5 is present in the local repository, but cached from a remote repository ID that is unavailable in current build context, verifying that is downloadable from [maven-default-http-blocker (http://0.0.0.0/, default, releases+snapshots, blocked), central (https://repo1.maven.org/maven2, default, releases)]
Downloading from central: https://repo1.maven.org/maven2/org/apache/geronimo/genesis/config/project-config/1.5/project-config-1.5.pom
Downloaded from central: https://repo1.maven.org/maven2/org/apache/geronimo/genesis/config/project-config/1.5/project-config-1.5.pom (0 B at 0 B/s)
[INFO] Artifact org.apache.geronimo.genesis.config:config:pom:1.5 is present in the local repository, but cached from a remote repository ID that is unavailable in current build context, verifying that is downloadable from [maven-default-http-blocker (http://0.0.0.0/, default, releases+snapshots, blocked), central (https://repo1.maven.org/maven2, default, releases)]
[INFO] Artifact org.apache.geronimo.genesis.config:config:pom:1.5 is present in the local repository, but cached from a remote repository ID that is unavailable in current build context, verifying that is downloadable from [maven-default-http-blocker (http://0.0.0.0/, default, releases+snapshots, blocked), central (https://repo1.maven.org/maven2, default, releases)]
Downloading from central: https://repo1.maven.org/maven2/org/apache/geronimo/genesis/config/config/1.5/config-1.5.pom
Downloaded from central: https://repo1.maven.org/maven2/org/apache/geronimo/genesis/config/config/1.5/config-1.5.pom (0 B at 0 B/s)
[INFO] Artifact org.apache.geronimo.genesis:genesis:pom:1.5 is present in the local repository, but cached from a remote repository ID that is unavailable in current build context, verifying that is downloadable from [maven-default-http-blocker (http://0.0.0.0/, default, releases+snapshots, blocked), central (https://repo1.maven.org/maven2, default, releases)]
[INFO] Artifact org.apache.geronimo.genesis:genesis:pom:1.5 is present in the local repository, but cached from a remote repository ID that is unavailable in current build context, verifying that is downloadable from [maven-default-http-blocker (http://0.0.0.0/, default, releases+snapshots, blocked), central (https://repo1.maven.org/maven2, default, releases)]
Downloading from central: https://repo1.maven.org/maven2/org/apache/geronimo/genesis/genesis/1.5/genesis-1.5.pom
Downloaded from central: https://repo1.maven.org/maven2/org/apache/geronimo/genesis/genesis/1.5/genesis-1.5.pom (0 B at 0 B/s)
Downloading from central: https://repo1.maven.org/maven2/javax/ws/rs/jsr311-api/1.0/jsr311-api-1.0.pom
Progress (1): 1.4 kB
Progress (1): 3.2 kB
Progress (1): 5.6 kB
                    
Downloaded from central: https://repo1.maven.org/maven2/javax/ws/rs/jsr311-api/1.0/jsr311-api-1.0.pom (5.6 kB at 33 kB/s)
Downloading from central: https://repo1.maven.org/maven2/org/apache/cxf/cxf-rt-bindings-xml/2.2.4/cxf-rt-bindings-xml-2.2.4.pom
Progress (1): 830 B
Progress (1): 3.1 kB
Progress (1): 3.8 kB
                    
Downloaded from central: https://repo1.maven.org/maven2/org/apache/cxf/cxf-rt-bindings-xml/2.2.4/cxf-rt-bindings-xml-2.2.4.pom (3.8 kB at 33 kB/s)
Downloading from central: https://repo1.maven.org/maven2/org/apache/cxf/cxf-rt-transports-http/2.2.4/cxf-rt-transports-http-2.2.4.pom
Progress (1): 828 B
Progress (1): 3.2 kB
Progress (1): 4.9 kB
                    
Downloaded from central: https://repo1.maven.org/maven2/org/apache/cxf/cxf-rt-transports-http/2.2.4/cxf-rt-transports-http-2.2.4.pom (4.9 kB at 22 kB/s)
Downloading from central: https://repo1.maven.org/maven2/org/apache/cxf/cxf-rt-databinding-aegis/2.2.4/cxf-rt-databinding-aegis-2.2.4.pom
Progress (1): 822 B
Progress (1): 4.1 kB
Progress (1): 4.6 kB
                    
Downloaded from central: https://repo1.maven.org/maven2/org/apache/cxf/cxf-rt-databinding-aegis/2.2.4/cxf-rt-databinding-aegis-2.2.4.pom (4.6 kB at 11 kB/s)
Downloading from central: https://repo1.maven.org/maven2/org/apache/abdera/abdera-core/0.4.0-incubating/abdera-core-0.4.0-incubating.pom
Progress (1): 857 B
Progress (1): 2.0 kB
                    
Downloaded from central: https://repo1.maven.org/maven2/org/apache/abdera/abdera-core/0.4.0-incubating/abdera-core-0.4.0-incubating.pom (2.0 kB at 10 kB/s)
Downloading from central: https://repo1.maven.org/maven2/org/apache/abdera/abdera/0.4.0-incubating/abdera-0.4.0-incubating.pom
Progress (1): 769 B
Progress (1): 2.8 kB
Progress (1): 5.6 kB
Progress (1): 8.9 kB
Progress (1): 12 kB 
Progress (1): 14 kB
                   
Downloaded from central: https://repo1.maven.org/maven2/org/apache/abdera/abdera/0.4.0-incubating/abdera-0.4.0-incubating.pom (14 kB at 143 kB/s)
Downloading from central: https://repo1.maven.org/maven2/org/apache/abdera/abdera-i18n/0.4.0-incubating/abdera-i18n-0.4.0-incubating.pom
Progress (1): 850 B
Progress (1): 1.9 kB
                    
Downloaded from central: https://repo1.maven.org/maven2/org/apache/abdera/abdera-i18n/0.4.0-incubating/abdera-i18n-0.4.0-incubating.pom (1.9 kB at 5.8 kB/s)
Downloading from central: https://repo1.maven.org/maven2/org/apache/abdera/abdera-parser/0.4.0-incubating/abdera-parser-0.4.0-incubating.pom
Progress (1): 848 B
Progress (1): 2.5 kB
                    
Downloaded from central: https://repo1.maven.org/maven2/org/apache/abdera/abdera-parser/0.4.0-incubating/abdera-parser-0.4.0-incubating.pom (2.5 kB at 3.6 kB/s)
Downloading from central: https://repo1.maven.org/maven2/org/apache/geronimo/specs/geronimo-activation_1.0.2_spec/1.1/geronimo-activation_1.0.2_spec-1.1.pom
Progress (1): 769 B
                   
Downloaded from central: https://repo1.maven.org/maven2/org/apache/geronimo/specs/geronimo-activation_1.0.2_spec/1.1/geronimo-activation_1.0.2_spec-1.1.pom (769 B at 12 kB/s)
Downloading from central: https://repo1.maven.org/maven2/org/apache/geronimo/specs/specs/1.1/specs-1.1.pom
Progress (1): 1.0 kB
Progress (1): 3.4 kB
Progress (1): 6.1 kB
Progress (1): 13 kB 
Progress (1): 13 kB
                   
Downloaded from central: https://repo1.maven.org/maven2/org/apache/geronimo/specs/specs/1.1/specs-1.1.pom (13 kB at 254 kB/s)
Downloading from central: https://repo1.maven.org/maven2/org/apache/apache/1/apache-1.pom
Progress (1): 805 B
Progress (1): 2.3 kB
Progress (1): 3.4 kB
                    
Downloaded from central: https://repo1.maven.org/maven2/org/apache/apache/1/apache-1.pom (3.4 kB at 74 kB/s)
Downloading from central: https://repo1.maven.org/maven2/org/apache/ws/commons/axiom/axiom-impl/1.2.5/axiom-impl-1.2.5.pom
Progress (1): 853 B
Progress (1): 2.3 kB
                    
Downloaded from central: https://repo1.maven.org/maven2/org/apache/ws/commons/axiom/axiom-impl/1.2.5/axiom-impl-1.2.5.pom (2.3 kB at 48 kB/s)
Downloading from central: https://repo1.maven.org/maven2/org/apache/ws/commons/axiom/axiom-parent/1.2.5/axiom-parent-1.2.5.pom
Progress (1): 1.1 kB
Progress (1): 3.7 kB
Progress (1): 7.4 kB
Progress (1): 12 kB 
Progress (1): 17 kB
Progress (1): 20 kB
Progress (1): 20 kB
                   
Downloaded from central: https://repo1.maven.org/maven2/org/apache/ws/commons/axiom/axiom-parent/1.2.5/axiom-parent-1.2.5.pom (20 kB at 329 kB/s)
Downloading from central: https://repo1.maven.org/maven2/org/apache/ws/commons/axiom/axiom-api/1.2.5/axiom-api-1.2.5.pom
Progress (1): 853 B
Progress (1): 2.8 kB
                    
Downloaded from central: https://repo1.maven.org/maven2/org/apache/ws/commons/axiom/axiom-api/1.2.5/axiom-api-1.2.5.pom (2.8 kB at 59 kB/s)
Downloading from central: https://repo1.maven.org/maven2/jaxen/jaxen/1.1-beta-9/jaxen-1.1-beta-9.pom
Progress (1): 1.8 kB
Progress (1): 4.1 kB
Progress (1): 6.2 kB
Progress (1): 7.8 kB
                    
Downloaded from central: https://repo1.maven.org/maven2/jaxen/jaxen/1.1-beta-9/jaxen-1.1-beta-9.pom (7.8 kB at 128 kB/s)
Downloading from central: https://repo1.maven.org/maven2/org/apache/abdera/abdera-extensions-json/0.4.0-incubating/abdera-extensions-json-0.4.0-incubating.pom
Progress (1): 857 B
Progress (1): 2.2 kB
                    
Downloaded from central: https://repo1.maven.org/maven2/org/apache/abdera/abdera-extensions-json/0.4.0-incubating/abdera-extensions-json-0.4.0-incubating.pom (2.2 kB at 8.6 kB/s)
Downloading from central: https://repo1.maven.org/maven2/org/apache/abdera/abdera-extensions-main/0.4.0-incubating/abdera-extensions-main-0.4.0-incubating.pom
Progress (1): 857 B
Progress (1): 2.1 kB
                    
Downloaded from central: https://repo1.maven.org/maven2/org/apache/abdera/abdera-extensions-main/0.4.0-incubating/abdera-extensions-main-0.4.0-incubating.pom (2.1 kB at 5.8 kB/s)
[INFO] Artifact org.codehaus.jettison:jettison:pom:1.1 is present in the local repository, but cached from a remote repository ID that is unavailable in current build context, verifying that is downloadable from [maven-default-http-blocker (http://0.0.0.0/, default, releases+snapshots, blocked), central (https://repo1.maven.org/maven2, default, releases)]
[INFO] Artifact org.codehaus.jettison:jettison:pom:1.1 is present in the local repository, but cached from a remote repository ID that is unavailable in current build context, verifying that is downloadable from [maven-default-http-blocker (http://0.0.0.0/, default, releases+snapshots, blocked), central (https://repo1.maven.org/maven2, default, releases)]
Downloading from central: https://repo1.maven.org/maven2/org/codehaus/jettison/jettison/1.1/jettison-1.1.pom
Downloaded from central: https://repo1.maven.org/maven2/org/codehaus/jettison/jettison/1.1/jettison-1.1.pom (0 B at 0 B/s)
Downloading from central: https://repo1.maven.org/maven2/org/apache/xmlbeans/xmlbeans/2.4.0/xmlbeans-2.4.0.pom
Progress (1): 1.8 kB
Progress (1): 5.0 kB
                    
Downloaded from central: https://repo1.maven.org/maven2/org/apache/xmlbeans/xmlbeans/2.4.0/xmlbeans-2.4.0.pom (5.0 kB at 54 kB/s)
Downloading from central: https://repo1.maven.org/maven2/org/codehaus/woodstox/woodstox-core-asl/4.0.3/woodstox-core-asl-4.0.3.pom
Progress (1): 990 B
Progress (1): 1.6 kB
                    
Downloaded from central: https://repo1.maven.org/maven2/org/codehaus/woodstox/woodstox-core-asl/4.0.3/woodstox-core-asl-4.0.3.pom (1.6 kB at 16 kB/s)
Downloading from central: https://repo1.maven.org/maven2/org/codehaus/woodstox/stax2-api/3.0.1/stax2-api-3.0.1.pom
Progress (1): 923 B
Progress (1): 1.4 kB
                    
Downloaded from central: https://repo1.maven.org/maven2/org/codehaus/woodstox/stax2-api/3.0.1/stax2-api-3.0.1.pom (1.4 kB at 15 kB/s)
Downloading from central: https://repo1.maven.org/maven2/org/springframework/spring-core/2.5.5/spring-core-2.5.5.pom
Progress (1): 1.2 kB
Progress (1): 2.9 kB
                    
Downloaded from central: https://repo1.maven.org/maven2/org/springframework/spring-core/2.5.5/spring-core-2.5.5.pom (2.9 kB at 31 kB/s)
Downloading from central: https://repo1.maven.org/maven2/org/codehaus/woodstox/wstx-asl/3.2.8/wstx-asl-3.2.8.pom
Progress (1): 1.0 kB
Progress (1): 1.3 kB
                    
Downloaded from central: https://repo1.maven.org/maven2/org/codehaus/woodstox/wstx-asl/3.2.8/wstx-asl-3.2.8.pom (1.3 kB at 15 kB/s)
Downloading from central: https://repo1.maven.org/maven2/org/apache/cxf/cxf-rt-frontend-jaxws/2.2.4/cxf-rt-frontend-jaxws-2.2.4.pom
Progress (1): 813 B
Progress (1): 4.0 kB
Progress (1): 6.2 kB
                    
Downloaded from central: https://repo1.maven.org/maven2/org/apache/cxf/cxf-rt-frontend-jaxws/2.2.4/cxf-rt-frontend-jaxws-2.2.4.pom (6.2 kB at 60 kB/s)
Downloading from central: https://repo1.maven.org/maven2/org/apache/geronimo/specs/geronimo-jaxws_2.1_spec/1.0/geronimo-jaxws_2.1_spec-1.0.pom
Progress (1): 838 B
Progress (1): 2.4 kB
Progress (1): 4.5 kB
                    
Downloaded from central: https://repo1.maven.org/maven2/org/apache/geronimo/specs/geronimo-jaxws_2.1_spec/1.0/geronimo-jaxws_2.1_spec-1.0.pom (4.5 kB at 32 kB/s)
Downloading from central: https://repo1.maven.org/maven2/org/apache/geronimo/specs/specs-parent/1.5/specs-parent-1.5.pom
Progress (1): 809 B
Progress (1): 2.3 kB
Progress (1): 5.0 kB
Progress (1): 5.6 kB
                    
Downloaded from central: https://repo1.maven.org/maven2/org/apache/geronimo/specs/specs-parent/1.5/specs-parent-1.5.pom (5.6 kB at 66 kB/s)
Downloading from central: https://repo1.maven.org/maven2/org/apache/geronimo/genesis/config/project-config/1.4/project-config-1.4.pom
Progress (1): 796 B
Progress (1): 2.2 kB
Progress (1): 5.0 kB
Progress (1): 9.1 kB
Progress (1): 12 kB 
Progress (1): 17 kB
Progress (1): 19 kB
                   
Downloaded from central: https://repo1.maven.org/maven2/org/apache/geronimo/genesis/config/project-config/1.4/project-config-1.4.pom (19 kB at 219 kB/s)
Downloading from central: https://repo1.maven.org/maven2/org/apache/geronimo/genesis/config/config/1.4/config-1.4.pom
Progress (1): 832 B
Progress (1): 2.8 kB
Progress (1): 3.9 kB
                    
Downloaded from central: https://repo1.maven.org/maven2/org/apache/geronimo/genesis/config/config/1.4/config-1.4.pom (3.9 kB at 42 kB/s)
Downloading from central: https://repo1.maven.org/maven2/org/apache/geronimo/genesis/genesis/1.4/genesis-1.4.pom
Progress (1): 813 B
Progress (1): 2.2 kB
Progress (1): 6.3 kB
Progress (1): 11 kB 
                   
Downloaded from central: https://repo1.maven.org/maven2/org/apache/geronimo/genesis/genesis/1.4/genesis-1.4.pom (11 kB at 72 kB/s)
[INFO] Artifact org.apache.geronimo.specs:geronimo-ws-metadata_2.0_spec:pom:1.1.2 is present in the local repository, but cached from a remote repository ID that is unavailable in current build context, verifying that is downloadable from [maven-default-http-blocker (http://0.0.0.0/, default, snapshots, blocked), central (https://repo1.maven.org/maven2, default, releases)]
[INFO] Artifact org.apache.geronimo.specs:geronimo-ws-metadata_2.0_spec:pom:1.1.2 is present in the local repository, but cached from a remote repository ID that is unavailable in current build context, verifying that is downloadable from [maven-default-http-blocker (http://0.0.0.0/, default, snapshots, blocked), central (https://repo1.maven.org/maven2, default, releases)]
Downloading from central: https://repo1.maven.org/maven2/org/apache/geronimo/specs/geronimo-ws-metadata_2.0_spec/1.1.2/geronimo-ws-metadata_2.0_spec-1.1.2.pom
Downloaded from central: https://repo1.maven.org/maven2/org/apache/geronimo/specs/geronimo-ws-metadata_2.0_spec/1.1.2/geronimo-ws-metadata_2.0_spec-1.1.2.pom (0 B at 0 B/s)
Downloading from central: https://repo1.maven.org/maven2/asm/asm/2.2.3/asm-2.2.3.pom
Progress (1): 266 B
                   
Downloaded from central: https://repo1.maven.org/maven2/asm/asm/2.2.3/asm-2.2.3.pom (266 B at 3.7 kB/s)
Downloading from central: https://repo1.maven.org/maven2/asm/asm-parent/2.2.3/asm-parent-2.2.3.pom
Progress (1): 1.3 kB
Progress (1): 2.5 kB
                    
Downloaded from central: https://repo1.maven.org/maven2/asm/asm-parent/2.2.3/asm-parent-2.2.3.pom (2.5 kB at 20 kB/s)
Downloading from central: https://repo1.maven.org/maven2/org/apache/cxf/cxf-rt-bindings-soap/2.2.4/cxf-rt-bindings-soap-2.2.4.pom
Progress (1): 833 B
Progress (1): 3.8 kB
Progress (1): 4.7 kB
                    
Downloaded from central: https://repo1.maven.org/maven2/org/apache/cxf/cxf-rt-bindings-soap/2.2.4/cxf-rt-bindings-soap-2.2.4.pom (4.7 kB at 19 kB/s)
Downloading from central: https://repo1.maven.org/maven2/org/apache/cxf/cxf-tools-common/2.2.4/cxf-tools-common-2.2.4.pom
Progress (1): 863 B
Progress (1): 3.8 kB
Progress (1): 3.9 kB
                    
Downloaded from central: https://repo1.maven.org/maven2/org/apache/cxf/cxf-tools-common/2.2.4/cxf-tools-common-2.2.4.pom (3.9 kB at 21 kB/s)
Downloading from central: https://repo1.maven.org/maven2/javax/xml/soap/saaj-api/1.3/saaj-api-1.3.pom
Progress (1): 674 B
                   
Downloaded from central: https://repo1.maven.org/maven2/javax/xml/soap/saaj-api/1.3/saaj-api-1.3.pom (674 B at 9.2 kB/s)
Downloading from central: https://repo1.maven.org/maven2/org/apache/cxf/cxf-rt-databinding-jaxb/2.2.4/cxf-rt-databinding-jaxb-2.2.4.pom
Progress (1): 814 B
Progress (1): 3.0 kB
Progress (1): 6.5 kB
                    
Downloaded from central: https://repo1.maven.org/maven2/org/apache/cxf/cxf-rt-databinding-jaxb/2.2.4/cxf-rt-databinding-jaxb-2.2.4.pom (6.5 kB at 28 kB/s)
Downloading from central: https://repo1.maven.org/maven2/com/sun/xml/bind/jaxb-xjc/2.1.12/jaxb-xjc-2.1.12.pom
Progress (1): 345 B
                   
Downloaded from central: https://repo1.maven.org/maven2/com/sun/xml/bind/jaxb-xjc/2.1.12/jaxb-xjc-2.1.12.pom (345 B at 4.8 kB/s)
Downloading from central: https://repo1.maven.org/maven2/org/apache/cxf/cxf-rt-frontend-simple/2.2.4/cxf-rt-frontend-simple-2.2.4.pom
Progress (1): 836 B
Progress (1): 3.7 kB
                    
Downloaded from central: https://repo1.maven.org/maven2/org/apache/cxf/cxf-rt-frontend-simple/2.2.4/cxf-rt-frontend-simple-2.2.4.pom (3.7 kB at 25 kB/s)
Downloading from central: https://repo1.maven.org/maven2/org/apache/cxf/cxf-rt-ws-addr/2.2.4/cxf-rt-ws-addr-2.2.4.pom
Progress (1): 838 B
Progress (1): 3.2 kB
                    
Downloaded from central: https://repo1.maven.org/maven2/org/apache/cxf/cxf-rt-ws-addr/2.2.4/cxf-rt-ws-addr-2.2.4.pom (3.2 kB at 23 kB/s)
Downloading from central: https://repo1.maven.org/maven2/com/sun/xml/messaging/saaj/saaj-impl/1.3.2/saaj-impl-1.3.2.pom
Progress (1): 350 B
                   
Downloaded from central: https://repo1.maven.org/maven2/com/sun/xml/messaging/saaj/saaj-impl/1.3.2/saaj-impl-1.3.2.pom (350 B at 4.9 kB/s)
Downloading from central: https://repo1.maven.org/maven2/org/codehaus/jackson/jackson-jaxrs/1.2.1/jackson-jaxrs-1.2.1.pom
Progress (1): 1.2 kB
Progress (1): 1.6 kB
                    
Downloaded from central: https://repo1.maven.org/maven2/org/codehaus/jackson/jackson-jaxrs/1.2.1/jackson-jaxrs-1.2.1.pom (1.6 kB at 22 kB/s)
Downloading from central: https://repo1.maven.org/maven2/org/codehaus/jackson/jackson-core-asl/1.2.1/jackson-core-asl-1.2.1.pom
Progress (1): 1.0 kB
                    
Downloaded from central: https://repo1.maven.org/maven2/org/codehaus/jackson/jackson-core-asl/1.2.1/jackson-core-asl-1.2.1.pom (1.0 kB at 9.0 kB/s)
Downloading from central: https://repo1.maven.org/maven2/org/codehaus/jackson/jackson-mapper-asl/1.2.1/jackson-mapper-asl-1.2.1.pom
Progress (1): 1.1 kB
Progress (1): 1.2 kB
                    
Downloaded from central: https://repo1.maven.org/maven2/org/codehaus/jackson/jackson-mapper-asl/1.2.1/jackson-mapper-asl-1.2.1.pom (1.2 kB at 14 kB/s)
Downloading from central: https://repo1.maven.org/maven2/org/springframework/spring-aop/3.0.0.RELEASE/spring-aop-3.0.0.RELEASE.pom
Progress (1): 2.0 kB
Progress (1): 2.6 kB
                    
Downloaded from central: https://repo1.maven.org/maven2/org/springframework/spring-aop/3.0.0.RELEASE/spring-aop-3.0.0.RELEASE.pom (2.6 kB at 30 kB/s)
Downloading from central: https://repo1.maven.org/maven2/org/springframework/spring-parent/3.0.0.RELEASE/spring-parent-3.0.0.RELEASE.pom
Progress (1): 1.0 kB
Progress (1): 3.8 kB
Progress (1): 6.4 kB
Progress (1): 8.1 kB
                    
Downloaded from central: https://repo1.maven.org/maven2/org/springframework/spring-parent/3.0.0.RELEASE/spring-parent-3.0.0.RELEASE.pom (8.1 kB at 68 kB/s)
Downloading from central: https://repo1.maven.org/maven2/org/springframework/spring-asm/3.0.0.RELEASE/spring-asm-3.0.0.RELEASE.pom
Progress (1): 1.1 kB
Progress (1): 2.1 kB
                    
Downloaded from central: https://repo1.maven.org/maven2/org/springframework/spring-asm/3.0.0.RELEASE/spring-asm-3.0.0.RELEASE.pom (2.1 kB at 13 kB/s)
Downloading from central: https://repo1.maven.org/maven2/org/springframework/spring-beans/3.0.0.RELEASE/spring-beans-3.0.0.RELEASE.pom
Progress (1): 1.6 kB
Progress (1): 2.2 kB
                    
Downloaded from central: https://repo1.maven.org/maven2/org/springframework/spring-beans/3.0.0.RELEASE/spring-beans-3.0.0.RELEASE.pom (2.2 kB at 16 kB/s)
Downloading from central: https://repo1.maven.org/maven2/org/springframework/spring-core/3.0.0.RELEASE/spring-core-3.0.0.RELEASE.pom
Progress (1): 1.8 kB
Progress (1): 2.4 kB
                    
Downloaded from central: https://repo1.maven.org/maven2/org/springframework/spring-core/3.0.0.RELEASE/spring-core-3.0.0.RELEASE.pom (2.4 kB at 23 kB/s)
Downloading from central: https://repo1.maven.org/maven2/org/springframework/spring-aspects/3.0.0.RELEASE/spring-aspects-3.0.0.RELEASE.pom
Progress (1): 2.1 kB
Progress (1): 2.5 kB
                    
Downloaded from central: https://repo1.maven.org/maven2/org/springframework/spring-aspects/3.0.0.RELEASE/spring-aspects-3.0.0.RELEASE.pom (2.5 kB at 30 kB/s)
Downloading from central: https://repo1.maven.org/maven2/org/springframework/spring-context/3.0.0.RELEASE/spring-context-3.0.0.RELEASE.pom
Progress (1): 1.7 kB
Progress (1): 6.3 kB
Progress (1): 6.7 kB
                    
Downloaded from central: https://repo1.maven.org/maven2/org/springframework/spring-context/3.0.0.RELEASE/spring-context-3.0.0.RELEASE.pom (6.7 kB at 39 kB/s)
Downloading from central: https://repo1.maven.org/maven2/org/springframework/spring-expression/3.0.0.RELEASE/spring-expression-3.0.0.RELEASE.pom
Progress (1): 1.5 kB
Progress (1): 1.6 kB
                    
Downloaded from central: https://repo1.maven.org/maven2/org/springframework/spring-expression/3.0.0.RELEASE/spring-expression-3.0.0.RELEASE.pom (1.6 kB at 12 kB/s)
Downloading from central: https://repo1.maven.org/maven2/org/springframework/spring-test/3.0.0.RELEASE/spring-test-3.0.0.RELEASE.pom
Progress (1): 2.1 kB
Progress (1): 5.5 kB
                    
Downloaded from central: https://repo1.maven.org/maven2/org/springframework/spring-test/3.0.0.RELEASE/spring-test-3.0.0.RELEASE.pom (5.5 kB at 39 kB/s)
Downloading from central: https://repo1.maven.org/maven2/org/springframework/spring-context-support/3.0.0.RELEASE/spring-context-support-3.0.0.RELEASE.pom
Progress (1): 1.8 kB
Progress (1): 4.5 kB
                    
Downloaded from central: https://repo1.maven.org/maven2/org/springframework/spring-context-support/3.0.0.RELEASE/spring-context-support-3.0.0.RELEASE.pom (4.5 kB at 34 kB/s)
Downloading from central: https://repo1.maven.org/maven2/org/springframework/security/spring-security-core/3.0.0.RELEASE/spring-security-core-3.0.0.RELEASE.pom
Progress (1): 3.0 kB
Progress (1): 3.6 kB
                    
Downloaded from central: https://repo1.maven.org/maven2/org/springframework/security/spring-security-core/3.0.0.RELEASE/spring-security-core-3.0.0.RELEASE.pom (3.6 kB at 31 kB/s)
Downloading from central: https://repo1.maven.org/maven2/org/springframework/security/spring-security-parent/3.0.0.RELEASE/spring-security-parent-3.0.0.RELEASE.pom
Progress (1): 1.2 kB
Progress (1): 3.3 kB
Progress (1): 6.3 kB
Progress (1): 9.7 kB
Progress (1): 14 kB 
Progress (1): 20 kB
Progress (1): 23 kB
                   
Downloaded from central: https://repo1.maven.org/maven2/org/springframework/security/spring-security-parent/3.0.0.RELEASE/spring-security-parent-3.0.0.RELEASE.pom (23 kB at 124 kB/s)
Downloading from central: https://repo1.maven.org/maven2/org/springframework/spring-tx/3.0.0.RELEASE/spring-tx-3.0.0.RELEASE.pom
Progress (1): 1.6 kB
Progress (1): 3.5 kB
                    
Downloaded from central: https://repo1.maven.org/maven2/org/springframework/spring-tx/3.0.0.RELEASE/spring-tx-3.0.0.RELEASE.pom (3.5 kB at 20 kB/s)
Downloading from central: https://repo1.maven.org/maven2/org/aspectj/aspectjrt/1.6.5/aspectjrt-1.6.5.pom
Progress (1): 905 B
                   
Downloaded from central: https://repo1.maven.org/maven2/org/aspectj/aspectjrt/1.6.5/aspectjrt-1.6.5.pom (905 B at 11 kB/s)
Downloading from central: https://repo1.maven.org/maven2/org/aspectj/aspectjweaver/1.6.5/aspectjweaver-1.6.5.pom
Progress (1): 908 B
                   
Downloaded from central: https://repo1.maven.org/maven2/org/aspectj/aspectjweaver/1.6.5/aspectjweaver-1.6.5.pom (908 B at 11 kB/s)
Downloading from central: https://repo1.maven.org/maven2/org/springframework/security/spring-security-config/3.0.0.RELEASE/spring-security-config-3.0.0.RELEASE.pom
Progress (1): 3.2 kB
Progress (1): 4.3 kB
                    
Downloaded from central: https://repo1.maven.org/maven2/org/springframework/security/spring-security-config/3.0.0.RELEASE/spring-security-config-3.0.0.RELEASE.pom (4.3 kB at 32 kB/s)
Downloading from central: https://repo1.maven.org/maven2/junit/junit/4.7/junit-4.7.pom
Progress (1): 1.0 kB
Progress (1): 1.2 kB
                    
Downloaded from central: https://repo1.maven.org/maven2/junit/junit/4.7/junit-4.7.pom (1.2 kB at 12 kB/s)
Downloading from central: https://repo1.maven.org/maven2/mysql/mysql-connector-java/5.1.10/mysql-connector-java-5.1.10.pom
Progress (1): 1.0 kB
Progress (1): 1.1 kB
                    
Downloaded from central: https://repo1.maven.org/maven2/mysql/mysql-connector-java/5.1.10/mysql-connector-java-5.1.10.pom (1.1 kB at 12 kB/s)
[INFO] ------------------------------------------------------------------------
[INFO] BUILD FAILURE
[INFO] ------------------------------------------------------------------------
[INFO] Total time:  14.558 s
[INFO] Finished at: 2026-02-24T21:30:44-05:00
[INFO] ------------------------------------------------------------------------
[ERROR] Failed to execute goal on project appfuse-service: Could not collect dependencies for project org.appfuse:appfuse-service:jar:2.1.0-M2-SNAPSHOT
[ERROR] Failed to read artifact descriptor for org.appfuse:appfuse-hibernate:jar:2.1.0-M2-SNAPSHOT
[ERROR] 	Caused by: The following artifacts could not be resolved: org.appfuse:appfuse-hibernate:pom:2.1.0-M2-SNAPSHOT (absent): Could not transfer artifact org.appfuse:appfuse-hibernate:pom:2.1.0-M2-SNAPSHOT from/to maven-default-http-blocker (http://0.0.0.0/): Blocked mirror for repositories: [appfuse-snapshots (http://oss.sonatype.org/content/repositories/appfuse-snapshots, default, snapshots)]
[ERROR] 
[ERROR] -> [Help 1]
[ERROR] 
[ERROR] To see the full stack trace of the errors, re-run Maven with the -e switch.
[ERROR] Re-run Maven using the -X switch to enable full debug logging.
[ERROR] 
[ERROR] For more information about the errors and possible solutions, please read the following articles:
[ERROR] [Help 1] http://cwiki.apache.org/confluence/display/MAVEN/DependencyResolutionException

STDERR:
