COMMAND: mvn.cmd -s D:\Khedma\Mr wiem\mutation-test-pipeline\.mvn\settings.xml -DskipTests compile

STDOUT:
[INFO] Scanning for projects...
[INFO] 
[INFO] -----------------------< br.com.caelum:vraptor >------------------------
[INFO] Building vraptor 3.5.6-SNAPSHOT
[INFO]   from pom.xml
[INFO] --------------------------------[ jar ]---------------------------------
[INFO] Artifact javax.annotation:jsr250-api:pom:1.0 is present in the local repository, but cached from a remote repository ID that is unavailable in current build context, verifying that is downloadable from [sonatype-nexus-snapshots (https://oss.sonatype.org/content/repositories/snapshots, default, snapshots), central (https://repo1.maven.org/maven2, default, releases), maven-default-http-blocker (http://0.0.0.0/, default, releases, blocked)]
[INFO] Artifact javax.annotation:jsr250-api:pom:1.0 is present in the local repository, but cached from a remote repository ID that is unavailable in current build context, verifying that is downloadable from [sonatype-nexus-snapshots (https://oss.sonatype.org/content/repositories/snapshots, default, snapshots), central (https://repo1.maven.org/maven2, default, releases), maven-default-http-blocker (http://0.0.0.0/, default, releases, blocked)]
Downloading from central: https://repo1.maven.org/maven2/javax/annotation/jsr250-api/1.0/jsr250-api-1.0.pom
Downloaded from central: https://repo1.maven.org/maven2/javax/annotation/jsr250-api/1.0/jsr250-api-1.0.pom (0 B at 0 B/s)
Downloading from central: https://repo1.maven.org/maven2/javax/annotation/javax.annotation-api/1.2/javax.annotation-api-1.2.pom
Progress (1): 702 B
Progress (1): 1.6 kB
Progress (1): 3.1 kB
Progress (1): 4.9 kB
Progress (1): 6.6 kB
Progress (1): 11 kB 
Progress (1): 13 kB
                   
Downloaded from central: https://repo1.maven.org/maven2/javax/annotation/javax.annotation-api/1.2/javax.annotation-api-1.2.pom (13 kB at 228 kB/s)
Downloading from central: https://repo1.maven.org/maven2/javax/annotation/javax.annotation-api/1.2/javax.annotation-api-1.2.jar
Downloading from central: https://repo1.maven.org/maven2/javax/annotation/jsr250-api/1.0/jsr250-api-1.0.jar
Progress (1): 0.9/5.8 kB
Progress (1): 2.3/5.8 kB
Progress (1): 3.6/5.8 kB
Progress (1): 5.0/5.8 kB
Progress (1): 5.8 kB    
                    
Downloaded from central: https://repo1.maven.org/maven2/javax/annotation/jsr250-api/1.0/jsr250-api-1.0.jar (5.8 kB at 122 kB/s)
Progress (1): 0.9/26 kB
Progress (1): 2.3/26 kB
Progress (1): 3.6/26 kB
Progress (1): 5.0/26 kB
Progress (1): 6.4/26 kB
Progress (1): 7.7/26 kB
Progress (1): 9.1/26 kB
Progress (1): 10/26 kB 
Progress (1): 12/26 kB
Progress (1): 13/26 kB
Progress (1): 15/26 kB
Progress (1): 16/26 kB
Progress (1): 17/26 kB
Progress (1): 18/26 kB
Progress (1): 20/26 kB
Progress (1): 21/26 kB
Progress (1): 23/26 kB
Progress (1): 24/26 kB
Progress (1): 25/26 kB
Progress (1): 26 kB   
                   
Downloaded from central: https://repo1.maven.org/maven2/javax/annotation/javax.annotation-api/1.2/javax.annotation-api-1.2.jar (26 kB at 280 kB/s)
[INFO] 
[INFO] --- enforcer:1.0:enforce (enforce-maven) @ vraptor ---
[INFO] 
[INFO] --- antrun:1.7:run (process-sources) @ vraptor ---
[INFO] Executing tasks

main:
[INFO] Executed tasks
[INFO] 
[INFO] --- resources:3.3.1:resources (default-resources) @ vraptor ---
[INFO] Copying 2 resources from src\main\resources to target\classes
[INFO] 
[INFO] --- compiler:2.3.1:compile (default-compile) @ vraptor ---
[INFO] Compiling 418 source files to D:\Khedma\Mr wiem\mutation-test-pipeline\target-repos\154520\vraptor-core\target\classes
[INFO] -------------------------------------------------------------
[ERROR] COMPILATION ERROR : 
[INFO] -------------------------------------------------------------
[ERROR] error: Source option 5 is no longer supported. Use 7 or later.
[ERROR] error: Target option 5 is no longer supported. Use 7 or later.
[INFO] 2 errors 
[INFO] -------------------------------------------------------------
[INFO] ------------------------------------------------------------------------
[INFO] BUILD FAILURE
[INFO] ------------------------------------------------------------------------
[INFO] Total time:  1.944 s
[INFO] Finished at: 2026-02-25T19:24:46-05:00
[INFO] ------------------------------------------------------------------------
[ERROR] Failed to execute goal org.apache.maven.plugins:maven-compiler-plugin:2.3.1:compile (default-compile) on project vraptor: Compilation failure: Compilation failure: 
[ERROR] error: Source option 5 is no longer supported. Use 7 or later.
[ERROR] error: Target option 5 is no longer supported. Use 7 or later.
[ERROR] -> [Help 1]
[ERROR] 
[ERROR] To see the full stack trace of the errors, re-run Maven with the -e switch.
[ERROR] Re-run Maven using the -X switch to enable full debug logging.
[ERROR] 
[ERROR] For more information about the errors and possible solutions, please read the following articles:
[ERROR] [Help 1] http://cwiki.apache.org/confluence/display/MAVEN/MojoFailureException

STDERR:
