COMMAND: mvn.cmd -s D:\Khedma\Mr wiem\mutation-test-pipeline\.mvn\settings.xml -DskipTests compile

STDOUT:
[INFO] Scanning for projects...
[WARNING] This build will only read from the build cache, since the clean lifecycle is not part of the build invocation.
[INFO] 
[INFO] ---------------< org.apache.hive.hcatalog:hive-webhcat >----------------
[INFO] Building Hive HCatalog Webhcat 4.3.0-SNAPSHOT
[INFO]   from pom.xml
[INFO] --------------------------------[ jar ]---------------------------------
Downloading from central: https://repo1.maven.org/maven2/org/apache/hive/hcatalog/hive-hcatalog-core/4.3.0-SNAPSHOT/maven-metadata.xml
Downloading from central: https://repo1.maven.org/maven2/org/apache/hive/hcatalog/hive-hcatalog-core/4.3.0-SNAPSHOT/hive-hcatalog-core-4.3.0-SNAPSHOT.pom
[WARNING] The POM for org.apache.hive.hcatalog:hive-hcatalog-core:jar:4.3.0-SNAPSHOT is missing, no dependency information available
Downloading from central: https://repo1.maven.org/maven2/org/apache/hive/hive-jdbc/4.3.0-SNAPSHOT/maven-metadata.xml
Downloading from central: https://repo1.maven.org/maven2/org/apache/hive/hive-jdbc/4.3.0-SNAPSHOT/hive-jdbc-4.3.0-SNAPSHOT.pom
[WARNING] The POM for org.apache.hive:hive-jdbc:jar:4.3.0-SNAPSHOT is missing, no dependency information available
Downloading from central: https://repo1.maven.org/maven2/org/apache/hive/hive-standalone-metastore-common/4.3.0-SNAPSHOT/maven-metadata.xml
Downloading from central: https://repo1.maven.org/maven2/org/apache/hive/hive-standalone-metastore-common/4.3.0-SNAPSHOT/hive-standalone-metastore-common-4.3.0-SNAPSHOT.pom
[WARNING] The POM for org.apache.hive:hive-standalone-metastore-common:jar:tests:4.3.0-SNAPSHOT is missing, no dependency information available
Downloading from central: https://repo1.maven.org/maven2/org/apache/hive/hive-standalone-metastore-server/4.3.0-SNAPSHOT/maven-metadata.xml
Downloading from central: https://repo1.maven.org/maven2/org/apache/hive/hive-standalone-metastore-server/4.3.0-SNAPSHOT/hive-standalone-metastore-server-4.3.0-SNAPSHOT.pom
[WARNING] The POM for org.apache.hive:hive-standalone-metastore-server:jar:tests:4.3.0-SNAPSHOT is missing, no dependency information available
Downloading from central: https://repo1.maven.org/maven2/org/apache/hive/hive-common/4.3.0-SNAPSHOT/maven-metadata.xml
Downloading from central: https://repo1.maven.org/maven2/org/apache/hive/hive-common/4.3.0-SNAPSHOT/hive-common-4.3.0-SNAPSHOT.pom
[WARNING] The POM for org.apache.hive:hive-common:jar:tests:4.3.0-SNAPSHOT is missing, no dependency information available
Downloading from central: https://repo1.maven.org/maven2/org/apache/hive/hcatalog/hive-hcatalog-core/4.3.0-SNAPSHOT/hive-hcatalog-core-4.3.0-SNAPSHOT.jar
Downloading from central: https://repo1.maven.org/maven2/org/apache/hive/hive-jdbc/4.3.0-SNAPSHOT/hive-jdbc-4.3.0-SNAPSHOT.jar
Downloading from central: https://repo1.maven.org/maven2/org/apache/hive/hive-standalone-metastore-common/4.3.0-SNAPSHOT/hive-standalone-metastore-common-4.3.0-SNAPSHOT-tests.jar
Downloading from central: https://repo1.maven.org/maven2/org/apache/hive/hive-standalone-metastore-server/4.3.0-SNAPSHOT/hive-standalone-metastore-server-4.3.0-SNAPSHOT-tests.jar
Downloading from central: https://repo1.maven.org/maven2/org/apache/hive/hive-common/4.3.0-SNAPSHOT/hive-common-4.3.0-SNAPSHOT-tests.jar
[INFO] ------------------------------------------------------------------------
[INFO] BUILD FAILURE
[INFO] ------------------------------------------------------------------------
[INFO] Total time:  5.335 s
[INFO] Finished at: 2026-02-25T13:15:13-05:00
[INFO] ------------------------------------------------------------------------
[INFO] 0 goals, 0 executed
[ERROR] Failed to execute goal on project hive-webhcat: Could not resolve dependencies for project org.apache.hive.hcatalog:hive-webhcat:jar:4.3.0-SNAPSHOT
[ERROR] dependency: org.apache.hive.hcatalog:hive-hcatalog-core:jar:4.3.0-SNAPSHOT (provided)
[ERROR] 	Could not find artifact org.apache.hive.hcatalog:hive-hcatalog-core:jar:4.3.0-SNAPSHOT in central (https://repo1.maven.org/maven2)
[ERROR] dependency: org.apache.hive:hive-jdbc:jar:4.3.0-SNAPSHOT (compile)
[ERROR] 	Could not find artifact org.apache.hive:hive-jdbc:jar:4.3.0-SNAPSHOT in central (https://repo1.maven.org/maven2)
[ERROR] dependency: org.apache.hive:hive-standalone-metastore-common:jar:tests:4.3.0-SNAPSHOT (test)
[ERROR] 	Could not find artifact org.apache.hive:hive-standalone-metastore-common:jar:tests:4.3.0-SNAPSHOT in central (https://repo1.maven.org/maven2)
[ERROR] dependency: org.apache.hive:hive-standalone-metastore-server:jar:tests:4.3.0-SNAPSHOT (test)
[ERROR] 	Could not find artifact org.apache.hive:hive-standalone-metastore-server:jar:tests:4.3.0-SNAPSHOT in central (https://repo1.maven.org/maven2)
[ERROR] dependency: org.apache.hive:hive-common:jar:tests:4.3.0-SNAPSHOT (test)
[ERROR] 	Could not find artifact org.apache.hive:hive-common:jar:tests:4.3.0-SNAPSHOT in central (https://repo1.maven.org/maven2)
[ERROR] 
[ERROR] -> [Help 1]
[ERROR] 
[ERROR] To see the full stack trace of the errors, re-run Maven with the -e switch.
[ERROR] Re-run Maven using the -X switch to enable full debug logging.
[ERROR] 
[ERROR] For more information about the errors and possible solutions, please read the following articles:
[ERROR] [Help 1] http://cwiki.apache.org/confluence/display/MAVEN/DependencyResolutionException

STDERR:
