COMMAND: mvn.cmd -s D:\Khedma\Mr wiem\mutation-test-pipeline\.mvn\settings.xml -DskipTests compile

STDOUT:
[INFO] Scanning for projects...
[INFO] 
[INFO] -------------< org.apache.synapse:synapse-nhttp-transport >-------------
[INFO] Building Apache Synapse - Non-blocking HTTP/s Transport 3.0.3-SNAPSHOT
[INFO]   from pom.xml
[INFO] -------------------------------[ bundle ]-------------------------------
[WARNING] The POM for org.apache.synapse:synapse-commons:jar:3.0.3-SNAPSHOT is missing, no dependency information available
[INFO] ------------------------------------------------------------------------
[INFO] BUILD FAILURE
[INFO] ------------------------------------------------------------------------
[INFO] Total time:  0.774 s
[INFO] Finished at: 2026-02-25T13:51:20-05:00
[INFO] ------------------------------------------------------------------------
[ERROR] Failed to execute goal on project synapse-nhttp-transport: Could not resolve dependencies for project org.apache.synapse:synapse-nhttp-transport:bundle:3.0.3-SNAPSHOT
[ERROR] dependency: org.apache.synapse:synapse-commons:jar:3.0.3-SNAPSHOT (compile)
[ERROR] 	org.apache.synapse:synapse-commons:jar:3.0.3-SNAPSHOT was not found in https://repository.apache.org/snapshots during a previous attempt. This failure was cached in the local repository and resolution is not reattempted until the update interval of apache.snapshots has elapsed or updates are forced
[ERROR] 
[ERROR] -> [Help 1]
[ERROR] 
[ERROR] To see the full stack trace of the errors, re-run Maven with the -e switch.
[ERROR] Re-run Maven using the -X switch to enable full debug logging.
[ERROR] 
[ERROR] For more information about the errors and possible solutions, please read the following articles:
[ERROR] [Help 1] http://cwiki.apache.org/confluence/display/MAVEN/DependencyResolutionException

STDERR:
