COMMAND: mvn.cmd -s D:\Khedma\Mr wiem\mutation-test-pipeline\.mvn\settings.xml -DskipTests compile

STDOUT:
[INFO] Scanning for projects...
[INFO] 
[INFO] ------------------< org.apache.xmlgraphics:fop-core >-------------------
[INFO] Building Apache FOP Core 2.11.0-SNAPSHOT
[INFO]   from pom.xml
[INFO] --------------------------------[ jar ]---------------------------------
Downloading from central: https://repo1.maven.org/maven2/org/apache/maven/plugins/maven-javadoc-plugin/maven-metadata.xml
Progress (1): 1.7 kB
                    
Downloaded from central: https://repo1.maven.org/maven2/org/apache/maven/plugins/maven-javadoc-plugin/maven-metadata.xml (1.7 kB at 4.9 kB/s)
Downloading from apache.snapshots.https: https://repository.apache.org/content/repositories/snapshots/org/apache/xmlgraphics/batik-anim/1.18.0-SNAPSHOT/maven-metadata.xml
Progress (1): 785 B
                   
Downloaded from apache.snapshots.https: https://repository.apache.org/content/repositories/snapshots/org/apache/xmlgraphics/batik-anim/1.18.0-SNAPSHOT/maven-metadata.xml (785 B at 1.6 kB/s)
Downloading from apache.snapshots.https: https://repository.apache.org/content/repositories/snapshots/org/apache/xmlgraphics/batik/1.18.0-SNAPSHOT/maven-metadata.xml
Progress (1): 606 B
                   
Downloaded from apache.snapshots.https: https://repository.apache.org/content/repositories/snapshots/org/apache/xmlgraphics/batik/1.18.0-SNAPSHOT/maven-metadata.xml (606 B at 3.7 kB/s)
Downloading from apache.snapshots.https: https://repository.apache.org/content/repositories/snapshots/org/apache/xmlgraphics/batik-awt-util/1.18.0-SNAPSHOT/maven-metadata.xml
Progress (1): 789 B
                   
Downloaded from apache.snapshots.https: https://repository.apache.org/content/repositories/snapshots/org/apache/xmlgraphics/batik-awt-util/1.18.0-SNAPSHOT/maven-metadata.xml (789 B at 5.0 kB/s)
Downloading from apache.snapshots.https: https://repository.apache.org/content/repositories/snapshots/org/apache/xmlgraphics/batik-shared-resources/1.18.0-SNAPSHOT/maven-metadata.xml
Progress (1): 797 B
                   
Downloaded from apache.snapshots.https: https://repository.apache.org/content/repositories/snapshots/org/apache/xmlgraphics/batik-shared-resources/1.18.0-SNAPSHOT/maven-metadata.xml (797 B at 5.1 kB/s)
Downloading from apache.snapshots.https: https://repository.apache.org/content/repositories/snapshots/org/apache/xmlgraphics/batik-util/1.18.0-SNAPSHOT/maven-metadata.xml
Progress (1): 998 B
                   
Downloaded from apache.snapshots.https: https://repository.apache.org/content/repositories/snapshots/org/apache/xmlgraphics/batik-util/1.18.0-SNAPSHOT/maven-metadata.xml (998 B at 6.3 kB/s)
Downloading from apache.snapshots.https: https://repository.apache.org/content/repositories/snapshots/org/apache/xmlgraphics/batik-constants/1.18.0-SNAPSHOT/maven-metadata.xml
Progress (1): 790 B
                   
Downloaded from apache.snapshots.https: https://repository.apache.org/content/repositories/snapshots/org/apache/xmlgraphics/batik-constants/1.18.0-SNAPSHOT/maven-metadata.xml (790 B at 4.8 kB/s)
Downloading from apache.snapshots.https: https://repository.apache.org/content/repositories/snapshots/org/apache/xmlgraphics/batik-i18n/1.18.0-SNAPSHOT/maven-metadata.xml
Progress (1): 785 B
                   
Downloaded from apache.snapshots.https: https://repository.apache.org/content/repositories/snapshots/org/apache/xmlgraphics/batik-i18n/1.18.0-SNAPSHOT/maven-metadata.xml (785 B at 4.8 kB/s)
Downloading from apache.snapshots.https: https://repository.apache.org/content/repositories/snapshots/org/apache/xmlgraphics/xmlgraphics-commons/2.9.0-SNAPSHOT/maven-metadata.xml
Progress (1): 794 B
                   
Downloaded from apache.snapshots.https: https://repository.apache.org/content/repositories/snapshots/org/apache/xmlgraphics/xmlgraphics-commons/2.9.0-SNAPSHOT/maven-metadata.xml (794 B at 5.0 kB/s)
Downloading from apache.snapshots.https: https://repository.apache.org/content/repositories/snapshots/org/apache/xmlgraphics/batik-css/1.18.0-SNAPSHOT/maven-metadata.xml
Progress (1): 784 B
                   
Downloaded from apache.snapshots.https: https://repository.apache.org/content/repositories/snapshots/org/apache/xmlgraphics/batik-css/1.18.0-SNAPSHOT/maven-metadata.xml (784 B at 4.9 kB/s)
Downloading from apache.snapshots.https: https://repository.apache.org/content/repositories/snapshots/org/apache/xmlgraphics/batik-dom/1.18.0-SNAPSHOT/maven-metadata.xml
Progress (1): 784 B
                   
Downloaded from apache.snapshots.https: https://repository.apache.org/content/repositories/snapshots/org/apache/xmlgraphics/batik-dom/1.18.0-SNAPSHOT/maven-metadata.xml (784 B at 5.0 kB/s)
Downloading from apache.snapshots.https: https://repository.apache.org/content/repositories/snapshots/org/apache/xmlgraphics/batik-ext/1.18.0-SNAPSHOT/maven-metadata.xml
Progress (1): 784 B
                   
Downloaded from apache.snapshots.https: https://repository.apache.org/content/repositories/snapshots/org/apache/xmlgraphics/batik-ext/1.18.0-SNAPSHOT/maven-metadata.xml (784 B at 5.0 kB/s)
Downloading from apache.snapshots.https: https://repository.apache.org/content/repositories/snapshots/org/apache/xmlgraphics/batik-xml/1.18.0-SNAPSHOT/maven-metadata.xml
Progress (1): 784 B
                   
Downloaded from apache.snapshots.https: https://repository.apache.org/content/repositories/snapshots/org/apache/xmlgraphics/batik-xml/1.18.0-SNAPSHOT/maven-metadata.xml (784 B at 5.0 kB/s)
Downloading from apache.snapshots.https: https://repository.apache.org/content/repositories/snapshots/org/apache/xmlgraphics/batik-parser/1.18.0-SNAPSHOT/maven-metadata.xml
Progress (1): 787 B
                   
Downloaded from apache.snapshots.https: https://repository.apache.org/content/repositories/snapshots/org/apache/xmlgraphics/batik-parser/1.18.0-SNAPSHOT/maven-metadata.xml (787 B at 4.9 kB/s)
Downloading from apache.snapshots.https: https://repository.apache.org/content/repositories/snapshots/org/apache/xmlgraphics/batik-svg-dom/1.18.0-SNAPSHOT/maven-metadata.xml
Progress (1): 788 B
                   
Downloaded from apache.snapshots.https: https://repository.apache.org/content/repositories/snapshots/org/apache/xmlgraphics/batik-svg-dom/1.18.0-SNAPSHOT/maven-metadata.xml (788 B at 4.9 kB/s)
Downloading from apache.snapshots.https: https://repository.apache.org/content/repositories/snapshots/org/apache/xmlgraphics/batik-bridge/1.18.0-SNAPSHOT/maven-metadata.xml
Progress (1): 787 B
                   
Downloaded from apache.snapshots.https: https://repository.apache.org/content/repositories/snapshots/org/apache/xmlgraphics/batik-bridge/1.18.0-SNAPSHOT/maven-metadata.xml (787 B at 4.9 kB/s)
Downloading from apache.snapshots.https: https://repository.apache.org/content/repositories/snapshots/org/apache/xmlgraphics/batik-gvt/1.18.0-SNAPSHOT/maven-metadata.xml
Progress (1): 784 B
                   
Downloaded from apache.snapshots.https: https://repository.apache.org/content/repositories/snapshots/org/apache/xmlgraphics/batik-gvt/1.18.0-SNAPSHOT/maven-metadata.xml (784 B at 4.8 kB/s)
Downloading from apache.snapshots.https: https://repository.apache.org/content/repositories/snapshots/org/apache/xmlgraphics/batik-script/1.18.0-SNAPSHOT/maven-metadata.xml
Progress (1): 787 B
                   
Downloaded from apache.snapshots.https: https://repository.apache.org/content/repositories/snapshots/org/apache/xmlgraphics/batik-script/1.18.0-SNAPSHOT/maven-metadata.xml (787 B at 4.9 kB/s)
Downloading from apache.snapshots.https: https://repository.apache.org/content/repositories/snapshots/org/apache/xmlgraphics/batik-extension/1.18.0-SNAPSHOT/maven-metadata.xml
Progress (1): 790 B
                   
Downloaded from apache.snapshots.https: https://repository.apache.org/content/repositories/snapshots/org/apache/xmlgraphics/batik-extension/1.18.0-SNAPSHOT/maven-metadata.xml (790 B at 4.7 kB/s)
Downloading from apache.snapshots.https: https://repository.apache.org/content/repositories/snapshots/org/apache/xmlgraphics/batik-transcoder/1.18.0-SNAPSHOT/maven-metadata.xml
Progress (1): 791 B
                   
Downloaded from apache.snapshots.https: https://repository.apache.org/content/repositories/snapshots/org/apache/xmlgraphics/batik-transcoder/1.18.0-SNAPSHOT/maven-metadata.xml (791 B at 5.0 kB/s)
Downloading from apache.snapshots.https: https://repository.apache.org/content/repositories/snapshots/org/apache/xmlgraphics/batik-svggen/1.18.0-SNAPSHOT/maven-metadata.xml
Progress (1): 787 B
                   
Downloaded from apache.snapshots.https: https://repository.apache.org/content/repositories/snapshots/org/apache/xmlgraphics/batik-svggen/1.18.0-SNAPSHOT/maven-metadata.xml (787 B at 5.0 kB/s)
Downloading from apache.snapshots.https: https://repository.apache.org/content/repositories/snapshots/org/apache/xmlgraphics/batik-codec/1.18.0-SNAPSHOT/maven-metadata.xml
Progress (1): 786 B
                   
Downloaded from apache.snapshots.https: https://repository.apache.org/content/repositories/snapshots/org/apache/xmlgraphics/batik-codec/1.18.0-SNAPSHOT/maven-metadata.xml (786 B at 4.9 kB/s)
Downloading from apache.snapshots.https: https://repository.apache.org/content/repositories/snapshots/org/apache/xmlgraphics/fop-events/2.11.0-SNAPSHOT/maven-metadata.xml
Progress (1): 791 B
                   
Downloaded from apache.snapshots.https: https://repository.apache.org/content/repositories/snapshots/org/apache/xmlgraphics/fop-events/2.11.0-SNAPSHOT/maven-metadata.xml (791 B at 5.0 kB/s)
Downloading from apache.snapshots.https: https://repository.apache.org/content/repositories/snapshots/org/apache/xmlgraphics/fop-parent/2.11.0-SNAPSHOT/maven-metadata.xml
Progress (1): 615 B
                   
Downloaded from apache.snapshots.https: https://repository.apache.org/content/repositories/snapshots/org/apache/xmlgraphics/fop-parent/2.11.0-SNAPSHOT/maven-metadata.xml (615 B at 3.8 kB/s)
Downloading from apache.snapshots.https: https://repository.apache.org/content/repositories/snapshots/org/apache/xmlgraphics/fop-util/2.11.0-SNAPSHOT/maven-metadata.xml
Progress (1): 789 B
                   
Downloaded from apache.snapshots.https: https://repository.apache.org/content/repositories/snapshots/org/apache/xmlgraphics/fop-util/2.11.0-SNAPSHOT/maven-metadata.xml (789 B at 5.1 kB/s)
Downloading from apache.snapshots.https: https://repository.apache.org/content/repositories/snapshots/org/apache/xmlgraphics/xmlgraphics-commons/2.11.0-SNAPSHOT/maven-metadata.xml
Progress (1): 797 B
                   
Downloaded from apache.snapshots.https: https://repository.apache.org/content/repositories/snapshots/org/apache/xmlgraphics/xmlgraphics-commons/2.11.0-SNAPSHOT/maven-metadata.xml (797 B at 5.0 kB/s)
Downloading from jboss.org: https://repository.jboss.org/nexus/content/repositories/thirdparty-releases/org/bouncycastle/bcutil-jdk15to18/maven-metadata.xml
Downloading from apache.snapshots.https: https://repository.apache.org/content/repositories/snapshots/org/bouncycastle/bcutil-jdk15to18/maven-metadata.xml
Downloading from central: https://repo1.maven.org/maven2/org/bouncycastle/bcutil-jdk15to18/maven-metadata.xml
Progress (1): 788 B
                   
Downloaded from central: https://repo1.maven.org/maven2/org/bouncycastle/bcutil-jdk15to18/maven-metadata.xml (788 B at 9.1 kB/s)
Downloading from apache.snapshots.https: https://repository.apache.org/content/repositories/snapshots/org/bouncycastle/bcprov-jdk15to18/maven-metadata.xml
Downloading from central: https://repo1.maven.org/maven2/org/bouncycastle/bcprov-jdk15to18/maven-metadata.xml
Downloading from jboss.org: https://repository.jboss.org/nexus/content/repositories/thirdparty-releases/org/bouncycastle/bcprov-jdk15to18/maven-metadata.xml
Progress (1): 968 B
                   
Downloaded from central: https://repo1.maven.org/maven2/org/bouncycastle/bcprov-jdk15to18/maven-metadata.xml (968 B at 13 kB/s)
[INFO] 
[INFO] --- xml:1.0.1:transform (generate-base14-fonts) @ fop-core ---
[INFO] 
[INFO] --- xml:1.0.1:transform (codegen-fonts-encodings) @ fop-core ---
[INFO] 
[INFO] --- build-helper:1.9.1:add-source (add-generated-sources) @ fop-core ---
[INFO] Source directory: D:\Khedma\Mr wiem\mutation-test-pipeline\target-repos\206318\fop-core\target\generated-sources\main\java added.
[INFO] 
[INFO] --- resources:3.3.1:resources (default-resources) @ fop-core ---
[INFO] Copying 59 resources from src\main\resources to target\classes
[INFO] Copying 2 resources from .. to target\classes\META-INF
[INFO] 
[INFO] --- compiler:3.11.0:compile (default-compile) @ fop-core ---
[INFO] Nothing to compile - all classes are up to date
[INFO] ------------------------------------------------------------------------
[INFO] BUILD SUCCESS
[INFO] ------------------------------------------------------------------------
[INFO] Total time:  7.782 s
[INFO] Finished at: 2026-02-25T13:11:41-05:00
[INFO] ------------------------------------------------------------------------

STDERR:
