COMMAND: mvn.cmd -s D:\Khedma\Mr wiem\mutation-test-pipeline\.mvn\settings.xml -DskipTests compile

STDOUT:
[INFO] Scanning for projects...
[WARNING] 
[WARNING] Some problems were encountered while building the effective model for de.javakaffee.msm:memcached-session-manager:jar:2.3.3-SNAPSHOT
[WARNING] Reporting configuration should be done in <reporting> section, not in maven-site-plugin <configuration> as reportPlugins parameter.
[WARNING] 
[WARNING] It is highly recommended to fix these problems because they threaten the stability of your build.
[WARNING] 
[WARNING] For this reason, future Maven versions might no longer support building such malformed projects.
[WARNING] 
[INFO] 
[INFO] ------------< de.javakaffee.msm:memcached-session-manager >-------------
[INFO] Building memcached-session-manager core 2.3.3-SNAPSHOT
[INFO]   from pom.xml
[INFO] --------------------------------[ jar ]---------------------------------
[WARNING] 1 problem was encountered while building the effective model for org.javassist:javassist:jar:3.18.1-GA during dependency collection step for project (use -X to see details)
[INFO] 
[INFO] --- enforcer:1.4.1:enforce (enforce-maven) @ memcached-session-manager ---
[INFO] 
[INFO] --- resources:3.3.1:resources (default-resources) @ memcached-session-manager ---
[INFO] skip non existing resourceDirectory D:\Khedma\Mr wiem\mutation-test-pipeline\target-repos\152812\core\src\main\resources
[INFO] 
[INFO] --- compiler:3.13.0:compile (default-compile) @ memcached-session-manager ---
[INFO] Nothing to compile - all classes are up to date.
[INFO] ------------------------------------------------------------------------
[INFO] BUILD SUCCESS
[INFO] ------------------------------------------------------------------------
[INFO] Total time:  0.899 s
[INFO] Finished at: 2026-02-25T18:56:44-05:00
[INFO] ------------------------------------------------------------------------

STDERR:
