COMMAND: java -cp C:\Users\Aymen Masmoudi\.m2\repository\org\pitest\pitest-command-line\1.6.9\pitest-command-line-1.6.9.jar;C:\Users\Aymen Masmoudi\.m2\repository\org\pitest\pitest-entry\1.6.9\pitest-entry-1.6.9.jar;C:\Users\Aymen Masmoudi\.m2\repository\org\pitest\pitest\1.6.9\pitest-1.6.9.jar;C:\Users\Aymen Masmoudi\.m2\repository\commons-io\commons-io\1.4\commons-io-1.4.jar;C:\Users\Aymen Masmoudi\.m2\repository\commons-lang\commons-lang\2.4\commons-lang-2.4.jar;C:\Users\Aymen Masmoudi\.m2\repository\hsqldb\hsqldb\1.8.0.7\hsqldb-1.8.0.7.jar;C:\Users\Aymen Masmoudi\.m2\repository\junit\junit\4.4\junit-4.4.jar;C:\Users\Aymen Masmoudi\.m2\repository\org\freemarker\freemarker\2.3.15\freemarker-2.3.15.jar;C:\Users\Aymen Masmoudi\.m2\repository\org\hamcrest\hamcrest-all\1.1\hamcrest-all-1.1.jar;C:\Users\Aymen Masmoudi\.m2\repository\org\mockito\mockito-all\1.7\mockito-all-1.7.jar;D:\Khedma\Mr wiem\mutation-test-pipeline\target-repos\145875\dbdeploy-core\target\classes;D:\Khedma\Mr wiem\mutation-test-pipeline\target-repos\145875\dbdeploy-core\target\test-classes org.pitest.mutationtest.commandline.MutationCoverageReport --reportDir D:\Khedma\Mr wiem\mutation-test-pipeline\artifacts\runs\20260225T023448Z_145875_dbdeploy-core_HUMAN_focal_maven\pit-reports --targetClasses com.dbdeploy.database.QueryStatementSplitter* --targetTests com.dbdeploy.database.QueryStatementSplitterTest --sourceDirs D:\Khedma\Mr wiem\mutation-test-pipeline\target-repos\145875\dbdeploy-core\src\main\java --mutableCodePaths D:\Khedma\Mr wiem\mutation-test-pipeline\target-repos\145875\dbdeploy-core\target\classes --classPathFile D:\Khedma\Mr wiem\mutation-test-pipeline\artifacts\runs\20260225T023448Z_145875_dbdeploy-core_HUMAN_focal_maven\pit_classpath.txt --includeLaunchClasspath false --outputFormats XML,HTML

STDOUT:

STDERR:
9:35:01 PM PIT >> INFO : Verbose logging is disabled. If you encounter a problem, please enable it before reporting an issue.
9:35:01 PM PIT >> INFO : Incremental analysis reduced number of mutations by 0
9:35:01 PM PIT >> INFO : Created  1 mutation test units in pre scan
9:35:02 PM PIT >> INFO : Sending 1 test classes to minion
9:35:02 PM PIT >> INFO : Sent tests to minion
9:35:02 PM PIT >> SEVERE : Error generating coverage. Please check that your classpath contains modern JUnit 4 or PIT test plugin for other test tool (JUnit 5, TestNG, ...) is enabled.
Exception in thread "main" org.pitest.util.PitError: Coverage generation minion exited abnormally. Please check the classpath and/or enable test plugin for used test tool.

Please copy and paste the information and the complete stacktrace below when reporting an issue
VM : OpenJDK 64-Bit Server VM
Vendor : Temurin
Version : 25.472-b08
Uptime : 1179
Input -> 
BootClassPathSupported : true


Please copy and paste the information and the complete stacktrace below when reporting an issue
VM : OpenJDK 64-Bit Server VM
Vendor : Temurin
Version : 25.472-b08
Uptime : 1179
Input -> 
BootClassPathSupported : true

	at org.pitest.util.Unchecked.translateCheckedException(Unchecked.java:20)
	at org.pitest.coverage.execute.DefaultCoverageGenerator.calculateCoverage(DefaultCoverageGenerator.java:106)
	at org.pitest.coverage.execute.DefaultCoverageGenerator.calculateCoverage(DefaultCoverageGenerator.java:52)
	at org.pitest.mutationtest.tooling.MutationCoverage.runAnalysis(MutationCoverage.java:149)
	at org.pitest.mutationtest.tooling.MutationCoverage.runReport(MutationCoverage.java:139)
	at org.pitest.mutationtest.tooling.EntryPoint.execute(EntryPoint.java:125)
	at org.pitest.mutationtest.tooling.EntryPoint.execute(EntryPoint.java:52)
	at org.pitest.mutationtest.commandline.MutationCoverageReport.runReport(MutationCoverageReport.java:98)
	at org.pitest.mutationtest.commandline.MutationCoverageReport.main(MutationCoverageReport.java:45)
Caused by: org.pitest.util.PitError: Coverage generation minion exited abnormally. Please check the classpath and/or enable test plugin for used test tool.

Please copy and paste the information and the complete stacktrace below when reporting an issue
VM : OpenJDK 64-Bit Server VM
Vendor : Temurin
Version : 25.472-b08
Uptime : 1179
Input -> 
BootClassPathSupported : true

	at org.pitest.coverage.execute.DefaultCoverageGenerator.gatherCoverageData(DefaultCoverageGenerator.java:144)
	at org.pitest.coverage.execute.DefaultCoverageGenerator.calculateCoverage(DefaultCoverageGenerator.java:90)
	... 7 more
