COMMAND: mvn.cmd -s D:\Khedma\Mr wiem\mutation-test-pipeline\.mvn\settings.xml -DskipTests compile

STDOUT:
[INFO] Scanning for projects...
Downloading from central: https://repo1.maven.org/maven2/org/apache/apache/37/apache-37.pom
Progress (1): 733 B
Progress (1): 1.6 kB
Progress (1): 3.4 kB
Progress (1): 5.1 kB
Progress (1): 7.1 kB
Progress (1): 12 kB 
Progress (1): 17 kB
Progress (1): 19 kB
Progress (1): 22 kB
Progress (1): 24 kB
Progress (1): 26 kB
                   
Downloaded from central: https://repo1.maven.org/maven2/org/apache/apache/37/apache-37.pom (26 kB at 89 kB/s)
[INFO] 
[INFO] --------------< org.apache.jackrabbit:jackrabbit-spi2dav >--------------
[INFO] Building Jackrabbit SPI to WebDAV 2.23.3-beta-SNAPSHOT
[INFO]   from pom.xml
[INFO] --------------------------------[ jar ]---------------------------------
Downloading from central: https://repo1.maven.org/maven2/org/apache/maven/plugins/maven-remote-resources-plugin/3.3.0/maven-remote-resources-plugin-3.3.0.pom
Progress (1): 756 B
Progress (1): 1.6 kB
Progress (1): 3.1 kB
Progress (1): 7.8 kB
Progress (1): 9.4 kB
Progress (1): 14 kB 
Progress (1): 15 kB
                   
Downloaded from central: https://repo1.maven.org/maven2/org/apache/maven/plugins/maven-remote-resources-plugin/3.3.0/maven-remote-resources-plugin-3.3.0.pom (15 kB at 240 kB/s)
Downloading from central: https://repo1.maven.org/maven2/org/apache/maven/plugins/maven-plugins/43/maven-plugins-43.pom
Progress (1): 773 B
Progress (1): 1.8 kB
Progress (1): 4.3 kB
Progress (1): 6.8 kB
Progress (1): 7.5 kB
                    
Downloaded from central: https://repo1.maven.org/maven2/org/apache/maven/plugins/maven-plugins/43/maven-plugins-43.pom (7.5 kB at 138 kB/s)
Downloading from central: https://repo1.maven.org/maven2/org/apache/maven/plugins/maven-remote-resources-plugin/3.3.0/maven-remote-resources-plugin-3.3.0.jar
Progress (1): 0.9/83 kB
Progress (1): 2.3/83 kB
Progress (1): 3.6/83 kB
Progress (1): 5.0/83 kB
Progress (1): 6.4/83 kB
Progress (1): 7.7/83 kB
Progress (1): 9.1/83 kB
Progress (1): 10/83 kB 
Progress (1): 12/83 kB
Progress (1): 13/83 kB
Progress (1): 14/83 kB
Progress (1): 16/83 kB
Progress (1): 17/83 kB
Progress (1): 18/83 kB
Progress (1): 20/83 kB
Progress (1): 21/83 kB
Progress (1): 23/83 kB
Progress (1): 24/83 kB
Progress (1): 25/83 kB
Progress (1): 27/83 kB
Progress (1): 28/83 kB
Progress (1): 29/83 kB
Progress (1): 31/83 kB
Progress (1): 32/83 kB
Progress (1): 33/83 kB
Progress (1): 35/83 kB
Progress (1): 36/83 kB
Progress (1): 38/83 kB
Progress (1): 39/83 kB
Progress (1): 40/83 kB
Progress (1): 45/83 kB
Progress (1): 49/83 kB
Progress (1): 53/83 kB
Progress (1): 57/83 kB
Progress (1): 61/83 kB
Progress (1): 66/83 kB
Progress (1): 70/83 kB
Progress (1): 74/83 kB
Progress (1): 78/83 kB
Progress (1): 83/83 kB
Progress (1): 83 kB   
                   
Downloaded from central: https://repo1.maven.org/maven2/org/apache/maven/plugins/maven-remote-resources-plugin/3.3.0/maven-remote-resources-plugin-3.3.0.jar (83 kB at 1.4 MB/s)
Downloading from central: https://repo1.maven.org/maven2/org/apache/maven/plugins/maven-enforcer-plugin/3.6.2/maven-enforcer-plugin-3.6.2.pom
Progress (1): 810 B
Progress (1): 3.5 kB
Progress (1): 5.4 kB
Progress (1): 8.2 kB
                    
Downloaded from central: https://repo1.maven.org/maven2/org/apache/maven/plugins/maven-enforcer-plugin/3.6.2/maven-enforcer-plugin-3.6.2.pom (8.2 kB at 158 kB/s)
Downloading from central: https://repo1.maven.org/maven2/org/apache/maven/enforcer/enforcer/3.6.2/enforcer-3.6.2.pom
Progress (1): 805 B
Progress (1): 2.3 kB
Progress (1): 4.4 kB
Progress (1): 8.9 kB
Progress (1): 9.2 kB
                    
Downloaded from central: https://repo1.maven.org/maven2/org/apache/maven/enforcer/enforcer/3.6.2/enforcer-3.6.2.pom (9.2 kB at 167 kB/s)
Downloading from central: https://repo1.maven.org/maven2/org/apache/maven/maven-parent/45/maven-parent-45.pom
Progress (1): 708 B
Progress (1): 1.9 kB
Progress (1): 5.5 kB
Progress (1): 9.7 kB
Progress (1): 14 kB 
Progress (1): 19 kB
Progress (1): 23 kB
Progress (1): 25 kB
Progress (1): 27 kB
Progress (1): 29 kB
Progress (1): 33 kB
Progress (1): 37 kB
Progress (1): 39 kB
Progress (1): 42 kB
Progress (1): 45 kB
Progress (1): 50 kB
Progress (1): 50 kB
Progress (1): 53 kB
                   
Downloaded from central: https://repo1.maven.org/maven2/org/apache/maven/maven-parent/45/maven-parent-45.pom (53 kB at 928 kB/s)
Downloading from central: https://repo1.maven.org/maven2/org/apache/apache/35/apache-35.pom
Progress (1): 739 B
Progress (1): 2.1 kB
Progress (1): 4.0 kB
Progress (1): 5.9 kB
Progress (1): 11 kB 
Progress (1): 15 kB
Progress (1): 19 kB
Progress (1): 20 kB
Progress (1): 22 kB
Progress (1): 24 kB
                   
Downloaded from central: https://repo1.maven.org/maven2/org/apache/apache/35/apache-35.pom (24 kB at 449 kB/s)
Downloading from central: https://repo1.maven.org/maven2/org/apache/maven/plugins/maven-enforcer-plugin/3.6.2/maven-enforcer-plugin-3.6.2.jar
Progress (1): 3.8/40 kB
Progress (1): 8.0/40 kB
Progress (1): 8.2/40 kB
Progress (1): 12/40 kB 
Progress (1): 17/40 kB
Progress (1): 21/40 kB
Progress (1): 25/40 kB
Progress (1): 29/40 kB
Progress (1): 34/40 kB
Progress (1): 38/40 kB
Progress (1): 40 kB   
                   
Downloaded from central: https://repo1.maven.org/maven2/org/apache/maven/plugins/maven-enforcer-plugin/3.6.2/maven-enforcer-plugin-3.6.2.jar (40 kB at 832 kB/s)
Downloading from central: https://repo1.maven.org/maven2/org/apache/maven/plugins/maven-resources-plugin/3.4.0/maven-resources-plugin-3.4.0.pom
Progress (1): 766 B
Progress (1): 2.1 kB
Progress (1): 4.9 kB
Progress (1): 7.4 kB
Progress (1): 7.9 kB
                    
Downloaded from central: https://repo1.maven.org/maven2/org/apache/maven/plugins/maven-resources-plugin/3.4.0/maven-resources-plugin-3.4.0.pom (7.9 kB at 140 kB/s)
Downloading from central: https://repo1.maven.org/maven2/org/apache/maven/plugins/maven-plugins/45/maven-plugins-45.pom
Progress (1): 772 B
Progress (1): 2.3 kB
Progress (1): 4.9 kB
Progress (1): 7.8 kB
Progress (1): 8.4 kB
                    
Downloaded from central: https://repo1.maven.org/maven2/org/apache/maven/plugins/maven-plugins/45/maven-plugins-45.pom (8.4 kB at 167 kB/s)
Downloading from central: https://repo1.maven.org/maven2/org/apache/maven/plugins/maven-resources-plugin/3.4.0/maven-resources-plugin-3.4.0.jar
Progress (1): 3.8/31 kB
Progress (1): 8.0/31 kB
Progress (1): 12/31 kB 
Progress (1): 16/31 kB
Progress (1): 21/31 kB
Progress (1): 31 kB   
                   
Downloaded from central: https://repo1.maven.org/maven2/org/apache/maven/plugins/maven-resources-plugin/3.4.0/maven-resources-plugin-3.4.0.jar (31 kB at 701 kB/s)
Downloading from central: https://repo1.maven.org/maven2/org/apache/maven/plugins/maven-compiler-plugin/3.14.1/maven-compiler-plugin-3.14.1.pom
Progress (1): 762 B
Progress (1): 2.3 kB
Progress (1): 4.6 kB
Progress (1): 8.2 kB
Progress (1): 9.9 kB
                    
Downloaded from central: https://repo1.maven.org/maven2/org/apache/maven/plugins/maven-compiler-plugin/3.14.1/maven-compiler-plugin-3.14.1.pom (9.9 kB at 206 kB/s)
Downloading from central: https://repo1.maven.org/maven2/org/apache/maven/plugins/maven-compiler-plugin/3.14.1/maven-compiler-plugin-3.14.1.jar
Progress (1): 7.7/84 kB
Progress (1): 16/84 kB 
Progress (1): 25/84 kB
Progress (1): 41/84 kB
Progress (1): 57/84 kB
Progress (1): 74/84 kB
Progress (1): 84 kB   
                   
Downloaded from central: https://repo1.maven.org/maven2/org/apache/maven/plugins/maven-compiler-plugin/3.14.1/maven-compiler-plugin-3.14.1.jar (84 kB at 1.1 MB/s)
[WARNING] The POM for org.apache.jackrabbit:jackrabbit-spi:jar:2.23.3-beta-SNAPSHOT is missing, no dependency information available
[WARNING] The POM for org.apache.jackrabbit:jackrabbit-spi-commons:jar:2.23.3-beta-SNAPSHOT is missing, no dependency information available
[WARNING] The POM for org.apache.jackrabbit:jackrabbit-jcr-commons:jar:2.23.3-beta-SNAPSHOT is missing, no dependency information available
[WARNING] The POM for org.apache.jackrabbit:jackrabbit-webdav:jar:2.23.3-beta-SNAPSHOT is missing, no dependency information available
Downloading from central: https://repo1.maven.org/maven2/org/apache/httpcomponents/httpmime/4.5.14/httpmime-4.5.14.pom
Progress (1): 869 B
Progress (1): 2.5 kB
Progress (1): 4.8 kB
Progress (1): 5.1 kB
                    
Downloaded from central: https://repo1.maven.org/maven2/org/apache/httpcomponents/httpmime/4.5.14/httpmime-4.5.14.pom (5.1 kB at 97 kB/s)
Downloading from central: https://repo1.maven.org/maven2/org/apache/httpcomponents/httpcomponents-client/4.5.14/httpcomponents-client-4.5.14.pom
Progress (1): 841 B
Progress (1): 2.3 kB
Progress (1): 4.6 kB
Progress (1): 8.6 kB
Progress (1): 11 kB 
Progress (1): 14 kB
Progress (1): 15 kB
                   
Downloaded from central: https://repo1.maven.org/maven2/org/apache/httpcomponents/httpcomponents-client/4.5.14/httpcomponents-client-4.5.14.pom (15 kB at 273 kB/s)
Downloading from central: https://repo1.maven.org/maven2/org/apache/httpcomponents/httpclient/4.5.14/httpclient-4.5.14.pom
Progress (1): 859 B
Progress (1): 2.8 kB
Progress (1): 5.0 kB
Progress (1): 6.6 kB
                    
Downloaded from central: https://repo1.maven.org/maven2/org/apache/httpcomponents/httpclient/4.5.14/httpclient-4.5.14.pom (6.6 kB at 100 kB/s)
Downloading from central: https://repo1.maven.org/maven2/org/apache/httpcomponents/httpcore/4.4.16/httpcore-4.4.16.pom
Progress (1): 869 B
Progress (1): 2.5 kB
Progress (1): 4.7 kB
Progress (1): 5.0 kB
                    
Downloaded from central: https://repo1.maven.org/maven2/org/apache/httpcomponents/httpcore/4.4.16/httpcore-4.4.16.pom (5.0 kB at 101 kB/s)
Downloading from central: https://repo1.maven.org/maven2/org/apache/httpcomponents/httpcomponents-core/4.4.16/httpcomponents-core-4.4.16.pom
Progress (1): 850 B
Progress (1): 2.3 kB
Progress (1): 4.3 kB
Progress (1): 7.2 kB
Progress (1): 9.8 kB
Progress (1): 12 kB 
                   
Downloaded from central: https://repo1.maven.org/maven2/org/apache/httpcomponents/httpcomponents-core/4.4.16/httpcomponents-core-4.4.16.pom (12 kB at 131 kB/s)
[WARNING] The POM for org.apache.jackrabbit:jackrabbit-jcr-tests:jar:2.23.3-beta-SNAPSHOT is missing, no dependency information available
[WARNING] The POM for org.apache.jackrabbit:jackrabbit-jcr2spi:jar:2.23.3-beta-SNAPSHOT is missing, no dependency information available
[WARNING] The POM for org.apache.jackrabbit:jackrabbit-jcr2spi:jar:tests:2.23.3-beta-SNAPSHOT is missing, no dependency information available
[WARNING] The POM for org.apache.jackrabbit:jackrabbit-spi:jar:tests:2.23.3-beta-SNAPSHOT is missing, no dependency information available
[WARNING] The POM for org.apache.jackrabbit:jackrabbit-jcr-server:jar:tests:2.23.3-beta-SNAPSHOT is missing, no dependency information available
[WARNING] The POM for org.apache.jackrabbit:jackrabbit-jcr-server:jar:2.23.3-beta-SNAPSHOT is missing, no dependency information available
[WARNING] The POM for org.apache.jackrabbit:jackrabbit-core:jar:2.23.3-beta-SNAPSHOT is missing, no dependency information available
Downloading from central: https://repo1.maven.org/maven2/org/apache/derby/derby/10.15.2.0/derby-10.15.2.0.pom
Progress (1): 833 B
Progress (1): 2.5 kB
Progress (1): 2.5 kB
                    
Downloaded from central: https://repo1.maven.org/maven2/org/apache/derby/derby/10.15.2.0/derby-10.15.2.0.pom (2.5 kB at 50 kB/s)
Downloading from central: https://repo1.maven.org/maven2/org/apache/derby/derby-project/10.15.2.0/derby-project-10.15.2.0.pom
Progress (1): 795 B
Progress (1): 2.3 kB
Progress (1): 4.7 kB
Progress (1): 5.9 kB
Progress (1): 6.0 kB
                    
Downloaded from central: https://repo1.maven.org/maven2/org/apache/derby/derby-project/10.15.2.0/derby-project-10.15.2.0.pom (6.0 kB at 107 kB/s)
Downloading from central: https://repo1.maven.org/maven2/org/apache/derby/derbyshared/10.15.2.0/derbyshared-10.15.2.0.pom
Progress (1): 835 B
Progress (1): 2.2 kB
                    
Downloaded from central: https://repo1.maven.org/maven2/org/apache/derby/derbyshared/10.15.2.0/derbyshared-10.15.2.0.pom (2.2 kB at 41 kB/s)
Downloading from central: https://repo1.maven.org/maven2/org/apache/derby/derbytools/10.15.2.0/derbytools-10.15.2.0.pom
Progress (1): 835 B
Progress (1): 2.4 kB
                    
Downloaded from central: https://repo1.maven.org/maven2/org/apache/derby/derbytools/10.15.2.0/derbytools-10.15.2.0.pom (2.4 kB at 52 kB/s)
Downloading from central: https://repo1.maven.org/maven2/com/google/guava/guava/20.0/guava-20.0.pom
Progress (1): 952 B
Progress (1): 3.0 kB
Progress (1): 5.2 kB
Progress (1): 6.8 kB
                    
Downloaded from central: https://repo1.maven.org/maven2/com/google/guava/guava/20.0/guava-20.0.pom (6.8 kB at 142 kB/s)
Downloading from central: https://repo1.maven.org/maven2/com/google/guava/guava-parent/20.0/guava-parent-20.0.pom
Progress (1): 964 B
Progress (1): 2.8 kB
Progress (1): 6.1 kB
Progress (1): 9.9 kB
                    
Downloaded from central: https://repo1.maven.org/maven2/com/google/guava/guava-parent/20.0/guava-parent-20.0.pom (9.9 kB at 202 kB/s)
Downloading from central: https://repo1.maven.org/maven2/org/apache/commons/commons-lang3/3.5/commons-lang3-3.5.pom
Progress (1): 752 B
Progress (1): 2.1 kB
Progress (1): 5.4 kB
Progress (1): 9.0 kB
Progress (1): 12 kB 
Progress (1): 14 kB
Progress (1): 16 kB
Progress (1): 19 kB
Progress (1): 22 kB
Progress (1): 23 kB
                   
Downloaded from central: https://repo1.maven.org/maven2/org/apache/commons/commons-lang3/3.5/commons-lang3-3.5.pom (23 kB at 285 kB/s)
Downloading from central: https://repo1.maven.org/maven2/org/apache/commons/commons-parent/41/commons-parent-41.pom
Progress (1): 705 B
Progress (1): 1.9 kB
Progress (1): 3.2 kB
Progress (1): 4.5 kB
Progress (1): 6.0 kB
Progress (1): 9.4 kB
Progress (1): 12 kB 
Progress (1): 14 kB
Progress (1): 18 kB
Progress (1): 21 kB
Progress (1): 23 kB
Progress (1): 26 kB
Progress (1): 29 kB
Progress (1): 32 kB
Progress (1): 34 kB
Progress (1): 35 kB
Progress (1): 37 kB
Progress (1): 42 kB
Progress (1): 46 kB
Progress (1): 51 kB
Progress (1): 54 kB
Progress (1): 56 kB
Progress (1): 58 kB
Progress (1): 59 kB
Progress (1): 62 kB
Progress (1): 63 kB
Progress (1): 65 kB
                   
Downloaded from central: https://repo1.maven.org/maven2/org/apache/commons/commons-parent/41/commons-parent-41.pom (65 kB at 1.1 MB/s)
Downloading from central: https://repo1.maven.org/maven2/org/apache/httpcomponents/httpmime/4.5.14/httpmime-4.5.14.jar
Downloading from central: https://repo1.maven.org/maven2/org/apache/httpcomponents/httpclient/4.5.14/httpclient-4.5.14.jar
Downloading from central: https://repo1.maven.org/maven2/org/apache/httpcomponents/httpcore/4.4.16/httpcore-4.4.16.jar
Downloading from central: https://repo1.maven.org/maven2/org/hamcrest/hamcrest-core/1.3/hamcrest-core-1.3.jar
Downloading from central: https://repo1.maven.org/maven2/org/apache/derby/derby/10.15.2.0/derby-10.15.2.0.jar
Progress (1): 7.7/42 kB
Progress (1): 16/42 kB 
Progress (1): 32/42 kB
Progress (1): 42 kB   
                   
Downloaded from central: https://repo1.maven.org/maven2/org/apache/httpcomponents/httpmime/4.5.14/httpmime-4.5.14.jar (42 kB at 773 kB/s)
Downloading from central: https://repo1.maven.org/maven2/org/apache/derby/derbyshared/10.15.2.0/derbyshared-10.15.2.0.jar
Progress (1): 0/3.7 MB
Progress (1): 0/3.7 MB
Progress (1): 0/3.7 MB
Progress (1): 0/3.7 MB
Progress (1): 0/3.7 MB
Progress (1): 0/3.7 MB
Progress (1): 0/3.7 MB
Progress (1): 0/3.7 MB
Progress (1): 0/3.7 MB
Progress (2): 0/3.7 MB | 7.7/94 kB
Progress (2): 0/3.7 MB | 7.7/94 kB
Progress (2): 0/3.7 MB | 7.7/94 kB
Progress (2): 0/3.7 MB | 7.7/94 kB
Progress (2): 0/3.7 MB | 7.7/94 kB
Progress (2): 0/3.7 MB | 7.7/94 kB
Progress (2): 0/3.7 MB | 7.7/94 kB
Progress (2): 0/3.7 MB | 16/94 kB 
Progress (2): 0/3.7 MB | 16/94 kB
Progress (2): 0/3.7 MB | 16/94 kB
Progress (2): 0/3.7 MB | 25/94 kB
Progress (2): 0/3.7 MB | 25/94 kB
Progress (2): 0/3.7 MB | 25/94 kB
Progress (2): 0/3.7 MB | 33/94 kB
Progress (2): 0/3.7 MB | 33/94 kB
Progress (2): 0/3.7 MB | 33/94 kB
Progress (2): 0/3.7 MB | 33/94 kB
Progress (2): 0/3.7 MB | 49/94 kB
Progress (2): 0/3.7 MB | 49/94 kB
Progress (2): 0/3.7 MB | 49/94 kB
Progress (2): 0/3.7 MB | 66/94 kB
Progress (2): 0/3.7 MB | 66/94 kB
Progress (2): 0/3.7 MB | 66/94 kB
Progress (2): 0/3.7 MB | 66/94 kB
Progress (2): 0/3.7 MB | 66/94 kB
Progress (2): 0/3.7 MB | 66/94 kB
Progress (2): 0/3.7 MB | 66/94 kB
Progress (2): 0/3.7 MB | 82/94 kB
Progress (2): 0/3.7 MB | 82/94 kB
Progress (2): 0/3.7 MB | 82/94 kB
Progress (2): 0/3.7 MB | 90/94 kB
Progress (2): 0/3.7 MB | 90/94 kB
Progress (2): 0/3.7 MB | 90/94 kB
Progress (2): 0/3.7 MB | 94 kB   
Progress (2): 0/3.7 MB | 94 kB
Progress (2): 0/3.7 MB | 94 kB
Progress (2): 0.1/3.7 MB | 94 kB
Progress (3): 0.1/3.7 MB | 94 kB | 0.9/786 kB
Progress (3): 0.1/3.7 MB | 94 kB | 0.9/786 kB
Progress (3): 0.1/3.7 MB | 94 kB | 0.9/786 kB
Progress (3): 0.1/3.7 MB | 94 kB | 0.9/786 kB
Progress (3): 0.1/3.7 MB | 94 kB | 0.9/786 kB
Progress (3): 0.1/3.7 MB | 94 kB | 0.9/786 kB
Progress (3): 0.1/3.7 MB | 94 kB | 2.3/786 kB
Progress (3): 0.1/3.7 MB | 94 kB | 3.4/786 kB
Progress (3): 0.1/3.7 MB | 94 kB | 4.7/786 kB
Progress (3): 0.1/3.7 MB | 94 kB | 6.1/786 kB
Progress (3): 0.1/3.7 MB | 94 kB | 7.5/786 kB
Progress (3): 0.1/3.7 MB | 94 kB | 8.8/786 kB
Progress (3): 0.1/3.7 MB | 94 kB | 10/786 kB 
Progress (3): 0.1/3.7 MB | 94 kB | 12/786 kB
Progress (3): 0.1/3.7 MB | 94 kB | 13/786 kB
Progress (3): 0.1/3.7 MB | 94 kB | 14/786 kB
Progress (3): 0.1/3.7 MB | 94 kB | 16/786 kB
Progress (3): 0.1/3.7 MB | 94 kB | 17/786 kB
Progress (3): 0.1/3.7 MB | 94 kB | 18/786 kB
Progress (4): 0.1/3.7 MB | 94 kB | 18/786 kB | 0.9/328 kB
Progress (4): 0.1/3.7 MB | 94 kB | 20/786 kB | 0.9/328 kB
Progress (4): 0.1/3.7 MB | 94 kB | 21/786 kB | 0.9/328 kB
Progress (4): 0.1/3.7 MB | 94 kB | 23/786 kB | 0.9/328 kB
Progress (4): 0.1/3.7 MB | 94 kB | 24/786 kB | 0.9/328 kB
Progress (5): 0.1/3.7 MB | 94 kB | 24/786 kB | 0.9/328 kB | 0.9/45 kB
Progress (5): 0.1/3.7 MB | 94 kB | 25/786 kB | 0.9/328 kB | 0.9/45 kB
Progress (5): 0.1/3.7 MB | 94 kB | 25/786 kB | 0.9/328 kB | 2.3/45 kB
Progress (5): 0.1/3.7 MB | 94 kB | 27/786 kB | 0.9/328 kB | 2.3/45 kB
Progress (5): 0.1/3.7 MB | 94 kB | 27/786 kB | 0.9/328 kB | 3.6/45 kB
Progress (5): 0.1/3.7 MB | 94 kB | 28/786 kB | 0.9/328 kB | 3.6/45 kB
Progress (5): 0.1/3.7 MB | 94 kB | 28/786 kB | 0.9/328 kB | 5.0/45 kB
Progress (5): 0.1/3.7 MB | 94 kB | 28/786 kB | 0.9/328 kB | 6.4/45 kB
Progress (5): 0.1/3.7 MB | 94 kB | 28/786 kB | 2.3/328 kB | 6.4/45 kB
Progress (5): 0.1/3.7 MB | 94 kB | 29/786 kB | 2.3/328 kB | 6.4/45 kB
Progress (5): 0.1/3.7 MB | 94 kB | 31/786 kB | 2.3/328 kB | 6.4/45 kB
Progress (5): 0.1/3.7 MB | 94 kB | 31/786 kB | 2.3/328 kB | 7.7/45 kB
Progress (5): 0.1/3.7 MB | 94 kB | 31/786 kB | 2.3/328 kB | 9.1/45 kB
Progress (5): 0.1/3.7 MB | 94 kB | 32/786 kB | 2.3/328 kB | 9.1/45 kB
Progress (5): 0.1/3.7 MB | 94 kB | 32/786 kB | 2.3/328 kB | 10/45 kB 
Progress (5): 0.1/3.7 MB | 94 kB | 33/786 kB | 2.3/328 kB | 10/45 kB
Progress (5): 0.1/3.7 MB | 94 kB | 33/786 kB | 2.3/328 kB | 12/45 kB
Progress (5): 0.1/3.7 MB | 94 kB | 35/786 kB | 2.3/328 kB | 12/45 kB
Progress (5): 0.1/3.7 MB | 94 kB | 35/786 kB | 2.3/328 kB | 13/45 kB
Progress (5): 0.1/3.7 MB | 94 kB | 36/786 kB | 2.3/328 kB | 13/45 kB
Progress (5): 0.1/3.7 MB | 94 kB | 36/786 kB | 3.4/328 kB | 13/45 kB
Progress (5): 0.1/3.7 MB | 94 kB | 36/786 kB | 3.4/328 kB | 15/45 kB
Progress (5): 0.1/3.7 MB | 94 kB | 38/786 kB | 3.4/328 kB | 15/45 kB
Progress (5): 0.1/3.7 MB | 94 kB | 38/786 kB | 3.4/328 kB | 16/45 kB
Progress (5): 0.1/3.7 MB | 94 kB | 39/786 kB | 3.4/328 kB | 16/45 kB
Progress (5): 0.1/3.7 MB | 94 kB | 39/786 kB | 3.4/328 kB | 17/45 kB
Progress (5): 0.1/3.7 MB | 94 kB | 40/786 kB | 3.4/328 kB | 17/45 kB
Progress (5): 0.1/3.7 MB | 94 kB | 40/786 kB | 3.4/328 kB | 19/45 kB
Progress (5): 0.1/3.7 MB | 94 kB | 42/786 kB | 3.4/328 kB | 19/45 kB
Progress (5): 0.1/3.7 MB | 94 kB | 42/786 kB | 3.4/328 kB | 20/45 kB
Progress (5): 0.1/3.7 MB | 94 kB | 43/786 kB | 3.4/328 kB | 20/45 kB
Progress (5): 0.1/3.7 MB | 94 kB | 43/786 kB | 3.4/328 kB | 21/45 kB
Progress (5): 0.1/3.7 MB | 94 kB | 44/786 kB | 3.4/328 kB | 21/45 kB
Progress (5): 0.1/3.7 MB | 94 kB | 44/786 kB | 3.4/328 kB | 23/45 kB
Progress (5): 0.1/3.7 MB | 94 kB | 46/786 kB | 3.4/328 kB | 23/45 kB
Progress (5): 0.1/3.7 MB | 94 kB | 46/786 kB | 3.4/328 kB | 24/45 kB
Progress (5): 0.1/3.7 MB | 94 kB | 47/786 kB | 3.4/328 kB | 24/45 kB
Progress (5): 0.1/3.7 MB | 94 kB | 47/786 kB | 3.4/328 kB | 25/45 kB
Progress (5): 0.1/3.7 MB | 94 kB | 48/786 kB | 3.4/328 kB | 25/45 kB
Progress (5): 0.1/3.7 MB | 94 kB | 48/786 kB | 3.4/328 kB | 26/45 kB
Progress (5): 0.1/3.7 MB | 94 kB | 48/786 kB | 3.4/328 kB | 27/45 kB
Progress (5): 0.1/3.7 MB | 94 kB | 50/786 kB | 3.4/328 kB | 27/45 kB
Progress (5): 0.1/3.7 MB | 94 kB | 50/786 kB | 3.4/328 kB | 29/45 kB
Progress (5): 0.1/3.7 MB | 94 kB | 51/786 kB | 3.4/328 kB | 29/45 kB
Progress (5): 0.1/3.7 MB | 94 kB | 51/786 kB | 3.4/328 kB | 30/45 kB
Progress (5): 0.1/3.7 MB | 94 kB | 53/786 kB | 3.4/328 kB | 30/45 kB
Progress (5): 0.1/3.7 MB | 94 kB | 54/786 kB | 3.4/328 kB | 30/45 kB
Progress (5): 0.1/3.7 MB | 94 kB | 55/786 kB | 3.4/328 kB | 30/45 kB
Progress (5): 0.1/3.7 MB | 94 kB | 60/786 kB | 3.4/328 kB | 30/45 kB
Progress (5): 0.1/3.7 MB | 94 kB | 60/786 kB | 4.8/328 kB | 30/45 kB
Progress (5): 0.1/3.7 MB | 94 kB | 60/786 kB | 6.1/328 kB | 30/45 kB
Progress (5): 0.1/3.7 MB | 94 kB | 60/786 kB | 6.1/328 kB | 31/45 kB
Progress (5): 0.1/3.7 MB | 94 kB | 60/786 kB | 7.5/328 kB | 31/45 kB
Progress (5): 0.1/3.7 MB | 94 kB | 60/786 kB | 8.9/328 kB | 31/45 kB
Progress (5): 0.1/3.7 MB | 94 kB | 60/786 kB | 8.9/328 kB | 33/45 kB
Progress (5): 0.1/3.7 MB | 94 kB | 60/786 kB | 8.9/328 kB | 34/45 kB
Progress (5): 0.1/3.7 MB | 94 kB | 60/786 kB | 10/328 kB | 34/45 kB 
Progress (5): 0.1/3.7 MB | 94 kB | 60/786 kB | 10/328 kB | 36/45 kB
Progress (5): 0.1/3.7 MB | 94 kB | 60/786 kB | 12/328 kB | 36/45 kB
Progress (5): 0.1/3.7 MB | 94 kB | 60/786 kB | 12/328 kB | 37/45 kB
Progress (5): 0.1/3.7 MB | 94 kB | 60/786 kB | 13/328 kB | 37/45 kB
Progress (5): 0.1/3.7 MB | 94 kB | 60/786 kB | 13/328 kB | 38/45 kB
Progress (5): 0.1/3.7 MB | 94 kB | 60/786 kB | 14/328 kB | 38/45 kB
                                                                   
Downloaded from central: https://repo1.maven.org/maven2/org/apache/derby/derbyshared/10.15.2.0/derbyshared-10.15.2.0.jar (94 kB at 876 kB/s)
Downloading from central: https://repo1.maven.org/maven2/org/apache/derby/derbytools/10.15.2.0/derbytools-10.15.2.0.jar
Progress (4): 0.1/3.7 MB | 60/786 kB | 16/328 kB | 38/45 kB
Progress (4): 0.1/3.7 MB | 60/786 kB | 16/328 kB | 40/45 kB
Progress (4): 0.1/3.7 MB | 60/786 kB | 17/328 kB | 40/45 kB
Progress (4): 0.1/3.7 MB | 60/786 kB | 17/328 kB | 41/45 kB
Progress (4): 0.1/3.7 MB | 60/786 kB | 17/328 kB | 42/45 kB
Progress (4): 0.1/3.7 MB | 60/786 kB | 18/328 kB | 42/45 kB
Progress (4): 0.1/3.7 MB | 60/786 kB | 18/328 kB | 44/45 kB
Progress (4): 0.1/3.7 MB | 60/786 kB | 20/328 kB | 44/45 kB
Progress (4): 0.1/3.7 MB | 60/786 kB | 21/328 kB | 44/45 kB
Progress (4): 0.1/3.7 MB | 60/786 kB | 21/328 kB | 45 kB   
Progress (4): 0.1/3.7 MB | 60/786 kB | 23/328 kB | 45 kB
Progress (4): 0.1/3.7 MB | 60/786 kB | 24/328 kB | 45 kB
Progress (4): 0.1/3.7 MB | 60/786 kB | 25/328 kB | 45 kB
Progress (4): 0.1/3.7 MB | 60/786 kB | 27/328 kB | 45 kB
Progress (4): 0.1/3.7 MB | 60/786 kB | 28/328 kB | 45 kB
Progress (4): 0.1/3.7 MB | 60/786 kB | 29/328 kB | 45 kB
Progress (4): 0.1/3.7 MB | 60/786 kB | 31/328 kB | 45 kB
Progress (4): 0.1/3.7 MB | 60/786 kB | 32/328 kB | 45 kB
Progress (4): 0.1/3.7 MB | 60/786 kB | 33/328 kB | 45 kB
Progress (4): 0.1/3.7 MB | 60/786 kB | 35/328 kB | 45 kB
Progress (4): 0.1/3.7 MB | 60/786 kB | 36/328 kB | 45 kB
Progress (4): 0.1/3.7 MB | 60/786 kB | 38/328 kB | 45 kB
Progress (4): 0.1/3.7 MB | 60/786 kB | 39/328 kB | 45 kB
Progress (4): 0.1/3.7 MB | 60/786 kB | 40/328 kB | 45 kB
Progress (4): 0.1/3.7 MB | 60/786 kB | 42/328 kB | 45 kB
Progress (4): 0.1/3.7 MB | 60/786 kB | 43/328 kB | 45 kB
Progress (4): 0.1/3.7 MB | 60/786 kB | 44/328 kB | 45 kB
Progress (4): 0.1/3.7 MB | 60/786 kB | 46/328 kB | 45 kB
Progress (4): 0.1/3.7 MB | 60/786 kB | 47/328 kB | 45 kB
Progress (4): 0.1/3.7 MB | 60/786 kB | 49/328 kB | 45 kB
Progress (4): 0.1/3.7 MB | 60/786 kB | 50/328 kB | 45 kB
Progress (4): 0.1/3.7 MB | 60/786 kB | 51/328 kB | 45 kB
Progress (4): 0.1/3.7 MB | 60/786 kB | 53/328 kB | 45 kB
Progress (4): 0.1/3.7 MB | 60/786 kB | 54/328 kB | 45 kB
Progress (4): 0.1/3.7 MB | 60/786 kB | 55/328 kB | 45 kB
Progress (4): 0.1/3.7 MB | 60/786 kB | 60/328 kB | 45 kB
Progress (4): 0.1/3.7 MB | 60/786 kB | 60/328 kB | 45 kB
Progress (4): 0.1/3.7 MB | 60/786 kB | 60/328 kB | 45 kB
Progress (4): 0.1/3.7 MB | 60/786 kB | 60/328 kB | 45 kB
Progress (4): 0.1/3.7 MB | 60/786 kB | 60/328 kB | 45 kB
Progress (4): 0.1/3.7 MB | 60/786 kB | 60/328 kB | 45 kB
Progress (4): 0.1/3.7 MB | 60/786 kB | 60/328 kB | 45 kB
Progress (4): 0.1/3.7 MB | 60/786 kB | 60/328 kB | 45 kB
                                                        
Downloaded from central: https://repo1.maven.org/maven2/org/hamcrest/hamcrest-core/1.3/hamcrest-core-1.3.jar (45 kB at 378 kB/s)
Downloading from central: https://repo1.maven.org/maven2/com/google/guava/guava/20.0/guava-20.0.jar
Progress (3): 0.1/3.7 MB | 60/786 kB | 60/328 kB
Progress (3): 0.1/3.7 MB | 60/786 kB | 60/328 kB
Progress (3): 0.1/3.7 MB | 60/786 kB | 60/328 kB
Progress (3): 0.1/3.7 MB | 60/786 kB | 60/328 kB
Progress (3): 0.1/3.7 MB | 60/786 kB | 60/328 kB
Progress (3): 0.1/3.7 MB | 60/786 kB | 60/328 kB
Progress (3): 0.1/3.7 MB | 60/786 kB | 60/328 kB
Progress (3): 0.1/3.7 MB | 60/786 kB | 60/328 kB
Progress (3): 0.1/3.7 MB | 60/786 kB | 60/328 kB
Progress (3): 0.1/3.7 MB | 60/786 kB | 60/328 kB
Progress (3): 0.1/3.7 MB | 60/786 kB | 60/328 kB
Progress (3): 0.1/3.7 MB | 60/786 kB | 60/328 kB
Progress (3): 0.1/3.7 MB | 60/786 kB | 60/328 kB
Progress (3): 0.1/3.7 MB | 60/786 kB | 60/328 kB
Progress (3): 0.2/3.7 MB | 60/786 kB | 60/328 kB
Progress (3): 0.2/3.7 MB | 60/786 kB | 60/328 kB
Progress (3): 0.2/3.7 MB | 60/786 kB | 60/328 kB
Progress (3): 0.2/3.7 MB | 60/786 kB | 60/328 kB
Progress (3): 0.2/3.7 MB | 60/786 kB | 60/328 kB
Progress (3): 0.2/3.7 MB | 64/786 kB | 60/328 kB
Progress (3): 0.2/3.7 MB | 64/786 kB | 60/328 kB
Progress (3): 0.2/3.7 MB | 64/786 kB | 60/328 kB
Progress (3): 0.2/3.7 MB | 68/786 kB | 60/328 kB
Progress (3): 0.2/3.7 MB | 69/786 kB | 60/328 kB
Progress (3): 0.2/3.7 MB | 73/786 kB | 60/328 kB
Progress (3): 0.2/3.7 MB | 77/786 kB | 60/328 kB
Progress (3): 0.2/3.7 MB | 77/786 kB | 64/328 kB
Progress (3): 0.2/3.7 MB | 82/786 kB | 64/328 kB
Progress (3): 0.2/3.7 MB | 86/786 kB | 64/328 kB
Progress (3): 0.2/3.7 MB | 90/786 kB | 64/328 kB
Progress (3): 0.2/3.7 MB | 94/786 kB | 64/328 kB
Progress (3): 0.2/3.7 MB | 99/786 kB | 64/328 kB
Progress (3): 0.2/3.7 MB | 102/786 kB | 64/328 kB
Progress (3): 0.2/3.7 MB | 106/786 kB | 64/328 kB
Progress (3): 0.2/3.7 MB | 110/786 kB | 64/328 kB
Progress (3): 0.2/3.7 MB | 114/786 kB | 64/328 kB
Progress (3): 0.2/3.7 MB | 119/786 kB | 64/328 kB
Progress (3): 0.2/3.7 MB | 123/786 kB | 64/328 kB
Progress (3): 0.2/3.7 MB | 127/786 kB | 64/328 kB
Progress (3): 0.2/3.7 MB | 131/786 kB | 64/328 kB
Progress (3): 0.2/3.7 MB | 134/786 kB | 64/328 kB
Progress (3): 0.2/3.7 MB | 139/786 kB | 64/328 kB
Progress (3): 0.2/3.7 MB | 139/786 kB | 64/328 kB
Progress (3): 0.2/3.7 MB | 139/786 kB | 64/328 kB
Progress (3): 0.2/3.7 MB | 143/786 kB | 64/328 kB
Progress (3): 0.2/3.7 MB | 143/786 kB | 64/328 kB
Progress (3): 0.2/3.7 MB | 147/786 kB | 64/328 kB
Progress (3): 0.2/3.7 MB | 147/786 kB | 64/328 kB
Progress (3): 0.2/3.7 MB | 151/786 kB | 64/328 kB
Progress (3): 0.2/3.7 MB | 151/786 kB | 64/328 kB
Progress (3): 0.2/3.7 MB | 156/786 kB | 64/328 kB
Progress (3): 0.2/3.7 MB | 159/786 kB | 64/328 kB
Progress (3): 0.2/3.7 MB | 159/786 kB | 64/328 kB
Progress (3): 0.2/3.7 MB | 163/786 kB | 64/328 kB
Progress (3): 0.2/3.7 MB | 163/786 kB | 68/328 kB
Progress (3): 0.2/3.7 MB | 163/786 kB | 68/328 kB
Progress (3): 0.2/3.7 MB | 163/786 kB | 72/328 kB
Progress (3): 0.2/3.7 MB | 167/786 kB | 72/328 kB
Progress (3): 0.2/3.7 MB | 167/786 kB | 72/328 kB
Progress (3): 0.2/3.7 MB | 167/786 kB | 76/328 kB
Progress (3): 0.2/3.7 MB | 171/786 kB | 76/328 kB
Progress (3): 0.2/3.7 MB | 171/786 kB | 81/328 kB
Progress (3): 0.2/3.7 MB | 176/786 kB | 81/328 kB
Progress (3): 0.2/3.7 MB | 176/786 kB | 81/328 kB
Progress (3): 0.2/3.7 MB | 176/786 kB | 85/328 kB
Progress (3): 0.2/3.7 MB | 180/786 kB | 85/328 kB
Progress (3): 0.2/3.7 MB | 180/786 kB | 89/328 kB
Progress (3): 0.2/3.7 MB | 180/786 kB | 89/328 kB
Progress (3): 0.2/3.7 MB | 180/786 kB | 89/328 kB
Progress (3): 0.2/3.7 MB | 180/786 kB | 93/328 kB
Progress (3): 0.2/3.7 MB | 180/786 kB | 98/328 kB
Progress (3): 0.2/3.7 MB | 180/786 kB | 98/328 kB
Progress (3): 0.2/3.7 MB | 180/786 kB | 102/328 kB
Progress (3): 0.2/3.7 MB | 180/786 kB | 106/328 kB
Progress (3): 0.3/3.7 MB | 180/786 kB | 106/328 kB
Progress (3): 0.3/3.7 MB | 180/786 kB | 106/328 kB
Progress (3): 0.3/3.7 MB | 180/786 kB | 110/328 kB
Progress (3): 0.3/3.7 MB | 180/786 kB | 115/328 kB
Progress (3): 0.3/3.7 MB | 180/786 kB | 119/328 kB
Progress (3): 0.3/3.7 MB | 180/786 kB | 119/328 kB
Progress (3): 0.3/3.7 MB | 180/786 kB | 119/328 kB
Progress (3): 0.3/3.7 MB | 184/786 kB | 119/328 kB
Progress (3): 0.3/3.7 MB | 184/786 kB | 123/328 kB
Progress (3): 0.3/3.7 MB | 188/786 kB | 123/328 kB
Progress (3): 0.3/3.7 MB | 188/786 kB | 127/328 kB
Progress (3): 0.3/3.7 MB | 193/786 kB | 127/328 kB
Progress (3): 0.3/3.7 MB | 197/786 kB | 127/328 kB
Progress (3): 0.3/3.7 MB | 197/786 kB | 131/328 kB
Progress (3): 0.3/3.7 MB | 201/786 kB | 131/328 kB
Progress (3): 0.3/3.7 MB | 201/786 kB | 134/328 kB
Progress (3): 0.3/3.7 MB | 205/786 kB | 134/328 kB
Progress (3): 0.3/3.7 MB | 205/786 kB | 139/328 kB
Progress (3): 0.3/3.7 MB | 209/786 kB | 139/328 kB
Progress (3): 0.3/3.7 MB | 209/786 kB | 143/328 kB
Progress (3): 0.3/3.7 MB | 214/786 kB | 143/328 kB
Progress (3): 0.3/3.7 MB | 218/786 kB | 143/328 kB
Progress (3): 0.3/3.7 MB | 218/786 kB | 147/328 kB
Progress (3): 0.3/3.7 MB | 234/786 kB | 147/328 kB
Progress (4): 0.3/3.7 MB | 234/786 kB | 147/328 kB | 8.2/264 kB
Progress (4): 0.3/3.7 MB | 234/786 kB | 151/328 kB | 8.2/264 kB
Progress (4): 0.3/3.7 MB | 234/786 kB | 156/328 kB | 8.2/264 kB
Progress (4): 0.3/3.7 MB | 251/786 kB | 156/328 kB | 8.2/264 kB
Progress (4): 0.3/3.7 MB | 251/786 kB | 156/328 kB | 16/264 kB 
Progress (4): 0.3/3.7 MB | 251/786 kB | 160/328 kB | 16/264 kB
Progress (4): 0.3/3.7 MB | 251/786 kB | 164/328 kB | 16/264 kB
Progress (4): 0.3/3.7 MB | 251/786 kB | 164/328 kB | 33/264 kB
Progress (4): 0.3/3.7 MB | 251/786 kB | 167/328 kB | 33/264 kB
Progress (4): 0.3/3.7 MB | 267/786 kB | 167/328 kB | 33/264 kB
Progress (4): 0.3/3.7 MB | 267/786 kB | 167/328 kB | 41/264 kB
Progress (4): 0.3/3.7 MB | 267/786 kB | 167/328 kB | 57/264 kB
Progress (4): 0.3/3.7 MB | 267/786 kB | 167/328 kB | 66/264 kB
Progress (4): 0.3/3.7 MB | 283/786 kB | 167/328 kB | 66/264 kB
Progress (4): 0.3/3.7 MB | 283/786 kB | 167/328 kB | 82/264 kB
Progress (4): 0.3/3.7 MB | 298/786 kB | 167/328 kB | 82/264 kB
Progress (4): 0.3/3.7 MB | 298/786 kB | 167/328 kB | 90/264 kB
Progress (4): 0.3/3.7 MB | 300/786 kB | 167/328 kB | 90/264 kB
Progress (4): 0.3/3.7 MB | 300/786 kB | 167/328 kB | 106/264 kB
Progress (4): 0.3/3.7 MB | 300/786 kB | 171/328 kB | 106/264 kB
Progress (4): 0.3/3.7 MB | 300/786 kB | 176/328 kB | 106/264 kB
Progress (4): 0.3/3.7 MB | 300/786 kB | 176/328 kB | 123/264 kB
Progress (4): 0.3/3.7 MB | 300/786 kB | 176/328 kB | 131/264 kB
Progress (4): 0.3/3.7 MB | 300/786 kB | 176/328 kB | 139/264 kB
Progress (4): 0.3/3.7 MB | 300/786 kB | 176/328 kB | 147/264 kB
Progress (4): 0.3/3.7 MB | 300/786 kB | 176/328 kB | 156/264 kB
Progress (4): 0.3/3.7 MB | 300/786 kB | 176/328 kB | 156/264 kB
Progress (4): 0.3/3.7 MB | 300/786 kB | 176/328 kB | 172/264 kB
Progress (4): 0.3/3.7 MB | 300/786 kB | 176/328 kB | 188/264 kB
Progress (4): 0.3/3.7 MB | 300/786 kB | 176/328 kB | 188/264 kB
Progress (4): 0.3/3.7 MB | 300/786 kB | 176/328 kB | 197/264 kB
Progress (4): 0.3/3.7 MB | 300/786 kB | 180/328 kB | 197/264 kB
Progress (4): 0.3/3.7 MB | 300/786 kB | 180/328 kB | 205/264 kB
Progress (4): 0.3/3.7 MB | 300/786 kB | 184/328 kB | 205/264 kB
Progress (4): 0.4/3.7 MB | 300/786 kB | 184/328 kB | 205/264 kB
Progress (4): 0.4/3.7 MB | 300/786 kB | 188/328 kB | 205/264 kB
Progress (4): 0.4/3.7 MB | 300/786 kB | 192/328 kB | 205/264 kB
Progress (4): 0.4/3.7 MB | 300/786 kB | 192/328 kB | 205/264 kB
Progress (4): 0.4/3.7 MB | 300/786 kB | 192/328 kB | 221/264 kB
Progress (4): 0.4/3.7 MB | 300/786 kB | 196/328 kB | 221/264 kB
Progress (4): 0.4/3.7 MB | 300/786 kB | 196/328 kB | 221/264 kB
Progress (4): 0.4/3.7 MB | 300/786 kB | 200/328 kB | 221/264 kB
Progress (4): 0.4/3.7 MB | 300/786 kB | 200/328 kB | 238/264 kB
Progress (4): 0.4/3.7 MB | 300/786 kB | 205/328 kB | 238/264 kB
Progress (4): 0.4/3.7 MB | 300/786 kB | 205/328 kB | 238/264 kB
Progress (4): 0.4/3.7 MB | 300/786 kB | 209/328 kB | 238/264 kB
Progress (4): 0.4/3.7 MB | 300/786 kB | 209/328 kB | 254/264 kB
Progress (4): 0.4/3.7 MB | 300/786 kB | 213/328 kB | 254/264 kB
Progress (4): 0.4/3.7 MB | 300/786 kB | 217/328 kB | 254/264 kB
Progress (4): 0.4/3.7 MB | 300/786 kB | 217/328 kB | 264 kB    
Progress (4): 0.4/3.7 MB | 300/786 kB | 217/328 kB | 264 kB
Progress (4): 0.4/3.7 MB | 300/786 kB | 221/328 kB | 264 kB
Progress (4): 0.4/3.7 MB | 300/786 kB | 221/328 kB | 264 kB
Progress (4): 0.4/3.7 MB | 300/786 kB | 238/328 kB | 264 kB
Progress (4): 0.5/3.7 MB | 300/786 kB | 238/328 kB | 264 kB
Progress (4): 0.5/3.7 MB | 300/786 kB | 238/328 kB | 264 kB
Progress (4): 0.5/3.7 MB | 300/786 kB | 254/328 kB | 264 kB
Progress (4): 0.5/3.7 MB | 316/786 kB | 254/328 kB | 264 kB
Progress (4): 0.5/3.7 MB | 316/786 kB | 254/328 kB | 264 kB
Progress (4): 0.5/3.7 MB | 333/786 kB | 254/328 kB | 264 kB
Progress (4): 0.5/3.7 MB | 333/786 kB | 254/328 kB | 264 kB
Progress (4): 0.5/3.7 MB | 349/786 kB | 254/328 kB | 264 kB
Progress (4): 0.5/3.7 MB | 349/786 kB | 254/328 kB | 264 kB
Progress (4): 0.5/3.7 MB | 349/786 kB | 271/328 kB | 264 kB
Progress (5): 0.5/3.7 MB | 349/786 kB | 271/328 kB | 264 kB | 0/2.4 MB
Progress (5): 0.5/3.7 MB | 349/786 kB | 271/328 kB | 264 kB | 0/2.4 MB
Progress (5): 0.5/3.7 MB | 365/786 kB | 271/328 kB | 264 kB | 0/2.4 MB
Progress (5): 0.5/3.7 MB | 365/786 kB | 271/328 kB | 264 kB | 0/2.4 MB
Progress (5): 0.5/3.7 MB | 365/786 kB | 271/328 kB | 264 kB | 0/2.4 MB
Progress (5): 0.5/3.7 MB | 365/786 kB | 271/328 kB | 264 kB | 0/2.4 MB
Progress (5): 0.5/3.7 MB | 382/786 kB | 271/328 kB | 264 kB | 0/2.4 MB
Progress (5): 0.5/3.7 MB | 382/786 kB | 271/328 kB | 264 kB | 0/2.4 MB
Progress (5): 0.5/3.7 MB | 382/786 kB | 287/328 kB | 264 kB | 0/2.4 MB
Progress (5): 0.5/3.7 MB | 382/786 kB | 287/328 kB | 264 kB | 0/2.4 MB
Progress (5): 0.5/3.7 MB | 398/786 kB | 287/328 kB | 264 kB | 0/2.4 MB
Progress (5): 0.6/3.7 MB | 398/786 kB | 287/328 kB | 264 kB | 0/2.4 MB
Progress (5): 0.6/3.7 MB | 398/786 kB | 303/328 kB | 264 kB | 0/2.4 MB
Progress (5): 0.6/3.7 MB | 398/786 kB | 303/328 kB | 264 kB | 0/2.4 MB
Progress (5): 0.6/3.7 MB | 398/786 kB | 303/328 kB | 264 kB | 0/2.4 MB
Progress (5): 0.6/3.7 MB | 398/786 kB | 303/328 kB | 264 kB | 0/2.4 MB
Progress (5): 0.6/3.7 MB | 415/786 kB | 303/328 kB | 264 kB | 0/2.4 MB
Progress (5): 0.6/3.7 MB | 415/786 kB | 303/328 kB | 264 kB | 0/2.4 MB
Progress (5): 0.6/3.7 MB | 415/786 kB | 303/328 kB | 264 kB | 0/2.4 MB
Progress (5): 0.6/3.7 MB | 415/786 kB | 303/328 kB | 264 kB | 0/2.4 MB
Progress (5): 0.6/3.7 MB | 429/786 kB | 303/328 kB | 264 kB | 0/2.4 MB
Progress (5): 0.6/3.7 MB | 429/786 kB | 303/328 kB | 264 kB | 0/2.4 MB
Progress (5): 0.6/3.7 MB | 429/786 kB | 303/328 kB | 264 kB | 0/2.4 MB
Progress (5): 0.6/3.7 MB | 446/786 kB | 303/328 kB | 264 kB | 0/2.4 MB
Progress (5): 0.6/3.7 MB | 446/786 kB | 303/328 kB | 264 kB | 0/2.4 MB
Progress (5): 0.6/3.7 MB | 446/786 kB | 303/328 kB | 264 kB | 0/2.4 MB
Progress (5): 0.6/3.7 MB | 446/786 kB | 303/328 kB | 264 kB | 0/2.4 MB
Progress (5): 0.6/3.7 MB | 446/786 kB | 303/328 kB | 264 kB | 0/2.4 MB
Progress (5): 0.6/3.7 MB | 446/786 kB | 303/328 kB | 264 kB | 0/2.4 MB
Progress (5): 0.6/3.7 MB | 462/786 kB | 303/328 kB | 264 kB | 0/2.4 MB
Progress (5): 0.6/3.7 MB | 462/786 kB | 303/328 kB | 264 kB | 0/2.4 MB
Progress (5): 0.6/3.7 MB | 462/786 kB | 303/328 kB | 264 kB | 0.1/2.4 MB
Progress (5): 0.6/3.7 MB | 462/786 kB | 303/328 kB | 264 kB | 0.1/2.4 MB
Progress (5): 0.6/3.7 MB | 479/786 kB | 303/328 kB | 264 kB | 0.1/2.4 MB
Progress (5): 0.6/3.7 MB | 479/786 kB | 303/328 kB | 264 kB | 0.1/2.4 MB
Progress (5): 0.6/3.7 MB | 479/786 kB | 303/328 kB | 264 kB | 0.1/2.4 MB
Progress (5): 0.6/3.7 MB | 483/786 kB | 303/328 kB | 264 kB | 0.1/2.4 MB
Progress (5): 0.6/3.7 MB | 483/786 kB | 303/328 kB | 264 kB | 0.1/2.4 MB
Progress (5): 0.6/3.7 MB | 500/786 kB | 303/328 kB | 264 kB | 0.1/2.4 MB
Progress (5): 0.7/3.7 MB | 500/786 kB | 303/328 kB | 264 kB | 0.1/2.4 MB
Progress (5): 0.7/3.7 MB | 516/786 kB | 303/328 kB | 264 kB | 0.1/2.4 MB
Progress (5): 0.7/3.7 MB | 516/786 kB | 303/328 kB | 264 kB | 0.1/2.4 MB
Progress (5): 0.7/3.7 MB | 532/786 kB | 303/328 kB | 264 kB | 0.1/2.4 MB
Progress (5): 0.7/3.7 MB | 532/786 kB | 303/328 kB | 264 kB | 0.1/2.4 MB
Progress (5): 0.7/3.7 MB | 549/786 kB | 303/328 kB | 264 kB | 0.1/2.4 MB
Progress (5): 0.7/3.7 MB | 549/786 kB | 303/328 kB | 264 kB | 0.1/2.4 MB
Progress (5): 0.7/3.7 MB | 565/786 kB | 303/328 kB | 264 kB | 0.1/2.4 MB
Progress (5): 0.7/3.7 MB | 565/786 kB | 303/328 kB | 264 kB | 0.1/2.4 MB
Progress (5): 0.7/3.7 MB | 565/786 kB | 303/328 kB | 264 kB | 0.1/2.4 MB
Progress (5): 0.7/3.7 MB | 565/786 kB | 320/328 kB | 264 kB | 0.1/2.4 MB
Progress (5): 0.7/3.7 MB | 565/786 kB | 323/328 kB | 264 kB | 0.1/2.4 MB
Progress (5): 0.7/3.7 MB | 565/786 kB | 328 kB | 264 kB | 0.1/2.4 MB    
                                                                    
Downloaded from central: https://repo1.maven.org/maven2/org/apache/derby/derbytools/10.15.2.0/derbytools-10.15.2.0.jar (264 kB at 1.6 MB/s)
Downloading from central: https://repo1.maven.org/maven2/org/apache/commons/commons-lang3/3.5/commons-lang3-3.5.jar
Progress (4): 0.7/3.7 MB | 565/786 kB | 328 kB | 0.1/2.4 MB
Progress (4): 0.7/3.7 MB | 565/786 kB | 328 kB | 0.1/2.4 MB
Progress (4): 0.8/3.7 MB | 565/786 kB | 328 kB | 0.1/2.4 MB
Progress (4): 0.8/3.7 MB | 565/786 kB | 328 kB | 0.1/2.4 MB
Progress (4): 0.8/3.7 MB | 565/786 kB | 328 kB | 0.1/2.4 MB
Progress (4): 0.8/3.7 MB | 582/786 kB | 328 kB | 0.1/2.4 MB
Progress (4): 0.8/3.7 MB | 582/786 kB | 328 kB | 0.1/2.4 MB
Progress (4): 0.8/3.7 MB | 582/786 kB | 328 kB | 0.1/2.4 MB
Progress (4): 0.8/3.7 MB | 598/786 kB | 328 kB | 0.1/2.4 MB
Progress (4): 0.8/3.7 MB | 598/786 kB | 328 kB | 0.1/2.4 MB
Progress (4): 0.8/3.7 MB | 598/786 kB | 328 kB | 0.1/2.4 MB
Progress (4): 0.8/3.7 MB | 614/786 kB | 328 kB | 0.1/2.4 MB
Progress (4): 0.8/3.7 MB | 614/786 kB | 328 kB | 0.1/2.4 MB
Progress (4): 0.8/3.7 MB | 614/786 kB | 328 kB | 0.1/2.4 MB
Progress (4): 0.8/3.7 MB | 614/786 kB | 328 kB | 0.1/2.4 MB
Progress (4): 0.8/3.7 MB | 631/786 kB | 328 kB | 0.1/2.4 MB
Progress (4): 0.8/3.7 MB | 631/786 kB | 328 kB | 0.1/2.4 MB
Progress (4): 0.8/3.7 MB | 631/786 kB | 328 kB | 0.1/2.4 MB
Progress (4): 0.8/3.7 MB | 647/786 kB | 328 kB | 0.1/2.4 MB
Progress (4): 0.8/3.7 MB | 647/786 kB | 328 kB | 0.1/2.4 MB
Progress (4): 0.8/3.7 MB | 647/786 kB | 328 kB | 0.1/2.4 MB
Progress (4): 0.8/3.7 MB | 647/786 kB | 328 kB | 0.1/2.4 MB
Progress (4): 0.8/3.7 MB | 647/786 kB | 328 kB | 0.1/2.4 MB
Progress (4): 0.8/3.7 MB | 664/786 kB | 328 kB | 0.1/2.4 MB
Progress (4): 0.8/3.7 MB | 664/786 kB | 328 kB | 0.1/2.4 MB
Progress (4): 0.8/3.7 MB | 680/786 kB | 328 kB | 0.1/2.4 MB
Progress (4): 0.8/3.7 MB | 680/786 kB | 328 kB | 0.1/2.4 MB
Progress (4): 0.8/3.7 MB | 680/786 kB | 328 kB | 0.1/2.4 MB
Progress (4): 0.8/3.7 MB | 680/786 kB | 328 kB | 0.1/2.4 MB
Progress (4): 0.8/3.7 MB | 680/786 kB | 328 kB | 0.1/2.4 MB
Progress (4): 0.8/3.7 MB | 696/786 kB | 328 kB | 0.1/2.4 MB
Progress (4): 0.8/3.7 MB | 696/786 kB | 328 kB | 0.1/2.4 MB
Progress (4): 0.8/3.7 MB | 696/786 kB | 328 kB | 0.1/2.4 MB
Progress (4): 0.8/3.7 MB | 696/786 kB | 328 kB | 0.1/2.4 MB
Progress (4): 0.8/3.7 MB | 696/786 kB | 328 kB | 0.1/2.4 MB
Progress (4): 0.8/3.7 MB | 713/786 kB | 328 kB | 0.1/2.4 MB
Progress (4): 0.9/3.7 MB | 713/786 kB | 328 kB | 0.1/2.4 MB
Progress (4): 0.9/3.7 MB | 713/786 kB | 328 kB | 0.1/2.4 MB
Progress (4): 0.9/3.7 MB | 713/786 kB | 328 kB | 0.2/2.4 MB
Progress (4): 0.9/3.7 MB | 713/786 kB | 328 kB | 0.2/2.4 MB
Progress (4): 0.9/3.7 MB | 713/786 kB | 328 kB | 0.2/2.4 MB
Progress (4): 0.9/3.7 MB | 713/786 kB | 328 kB | 0.2/2.4 MB
Progress (4): 0.9/3.7 MB | 713/786 kB | 328 kB | 0.2/2.4 MB
Progress (4): 0.9/3.7 MB | 713/786 kB | 328 kB | 0.2/2.4 MB
Progress (4): 0.9/3.7 MB | 713/786 kB | 328 kB | 0.2/2.4 MB
Progress (4): 0.9/3.7 MB | 729/786 kB | 328 kB | 0.2/2.4 MB
Progress (4): 0.9/3.7 MB | 729/786 kB | 328 kB | 0.2/2.4 MB
Progress (4): 0.9/3.7 MB | 729/786 kB | 328 kB | 0.2/2.4 MB
Progress (4): 0.9/3.7 MB | 745/786 kB | 328 kB | 0.2/2.4 MB
Progress (4): 0.9/3.7 MB | 745/786 kB | 328 kB | 0.2/2.4 MB
Progress (4): 0.9/3.7 MB | 745/786 kB | 328 kB | 0.2/2.4 MB
Progress (4): 0.9/3.7 MB | 762/786 kB | 328 kB | 0.2/2.4 MB
Progress (4): 0.9/3.7 MB | 762/786 kB | 328 kB | 0.2/2.4 MB
Progress (4): 0.9/3.7 MB | 778/786 kB | 328 kB | 0.2/2.4 MB
Progress (4): 0.9/3.7 MB | 778/786 kB | 328 kB | 0.2/2.4 MB
Progress (4): 0.9/3.7 MB | 786 kB | 328 kB | 0.2/2.4 MB    
Progress (4): 1.0/3.7 MB | 786 kB | 328 kB | 0.2/2.4 MB
Progress (4): 1.0/3.7 MB | 786 kB | 328 kB | 0.2/2.4 MB
Progress (4): 1.0/3.7 MB | 786 kB | 328 kB | 0.2/2.4 MB
Progress (4): 1.0/3.7 MB | 786 kB | 328 kB | 0.2/2.4 MB
Progress (4): 1.0/3.7 MB | 786 kB | 328 kB | 0.2/2.4 MB
Progress (4): 1.0/3.7 MB | 786 kB | 328 kB | 0.2/2.4 MB
Progress (4): 1.1/3.7 MB | 786 kB | 328 kB | 0.2/2.4 MB
Progress (4): 1.1/3.7 MB | 786 kB | 328 kB | 0.2/2.4 MB
Progress (4): 1.1/3.7 MB | 786 kB | 328 kB | 0.2/2.4 MB
Progress (4): 1.1/3.7 MB | 786 kB | 328 kB | 0.2/2.4 MB
Progress (4): 1.1/3.7 MB | 786 kB | 328 kB | 0.2/2.4 MB
Progress (4): 1.1/3.7 MB | 786 kB | 328 kB | 0.2/2.4 MB
Progress (4): 1.2/3.7 MB | 786 kB | 328 kB | 0.2/2.4 MB
Progress (4): 1.2/3.7 MB | 786 kB | 328 kB | 0.2/2.4 MB
Progress (4): 1.2/3.7 MB | 786 kB | 328 kB | 0.2/2.4 MB
Progress (4): 1.2/3.7 MB | 786 kB | 328 kB | 0.2/2.4 MB
Progress (4): 1.2/3.7 MB | 786 kB | 328 kB | 0.2/2.4 MB
                                                       
Downloaded from central: https://repo1.maven.org/maven2/org/apache/httpcomponents/httpcore/4.4.16/httpcore-4.4.16.jar (328 kB at 1.8 MB/s)
Progress (3): 1.2/3.7 MB | 786 kB | 0.2/2.4 MB
Progress (3): 1.2/3.7 MB | 786 kB | 0.2/2.4 MB
Progress (3): 1.2/3.7 MB | 786 kB | 0.2/2.4 MB
Progress (3): 1.2/3.7 MB | 786 kB | 0.2/2.4 MB
Progress (3): 1.3/3.7 MB | 786 kB | 0.2/2.4 MB
Progress (3): 1.3/3.7 MB | 786 kB | 0.3/2.4 MB
Progress (3): 1.3/3.7 MB | 786 kB | 0.3/2.4 MB
Progress (3): 1.3/3.7 MB | 786 kB | 0.3/2.4 MB
Progress (3): 1.3/3.7 MB | 786 kB | 0.3/2.4 MB
Progress (3): 1.3/3.7 MB | 786 kB | 0.3/2.4 MB
Progress (3): 1.3/3.7 MB | 786 kB | 0.3/2.4 MB
Progress (3): 1.3/3.7 MB | 786 kB | 0.3/2.4 MB
Progress (3): 1.3/3.7 MB | 786 kB | 0.3/2.4 MB
Progress (3): 1.3/3.7 MB | 786 kB | 0.3/2.4 MB
Progress (3): 1.3/3.7 MB | 786 kB | 0.3/2.4 MB
Progress (3): 1.4/3.7 MB | 786 kB | 0.3/2.4 MB
Progress (3): 1.4/3.7 MB | 786 kB | 0.3/2.4 MB
Progress (3): 1.4/3.7 MB | 786 kB | 0.3/2.4 MB
Progress (3): 1.4/3.7 MB | 786 kB | 0.3/2.4 MB
Progress (3): 1.4/3.7 MB | 786 kB | 0.3/2.4 MB
Progress (3): 1.4/3.7 MB | 786 kB | 0.3/2.4 MB
Progress (3): 1.4/3.7 MB | 786 kB | 0.3/2.4 MB
Progress (3): 1.4/3.7 MB | 786 kB | 0.4/2.4 MB
Progress (3): 1.5/3.7 MB | 786 kB | 0.4/2.4 MB
Progress (3): 1.5/3.7 MB | 786 kB | 0.4/2.4 MB
Progress (3): 1.5/3.7 MB | 786 kB | 0.4/2.4 MB
Progress (3): 1.5/3.7 MB | 786 kB | 0.4/2.4 MB
Progress (3): 1.5/3.7 MB | 786 kB | 0.4/2.4 MB
Progress (3): 1.5/3.7 MB | 786 kB | 0.4/2.4 MB
Progress (3): 1.5/3.7 MB | 786 kB | 0.4/2.4 MB
Progress (3): 1.5/3.7 MB | 786 kB | 0.4/2.4 MB
Progress (3): 1.6/3.7 MB | 786 kB | 0.4/2.4 MB
Progress (3): 1.6/3.7 MB | 786 kB | 0.4/2.4 MB
Progress (3): 1.6/3.7 MB | 786 kB | 0.4/2.4 MB
Progress (3): 1.6/3.7 MB | 786 kB | 0.4/2.4 MB
Progress (3): 1.6/3.7 MB | 786 kB | 0.4/2.4 MB
Progress (3): 1.6/3.7 MB | 786 kB | 0.4/2.4 MB
Progress (3): 1.6/3.7 MB | 786 kB | 0.4/2.4 MB
Progress (3): 1.6/3.7 MB | 786 kB | 0.4/2.4 MB
Progress (3): 1.7/3.7 MB | 786 kB | 0.4/2.4 MB
                                              
Downloaded from central: https://repo1.maven.org/maven2/org/apache/httpcomponents/httpclient/4.5.14/httpclient-4.5.14.jar (786 kB at 4.0 MB/s)
Progress (2): 1.7/3.7 MB | 0.4/2.4 MB
Progress (2): 1.7/3.7 MB | 0.4/2.4 MB
Progress (2): 1.7/3.7 MB | 0.4/2.4 MB
Progress (2): 1.7/3.7 MB | 0.4/2.4 MB
Progress (2): 1.7/3.7 MB | 0.5/2.4 MB
Progress (2): 1.7/3.7 MB | 0.5/2.4 MB
Progress (2): 1.7/3.7 MB | 0.5/2.4 MB
Progress (2): 1.7/3.7 MB | 0.5/2.4 MB
Progress (2): 1.8/3.7 MB | 0.5/2.4 MB
Progress (2): 1.8/3.7 MB | 0.5/2.4 MB
Progress (2): 1.8/3.7 MB | 0.5/2.4 MB
Progress (2): 1.8/3.7 MB | 0.5/2.4 MB
Progress (2): 1.8/3.7 MB | 0.5/2.4 MB
Progress (2): 1.8/3.7 MB | 0.5/2.4 MB
Progress (2): 1.9/3.7 MB | 0.5/2.4 MB
Progress (2): 1.9/3.7 MB | 0.5/2.4 MB
Progress (2): 1.9/3.7 MB | 0.5/2.4 MB
Progress (2): 1.9/3.7 MB | 0.5/2.4 MB
Progress (2): 1.9/3.7 MB | 0.5/2.4 MB
Progress (2): 1.9/3.7 MB | 0.5/2.4 MB
Progress (2): 1.9/3.7 MB | 0.5/2.4 MB
Progress (2): 2.0/3.7 MB | 0.5/2.4 MB
Progress (2): 2.0/3.7 MB | 0.5/2.4 MB
Progress (2): 2.0/3.7 MB | 0.5/2.4 MB
Progress (2): 2.0/3.7 MB | 0.5/2.4 MB
Progress (2): 2.0/3.7 MB | 0.5/2.4 MB
Progress (2): 2.0/3.7 MB | 0.5/2.4 MB
Progress (2): 2.0/3.7 MB | 0.5/2.4 MB
Progress (2): 2.0/3.7 MB | 0.5/2.4 MB
Progress (2): 2.0/3.7 MB | 0.5/2.4 MB
Progress (2): 2.0/3.7 MB | 0.6/2.4 MB
Progress (2): 2.0/3.7 MB | 0.6/2.4 MB
Progress (2): 2.0/3.7 MB | 0.6/2.4 MB
Progress (2): 2.0/3.7 MB | 0.6/2.4 MB
Progress (2): 2.1/3.7 MB | 0.6/2.4 MB
Progress (2): 2.1/3.7 MB | 0.6/2.4 MB
Progress (2): 2.1/3.7 MB | 0.6/2.4 MB
Progress (2): 2.1/3.7 MB | 0.6/2.4 MB
Progress (2): 2.1/3.7 MB | 0.6/2.4 MB
Progress (2): 2.1/3.7 MB | 0.6/2.4 MB
Progress (2): 2.1/3.7 MB | 0.6/2.4 MB
Progress (2): 2.1/3.7 MB | 0.6/2.4 MB
Progress (2): 2.1/3.7 MB | 0.6/2.4 MB
Progress (2): 2.2/3.7 MB | 0.6/2.4 MB
Progress (2): 2.2/3.7 MB | 0.7/2.4 MB
Progress (2): 2.2/3.7 MB | 0.7/2.4 MB
Progress (2): 2.2/3.7 MB | 0.7/2.4 MB
Progress (2): 2.2/3.7 MB | 0.7/2.4 MB
Progress (2): 2.2/3.7 MB | 0.7/2.4 MB
Progress (2): 2.2/3.7 MB | 0.7/2.4 MB
Progress (2): 2.2/3.7 MB | 0.7/2.4 MB
Progress (2): 2.2/3.7 MB | 0.7/2.4 MB
Progress (2): 2.2/3.7 MB | 0.7/2.4 MB
Progress (2): 2.3/3.7 MB | 0.7/2.4 MB
Progress (2): 2.3/3.7 MB | 0.7/2.4 MB
Progress (2): 2.3/3.7 MB | 0.7/2.4 MB
Progress (2): 2.3/3.7 MB | 0.7/2.4 MB
Progress (2): 2.3/3.7 MB | 0.7/2.4 MB
Progress (2): 2.3/3.7 MB | 0.7/2.4 MB
Progress (2): 2.3/3.7 MB | 0.7/2.4 MB
Progress (2): 2.3/3.7 MB | 0.7/2.4 MB
Progress (2): 2.4/3.7 MB | 0.7/2.4 MB
Progress (2): 2.4/3.7 MB | 0.7/2.4 MB
Progress (2): 2.4/3.7 MB | 0.7/2.4 MB
Progress (2): 2.4/3.7 MB | 0.7/2.4 MB
Progress (2): 2.4/3.7 MB | 0.8/2.4 MB
Progress (2): 2.4/3.7 MB | 0.8/2.4 MB
Progress (2): 2.4/3.7 MB | 0.8/2.4 MB
Progress (2): 2.4/3.7 MB | 0.8/2.4 MB
Progress (2): 2.5/3.7 MB | 0.8/2.4 MB
Progress (2): 2.5/3.7 MB | 0.8/2.4 MB
Progress (2): 2.5/3.7 MB | 0.8/2.4 MB
Progress (2): 2.5/3.7 MB | 0.8/2.4 MB
Progress (2): 2.5/3.7 MB | 0.8/2.4 MB
Progress (2): 2.5/3.7 MB | 0.8/2.4 MB
Progress (2): 2.5/3.7 MB | 0.8/2.4 MB
Progress (2): 2.6/3.7 MB | 0.8/2.4 MB
Progress (2): 2.6/3.7 MB | 0.8/2.4 MB
Progress (2): 2.6/3.7 MB | 0.8/2.4 MB
Progress (3): 2.6/3.7 MB | 0.8/2.4 MB | 7.7/480 kB
Progress (3): 2.6/3.7 MB | 0.8/2.4 MB | 7.7/480 kB
Progress (3): 2.6/3.7 MB | 0.8/2.4 MB | 7.7/480 kB
Progress (3): 2.6/3.7 MB | 0.8/2.4 MB | 16/480 kB 
Progress (3): 2.6/3.7 MB | 0.8/2.4 MB | 16/480 kB
Progress (3): 2.6/3.7 MB | 0.8/2.4 MB | 32/480 kB
Progress (3): 2.6/3.7 MB | 0.8/2.4 MB | 32/480 kB
Progress (3): 2.6/3.7 MB | 0.8/2.4 MB | 49/480 kB
Progress (3): 2.6/3.7 MB | 0.8/2.4 MB | 49/480 kB
Progress (3): 2.6/3.7 MB | 0.8/2.4 MB | 49/480 kB
Progress (3): 2.7/3.7 MB | 0.8/2.4 MB | 49/480 kB
Progress (3): 2.7/3.7 MB | 0.8/2.4 MB | 49/480 kB
Progress (3): 2.7/3.7 MB | 0.8/2.4 MB | 49/480 kB
Progress (3): 2.7/3.7 MB | 0.8/2.4 MB | 49/480 kB
Progress (3): 2.7/3.7 MB | 0.8/2.4 MB | 49/480 kB
Progress (3): 2.7/3.7 MB | 0.8/2.4 MB | 49/480 kB
Progress (3): 2.7/3.7 MB | 0.8/2.4 MB | 65/480 kB
Progress (3): 2.7/3.7 MB | 0.8/2.4 MB | 65/480 kB
Progress (3): 2.7/3.7 MB | 0.8/2.4 MB | 65/480 kB
Progress (3): 2.7/3.7 MB | 0.8/2.4 MB | 81/480 kB
Progress (3): 2.7/3.7 MB | 0.8/2.4 MB | 98/480 kB
Progress (3): 2.8/3.7 MB | 0.8/2.4 MB | 98/480 kB
Progress (3): 2.8/3.7 MB | 0.9/2.4 MB | 98/480 kB
Progress (3): 2.8/3.7 MB | 0.9/2.4 MB | 114/480 kB
Progress (3): 2.8/3.7 MB | 0.9/2.4 MB | 114/480 kB
Progress (3): 2.8/3.7 MB | 0.9/2.4 MB | 114/480 kB
Progress (3): 2.8/3.7 MB | 0.9/2.4 MB | 131/480 kB
Progress (3): 2.8/3.7 MB | 0.9/2.4 MB | 131/480 kB
Progress (3): 2.8/3.7 MB | 0.9/2.4 MB | 147/480 kB
Progress (3): 2.8/3.7 MB | 0.9/2.4 MB | 147/480 kB
Progress (3): 2.8/3.7 MB | 0.9/2.4 MB | 163/480 kB
Progress (3): 2.8/3.7 MB | 0.9/2.4 MB | 163/480 kB
Progress (3): 2.8/3.7 MB | 0.9/2.4 MB | 163/480 kB
Progress (3): 2.8/3.7 MB | 0.9/2.4 MB | 180/480 kB
Progress (3): 2.8/3.7 MB | 0.9/2.4 MB | 180/480 kB
Progress (3): 2.8/3.7 MB | 0.9/2.4 MB | 180/480 kB
Progress (3): 2.8/3.7 MB | 0.9/2.4 MB | 196/480 kB
Progress (3): 2.8/3.7 MB | 0.9/2.4 MB | 196/480 kB
Progress (3): 2.9/3.7 MB | 0.9/2.4 MB | 196/480 kB
Progress (3): 2.9/3.7 MB | 0.9/2.4 MB | 213/480 kB
Progress (3): 2.9/3.7 MB | 0.9/2.4 MB | 213/480 kB
Progress (3): 2.9/3.7 MB | 0.9/2.4 MB | 229/480 kB
Progress (3): 2.9/3.7 MB | 0.9/2.4 MB | 229/480 kB
Progress (3): 2.9/3.7 MB | 1.0/2.4 MB | 229/480 kB
Progress (3): 2.9/3.7 MB | 1.0/2.4 MB | 245/480 kB
Progress (3): 2.9/3.7 MB | 1.0/2.4 MB | 245/480 kB
Progress (3): 2.9/3.7 MB | 1.0/2.4 MB | 245/480 kB
Progress (3): 2.9/3.7 MB | 1.0/2.4 MB | 245/480 kB
Progress (3): 2.9/3.7 MB | 1.0/2.4 MB | 245/480 kB
Progress (3): 2.9/3.7 MB | 1.0/2.4 MB | 245/480 kB
Progress (3): 2.9/3.7 MB | 1.0/2.4 MB | 245/480 kB
Progress (3): 2.9/3.7 MB | 1.0/2.4 MB | 262/480 kB
Progress (3): 2.9/3.7 MB | 1.0/2.4 MB | 262/480 kB
Progress (3): 2.9/3.7 MB | 1.0/2.4 MB | 262/480 kB
Progress (3): 3.0/3.7 MB | 1.0/2.4 MB | 262/480 kB
Progress (3): 3.0/3.7 MB | 1.0/2.4 MB | 278/480 kB
Progress (3): 3.0/3.7 MB | 1.0/2.4 MB | 278/480 kB
Progress (3): 3.0/3.7 MB | 1.0/2.4 MB | 278/480 kB
Progress (3): 3.0/3.7 MB | 1.0/2.4 MB | 294/480 kB
Progress (3): 3.0/3.7 MB | 1.0/2.4 MB | 294/480 kB
Progress (3): 3.0/3.7 MB | 1.0/2.4 MB | 311/480 kB
Progress (3): 3.0/3.7 MB | 1.1/2.4 MB | 311/480 kB
Progress (3): 3.0/3.7 MB | 1.1/2.4 MB | 311/480 kB
Progress (3): 3.0/3.7 MB | 1.1/2.4 MB | 311/480 kB
Progress (3): 3.0/3.7 MB | 1.1/2.4 MB | 311/480 kB
Progress (3): 3.0/3.7 MB | 1.1/2.4 MB | 311/480 kB
Progress (3): 3.0/3.7 MB | 1.1/2.4 MB | 311/480 kB
Progress (3): 3.0/3.7 MB | 1.1/2.4 MB | 311/480 kB
Progress (3): 3.1/3.7 MB | 1.1/2.4 MB | 311/480 kB
Progress (3): 3.1/3.7 MB | 1.1/2.4 MB | 311/480 kB
Progress (3): 3.1/3.7 MB | 1.1/2.4 MB | 311/480 kB
Progress (3): 3.1/3.7 MB | 1.1/2.4 MB | 311/480 kB
Progress (3): 3.1/3.7 MB | 1.2/2.4 MB | 311/480 kB
Progress (3): 3.1/3.7 MB | 1.2/2.4 MB | 311/480 kB
Progress (3): 3.1/3.7 MB | 1.2/2.4 MB | 311/480 kB
Progress (3): 3.1/3.7 MB | 1.2/2.4 MB | 311/480 kB
Progress (3): 3.1/3.7 MB | 1.2/2.4 MB | 311/480 kB
Progress (3): 3.1/3.7 MB | 1.2/2.4 MB | 311/480 kB
Progress (3): 3.1/3.7 MB | 1.2/2.4 MB | 311/480 kB
Progress (3): 3.1/3.7 MB | 1.2/2.4 MB | 311/480 kB
Progress (3): 3.1/3.7 MB | 1.2/2.4 MB | 311/480 kB
Progress (3): 3.2/3.7 MB | 1.2/2.4 MB | 311/480 kB
Progress (3): 3.2/3.7 MB | 1.2/2.4 MB | 311/480 kB
Progress (3): 3.2/3.7 MB | 1.2/2.4 MB | 311/480 kB
Progress (3): 3.2/3.7 MB | 1.3/2.4 MB | 311/480 kB
Progress (3): 3.2/3.7 MB | 1.3/2.4 MB | 311/480 kB
Progress (3): 3.2/3.7 MB | 1.3/2.4 MB | 311/480 kB
Progress (3): 3.2/3.7 MB | 1.3/2.4 MB | 311/480 kB
Progress (3): 3.2/3.7 MB | 1.3/2.4 MB | 311/480 kB
Progress (3): 3.2/3.7 MB | 1.3/2.4 MB | 311/480 kB
Progress (3): 3.3/3.7 MB | 1.3/2.4 MB | 311/480 kB
Progress (3): 3.3/3.7 MB | 1.3/2.4 MB | 311/480 kB
Progress (3): 3.3/3.7 MB | 1.3/2.4 MB | 311/480 kB
Progress (3): 3.3/3.7 MB | 1.3/2.4 MB | 311/480 kB
Progress (3): 3.3/3.7 MB | 1.3/2.4 MB | 311/480 kB
Progress (3): 3.3/3.7 MB | 1.3/2.4 MB | 311/480 kB
Progress (3): 3.3/3.7 MB | 1.3/2.4 MB | 311/480 kB
Progress (3): 3.3/3.7 MB | 1.3/2.4 MB | 311/480 kB
Progress (3): 3.3/3.7 MB | 1.3/2.4 MB | 327/480 kB
Progress (3): 3.3/3.7 MB | 1.3/2.4 MB | 327/480 kB
Progress (3): 3.3/3.7 MB | 1.3/2.4 MB | 344/480 kB
Progress (3): 3.3/3.7 MB | 1.3/2.4 MB | 344/480 kB
Progress (3): 3.3/3.7 MB | 1.4/2.4 MB | 344/480 kB
Progress (3): 3.3/3.7 MB | 1.4/2.4 MB | 360/480 kB
Progress (3): 3.4/3.7 MB | 1.4/2.4 MB | 360/480 kB
Progress (3): 3.4/3.7 MB | 1.4/2.4 MB | 376/480 kB
Progress (3): 3.4/3.7 MB | 1.4/2.4 MB | 376/480 kB
Progress (3): 3.4/3.7 MB | 1.4/2.4 MB | 376/480 kB
Progress (3): 3.4/3.7 MB | 1.4/2.4 MB | 393/480 kB
Progress (3): 3.4/3.7 MB | 1.4/2.4 MB | 393/480 kB
Progress (3): 3.4/3.7 MB | 1.4/2.4 MB | 393/480 kB
Progress (3): 3.4/3.7 MB | 1.4/2.4 MB | 409/480 kB
Progress (3): 3.4/3.7 MB | 1.4/2.4 MB | 409/480 kB
Progress (3): 3.4/3.7 MB | 1.4/2.4 MB | 409/480 kB
Progress (3): 3.4/3.7 MB | 1.4/2.4 MB | 409/480 kB
Progress (3): 3.4/3.7 MB | 1.4/2.4 MB | 409/480 kB
Progress (3): 3.4/3.7 MB | 1.4/2.4 MB | 409/480 kB
Progress (3): 3.4/3.7 MB | 1.4/2.4 MB | 409/480 kB
Progress (3): 3.4/3.7 MB | 1.4/2.4 MB | 409/480 kB
Progress (3): 3.4/3.7 MB | 1.4/2.4 MB | 426/480 kB
Progress (3): 3.5/3.7 MB | 1.4/2.4 MB | 426/480 kB
Progress (3): 3.5/3.7 MB | 1.4/2.4 MB | 442/480 kB
Progress (3): 3.5/3.7 MB | 1.5/2.4 MB | 442/480 kB
Progress (3): 3.5/3.7 MB | 1.5/2.4 MB | 458/480 kB
Progress (3): 3.5/3.7 MB | 1.5/2.4 MB | 458/480 kB
Progress (3): 3.5/3.7 MB | 1.5/2.4 MB | 458/480 kB
Progress (3): 3.5/3.7 MB | 1.5/2.4 MB | 458/480 kB
Progress (3): 3.5/3.7 MB | 1.5/2.4 MB | 458/480 kB
Progress (3): 3.5/3.7 MB | 1.5/2.4 MB | 475/480 kB
Progress (3): 3.5/3.7 MB | 1.5/2.4 MB | 475/480 kB
Progress (3): 3.5/3.7 MB | 1.5/2.4 MB | 480 kB    
Progress (3): 3.5/3.7 MB | 1.5/2.4 MB | 480 kB
Progress (3): 3.5/3.7 MB | 1.5/2.4 MB | 480 kB
Progress (3): 3.5/3.7 MB | 1.5/2.4 MB | 480 kB
Progress (3): 3.5/3.7 MB | 1.5/2.4 MB | 480 kB
Progress (3): 3.5/3.7 MB | 1.5/2.4 MB | 480 kB
Progress (3): 3.6/3.7 MB | 1.5/2.4 MB | 480 kB
Progress (3): 3.6/3.7 MB | 1.6/2.4 MB | 480 kB
Progress (3): 3.6/3.7 MB | 1.6/2.4 MB | 480 kB
Progress (3): 3.6/3.7 MB | 1.6/2.4 MB | 480 kB
Progress (3): 3.6/3.7 MB | 1.6/2.4 MB | 480 kB
Progress (3): 3.6/3.7 MB | 1.6/2.4 MB | 480 kB
Progress (3): 3.6/3.7 MB | 1.6/2.4 MB | 480 kB
Progress (3): 3.6/3.7 MB | 1.6/2.4 MB | 480 kB
Progress (3): 3.6/3.7 MB | 1.6/2.4 MB | 480 kB
Progress (3): 3.6/3.7 MB | 1.6/2.4 MB | 480 kB
Progress (3): 3.6/3.7 MB | 1.6/2.4 MB | 480 kB
Progress (3): 3.6/3.7 MB | 1.6/2.4 MB | 480 kB
Progress (3): 3.6/3.7 MB | 1.7/2.4 MB | 480 kB
Progress (3): 3.6/3.7 MB | 1.7/2.4 MB | 480 kB
Progress (3): 3.6/3.7 MB | 1.7/2.4 MB | 480 kB
Progress (3): 3.7/3.7 MB | 1.7/2.4 MB | 480 kB
Progress (3): 3.7/3.7 MB | 1.7/2.4 MB | 480 kB
Progress (3): 3.7/3.7 MB | 1.7/2.4 MB | 480 kB
Progress (3): 3.7 MB | 1.7/2.4 MB | 480 kB    
Progress (3): 3.7 MB | 1.7/2.4 MB | 480 kB
Progress (3): 3.7 MB | 1.7/2.4 MB | 480 kB
Progress (3): 3.7 MB | 1.7/2.4 MB | 480 kB
Progress (3): 3.7 MB | 1.8/2.4 MB | 480 kB
Progress (3): 3.7 MB | 1.8/2.4 MB | 480 kB
Progress (3): 3.7 MB | 1.8/2.4 MB | 480 kB
Progress (3): 3.7 MB | 1.8/2.4 MB | 480 kB
Progress (3): 3.7 MB | 1.8/2.4 MB | 480 kB
Progress (3): 3.7 MB | 1.8/2.4 MB | 480 kB
Progress (3): 3.7 MB | 1.9/2.4 MB | 480 kB
Progress (3): 3.7 MB | 1.9/2.4 MB | 480 kB
Progress (3): 3.7 MB | 1.9/2.4 MB | 480 kB
Progress (3): 3.7 MB | 1.9/2.4 MB | 480 kB
Progress (3): 3.7 MB | 1.9/2.4 MB | 480 kB
Progress (3): 3.7 MB | 1.9/2.4 MB | 480 kB
Progress (3): 3.7 MB | 2.0/2.4 MB | 480 kB
Progress (3): 3.7 MB | 2.0/2.4 MB | 480 kB
Progress (3): 3.7 MB | 2.0/2.4 MB | 480 kB
                                          
Downloaded from central: https://repo1.maven.org/maven2/org/apache/commons/commons-lang3/3.5/commons-lang3-3.5.jar (480 kB at 1.8 MB/s)
Progress (2): 3.7 MB | 2.0/2.4 MB
Progress (2): 3.7 MB | 2.0/2.4 MB
Progress (2): 3.7 MB | 2.0/2.4 MB
Progress (2): 3.7 MB | 2.0/2.4 MB
Progress (2): 3.7 MB | 2.1/2.4 MB
Progress (2): 3.7 MB | 2.1/2.4 MB
Progress (2): 3.7 MB | 2.1/2.4 MB
Progress (2): 3.7 MB | 2.1/2.4 MB
Progress (2): 3.7 MB | 2.1/2.4 MB
Progress (2): 3.7 MB | 2.1/2.4 MB
Progress (2): 3.7 MB | 2.2/2.4 MB
Progress (2): 3.7 MB | 2.2/2.4 MB
Progress (2): 3.7 MB | 2.2/2.4 MB
Progress (2): 3.7 MB | 2.2/2.4 MB
Progress (2): 3.7 MB | 2.2/2.4 MB
Progress (2): 3.7 MB | 2.2/2.4 MB
Progress (2): 3.7 MB | 2.3/2.4 MB
Progress (2): 3.7 MB | 2.3/2.4 MB
Progress (2): 3.7 MB | 2.3/2.4 MB
Progress (2): 3.7 MB | 2.3/2.4 MB
Progress (2): 3.7 MB | 2.3/2.4 MB
Progress (2): 3.7 MB | 2.3/2.4 MB
Progress (2): 3.7 MB | 2.4/2.4 MB
Progress (2): 3.7 MB | 2.4/2.4 MB
Progress (2): 3.7 MB | 2.4/2.4 MB
Progress (2): 3.7 MB | 2.4/2.4 MB
Progress (2): 3.7 MB | 2.4/2.4 MB
Progress (2): 3.7 MB | 2.4 MB    
                             
Downloaded from central: https://repo1.maven.org/maven2/org/apache/derby/derby/10.15.2.0/derby-10.15.2.0.jar (3.7 MB at 13 MB/s)
Downloaded from central: https://repo1.maven.org/maven2/com/google/guava/guava/20.0/guava-20.0.jar (2.4 MB at 8.2 MB/s)
[INFO] ------------------------------------------------------------------------
[INFO] BUILD FAILURE
[INFO] ------------------------------------------------------------------------
[INFO] Total time:  2.827 s
[INFO] Finished at: 2026-02-25T19:33:45-05:00
[INFO] ------------------------------------------------------------------------
[ERROR] Failed to execute goal on project jackrabbit-spi2dav: Could not resolve dependencies for project org.apache.jackrabbit:jackrabbit-spi2dav:jar:2.23.3-beta-SNAPSHOT
[ERROR] dependency: org.apache.jackrabbit:jackrabbit-spi:jar:2.23.3-beta-SNAPSHOT (compile)
[ERROR] 	Could not find artifact org.apache.jackrabbit:jackrabbit-spi:jar:2.23.3-beta-SNAPSHOT
[ERROR] dependency: org.apache.jackrabbit:jackrabbit-spi-commons:jar:2.23.3-beta-SNAPSHOT (compile)
[ERROR] 	Could not find artifact org.apache.jackrabbit:jackrabbit-spi-commons:jar:2.23.3-beta-SNAPSHOT
[ERROR] dependency: org.apache.jackrabbit:jackrabbit-jcr-commons:jar:2.23.3-beta-SNAPSHOT (compile)
[ERROR] 	Could not find artifact org.apache.jackrabbit:jackrabbit-jcr-commons:jar:2.23.3-beta-SNAPSHOT
[ERROR] dependency: org.apache.jackrabbit:jackrabbit-webdav:jar:2.23.3-beta-SNAPSHOT (compile)
[ERROR] 	Could not find artifact org.apache.jackrabbit:jackrabbit-webdav:jar:2.23.3-beta-SNAPSHOT
[ERROR] dependency: org.apache.jackrabbit:jackrabbit-jcr-tests:jar:2.23.3-beta-SNAPSHOT (test)
[ERROR] 	Could not find artifact org.apache.jackrabbit:jackrabbit-jcr-tests:jar:2.23.3-beta-SNAPSHOT
[ERROR] dependency: org.apache.jackrabbit:jackrabbit-jcr2spi:jar:2.23.3-beta-SNAPSHOT (test)
[ERROR] 	Could not find artifact org.apache.jackrabbit:jackrabbit-jcr2spi:jar:2.23.3-beta-SNAPSHOT
[ERROR] dependency: org.apache.jackrabbit:jackrabbit-jcr2spi:jar:tests:2.23.3-beta-SNAPSHOT (test)
[ERROR] 	Could not find artifact org.apache.jackrabbit:jackrabbit-jcr2spi:jar:tests:2.23.3-beta-SNAPSHOT
[ERROR] dependency: org.apache.jackrabbit:jackrabbit-spi:jar:tests:2.23.3-beta-SNAPSHOT (test)
[ERROR] 	Could not find artifact org.apache.jackrabbit:jackrabbit-spi:jar:tests:2.23.3-beta-SNAPSHOT
[ERROR] dependency: org.apache.jackrabbit:jackrabbit-jcr-server:jar:tests:2.23.3-beta-SNAPSHOT (test)
[ERROR] 	Could not find artifact org.apache.jackrabbit:jackrabbit-jcr-server:jar:tests:2.23.3-beta-SNAPSHOT
[ERROR] dependency: org.apache.jackrabbit:jackrabbit-jcr-server:jar:2.23.3-beta-SNAPSHOT (test)
[ERROR] 	Could not find artifact org.apache.jackrabbit:jackrabbit-jcr-server:jar:2.23.3-beta-SNAPSHOT
[ERROR] dependency: org.apache.jackrabbit:jackrabbit-core:jar:2.23.3-beta-SNAPSHOT (test)
[ERROR] 	Could not find artifact org.apache.jackrabbit:jackrabbit-core:jar:2.23.3-beta-SNAPSHOT
[ERROR] 
[ERROR] -> [Help 1]
[ERROR] 
[ERROR] To see the full stack trace of the errors, re-run Maven with the -e switch.
[ERROR] Re-run Maven using the -X switch to enable full debug logging.
[ERROR] 
[ERROR] For more information about the errors and possible solutions, please read the following articles:
[ERROR] [Help 1] http://cwiki.apache.org/confluence/display/MAVEN/DependencyResolutionException

STDERR:
