COMMAND: mvn.cmd -s D:\Khedma\Mr wiem\mutation-test-pipeline\.mvn\settings.xml -DskipTests compile

STDOUT:
[INFO] Scanning for projects...
[INFO] 
[INFO] ------------------< org.apache.xmlgraphics:fop-core >-------------------
[INFO] Building Apache FOP Core 2.11.0-SNAPSHOT
[INFO]   from pom.xml
[INFO] --------------------------------[ jar ]---------------------------------
[INFO] 
[INFO] --- xml:1.0.1:transform (generate-base14-fonts) @ fop-core ---
[INFO] 
[INFO] --- xml:1.0.1:transform (codegen-fonts-encodings) @ fop-core ---
[INFO] 
[INFO] --- build-helper:1.9.1:add-source (add-generated-sources) @ fop-core ---
[INFO] Source directory: D:\Khedma\Mr wiem\mutation-test-pipeline\target-repos\206318\fop-core\target\generated-sources\main\java added.
[INFO] 
[INFO] --- resources:3.3.1:resources (default-resources) @ fop-core ---
[INFO] Copying 59 resources from src\main\resources to target\classes
[INFO] Copying 2 resources from .. to target\classes\META-INF
[INFO] 
[INFO] --- compiler:3.11.0:compile (default-compile) @ fop-core ---
[INFO] Nothing to compile - all classes are up to date
[INFO] ------------------------------------------------------------------------
[INFO] BUILD SUCCESS
[INFO] ------------------------------------------------------------------------
[INFO] Total time:  1.557 s
[INFO] Finished at: 2026-02-25T14:08:16-05:00
[INFO] ------------------------------------------------------------------------

STDERR:
