COMMAND: mvn.cmd -s D:\Khedma\Mr wiem\mutation-test-pipeline\.mvn\settings.xml -DskipTests compile

STDOUT:
[INFO] Scanning for projects...
[WARNING] 
[WARNING] Some problems were encountered while building the effective model for de.javakaffee.msm:memcached-session-manager:jar:2.3.3-SNAPSHOT
[WARNING] Reporting configuration should be done in <reporting> section, not in maven-site-plugin <configuration> as reportPlugins parameter.
[WARNING] 
[WARNING] It is highly recommended to fix these problems because they threaten the stability of your build.
[WARNING] 
[WARNING] For this reason, future Maven versions might no longer support building such malformed projects.
[WARNING] 
[INFO] 
[INFO] ------------< de.javakaffee.msm:memcached-session-manager >-------------
[INFO] Building memcached-session-manager core 2.3.3-SNAPSHOT
[INFO]   from pom.xml
[INFO] --------------------------------[ jar ]---------------------------------
Downloading from central: https://repo1.maven.org/maven2/org/apache/maven/plugins/maven-jar-plugin/2.6/maven-jar-plugin-2.6.pom
Progress (1): 774 B
Progress (1): 1.8 kB
Progress (1): 4.5 kB
Progress (1): 5.9 kB
                    
Downloaded from central: https://repo1.maven.org/maven2/org/apache/maven/plugins/maven-jar-plugin/2.6/maven-jar-plugin-2.6.pom (5.9 kB at 24 kB/s)
Downloading from central: https://repo1.maven.org/maven2/org/apache/maven/plugins/maven-plugins/27/maven-plugins-27.pom
Progress (1): 748 B
Progress (1): 1.9 kB
Progress (1): 3.7 kB
Progress (1): 6.1 kB
Progress (1): 7.7 kB
Progress (1): 11 kB 
Progress (1): 11 kB
                   
Downloaded from central: https://repo1.maven.org/maven2/org/apache/maven/plugins/maven-plugins/27/maven-plugins-27.pom (11 kB at 183 kB/s)
Downloading from central: https://repo1.maven.org/maven2/org/apache/maven/plugins/maven-jar-plugin/2.6/maven-jar-plugin-2.6.jar
Progress (1): 0.9/26 kB
Progress (1): 2.3/26 kB
Progress (1): 3.7/26 kB
Progress (1): 5.0/26 kB
Progress (1): 6.4/26 kB
Progress (1): 7.8/26 kB
Progress (1): 9.1/26 kB
Progress (1): 11/26 kB 
Progress (1): 12/26 kB
Progress (1): 13/26 kB
Progress (1): 15/26 kB
Progress (1): 16/26 kB
Progress (1): 17/26 kB
Progress (1): 19/26 kB
Progress (1): 20/26 kB
Progress (1): 21/26 kB
Progress (1): 23/26 kB
Progress (1): 24/26 kB
Progress (1): 25/26 kB
Progress (1): 26 kB   
                   
Downloaded from central: https://repo1.maven.org/maven2/org/apache/maven/plugins/maven-jar-plugin/2.6/maven-jar-plugin-2.6.jar (26 kB at 420 kB/s)
Downloading from central: https://repo1.maven.org/maven2/org/apache/maven/plugins/maven-enforcer-plugin/1.4.1/maven-enforcer-plugin-1.4.1.pom
Progress (1): 814 B
Progress (1): 2.8 kB
Progress (1): 4.9 kB
Progress (1): 7.3 kB
Progress (1): 7.3 kB
                    
Downloaded from central: https://repo1.maven.org/maven2/org/apache/maven/plugins/maven-enforcer-plugin/1.4.1/maven-enforcer-plugin-1.4.1.pom (7.3 kB at 120 kB/s)
Downloading from central: https://repo1.maven.org/maven2/org/apache/maven/enforcer/enforcer/1.4.1/enforcer-1.4.1.pom
Progress (1): 818 B
Progress (1): 1.9 kB
Progress (1): 5.1 kB
Progress (1): 7.2 kB
                    
Downloaded from central: https://repo1.maven.org/maven2/org/apache/maven/enforcer/enforcer/1.4.1/enforcer-1.4.1.pom (7.2 kB at 124 kB/s)
Downloading from central: https://repo1.maven.org/maven2/org/apache/maven/plugins/maven-enforcer-plugin/1.4.1/maven-enforcer-plugin-1.4.1.jar
Progress (1): 0.9/27 kB
Progress (1): 2.3/27 kB
Progress (1): 3.7/27 kB
Progress (1): 5.0/27 kB
Progress (1): 6.4/27 kB
Progress (1): 7.8/27 kB
Progress (1): 9.1/27 kB
Progress (1): 11/27 kB 
Progress (1): 12/27 kB
Progress (1): 16/27 kB
Progress (1): 20/27 kB
Progress (1): 25/27 kB
Progress (1): 27 kB   
                   
Downloaded from central: https://repo1.maven.org/maven2/org/apache/maven/plugins/maven-enforcer-plugin/1.4.1/maven-enforcer-plugin-1.4.1.jar (27 kB at 535 kB/s)
Downloading from sonatype-releases: https://oss.sonatype.org/content/repositories/releases/org/apache/tomcat/tomcat-catalina/7.0.85/tomcat-catalina-7.0.85.pom
Progress (1): 848 B
Progress (1): 2.4 kB
                    
Downloaded from sonatype-releases: https://oss.sonatype.org/content/repositories/releases/org/apache/tomcat/tomcat-catalina/7.0.85/tomcat-catalina-7.0.85.pom (2.4 kB at 2.2 kB/s)
Downloading from sonatype-releases: https://oss.sonatype.org/content/repositories/releases/org/apache/tomcat/tomcat-servlet-api/7.0.85/tomcat-servlet-api-7.0.85.pom
Progress (1): 841 B
Progress (1): 1.9 kB
                    
Downloaded from sonatype-releases: https://oss.sonatype.org/content/repositories/releases/org/apache/tomcat/tomcat-servlet-api/7.0.85/tomcat-servlet-api-7.0.85.pom (1.9 kB at 15 kB/s)
Downloading from sonatype-releases: https://oss.sonatype.org/content/repositories/releases/org/apache/tomcat/tomcat-juli/7.0.85/tomcat-juli-7.0.85.pom
Progress (1): 858 B
Progress (1): 1.3 kB
                    
Downloaded from sonatype-releases: https://oss.sonatype.org/content/repositories/releases/org/apache/tomcat/tomcat-juli/7.0.85/tomcat-juli-7.0.85.pom (1.3 kB at 11 kB/s)
Downloading from sonatype-releases: https://oss.sonatype.org/content/repositories/releases/org/apache/tomcat/tomcat-annotations-api/7.0.85/tomcat-annotations-api-7.0.85.pom
Progress (1): 857 B
Progress (1): 1.3 kB
                    
Downloaded from sonatype-releases: https://oss.sonatype.org/content/repositories/releases/org/apache/tomcat/tomcat-annotations-api/7.0.85/tomcat-annotations-api-7.0.85.pom (1.3 kB at 7.7 kB/s)
Downloading from sonatype-releases: https://oss.sonatype.org/content/repositories/releases/org/apache/tomcat/tomcat-api/7.0.85/tomcat-api-7.0.85.pom
Progress (1): 852 B
Progress (1): 1.6 kB
                    
Downloaded from sonatype-releases: https://oss.sonatype.org/content/repositories/releases/org/apache/tomcat/tomcat-api/7.0.85/tomcat-api-7.0.85.pom (1.6 kB at 12 kB/s)
Downloading from sonatype-releases: https://oss.sonatype.org/content/repositories/releases/org/apache/tomcat/tomcat-util/7.0.85/tomcat-util-7.0.85.pom
Progress (1): 850 B
Progress (1): 1.8 kB
                    
Downloaded from sonatype-releases: https://oss.sonatype.org/content/repositories/releases/org/apache/tomcat/tomcat-util/7.0.85/tomcat-util-7.0.85.pom (1.8 kB at 11 kB/s)
Downloading from sonatype-releases: https://oss.sonatype.org/content/repositories/releases/org/apache/tomcat/tomcat-catalina-ha/7.0.85/tomcat-catalina-ha-7.0.85.pom
Progress (1): 847 B
Progress (1): 2.5 kB
                    
Downloaded from sonatype-releases: https://oss.sonatype.org/content/repositories/releases/org/apache/tomcat/tomcat-catalina-ha/7.0.85/tomcat-catalina-ha-7.0.85.pom (2.5 kB at 8.3 kB/s)
Downloading from sonatype-releases: https://oss.sonatype.org/content/repositories/releases/org/apache/tomcat/tomcat-coyote/7.0.85/tomcat-coyote-7.0.85.pom
Progress (1): 848 B
Progress (1): 1.9 kB
                    
Downloaded from sonatype-releases: https://oss.sonatype.org/content/repositories/releases/org/apache/tomcat/tomcat-coyote/7.0.85/tomcat-coyote-7.0.85.pom (1.9 kB at 16 kB/s)
Downloading from sonatype-releases: https://oss.sonatype.org/content/repositories/releases/org/apache/tomcat/tomcat-tribes/7.0.85/tomcat-tribes-7.0.85.pom
Progress (1): 857 B
Progress (1): 1.6 kB
                    
Downloaded from sonatype-releases: https://oss.sonatype.org/content/repositories/releases/org/apache/tomcat/tomcat-tribes/7.0.85/tomcat-tribes-7.0.85.pom (1.6 kB at 7.8 kB/s)
Downloading from sonatype-releases: https://oss.sonatype.org/content/repositories/releases/net/spy/spymemcached/2.12.0/spymemcached-2.12.0.pom
Progress (1): 1.1 kB
Progress (1): 1.9 kB
                    
Downloaded from sonatype-releases: https://oss.sonatype.org/content/repositories/releases/net/spy/spymemcached/2.12.0/spymemcached-2.12.0.pom (1.9 kB at 16 kB/s)
Downloading from sonatype-releases: https://oss.sonatype.org/content/repositories/releases/com/couchbase/client/couchbase-client/1.4.11/couchbase-client-1.4.11.pom
Progress (1): 1.1 kB
Progress (1): 2.3 kB
                    
Downloaded from sonatype-releases: https://oss.sonatype.org/content/repositories/releases/com/couchbase/client/couchbase-client/1.4.11/couchbase-client-1.4.11.pom (2.3 kB at 14 kB/s)
Downloading from sonatype-releases: https://oss.sonatype.org/content/repositories/releases/io/netty/netty/3.5.5.Final/netty-3.5.5.Final.pom
Progress (1): 790 B
Progress (1): 2.2 kB
Progress (1): 5.2 kB
Progress (1): 8.2 kB
Progress (1): 11 kB 
Progress (1): 13 kB
Progress (1): 16 kB
Progress (1): 18 kB
Progress (1): 22 kB
Progress (1): 25 kB
Progress (1): 26 kB
                   
Downloaded from sonatype-releases: https://oss.sonatype.org/content/repositories/releases/io/netty/netty/3.5.5.Final/netty-3.5.5.Final.pom (26 kB at 217 kB/s)
Downloading from sonatype-releases: https://oss.sonatype.org/content/repositories/releases/org/codehaus/jettison/jettison/1.1/jettison-1.1.pom
Progress (1): 1.4 kB
Progress (1): 3.4 kB
                    
Downloaded from sonatype-releases: https://oss.sonatype.org/content/repositories/releases/org/codehaus/jettison/jettison/1.1/jettison-1.1.pom (3.4 kB at 29 kB/s)
Downloading from sonatype-releases: https://oss.sonatype.org/content/repositories/releases/stax/stax-api/1.0.1/stax-api-1.0.1.pom
Progress (1): 1.2 kB
Progress (1): 1.5 kB
                    
Downloaded from sonatype-releases: https://oss.sonatype.org/content/repositories/releases/stax/stax-api/1.0.1/stax-api-1.0.1.pom (1.5 kB at 15 kB/s)
Downloading from sonatype-releases: https://oss.sonatype.org/content/repositories/releases/commons-codec/commons-codec/1.10/commons-codec-1.10.pom
Progress (1): 761 B
Progress (1): 2.0 kB
Progress (1): 4.1 kB
Progress (1): 6.5 kB
Progress (1): 8.2 kB
Progress (1): 11 kB 
Progress (1): 12 kB
                   
Downloaded from sonatype-releases: https://oss.sonatype.org/content/repositories/releases/commons-codec/commons-codec/1.10/commons-codec-1.10.pom (12 kB at 103 kB/s)
Downloading from sonatype-releases: https://oss.sonatype.org/content/repositories/releases/org/apache/commons/commons-parent/35/commons-parent-35.pom
Progress (1): 714 B
Progress (1): 2.0 kB
Progress (1): 3.3 kB
Progress (1): 4.8 kB
Progress (1): 8.2 kB
Progress (1): 11 kB 
Progress (1): 15 kB
Progress (1): 18 kB
Progress (1): 21 kB
Progress (1): 24 kB
Progress (1): 26 kB
Progress (1): 30 kB
Progress (1): 32 kB
Progress (1): 36 kB
Progress (1): 41 kB
Progress (1): 43 kB
Progress (1): 46 kB
Progress (1): 48 kB
Progress (1): 51 kB
Progress (1): 53 kB
Progress (1): 56 kB
Progress (1): 58 kB
Progress (1): 58 kB
                   
Downloaded from sonatype-releases: https://oss.sonatype.org/content/repositories/releases/org/apache/commons/commons-parent/35/commons-parent-35.pom (58 kB at 520 kB/s)
Downloading from sonatype-releases: https://oss.sonatype.org/content/repositories/releases/net/spy/spymemcached/2.11.7/spymemcached-2.11.7.pom
Progress (1): 1.1 kB
Progress (1): 1.9 kB
                    
Downloaded from sonatype-releases: https://oss.sonatype.org/content/repositories/releases/net/spy/spymemcached/2.11.7/spymemcached-2.11.7.pom (1.9 kB at 16 kB/s)
Downloading from sonatype-releases: https://oss.sonatype.org/content/repositories/releases/org/apache/httpcomponents/httpcore/4.3/httpcore-4.3.pom
Progress (1): 873 B
Progress (1): 2.5 kB
Progress (1): 4.1 kB
                    
Downloaded from sonatype-releases: https://oss.sonatype.org/content/repositories/releases/org/apache/httpcomponents/httpcore/4.3/httpcore-4.3.pom (4.1 kB at 31 kB/s)
Downloading from sonatype-releases: https://oss.sonatype.org/content/repositories/releases/org/apache/httpcomponents/httpcomponents-core/4.3/httpcomponents-core-4.3.pom
Progress (1): 850 B
Progress (1): 2.3 kB
Progress (1): 4.6 kB
Progress (1): 7.1 kB
Progress (1): 11 kB 
Progress (1): 12 kB
                   
Downloaded from sonatype-releases: https://oss.sonatype.org/content/repositories/releases/org/apache/httpcomponents/httpcomponents-core/4.3/httpcomponents-core-4.3.pom (12 kB at 94 kB/s)
Downloading from sonatype-releases: https://oss.sonatype.org/content/repositories/releases/org/apache/httpcomponents/project/7/project-7.pom
Progress (1): 824 B
Progress (1): 2.1 kB
Progress (1): 3.1 kB
Progress (1): 4.8 kB
Progress (1): 8.5 kB
Progress (1): 12 kB 
Progress (1): 15 kB
Progress (1): 19 kB
Progress (1): 23 kB
Progress (1): 25 kB
Progress (1): 27 kB
                   
Downloaded from sonatype-releases: https://oss.sonatype.org/content/repositories/releases/org/apache/httpcomponents/project/7/project-7.pom (27 kB at 257 kB/s)
Downloading from sonatype-releases: https://oss.sonatype.org/content/repositories/releases/org/apache/httpcomponents/httpcore-nio/4.3/httpcore-nio-4.3.pom
Progress (1): 874 B
Progress (1): 2.6 kB
Progress (1): 4.5 kB
                    
Downloaded from sonatype-releases: https://oss.sonatype.org/content/repositories/releases/org/apache/httpcomponents/httpcore-nio/4.3/httpcore-nio-4.3.pom (4.5 kB at 29 kB/s)
Downloading from sonatype-releases: https://oss.sonatype.org/content/repositories/releases/redis/clients/jedis/3.0.0/jedis-3.0.0.pom
Progress (1): 1.1 kB
Progress (1): 3.2 kB
Progress (1): 6.3 kB
Progress (1): 6.8 kB
                    
Downloaded from sonatype-releases: https://oss.sonatype.org/content/repositories/releases/redis/clients/jedis/3.0.0/jedis-3.0.0.pom (6.8 kB at 42 kB/s)
Downloading from sonatype-releases: https://oss.sonatype.org/content/repositories/releases/org/slf4j/slf4j-api/1.7.15/slf4j-api-1.7.15.pom
Progress (1): 1.0 kB
Progress (1): 2.8 kB
                    
Downloaded from sonatype-releases: https://oss.sonatype.org/content/repositories/releases/org/slf4j/slf4j-api/1.7.15/slf4j-api-1.7.15.pom (2.8 kB at 18 kB/s)
Downloading from sonatype-releases: https://oss.sonatype.org/content/repositories/releases/org/slf4j/slf4j-parent/1.7.15/slf4j-parent-1.7.15.pom
Progress (1): 1.0 kB
Progress (1): 3.3 kB
Progress (1): 6.0 kB
Progress (1): 8.9 kB
Progress (1): 12 kB 
Progress (1): 14 kB
                   
Downloaded from sonatype-releases: https://oss.sonatype.org/content/repositories/releases/org/slf4j/slf4j-parent/1.7.15/slf4j-parent-1.7.15.pom (14 kB at 132 kB/s)
Downloading from sonatype-releases: https://oss.sonatype.org/content/repositories/releases/org/apache/commons/commons-pool2/2.4.3/commons-pool2-2.4.3.pom
Progress (1): 792 B
Progress (1): 2.5 kB
Progress (1): 5.1 kB
Progress (1): 7.0 kB
Progress (1): 9.9 kB
Progress (1): 12 kB 
                   
Downloaded from sonatype-releases: https://oss.sonatype.org/content/repositories/releases/org/apache/commons/commons-pool2/2.4.3/commons-pool2-2.4.3.pom (12 kB at 91 kB/s)
Downloading from sonatype-releases: https://oss.sonatype.org/content/repositories/releases/org/codehaus/jettison/jettison/1.3.7/jettison-1.3.7.pom
Progress (1): 1.3 kB
Progress (1): 3.8 kB
Progress (1): 4.3 kB
                    
Downloaded from sonatype-releases: https://oss.sonatype.org/content/repositories/releases/org/codehaus/jettison/jettison/1.3.7/jettison-1.3.7.pom (4.3 kB at 40 kB/s)
Downloading from sonatype-releases: https://oss.sonatype.org/content/repositories/releases/org/codehaus/codehaus-parent/3/codehaus-parent-3.pom
Progress (1): 1.1 kB
Progress (1): 2.9 kB
Progress (1): 4.1 kB
                    
Downloaded from sonatype-releases: https://oss.sonatype.org/content/repositories/releases/org/codehaus/codehaus-parent/3/codehaus-parent-3.pom (4.1 kB at 39 kB/s)
Downloading from sonatype-releases: https://oss.sonatype.org/content/repositories/releases/com/thimbleware/jmemcached/jmemcached-core/1.0.0/jmemcached-core-1.0.0.pom
Progress (1): 1.3 kB
                    
Downloaded from sonatype-releases: https://oss.sonatype.org/content/repositories/releases/com/thimbleware/jmemcached/jmemcached-core/1.0.0/jmemcached-core-1.0.0.pom (1.3 kB at 10.0 kB/s)
Downloading from sonatype-releases: https://oss.sonatype.org/content/repositories/releases/com/thimbleware/jmemcached/jmemcached-parent/1.0.0/jmemcached-parent-1.0.0.pom
Progress (1): 1.4 kB
Progress (1): 3.8 kB
Progress (1): 6.2 kB
                    
Downloaded from sonatype-releases: https://oss.sonatype.org/content/repositories/releases/com/thimbleware/jmemcached/jmemcached-parent/1.0.0/jmemcached-parent-1.0.0.pom (6.2 kB at 21 kB/s)
Downloading from sonatype-releases: https://oss.sonatype.org/content/repositories/releases/org/jboss/netty/netty/3.2.10.Final/netty-3.2.10.Final.pom
Progress (1): 734 B
Progress (1): 2.0 kB
Progress (1): 5.3 kB
Progress (1): 7.9 kB
Progress (1): 11 kB 
Progress (1): 13 kB
Progress (1): 17 kB
Progress (1): 19 kB
Progress (1): 24 kB
Progress (1): 26 kB
                   
Downloaded from sonatype-releases: https://oss.sonatype.org/content/repositories/releases/org/jboss/netty/netty/3.2.10.Final/netty-3.2.10.Final.pom (26 kB at 179 kB/s)
Downloading from sonatype-releases: https://oss.sonatype.org/content/repositories/releases/org/jboss/jboss-parent/9/jboss-parent-9.pom
Progress (1): 1.0 kB
Progress (1): 3.4 kB
Progress (1): 5.6 kB
Progress (1): 7.8 kB
Progress (1): 14 kB 
Progress (1): 22 kB
Progress (1): 25 kB
Progress (1): 28 kB
Progress (1): 29 kB
                   
Downloaded from sonatype-releases: https://oss.sonatype.org/content/repositories/releases/org/jboss/jboss-parent/9/jboss-parent-9.pom (29 kB at 246 kB/s)
Downloading from sonatype-releases: https://oss.sonatype.org/content/repositories/releases/org/apache/httpcomponents/httpclient/4.5.1/httpclient-4.5.1.pom
Progress (1): 859 B
Progress (1): 2.8 kB
Progress (1): 5.0 kB
Progress (1): 6.4 kB
                    
Downloaded from sonatype-releases: https://oss.sonatype.org/content/repositories/releases/org/apache/httpcomponents/httpclient/4.5.1/httpclient-4.5.1.pom (6.4 kB at 62 kB/s)
Downloading from sonatype-releases: https://oss.sonatype.org/content/repositories/releases/org/apache/httpcomponents/httpcomponents-client/4.5.1/httpcomponents-client-4.5.1.pom
Progress (1): 840 B
Progress (1): 2.3 kB
Progress (1): 5.1 kB
Progress (1): 8.6 kB
Progress (1): 11 kB 
Progress (1): 15 kB
Progress (1): 16 kB
                   
Downloaded from sonatype-releases: https://oss.sonatype.org/content/repositories/releases/org/apache/httpcomponents/httpcomponents-client/4.5.1/httpcomponents-client-4.5.1.pom (16 kB at 157 kB/s)
Downloading from sonatype-releases: https://oss.sonatype.org/content/repositories/releases/org/apache/httpcomponents/httpcore/4.4.3/httpcore-4.4.3.pom
Progress (1): 863 B
Progress (1): 2.5 kB
Progress (1): 4.7 kB
Progress (1): 5.5 kB
                    
Downloaded from sonatype-releases: https://oss.sonatype.org/content/repositories/releases/org/apache/httpcomponents/httpcore/4.4.3/httpcore-4.4.3.pom (5.5 kB at 54 kB/s)
Downloading from sonatype-releases: https://oss.sonatype.org/content/repositories/releases/org/apache/httpcomponents/httpcomponents-core/4.4.3/httpcomponents-core-4.4.3.pom
Progress (1): 840 B
Progress (1): 2.3 kB
Progress (1): 4.4 kB
Progress (1): 7.1 kB
Progress (1): 11 kB 
Progress (1): 13 kB
                   
Downloaded from sonatype-releases: https://oss.sonatype.org/content/repositories/releases/org/apache/httpcomponents/httpcomponents-core/4.4.3/httpcomponents-core-4.4.3.pom (13 kB at 117 kB/s)
Downloading from sonatype-releases: https://oss.sonatype.org/content/repositories/releases/org/mockito/mockito-core/1.10.19/mockito-core-1.10.19.pom
Progress (1): 1.3 kB
Progress (1): 1.3 kB
                    
Downloaded from sonatype-releases: https://oss.sonatype.org/content/repositories/releases/org/mockito/mockito-core/1.10.19/mockito-core-1.10.19.pom (1.3 kB at 13 kB/s)
Downloading from sonatype-releases: https://oss.sonatype.org/content/repositories/releases/org/hamcrest/hamcrest-core/1.1/hamcrest-core-1.1.pom
Progress (1): 481 B
                   
Downloaded from sonatype-releases: https://oss.sonatype.org/content/repositories/releases/org/hamcrest/hamcrest-core/1.1/hamcrest-core-1.1.pom (481 B at 5.3 kB/s)
Downloading from sonatype-releases: https://oss.sonatype.org/content/repositories/releases/org/objenesis/objenesis/2.1/objenesis-2.1.pom
Progress (1): 1.4 kB
Progress (1): 2.5 kB
                    
Downloaded from sonatype-releases: https://oss.sonatype.org/content/repositories/releases/org/objenesis/objenesis/2.1/objenesis-2.1.pom (2.5 kB at 26 kB/s)
Downloading from sonatype-releases: https://oss.sonatype.org/content/repositories/releases/org/objenesis/objenesis-parent/2.1/objenesis-parent-2.1.pom
Progress (1): 962 B
Progress (1): 3.0 kB
Progress (1): 5.3 kB
Progress (1): 8.7 kB
Progress (1): 13 kB 
Progress (1): 16 kB
Progress (1): 17 kB
                   
Downloaded from sonatype-releases: https://oss.sonatype.org/content/repositories/releases/org/objenesis/objenesis-parent/2.1/objenesis-parent-2.1.pom (17 kB at 167 kB/s)
Downloading from sonatype-releases: https://oss.sonatype.org/content/repositories/releases/com/couchbase/mock/CouchbaseMock/1.5.14/CouchbaseMock-1.5.14.pom
Progress (1): 1.2 kB
Progress (1): 3.9 kB
Progress (1): 6.5 kB
                    
Downloaded from sonatype-releases: https://oss.sonatype.org/content/repositories/releases/com/couchbase/mock/CouchbaseMock/1.5.14/CouchbaseMock-1.5.14.pom (6.5 kB at 22 kB/s)
Downloading from sonatype-releases: https://oss.sonatype.org/content/repositories/releases/com/google/code/findbugs/jsr305/3.0.1/jsr305-3.0.1.pom
Progress (1): 1.1 kB
Progress (1): 3.7 kB
Progress (1): 4.3 kB
                    
Downloaded from sonatype-releases: https://oss.sonatype.org/content/repositories/releases/com/google/code/findbugs/jsr305/3.0.1/jsr305-3.0.1.pom (4.3 kB at 43 kB/s)
Downloading from sonatype-releases: https://oss.sonatype.org/content/repositories/releases/com/google/code/findbugs/annotations/3.0.1/annotations-3.0.1.pom
Progress (1): 1.0 kB
Progress (1): 3.1 kB
Progress (1): 6.8 kB
Progress (1): 7.8 kB
                    
Downloaded from sonatype-releases: https://oss.sonatype.org/content/repositories/releases/com/google/code/findbugs/annotations/3.0.1/annotations-3.0.1.pom (7.8 kB at 76 kB/s)
Downloading from sonatype-releases: https://oss.sonatype.org/content/repositories/releases/net/jcip/jcip-annotations/1.0/jcip-annotations-1.0.pom
Progress (1): 491 B
                   
Downloaded from sonatype-releases: https://oss.sonatype.org/content/repositories/releases/net/jcip/jcip-annotations/1.0/jcip-annotations-1.0.pom (491 B at 5.3 kB/s)
Downloading from sonatype-releases: https://oss.sonatype.org/content/repositories/releases/org/testng/testng/6.9.10/testng-6.9.10.pom
Progress (1): 1.2 kB
Progress (1): 2.6 kB
                    
Downloaded from sonatype-releases: https://oss.sonatype.org/content/repositories/releases/org/testng/testng/6.9.10/testng-6.9.10.pom (2.6 kB at 24 kB/s)
Downloading from sonatype-releases: https://oss.sonatype.org/content/repositories/releases/com/beust/jcommander/1.48/jcommander-1.48.pom
Progress (1): 807 B
Progress (1): 2.3 kB
Progress (1): 5.2 kB
Progress (1): 8.0 kB
Progress (1): 9.3 kB
                    
Downloaded from sonatype-releases: https://oss.sonatype.org/content/repositories/releases/com/beust/jcommander/1.48/jcommander-1.48.pom (9.3 kB at 90 kB/s)
Downloading from sonatype-releases: https://oss.sonatype.org/content/repositories/releases/org/sonatype/oss/oss-parent/3/oss-parent-3.pom
Progress (1): 1.3 kB
Progress (1): 3.4 kB
                    
Downloaded from sonatype-releases: https://oss.sonatype.org/content/repositories/releases/org/sonatype/oss/oss-parent/3/oss-parent-3.pom (3.4 kB at 32 kB/s)
Downloading from sonatype-releases: https://oss.sonatype.org/content/repositories/releases/org/hibernate/hibernate-core/5.0.7.Final/hibernate-core-5.0.7.Final.pom
Progress (1): 2.0 kB
Progress (1): 3.1 kB
                    
Downloaded from sonatype-releases: https://oss.sonatype.org/content/repositories/releases/org/hibernate/hibernate-core/5.0.7.Final/hibernate-core-5.0.7.Final.pom (3.1 kB at 25 kB/s)
Downloading from sonatype-releases: https://oss.sonatype.org/content/repositories/releases/org/jboss/logging/jboss-logging/3.3.0.Final/jboss-logging-3.3.0.Final.pom
Progress (1): 1.3 kB
Progress (1): 4.3 kB
Progress (1): 5.9 kB
                    
Downloaded from sonatype-releases: https://oss.sonatype.org/content/repositories/releases/org/jboss/logging/jboss-logging/3.3.0.Final/jboss-logging-3.3.0.Final.pom (5.9 kB at 59 kB/s)
Downloading from sonatype-releases: https://oss.sonatype.org/content/repositories/releases/org/jboss/jboss-parent/15/jboss-parent-15.pom
Progress (1): 1.0 kB
Progress (1): 3.4 kB
Progress (1): 5.8 kB
Progress (1): 8.0 kB
Progress (1): 14 kB 
Progress (1): 23 kB
Progress (1): 26 kB
Progress (1): 29 kB
Progress (1): 32 kB
                   
Downloaded from sonatype-releases: https://oss.sonatype.org/content/repositories/releases/org/jboss/jboss-parent/15/jboss-parent-15.pom (32 kB at 287 kB/s)
Downloading from sonatype-releases: https://oss.sonatype.org/content/repositories/releases/org/hibernate/javax/persistence/hibernate-jpa-2.1-api/1.0.0.Final/hibernate-jpa-2.1-api-1.0.0.Final.pom
Progress (1): 1.1 kB
Progress (1): 2.2 kB
                    
Downloaded from sonatype-releases: https://oss.sonatype.org/content/repositories/releases/org/hibernate/javax/persistence/hibernate-jpa-2.1-api/1.0.0.Final/hibernate-jpa-2.1-api-1.0.0.Final.pom (2.2 kB at 22 kB/s)
Downloading from sonatype-releases: https://oss.sonatype.org/content/repositories/releases/org/javassist/javassist/3.18.1-GA/javassist-3.18.1-GA.pom
Progress (1): 911 B
Progress (1): 3.5 kB
Progress (1): 5.6 kB
Progress (1): 8.1 kB
Progress (1): 9.5 kB
                    
Downloaded from sonatype-releases: https://oss.sonatype.org/content/repositories/releases/org/javassist/javassist/3.18.1-GA/javassist-3.18.1-GA.pom (9.5 kB at 88 kB/s)
Downloading from sonatype-releases: https://oss.sonatype.org/content/repositories/releases/org/apache/geronimo/specs/geronimo-jta_1.1_spec/1.1.1/geronimo-jta_1.1_spec-1.1.1.pom
Progress (1): 864 B
Progress (1): 2.1 kB
                    
Downloaded from sonatype-releases: https://oss.sonatype.org/content/repositories/releases/org/apache/geronimo/specs/geronimo-jta_1.1_spec/1.1.1/geronimo-jta_1.1_spec-1.1.1.pom (2.1 kB at 21 kB/s)
Downloading from sonatype-releases: https://oss.sonatype.org/content/repositories/releases/org/apache/geronimo/specs/specs/1.4/specs-1.4.pom
Progress (1): 865 B
Progress (1): 2.3 kB
Progress (1): 4.9 kB
Progress (1): 8.6 kB
Progress (1): 12 kB 
                   
Downloaded from sonatype-releases: https://oss.sonatype.org/content/repositories/releases/org/apache/geronimo/specs/specs/1.4/specs-1.4.pom (12 kB at 111 kB/s)
Downloading from sonatype-releases: https://oss.sonatype.org/content/repositories/releases/org/apache/geronimo/genesis/config/project-config/1.2/project-config-1.2.pom
Progress (1): 795 B
Progress (1): 2.2 kB
Progress (1): 5.0 kB
Progress (1): 7.8 kB
Progress (1): 14 kB 
Progress (1): 19 kB
Progress (1): 22 kB
                   
Downloaded from sonatype-releases: https://oss.sonatype.org/content/repositories/releases/org/apache/geronimo/genesis/config/project-config/1.2/project-config-1.2.pom (22 kB at 193 kB/s)
Downloading from sonatype-releases: https://oss.sonatype.org/content/repositories/releases/org/apache/geronimo/genesis/config/config/1.2/config-1.2.pom
Progress (1): 871 B
Progress (1): 1.8 kB
                    
Downloaded from sonatype-releases: https://oss.sonatype.org/content/repositories/releases/org/apache/geronimo/genesis/config/config/1.2/config-1.2.pom (1.8 kB at 18 kB/s)
Downloading from sonatype-releases: https://oss.sonatype.org/content/repositories/releases/org/apache/geronimo/genesis/genesis/1.2/genesis-1.2.pom
Progress (1): 803 B
Progress (1): 2.2 kB
Progress (1): 4.9 kB
Progress (1): 8.1 kB
Progress (1): 11 kB 
                   
Downloaded from sonatype-releases: https://oss.sonatype.org/content/repositories/releases/org/apache/geronimo/genesis/genesis/1.2/genesis-1.2.pom (11 kB at 114 kB/s)
Downloading from sonatype-releases: https://oss.sonatype.org/content/repositories/releases/org/jboss/jandex/2.0.0.Final/jandex-2.0.0.Final.pom
Progress (1): 1.4 kB
Progress (1): 4.0 kB
Progress (1): 5.7 kB
                    
Downloaded from sonatype-releases: https://oss.sonatype.org/content/repositories/releases/org/jboss/jandex/2.0.0.Final/jandex-2.0.0.Final.pom (5.7 kB at 58 kB/s)
Downloading from sonatype-releases: https://oss.sonatype.org/content/repositories/releases/org/jboss/jboss-parent/12/jboss-parent-12.pom
Progress (1): 1.0 kB
Progress (1): 3.3 kB
Progress (1): 5.7 kB
Progress (1): 7.7 kB
Progress (1): 14 kB 
Progress (1): 22 kB
Progress (1): 26 kB
Progress (1): 28 kB
Progress (1): 31 kB
Progress (1): 32 kB
                   
Downloaded from sonatype-releases: https://oss.sonatype.org/content/repositories/releases/org/jboss/jboss-parent/12/jboss-parent-12.pom (32 kB at 265 kB/s)
Downloading from sonatype-releases: https://oss.sonatype.org/content/repositories/releases/org/hibernate/common/hibernate-commons-annotations/5.0.1.Final/hibernate-commons-annotations-5.0.1.Final.pom
Progress (1): 1.2 kB
Progress (1): 1.9 kB
                    
Downloaded from sonatype-releases: https://oss.sonatype.org/content/repositories/releases/org/hibernate/common/hibernate-commons-annotations/5.0.1.Final/hibernate-commons-annotations-5.0.1.Final.pom (1.9 kB at 19 kB/s)
Downloading from sonatype-releases: https://oss.sonatype.org/content/repositories/releases/org/slf4j/slf4j-simple/1.7.15/slf4j-simple-1.7.15.pom
Progress (1): 793 B
                   
Downloaded from sonatype-releases: https://oss.sonatype.org/content/repositories/releases/org/slf4j/slf4j-simple/1.7.15/slf4j-simple-1.7.15.pom (793 B at 7.2 kB/s)
Downloading from sonatype-releases: https://oss.sonatype.org/content/repositories/releases/javassist/javassist/3.12.1.GA/javassist-3.12.1.GA.pom
Progress (1): 993 B
Progress (1): 2.8 kB
Progress (1): 4.8 kB
Progress (1): 6.1 kB
                    
Downloaded from sonatype-releases: https://oss.sonatype.org/content/repositories/releases/javassist/javassist/3.12.1.GA/javassist-3.12.1.GA.pom (6.1 kB at 61 kB/s)
Downloading from sonatype-releases: https://oss.sonatype.org/content/repositories/releases/org/hsqldb/hsqldb/2.3.3/hsqldb-2.3.3.pom
Progress (1): 1.1 kB
Progress (1): 1.3 kB
                    
Downloaded from sonatype-releases: https://oss.sonatype.org/content/repositories/releases/org/hsqldb/hsqldb/2.3.3/hsqldb-2.3.3.pom (1.3 kB at 13 kB/s)
Downloading from sonatype-releases: https://oss.sonatype.org/content/repositories/releases/com/github/kstyrc/embedded-redis/0.6/embedded-redis-0.6.pom
Progress (1): 1.3 kB
Progress (1): 3.9 kB
Progress (1): 6.3 kB
                    
Downloaded from sonatype-releases: https://oss.sonatype.org/content/repositories/releases/com/github/kstyrc/embedded-redis/0.6/embedded-redis-0.6.pom (6.3 kB at 52 kB/s)
Downloading from sonatype-releases: https://oss.sonatype.org/content/repositories/releases/com/google/guava/guava/18.0/guava-18.0.pom
Progress (1): 955 B
Progress (1): 2.8 kB
Progress (1): 5.0 kB
Progress (1): 5.7 kB
                    
Downloaded from sonatype-releases: https://oss.sonatype.org/content/repositories/releases/com/google/guava/guava/18.0/guava-18.0.pom (5.7 kB at 33 kB/s)
Downloading from sonatype-releases: https://oss.sonatype.org/content/repositories/releases/com/google/guava/guava-parent/18.0/guava-parent-18.0.pom
Progress (1): 1.1 kB
Progress (1): 2.9 kB
Progress (1): 6.3 kB
Progress (1): 7.7 kB
                    
Downloaded from sonatype-releases: https://oss.sonatype.org/content/repositories/releases/com/google/guava/guava-parent/18.0/guava-parent-18.0.pom (7.7 kB at 13 kB/s)
Downloading from sonatype-releases: https://oss.sonatype.org/content/repositories/releases/commons-io/commons-io/2.4/commons-io-2.4.pom
Progress (1): 807 B
Progress (1): 2.1 kB
Progress (1): 5.6 kB
Progress (1): 8.0 kB
Progress (1): 10 kB 
                   
Downloaded from sonatype-releases: https://oss.sonatype.org/content/repositories/releases/commons-io/commons-io/2.4/commons-io-2.4.pom (10 kB at 97 kB/s)
Downloading from sonatype-releases: https://oss.sonatype.org/content/repositories/releases/org/apache/commons/commons-parent/25/commons-parent-25.pom
Progress (1): 718 B
Progress (1): 1.9 kB
Progress (1): 3.3 kB
Progress (1): 5.1 kB
Progress (1): 8.9 kB
Progress (1): 12 kB 
Progress (1): 16 kB
Progress (1): 19 kB
Progress (1): 21 kB
Progress (1): 24 kB
Progress (1): 29 kB
Progress (1): 36 kB
Progress (1): 38 kB
Progress (1): 41 kB
Progress (1): 43 kB
Progress (1): 43 kB
Progress (1): 46 kB
Progress (1): 48 kB
Progress (1): 48 kB
                   
Downloaded from sonatype-releases: https://oss.sonatype.org/content/repositories/releases/org/apache/commons/commons-parent/25/commons-parent-25.pom (48 kB at 469 kB/s)
Downloading from sonatype-releases: https://oss.sonatype.org/content/repositories/releases/org/awaitility/awaitility/3.1.0/awaitility-3.1.0.pom
Progress (1): 818 B
Progress (1): 3.0 kB
Progress (1): 3.9 kB
                    
Downloaded from sonatype-releases: https://oss.sonatype.org/content/repositories/releases/org/awaitility/awaitility/3.1.0/awaitility-3.1.0.pom (3.9 kB at 29 kB/s)
Downloading from sonatype-releases: https://oss.sonatype.org/content/repositories/releases/org/awaitility/awaitility-parent/3.1.0/awaitility-parent-3.1.0.pom
Progress (1): 830 B
Progress (1): 2.3 kB
Progress (1): 4.7 kB
Progress (1): 8.2 kB
                    
Downloaded from sonatype-releases: https://oss.sonatype.org/content/repositories/releases/org/awaitility/awaitility-parent/3.1.0/awaitility-parent-3.1.0.pom (8.2 kB at 71 kB/s)
Downloading from sonatype-releases: https://oss.sonatype.org/content/repositories/releases/org/hamcrest/hamcrest-library/1.3/hamcrest-library-1.3.pom
Progress (1): 820 B
                   
Downloaded from sonatype-releases: https://oss.sonatype.org/content/repositories/releases/org/hamcrest/hamcrest-library/1.3/hamcrest-library-1.3.pom (820 B at 8.4 kB/s)
Downloading from sonatype-releases: https://oss.sonatype.org/content/repositories/releases/org/objenesis/objenesis/2.6/objenesis-2.6.pom
Progress (1): 1.3 kB
Progress (1): 2.8 kB
                    
Downloaded from sonatype-releases: https://oss.sonatype.org/content/repositories/releases/org/objenesis/objenesis/2.6/objenesis-2.6.pom (2.8 kB at 26 kB/s)
Downloading from sonatype-releases: https://oss.sonatype.org/content/repositories/releases/org/objenesis/objenesis-parent/2.6/objenesis-parent-2.6.pom
Progress (1): 956 B
Progress (1): 3.0 kB
Progress (1): 4.8 kB
Progress (1): 8.4 kB
Progress (1): 12 kB 
Progress (1): 17 kB
                   
Downloaded from sonatype-releases: https://oss.sonatype.org/content/repositories/releases/org/objenesis/objenesis-parent/2.6/objenesis-parent-2.6.pom (17 kB at 156 kB/s)
Downloading from sonatype-releases: https://oss.sonatype.org/content/repositories/releases/org/apache/tomcat/tomcat-servlet-api/7.0.85/tomcat-servlet-api-7.0.85.jar
Downloading from sonatype-releases: https://oss.sonatype.org/content/repositories/releases/org/apache/tomcat/tomcat-catalina/7.0.85/tomcat-catalina-7.0.85.jar
Downloading from sonatype-releases: https://oss.sonatype.org/content/repositories/releases/org/apache/tomcat/tomcat-juli/7.0.85/tomcat-juli-7.0.85.jar
Downloading from sonatype-releases: https://oss.sonatype.org/content/repositories/releases/org/apache/tomcat/tomcat-annotations-api/7.0.85/tomcat-annotations-api-7.0.85.jar
Downloading from sonatype-releases: https://oss.sonatype.org/content/repositories/releases/org/apache/tomcat/tomcat-api/7.0.85/tomcat-api-7.0.85.jar
Progress (1): 0/1.7 MB
Progress (1): 0/1.7 MB
Progress (1): 0/1.7 MB
Progress (1): 0/1.7 MB
Progress (1): 0.1/1.7 MB
Progress (1): 0.1/1.7 MB
Progress (1): 0.1/1.7 MB
Progress (1): 0.1/1.7 MB
Progress (1): 0.1/1.7 MB
Progress (1): 0.1/1.7 MB
Progress (1): 0.2/1.7 MB
Progress (1): 0.2/1.7 MB
Progress (1): 0.2/1.7 MB
Progress (1): 0.2/1.7 MB
Progress (1): 0.2/1.7 MB
Progress (1): 0.2/1.7 MB
Progress (1): 0.3/1.7 MB
Progress (1): 0.3/1.7 MB
Progress (1): 0.3/1.7 MB
Progress (1): 0.3/1.7 MB
Progress (1): 0.3/1.7 MB
Progress (1): 0.3/1.7 MB
Progress (1): 0.4/1.7 MB
Progress (1): 0.4/1.7 MB
Progress (1): 0.4/1.7 MB
Progress (1): 0.4/1.7 MB
Progress (1): 0.4/1.7 MB
Progress (1): 0.4/1.7 MB
Progress (1): 0.5/1.7 MB
Progress (1): 0.5/1.7 MB
Progress (1): 0.5/1.7 MB
Progress (1): 0.5/1.7 MB
Progress (1): 0.5/1.7 MB
Progress (1): 0.5/1.7 MB
Progress (1): 0.6/1.7 MB
Progress (1): 0.6/1.7 MB
Progress (1): 0.6/1.7 MB
Progress (1): 0.6/1.7 MB
Progress (1): 0.6/1.7 MB
Progress (1): 0.6/1.7 MB
Progress (1): 0.7/1.7 MB
Progress (1): 0.7/1.7 MB
Progress (1): 0.7/1.7 MB
Progress (1): 0.7/1.7 MB
Progress (1): 0.7/1.7 MB
Progress (1): 0.7/1.7 MB
Progress (1): 0.8/1.7 MB
Progress (1): 0.8/1.7 MB
Progress (1): 0.8/1.7 MB
Progress (1): 0.8/1.7 MB
Progress (1): 0.8/1.7 MB
Progress (1): 0.8/1.7 MB
Progress (1): 0.9/1.7 MB
Progress (1): 0.9/1.7 MB
Progress (1): 0.9/1.7 MB
Progress (1): 0.9/1.7 MB
Progress (1): 0.9/1.7 MB
Progress (1): 0.9/1.7 MB
Progress (1): 0.9/1.7 MB
Progress (1): 1.0/1.7 MB
Progress (1): 1.0/1.7 MB
Progress (1): 1.0/1.7 MB
Progress (1): 1.0/1.7 MB
Progress (1): 1.0/1.7 MB
Progress (1): 1.0/1.7 MB
Progress (1): 1.1/1.7 MB
Progress (1): 1.1/1.7 MB
Progress (1): 1.1/1.7 MB
Progress (1): 1.1/1.7 MB
Progress (1): 1.1/1.7 MB
Progress (1): 1.1/1.7 MB
Progress (1): 1.2/1.7 MB
Progress (1): 1.2/1.7 MB
Progress (1): 1.2/1.7 MB
Progress (1): 1.2/1.7 MB
Progress (1): 1.2/1.7 MB
Progress (1): 1.2/1.7 MB
Progress (1): 1.3/1.7 MB
Progress (1): 1.3/1.7 MB
Progress (1): 1.3/1.7 MB
Progress (1): 1.3/1.7 MB
Progress (1): 1.3/1.7 MB
Progress (1): 1.3/1.7 MB
Progress (1): 1.4/1.7 MB
Progress (1): 1.4/1.7 MB
Progress (1): 1.4/1.7 MB
Progress (1): 1.4/1.7 MB
Progress (1): 1.4/1.7 MB
Progress (1): 1.4/1.7 MB
Progress (1): 1.5/1.7 MB
Progress (1): 1.5/1.7 MB
Progress (1): 1.5/1.7 MB
Progress (1): 1.5/1.7 MB
Progress (1): 1.5/1.7 MB
Progress (1): 1.5/1.7 MB
Progress (1): 1.6/1.7 MB
Progress (1): 1.6/1.7 MB
Progress (1): 1.6/1.7 MB
Progress (1): 1.6/1.7 MB
Progress (1): 1.6/1.7 MB
Progress (1): 1.6/1.7 MB
Progress (1): 1.7/1.7 MB
Progress (1): 1.7/1.7 MB
Progress (1): 1.7 MB    
                    
Downloaded from sonatype-releases: https://oss.sonatype.org/content/repositories/releases/org/apache/tomcat/tomcat-catalina/7.0.85/tomcat-catalina-7.0.85.jar (1.7 MB at 7.4 MB/s)
Downloading from sonatype-releases: https://oss.sonatype.org/content/repositories/releases/org/apache/tomcat/tomcat-util/7.0.85/tomcat-util-7.0.85.jar
Progress (1): 0.9/11 kB
Progress (1): 2.3/11 kB
Progress (1): 3.7/11 kB
Progress (1): 4.1/11 kB
Progress (1): 5.5/11 kB
Progress (1): 6.8/11 kB
Progress (1): 8.2/11 kB
Progress (1): 9.6/11 kB
Progress (1): 11/11 kB 
Progress (1): 11 kB   
                   
Downloaded from sonatype-releases: https://oss.sonatype.org/content/repositories/releases/org/apache/tomcat/tomcat-annotations-api/7.0.85/tomcat-annotations-api-7.0.85.jar (11 kB at 45 kB/s)
Downloading from sonatype-releases: https://oss.sonatype.org/content/repositories/releases/org/apache/tomcat/tomcat-catalina-ha/7.0.85/tomcat-catalina-ha-7.0.85.jar
Progress (1): 0.9/198 kB
Progress (1): 2.3/198 kB
Progress (1): 3.7/198 kB
Progress (1): 5.0/198 kB
Progress (1): 6.4/198 kB
Progress (1): 7.8/198 kB
Progress (1): 9.1/198 kB
Progress (1): 11/198 kB 
Progress (1): 12/198 kB
Progress (1): 13/198 kB
Progress (1): 15/198 kB
Progress (1): 16/198 kB
Progress (1): 17/198 kB
Progress (1): 19/198 kB
Progress (1): 20/198 kB
Progress (1): 21/198 kB
Progress (1): 23/198 kB
Progress (1): 24/198 kB
Progress (1): 26/198 kB
Progress (1): 27/198 kB
Progress (1): 28/198 kB
Progress (1): 30/198 kB
Progress (1): 31/198 kB
Progress (1): 32/198 kB
Progress (1): 34/198 kB
Progress (1): 35/198 kB
Progress (1): 37/198 kB
Progress (1): 38/198 kB
Progress (1): 39/198 kB
Progress (1): 41/198 kB
Progress (1): 42/198 kB
Progress (1): 43/198 kB
Progress (1): 45/198 kB
Progress (1): 46/198 kB
Progress (1): 47/198 kB
Progress (1): 49/198 kB
Progress (1): 50/198 kB
Progress (1): 52/198 kB
Progress (1): 53/198 kB
Progress (1): 54/198 kB
Progress (1): 59/198 kB
Progress (1): 63/198 kB
Progress (2): 63/198 kB | 0.9/45 kB
Progress (2): 63/198 kB | 2.3/45 kB
Progress (2): 63/198 kB | 3.7/45 kB
Progress (2): 63/198 kB | 5.0/45 kB
Progress (2): 63/198 kB | 6.4/45 kB
Progress (2): 63/198 kB | 7.8/45 kB
Progress (2): 63/198 kB | 9.1/45 kB
Progress (2): 63/198 kB | 11/45 kB 
Progress (2): 63/198 kB | 12/45 kB
Progress (2): 63/198 kB | 13/45 kB
Progress (2): 63/198 kB | 15/45 kB
Progress (2): 63/198 kB | 16/45 kB
Progress (2): 63/198 kB | 17/45 kB
Progress (2): 63/198 kB | 19/45 kB
Progress (2): 63/198 kB | 20/45 kB
Progress (2): 63/198 kB | 21/45 kB
Progress (2): 63/198 kB | 23/45 kB
Progress (2): 63/198 kB | 24/45 kB
Progress (2): 63/198 kB | 25/45 kB
Progress (2): 63/198 kB | 26/45 kB
Progress (2): 63/198 kB | 27/45 kB
Progress (2): 63/198 kB | 29/45 kB
Progress (2): 63/198 kB | 30/45 kB
Progress (2): 63/198 kB | 31/45 kB
Progress (2): 63/198 kB | 33/45 kB
Progress (2): 63/198 kB | 34/45 kB
Progress (2): 63/198 kB | 36/45 kB
Progress (2): 63/198 kB | 37/45 kB
Progress (2): 63/198 kB | 38/45 kB
Progress (2): 63/198 kB | 40/45 kB
Progress (2): 63/198 kB | 41/45 kB
Progress (2): 63/198 kB | 42/45 kB
Progress (2): 63/198 kB | 44/45 kB
Progress (2): 63/198 kB | 45/45 kB
Progress (2): 63/198 kB | 45 kB   
Progress (2): 67/198 kB | 45 kB
Progress (2): 71/198 kB | 45 kB
                               
Downloaded from sonatype-releases: https://oss.sonatype.org/content/repositories/releases/org/apache/tomcat/tomcat-juli/7.0.85/tomcat-juli-7.0.85.jar (45 kB at 157 kB/s)
Downloading from sonatype-releases: https://oss.sonatype.org/content/repositories/releases/org/apache/tomcat/tomcat-tribes/7.0.85/tomcat-tribes-7.0.85.jar
Progress (1): 75/198 kB
Progress (1): 80/198 kB
Progress (1): 84/198 kB
Progress (1): 88/198 kB
Progress (1): 92/198 kB
Progress (1): 97/198 kB
Progress (1): 101/198 kB
Progress (1): 105/198 kB
Progress (1): 109/198 kB
Progress (1): 114/198 kB
Progress (1): 118/198 kB
Progress (1): 122/198 kB
Progress (1): 126/198 kB
Progress (1): 130/198 kB
Progress (1): 135/198 kB
Progress (1): 139/198 kB
Progress (1): 143/198 kB
Progress (1): 147/198 kB
Progress (1): 152/198 kB
Progress (1): 156/198 kB
Progress (1): 160/198 kB
Progress (1): 164/198 kB
Progress (1): 169/198 kB
Progress (1): 173/198 kB
Progress (1): 177/198 kB
Progress (1): 181/198 kB
Progress (1): 185/198 kB
Progress (1): 190/198 kB
Progress (1): 194/198 kB
Progress (1): 198 kB    
                    
Downloaded from sonatype-releases: https://oss.sonatype.org/content/repositories/releases/org/apache/tomcat/tomcat-servlet-api/7.0.85/tomcat-servlet-api-7.0.85.jar (198 kB at 595 kB/s)
Downloading from sonatype-releases: https://oss.sonatype.org/content/repositories/releases/org/apache/tomcat/tomcat-coyote/7.0.85/tomcat-coyote-7.0.85.jar
Progress (1): 0.9/6.6 kB
Progress (1): 2.3/6.6 kB
Progress (1): 3.7/6.6 kB
Progress (1): 5.0/6.6 kB
Progress (1): 6.4/6.6 kB
Progress (1): 6.6 kB    
Progress (2): 6.6 kB | 0.9/38 kB
Progress (2): 6.6 kB | 2.3/38 kB
Progress (2): 6.6 kB | 3.7/38 kB
Progress (2): 6.6 kB | 5.0/38 kB
Progress (2): 6.6 kB | 6.4/38 kB
Progress (2): 6.6 kB | 7.8/38 kB
Progress (2): 6.6 kB | 9.1/38 kB
Progress (2): 6.6 kB | 11/38 kB 
Progress (2): 6.6 kB | 12/38 kB
Progress (2): 6.6 kB | 13/38 kB
Progress (2): 6.6 kB | 15/38 kB
Progress (2): 6.6 kB | 16/38 kB
Progress (2): 6.6 kB | 17/38 kB
Progress (2): 6.6 kB | 19/38 kB
Progress (2): 6.6 kB | 20/38 kB
Progress (2): 6.6 kB | 21/38 kB
Progress (2): 6.6 kB | 23/38 kB
Progress (2): 6.6 kB | 24/38 kB
Progress (2): 6.6 kB | 25/38 kB
Progress (2): 6.6 kB | 26/38 kB
Progress (2): 6.6 kB | 27/38 kB
Progress (2): 6.6 kB | 29/38 kB
Progress (2): 6.6 kB | 30/38 kB
Progress (2): 6.6 kB | 31/38 kB
Progress (2): 6.6 kB | 33/38 kB
Progress (2): 6.6 kB | 34/38 kB
Progress (2): 6.6 kB | 36/38 kB
Progress (2): 6.6 kB | 37/38 kB
Progress (2): 6.6 kB | 38/38 kB
Progress (2): 6.6 kB | 38 kB   
                            
Downloaded from sonatype-releases: https://oss.sonatype.org/content/repositories/releases/org/apache/tomcat/tomcat-api/7.0.85/tomcat-api-7.0.85.jar (6.6 kB at 19 kB/s)
Downloading from sonatype-releases: https://oss.sonatype.org/content/repositories/releases/net/spy/spymemcached/2.12.0/spymemcached-2.12.0.jar
Downloaded from sonatype-releases: https://oss.sonatype.org/content/repositories/releases/org/apache/tomcat/tomcat-util/7.0.85/tomcat-util-7.0.85.jar (38 kB at 106 kB/s)
Downloading from sonatype-releases: https://oss.sonatype.org/content/repositories/releases/com/couchbase/client/couchbase-client/1.4.11/couchbase-client-1.4.11.jar
Progress (1): 4.2/814 kB
Progress (1): 8.2/814 kB
Progress (1): 12/814 kB 
Progress (1): 16/814 kB
Progress (1): 33/814 kB
Progress (1): 49/814 kB
Progress (1): 66/814 kB
Progress (1): 82/814 kB
Progress (1): 98/814 kB
Progress (1): 115/814 kB
Progress (1): 131/814 kB
Progress (1): 147/814 kB
Progress (1): 164/814 kB
Progress (1): 180/814 kB
Progress (1): 197/814 kB
Progress (1): 213/814 kB
Progress (1): 229/814 kB
Progress (1): 246/814 kB
Progress (1): 262/814 kB
Progress (2): 262/814 kB | 8.2/345 kB
Progress (2): 279/814 kB | 8.2/345 kB
Progress (2): 295/814 kB | 8.2/345 kB
Progress (2): 295/814 kB | 16/345 kB 
Progress (2): 295/814 kB | 33/345 kB
Progress (2): 311/814 kB | 33/345 kB
Progress (2): 311/814 kB | 49/345 kB
Progress (2): 328/814 kB | 49/345 kB
Progress (2): 328/814 kB | 66/345 kB
Progress (2): 344/814 kB | 66/345 kB
Progress (2): 344/814 kB | 82/345 kB
Progress (2): 360/814 kB | 82/345 kB
Progress (2): 360/814 kB | 98/345 kB
Progress (2): 377/814 kB | 98/345 kB
Progress (2): 377/814 kB | 115/345 kB
Progress (2): 377/814 kB | 131/345 kB
Progress (2): 377/814 kB | 147/345 kB
Progress (2): 377/814 kB | 164/345 kB
Progress (2): 377/814 kB | 180/345 kB
Progress (2): 377/814 kB | 197/345 kB
Progress (2): 393/814 kB | 197/345 kB
Progress (2): 393/814 kB | 213/345 kB
Progress (2): 410/814 kB | 213/345 kB
Progress (2): 410/814 kB | 229/345 kB
Progress (2): 410/814 kB | 246/345 kB
Progress (2): 426/814 kB | 246/345 kB
Progress (2): 442/814 kB | 246/345 kB
Progress (2): 442/814 kB | 262/345 kB
Progress (2): 459/814 kB | 262/345 kB
Progress (2): 459/814 kB | 279/345 kB
Progress (2): 475/814 kB | 279/345 kB
Progress (2): 475/814 kB | 295/345 kB
Progress (2): 492/814 kB | 295/345 kB
Progress (2): 492/814 kB | 311/345 kB
Progress (2): 508/814 kB | 311/345 kB
Progress (2): 508/814 kB | 328/345 kB
Progress (2): 524/814 kB | 328/345 kB
Progress (2): 524/814 kB | 344/345 kB
Progress (2): 524/814 kB | 345 kB    
Progress (2): 541/814 kB | 345 kB
Progress (2): 557/814 kB | 345 kB
Progress (2): 573/814 kB | 345 kB
Progress (2): 577/814 kB | 345 kB
Progress (2): 594/814 kB | 345 kB
Progress (2): 610/814 kB | 345 kB
Progress (2): 626/814 kB | 345 kB
Progress (2): 643/814 kB | 345 kB
Progress (2): 659/814 kB | 345 kB
Progress (2): 676/814 kB | 345 kB
Progress (2): 692/814 kB | 345 kB
Progress (2): 708/814 kB | 345 kB
Progress (2): 725/814 kB | 345 kB
Progress (2): 741/814 kB | 345 kB
Progress (2): 757/814 kB | 345 kB
Progress (3): 757/814 kB | 345 kB | 0.9/472 kB
Progress (3): 774/814 kB | 345 kB | 0.9/472 kB
Progress (3): 790/814 kB | 345 kB | 0.9/472 kB
Progress (3): 790/814 kB | 345 kB | 2.3/472 kB
Progress (3): 807/814 kB | 345 kB | 2.3/472 kB
Progress (3): 814 kB | 345 kB | 2.3/472 kB    
Progress (3): 814 kB | 345 kB | 3.7/472 kB
Progress (3): 814 kB | 345 kB | 5.0/472 kB
Progress (3): 814 kB | 345 kB | 6.4/472 kB
Progress (3): 814 kB | 345 kB | 7.8/472 kB
Progress (3): 814 kB | 345 kB | 9.1/472 kB
Progress (3): 814 kB | 345 kB | 11/472 kB 
Progress (3): 814 kB | 345 kB | 12/472 kB
Progress (3): 814 kB | 345 kB | 13/472 kB
Progress (3): 814 kB | 345 kB | 15/472 kB
Progress (3): 814 kB | 345 kB | 16/472 kB
Progress (3): 814 kB | 345 kB | 17/472 kB
Progress (3): 814 kB | 345 kB | 19/472 kB
Progress (3): 814 kB | 345 kB | 20/472 kB
Progress (3): 814 kB | 345 kB | 21/472 kB
Progress (3): 814 kB | 345 kB | 23/472 kB
Progress (3): 814 kB | 345 kB | 24/472 kB
Progress (3): 814 kB | 345 kB | 26/472 kB
Progress (3): 814 kB | 345 kB | 27/472 kB
Progress (3): 814 kB | 345 kB | 28/472 kB
                                         
Downloaded from sonatype-releases: https://oss.sonatype.org/content/repositories/releases/com/couchbase/client/couchbase-client/1.4.11/couchbase-client-1.4.11.jar (345 kB at 707 kB/s)
Downloading from sonatype-releases: https://oss.sonatype.org/content/repositories/releases/io/netty/netty/3.5.5.Final/netty-3.5.5.Final.jar
Progress (2): 814 kB | 30/472 kB
Progress (2): 814 kB | 31/472 kB
Progress (2): 814 kB | 32/472 kB
Progress (2): 814 kB | 34/472 kB
Progress (2): 814 kB | 35/472 kB
Progress (2): 814 kB | 37/472 kB
Progress (2): 814 kB | 38/472 kB
Progress (2): 814 kB | 39/472 kB
Progress (2): 814 kB | 41/472 kB
Progress (2): 814 kB | 42/472 kB
Progress (2): 814 kB | 43/472 kB
Progress (2): 814 kB | 45/472 kB
Progress (2): 814 kB | 49/472 kB
Progress (2): 814 kB | 53/472 kB
Progress (2): 814 kB | 57/472 kB
Progress (2): 814 kB | 62/472 kB
Progress (2): 814 kB | 66/472 kB
Progress (2): 814 kB | 70/472 kB
Progress (2): 814 kB | 74/472 kB
Progress (2): 814 kB | 79/472 kB
Progress (2): 814 kB | 83/472 kB
Progress (2): 814 kB | 87/472 kB
Progress (2): 814 kB | 91/472 kB
Progress (2): 814 kB | 95/472 kB
Progress (2): 814 kB | 100/472 kB
Progress (2): 814 kB | 104/472 kB
Progress (2): 814 kB | 108/472 kB
Progress (2): 814 kB | 112/472 kB
Progress (2): 814 kB | 117/472 kB
Progress (2): 814 kB | 121/472 kB
Progress (2): 814 kB | 125/472 kB
                                 
Downloaded from sonatype-releases: https://oss.sonatype.org/content/repositories/releases/org/apache/tomcat/tomcat-coyote/7.0.85/tomcat-coyote-7.0.85.jar (814 kB at 1.6 MB/s)
Downloading from sonatype-releases: https://oss.sonatype.org/content/repositories/releases/org/apache/httpcomponents/httpcore/4.3/httpcore-4.3.jar
Progress (1): 129/472 kB
Progress (1): 134/472 kB
Progress (1): 138/472 kB
Progress (1): 142/472 kB
Progress (1): 146/472 kB
Progress (1): 150/472 kB
Progress (1): 155/472 kB
Progress (1): 159/472 kB
Progress (1): 163/472 kB
Progress (1): 167/472 kB
Progress (1): 172/472 kB
Progress (1): 176/472 kB
Progress (1): 180/472 kB
Progress (1): 184/472 kB
Progress (1): 189/472 kB
Progress (1): 193/472 kB
Progress (1): 197/472 kB
Progress (1): 201/472 kB
Progress (1): 205/472 kB
Progress (1): 210/472 kB
Progress (1): 214/472 kB
Progress (1): 230/472 kB
Progress (1): 247/472 kB
Progress (1): 263/472 kB
Progress (1): 279/472 kB
Progress (1): 296/472 kB
Progress (1): 312/472 kB
Progress (1): 329/472 kB
Progress (1): 345/472 kB
Progress (1): 361/472 kB
Progress (1): 378/472 kB
Progress (1): 394/472 kB
Progress (1): 411/472 kB
Progress (1): 427/472 kB
Progress (1): 443/472 kB
Progress (1): 460/472 kB
Progress (1): 472 kB    
                    
Downloaded from sonatype-releases: https://oss.sonatype.org/content/repositories/releases/net/spy/spymemcached/2.12.0/spymemcached-2.12.0.jar (472 kB at 868 kB/s)
Downloading from sonatype-releases: https://oss.sonatype.org/content/repositories/releases/org/apache/httpcomponents/httpcore-nio/4.3/httpcore-nio-4.3.jar
Progress (1): 0/1.1 MB
Progress (1): 0/1.1 MB
Progress (1): 0/1.1 MB
Progress (1): 0/1.1 MB
Progress (1): 0/1.1 MB
Progress (1): 0.1/1.1 MB
Progress (1): 0.1/1.1 MB
Progress (1): 0.1/1.1 MB
Progress (1): 0.1/1.1 MB
Progress (1): 0.1/1.1 MB
Progress (1): 0.1/1.1 MB
Progress (1): 0.2/1.1 MB
Progress (1): 0.2/1.1 MB
Progress (1): 0.2/1.1 MB
Progress (1): 0.2/1.1 MB
Progress (1): 0.2/1.1 MB
Progress (1): 0.2/1.1 MB
Progress (1): 0.3/1.1 MB
Progress (1): 0.3/1.1 MB
Progress (1): 0.3/1.1 MB
Progress (1): 0.3/1.1 MB
Progress (1): 0.3/1.1 MB
Progress (1): 0.3/1.1 MB
Progress (1): 0.4/1.1 MB
Progress (2): 0.4/1.1 MB | 7.7/282 kB
Progress (2): 0.4/1.1 MB | 7.7/282 kB
Progress (2): 0.4/1.1 MB | 7.7/282 kB
Progress (2): 0.4/1.1 MB | 7.7/282 kB
Progress (2): 0.4/1.1 MB | 16/282 kB 
Progress (2): 0.4/1.1 MB | 16/282 kB
Progress (2): 0.4/1.1 MB | 16/282 kB
Progress (2): 0.4/1.1 MB | 25/282 kB
Progress (2): 0.4/1.1 MB | 25/282 kB
Progress (2): 0.4/1.1 MB | 33/282 kB
Progress (2): 0.5/1.1 MB | 33/282 kB
Progress (2): 0.5/1.1 MB | 49/282 kB
Progress (2): 0.5/1.1 MB | 49/282 kB
Progress (2): 0.5/1.1 MB | 66/282 kB
Progress (2): 0.5/1.1 MB | 74/282 kB
Progress (2): 0.5/1.1 MB | 74/282 kB
Progress (2): 0.5/1.1 MB | 90/282 kB
Progress (2): 0.5/1.1 MB | 90/282 kB
Progress (2): 0.5/1.1 MB | 98/282 kB
Progress (2): 0.5/1.1 MB | 115/282 kB
Progress (2): 0.5/1.1 MB | 115/282 kB
Progress (2): 0.5/1.1 MB | 123/282 kB
Progress (2): 0.5/1.1 MB | 123/282 kB
Progress (2): 0.5/1.1 MB | 139/282 kB
Progress (2): 0.5/1.1 MB | 147/282 kB
Progress (2): 0.6/1.1 MB | 147/282 kB
Progress (2): 0.6/1.1 MB | 156/282 kB
Progress (2): 0.6/1.1 MB | 156/282 kB
Progress (2): 0.6/1.1 MB | 172/282 kB
Progress (2): 0.6/1.1 MB | 188/282 kB
Progress (2): 0.6/1.1 MB | 188/282 kB
Progress (2): 0.6/1.1 MB | 205/282 kB
Progress (2): 0.6/1.1 MB | 205/282 kB
Progress (2): 0.6/1.1 MB | 221/282 kB
Progress (2): 0.6/1.1 MB | 221/282 kB
Progress (2): 0.6/1.1 MB | 238/282 kB
Progress (2): 0.6/1.1 MB | 238/282 kB
Progress (2): 0.6/1.1 MB | 246/282 kB
Progress (2): 0.7/1.1 MB | 246/282 kB
Progress (2): 0.7/1.1 MB | 254/282 kB
Progress (2): 0.7/1.1 MB | 254/282 kB
Progress (2): 0.7/1.1 MB | 270/282 kB
Progress (2): 0.7/1.1 MB | 282 kB    
Progress (2): 0.7/1.1 MB | 282 kB
Progress (2): 0.7/1.1 MB | 282 kB
Progress (2): 0.7/1.1 MB | 282 kB
Progress (2): 0.7/1.1 MB | 282 kB
Progress (2): 0.8/1.1 MB | 282 kB
Progress (2): 0.8/1.1 MB | 282 kB
Progress (2): 0.8/1.1 MB | 282 kB
Progress (2): 0.8/1.1 MB | 282 kB
Progress (2): 0.8/1.1 MB | 282 kB
Progress (2): 0.8/1.1 MB | 282 kB
Progress (2): 0.9/1.1 MB | 282 kB
Progress (2): 0.9/1.1 MB | 282 kB
Progress (2): 0.9/1.1 MB | 282 kB
Progress (2): 0.9/1.1 MB | 282 kB
Progress (2): 0.9/1.1 MB | 282 kB
Progress (2): 0.9/1.1 MB | 282 kB
Progress (2): 1.0/1.1 MB | 282 kB
Progress (2): 1.0/1.1 MB | 282 kB
Progress (2): 1.0/1.1 MB | 282 kB
Progress (2): 1.0/1.1 MB | 282 kB
Progress (2): 1.0/1.1 MB | 282 kB
Progress (2): 1.0/1.1 MB | 282 kB
Progress (2): 1.0/1.1 MB | 282 kB
Progress (2): 1.1/1.1 MB | 282 kB
Progress (2): 1.1/1.1 MB | 282 kB
Progress (2): 1.1/1.1 MB | 282 kB
Progress (2): 1.1/1.1 MB | 282 kB
Progress (2): 1.1/1.1 MB | 282 kB
Progress (2): 1.1 MB | 282 kB    
                             
Downloaded from sonatype-releases: https://oss.sonatype.org/content/repositories/releases/org/apache/httpcomponents/httpcore/4.3/httpcore-4.3.jar (282 kB at 445 kB/s)
Downloading from sonatype-releases: https://oss.sonatype.org/content/repositories/releases/redis/clients/jedis/3.0.0/jedis-3.0.0.jar
Progress (2): 1.1 MB | 0.9/131 kB
Progress (2): 1.1 MB | 2.3/131 kB
Progress (2): 1.1 MB | 3.7/131 kB
Progress (2): 1.1 MB | 5.0/131 kB
Progress (2): 1.1 MB | 9.3/131 kB
Progress (2): 1.1 MB | 13/131 kB 
Progress (2): 1.1 MB | 17/131 kB
Progress (2): 1.1 MB | 17/131 kB
Progress (2): 1.1 MB | 21/131 kB
Progress (2): 1.1 MB | 26/131 kB
Progress (2): 1.1 MB | 30/131 kB
Progress (2): 1.1 MB | 34/131 kB
Progress (2): 1.1 MB | 38/131 kB
Progress (2): 1.1 MB | 42/131 kB
                                
Downloaded from sonatype-releases: https://oss.sonatype.org/content/repositories/releases/io/netty/netty/3.5.5.Final/netty-3.5.5.Final.jar (1.1 MB at 1.7 MB/s)
Downloading from sonatype-releases: https://oss.sonatype.org/content/repositories/releases/org/apache/commons/commons-pool2/2.4.3/commons-pool2-2.4.3.jar
Progress (1): 44/131 kB
Progress (1): 49/131 kB
Progress (2): 49/131 kB | 3.8/269 kB
Progress (2): 53/131 kB | 3.8/269 kB
Progress (2): 57/131 kB | 3.8/269 kB
Progress (2): 61/131 kB | 3.8/269 kB
Progress (2): 66/131 kB | 3.8/269 kB
Progress (2): 69/131 kB | 3.8/269 kB
Progress (2): 73/131 kB | 3.8/269 kB
Progress (2): 77/131 kB | 3.8/269 kB
Progress (2): 77/131 kB | 8.0/269 kB
Progress (2): 77/131 kB | 12/269 kB 
Progress (2): 77/131 kB | 13/269 kB
Progress (2): 77/131 kB | 16/269 kB
Progress (2): 81/131 kB | 16/269 kB
Progress (2): 86/131 kB | 16/269 kB
Progress (2): 86/131 kB | 20/269 kB
Progress (2): 90/131 kB | 20/269 kB
Progress (2): 90/131 kB | 24/269 kB
Progress (2): 94/131 kB | 24/269 kB
Progress (2): 94/131 kB | 24/269 kB
Progress (2): 98/131 kB | 24/269 kB
Progress (2): 98/131 kB | 29/269 kB
Progress (2): 99/131 kB | 29/269 kB
Progress (2): 99/131 kB | 33/269 kB
Progress (2): 99/131 kB | 37/269 kB
Progress (2): 99/131 kB | 41/269 kB
Progress (2): 102/131 kB | 41/269 kB
Progress (2): 102/131 kB | 45/269 kB
Progress (2): 102/131 kB | 49/269 kB
Progress (2): 102/131 kB | 53/269 kB
Progress (2): 106/131 kB | 53/269 kB
Progress (2): 106/131 kB | 58/269 kB
Progress (2): 106/131 kB | 60/269 kB
Progress (2): 106/131 kB | 64/269 kB
Progress (2): 106/131 kB | 69/269 kB
Progress (2): 106/131 kB | 73/269 kB
Progress (2): 106/131 kB | 77/269 kB
Progress (2): 106/131 kB | 81/269 kB
Progress (2): 106/131 kB | 86/269 kB
Progress (2): 106/131 kB | 90/269 kB
Progress (2): 106/131 kB | 94/269 kB
Progress (2): 106/131 kB | 98/269 kB
Progress (2): 106/131 kB | 99/269 kB
Progress (3): 106/131 kB | 99/269 kB | 7.8/316 kB
Progress (3): 106/131 kB | 99/269 kB | 16/316 kB 
Progress (3): 106/131 kB | 99/269 kB | 32/316 kB
Progress (3): 106/131 kB | 99/269 kB | 49/316 kB
Progress (3): 106/131 kB | 103/269 kB | 49/316 kB
Progress (3): 106/131 kB | 103/269 kB | 65/316 kB
Progress (3): 106/131 kB | 105/269 kB | 65/316 kB
Progress (3): 110/131 kB | 105/269 kB | 65/316 kB
Progress (3): 114/131 kB | 105/269 kB | 65/316 kB
Progress (3): 115/131 kB | 105/269 kB | 65/316 kB
Progress (3): 115/131 kB | 105/269 kB | 81/316 kB
Progress (3): 119/131 kB | 105/269 kB | 81/316 kB
Progress (3): 123/131 kB | 105/269 kB | 81/316 kB
Progress (3): 123/131 kB | 105/269 kB | 98/316 kB
Progress (3): 127/131 kB | 105/269 kB | 98/316 kB
Progress (3): 127/131 kB | 105/269 kB | 114/316 kB
Progress (3): 131/131 kB | 105/269 kB | 114/316 kB
Progress (3): 131/131 kB | 105/269 kB | 131/316 kB
Progress (3): 131 kB | 105/269 kB | 131/316 kB    
Progress (3): 131 kB | 105/269 kB | 147/316 kB
Progress (3): 131 kB | 105/269 kB | 163/316 kB
Progress (3): 131 kB | 105/269 kB | 180/316 kB
Progress (3): 131 kB | 109/269 kB | 180/316 kB
Progress (3): 131 kB | 113/269 kB | 180/316 kB
Progress (3): 131 kB | 113/269 kB | 196/316 kB
Progress (3): 131 kB | 117/269 kB | 196/316 kB
Progress (3): 131 kB | 121/269 kB | 196/316 kB
Progress (3): 131 kB | 125/269 kB | 196/316 kB
Progress (3): 131 kB | 125/269 kB | 213/316 kB
Progress (3): 131 kB | 125/269 kB | 229/316 kB
Progress (3): 131 kB | 129/269 kB | 229/316 kB
Progress (3): 131 kB | 129/269 kB | 245/316 kB
Progress (3): 131 kB | 134/269 kB | 245/316 kB
Progress (3): 131 kB | 135/269 kB | 245/316 kB
Progress (3): 131 kB | 135/269 kB | 262/316 kB
Progress (3): 131 kB | 139/269 kB | 262/316 kB
Progress (3): 131 kB | 139/269 kB | 278/316 kB
Progress (3): 131 kB | 143/269 kB | 278/316 kB
Progress (3): 131 kB | 143/269 kB | 294/316 kB
Progress (3): 131 kB | 151/269 kB | 294/316 kB
Progress (3): 131 kB | 151/269 kB | 311/316 kB
Progress (3): 131 kB | 151/269 kB | 316 kB    
Progress (3): 131 kB | 167/269 kB | 316 kB
Progress (3): 131 kB | 184/269 kB | 316 kB
Progress (3): 131 kB | 200/269 kB | 316 kB
Progress (3): 131 kB | 205/269 kB | 316 kB
Progress (3): 131 kB | 221/269 kB | 316 kB
Progress (3): 131 kB | 223/269 kB | 316 kB
Progress (3): 131 kB | 240/269 kB | 316 kB
Progress (3): 131 kB | 256/269 kB | 316 kB
Progress (3): 131 kB | 269 kB | 316 kB    
                                      
Downloaded from sonatype-releases: https://oss.sonatype.org/content/repositories/releases/org/apache/tomcat/tomcat-catalina-ha/7.0.85/tomcat-catalina-ha-7.0.85.jar (131 kB at 190 kB/s)
Downloading from sonatype-releases: https://oss.sonatype.org/content/repositories/releases/com/google/code/findbugs/jsr305/3.0.1/jsr305-3.0.1.jar
Downloaded from sonatype-releases: https://oss.sonatype.org/content/repositories/releases/org/apache/httpcomponents/httpcore-nio/4.3/httpcore-nio-4.3.jar (316 kB at 455 kB/s)
Downloading from sonatype-releases: https://oss.sonatype.org/content/repositories/releases/com/google/code/findbugs/annotations/3.0.1/annotations-3.0.1.jar
Downloaded from sonatype-releases: https://oss.sonatype.org/content/repositories/releases/org/apache/tomcat/tomcat-tribes/7.0.85/tomcat-tribes-7.0.85.jar (269 kB at 385 kB/s)
Downloading from sonatype-releases: https://oss.sonatype.org/content/repositories/releases/net/jcip/jcip-annotations/1.0/jcip-annotations-1.0.jar
Progress (1): 7.7/587 kB
Progress (1): 16/587 kB 
Progress (2): 16/587 kB | 16/127 kB
Progress (2): 24/587 kB | 16/127 kB
Progress (2): 24/587 kB | 33/127 kB
Progress (2): 41/587 kB | 33/127 kB
Progress (2): 41/587 kB | 49/127 kB
Progress (2): 57/587 kB | 49/127 kB
Progress (2): 57/587 kB | 66/127 kB
Progress (2): 73/587 kB | 66/127 kB
Progress (2): 73/587 kB | 82/127 kB
Progress (2): 90/587 kB | 82/127 kB
Progress (2): 90/587 kB | 98/127 kB
Progress (2): 106/587 kB | 98/127 kB
Progress (2): 106/587 kB | 115/127 kB
Progress (2): 122/587 kB | 115/127 kB
Progress (2): 122/587 kB | 127 kB    
Progress (2): 139/587 kB | 127 kB
Progress (2): 155/587 kB | 127 kB
Progress (2): 172/587 kB | 127 kB
Progress (2): 188/587 kB | 127 kB
Progress (2): 204/587 kB | 127 kB
Progress (2): 221/587 kB | 127 kB
Progress (2): 229/587 kB | 127 kB
Progress (2): 246/587 kB | 127 kB
Progress (2): 262/587 kB | 127 kB
Progress (2): 279/587 kB | 127 kB
Progress (2): 295/587 kB | 127 kB
Progress (2): 311/587 kB | 127 kB
Progress (2): 328/587 kB | 127 kB
Progress (2): 344/587 kB | 127 kB
Progress (2): 360/587 kB | 127 kB
Progress (2): 377/587 kB | 127 kB
Progress (3): 377/587 kB | 127 kB | 7.7/20 kB
Progress (3): 393/587 kB | 127 kB | 7.7/20 kB
Progress (3): 410/587 kB | 127 kB | 7.7/20 kB
Progress (3): 426/587 kB | 127 kB | 7.7/20 kB
Progress (3): 442/587 kB | 127 kB | 7.7/20 kB
Progress (3): 442/587 kB | 127 kB | 8.2/20 kB
Progress (3): 459/587 kB | 127 kB | 8.2/20 kB
Progress (3): 475/587 kB | 127 kB | 8.2/20 kB
Progress (3): 492/587 kB | 127 kB | 8.2/20 kB
Progress (3): 508/587 kB | 127 kB | 8.2/20 kB
Progress (3): 524/587 kB | 127 kB | 8.2/20 kB
Progress (3): 524/587 kB | 127 kB | 20 kB    
Progress (3): 541/587 kB | 127 kB | 20 kB
Progress (3): 557/587 kB | 127 kB | 20 kB
Progress (3): 561/587 kB | 127 kB | 20 kB
Progress (3): 577/587 kB | 127 kB | 20 kB
Progress (3): 587 kB | 127 kB | 20 kB    
                                     
Downloaded from sonatype-releases: https://oss.sonatype.org/content/repositories/releases/org/apache/commons/commons-pool2/2.4.3/commons-pool2-2.4.3.jar (127 kB at 160 kB/s)
Progress (3): 587 kB | 20 kB | 2.3 kB
Progress (4): 587 kB | 20 kB | 2.3 kB | 3.8/39 kB
Progress (4): 587 kB | 20 kB | 2.3 kB | 8.0/39 kB
Progress (4): 587 kB | 20 kB | 2.3 kB | 12/39 kB 
Progress (4): 587 kB | 20 kB | 2.3 kB | 16/39 kB
Progress (4): 587 kB | 20 kB | 2.3 kB | 33/39 kB
Progress (4): 587 kB | 20 kB | 2.3 kB | 39 kB   
                                             
Downloaded from sonatype-releases: https://oss.sonatype.org/content/repositories/releases/com/google/code/findbugs/jsr305/3.0.1/jsr305-3.0.1.jar (20 kB at 25 kB/s)
Downloaded from sonatype-releases: https://oss.sonatype.org/content/repositories/releases/redis/clients/jedis/3.0.0/jedis-3.0.0.jar (587 kB at 722 kB/s)
Downloaded from sonatype-releases: https://oss.sonatype.org/content/repositories/releases/net/jcip/jcip-annotations/1.0/jcip-annotations-1.0.jar (2.3 kB at 2.8 kB/s)
Downloaded from sonatype-releases: https://oss.sonatype.org/content/repositories/releases/com/google/code/findbugs/annotations/3.0.1/annotations-3.0.1.jar (39 kB at 47 kB/s)
[INFO] 
[INFO] --- enforcer:1.4.1:enforce (enforce-maven) @ memcached-session-manager ---
Downloading from central: https://repo1.maven.org/maven2/org/codehaus/plexus/plexus-utils/3.0.22/plexus-utils-3.0.22.pom
Progress (1): 812 B
Progress (1): 2.3 kB
Progress (1): 3.8 kB
                    
Downloaded from central: https://repo1.maven.org/maven2/org/codehaus/plexus/plexus-utils/3.0.22/plexus-utils-3.0.22.pom (3.8 kB at 54 kB/s)
Downloading from central: https://repo1.maven.org/maven2/junit/junit/4.11/junit-4.11.pom
Progress (1): 1.2 kB
Progress (1): 2.3 kB
                    
Downloaded from central: https://repo1.maven.org/maven2/junit/junit/4.11/junit-4.11.pom (2.3 kB at 44 kB/s)
Downloading from central: https://repo1.maven.org/maven2/org/apache/maven/enforcer/enforcer-api/1.4.1/enforcer-api-1.4.1.pom
Progress (1): 859 B
Progress (1): 2.5 kB
Progress (1): 2.8 kB
                    
Downloaded from central: https://repo1.maven.org/maven2/org/apache/maven/enforcer/enforcer-api/1.4.1/enforcer-api-1.4.1.pom (2.8 kB at 33 kB/s)
Downloading from central: https://repo1.maven.org/maven2/org/apache/maven/enforcer/enforcer-rules/1.4.1/enforcer-rules-1.4.1.pom
Progress (1): 859 B
Progress (1): 3.6 kB
Progress (1): 3.7 kB
                    
Downloaded from central: https://repo1.maven.org/maven2/org/apache/maven/enforcer/enforcer-rules/1.4.1/enforcer-rules-1.4.1.pom (3.7 kB at 50 kB/s)
Downloading from central: https://repo1.maven.org/maven2/org/apache/maven/shared/maven-common-artifact-filters/1.4/maven-common-artifact-filters-1.4.pom
Progress (1): 829 B
Progress (1): 2.8 kB
Progress (1): 3.8 kB
                    
Downloaded from central: https://repo1.maven.org/maven2/org/apache/maven/shared/maven-common-artifact-filters/1.4/maven-common-artifact-filters-1.4.pom (3.8 kB at 71 kB/s)
Downloading from central: https://repo1.maven.org/maven2/org/apache/maven/shared/maven-shared-components/17/maven-shared-components-17.pom
Progress (1): 768 B
Progress (1): 3.0 kB
Progress (1): 6.3 kB
Progress (1): 8.5 kB
Progress (1): 8.7 kB
                    
Downloaded from central: https://repo1.maven.org/maven2/org/apache/maven/shared/maven-shared-components/17/maven-shared-components-17.pom (8.7 kB at 134 kB/s)
Downloading from central: https://repo1.maven.org/maven2/org/codehaus/plexus/plexus-container-default/1.5.5/plexus-container-default-1.5.5.pom
Progress (1): 1.7 kB
Progress (1): 2.8 kB
                    
Downloaded from central: https://repo1.maven.org/maven2/org/codehaus/plexus/plexus-container-default/1.5.5/plexus-container-default-1.5.5.pom (2.8 kB at 54 kB/s)
Downloading from central: https://repo1.maven.org/maven2/org/codehaus/plexus/plexus-classworlds/2.2.2/plexus-classworlds-2.2.2.pom
Progress (1): 949 B
Progress (1): 3.0 kB
Progress (1): 4.0 kB
                    
Downloaded from central: https://repo1.maven.org/maven2/org/codehaus/plexus/plexus-classworlds/2.2.2/plexus-classworlds-2.2.2.pom (4.0 kB at 76 kB/s)
Downloading from central: https://repo1.maven.org/maven2/org/codehaus/plexus/plexus/2.0.3/plexus-2.0.3.pom
Progress (1): 714 B
Progress (1): 2.8 kB
Progress (1): 6.4 kB
Progress (1): 8.9 kB
Progress (1): 13 kB 
Progress (1): 15 kB
                   
Downloaded from central: https://repo1.maven.org/maven2/org/codehaus/plexus/plexus/2.0.3/plexus-2.0.3.pom (15 kB at 309 kB/s)
Downloading from central: https://repo1.maven.org/maven2/org/apache/xbean/xbean-reflect/3.4/xbean-reflect-3.4.pom
Progress (1): 881 B
Progress (1): 2.6 kB
Progress (1): 2.8 kB
                    
Downloaded from central: https://repo1.maven.org/maven2/org/apache/xbean/xbean-reflect/3.4/xbean-reflect-3.4.pom (2.8 kB at 55 kB/s)
Downloading from central: https://repo1.maven.org/maven2/org/apache/xbean/xbean/3.4/xbean-3.4.pom
Progress (1): 846 B
Progress (1): 2.1 kB
Progress (1): 5.2 kB
Progress (1): 9.4 kB
Progress (1): 12 kB 
Progress (1): 15 kB
Progress (1): 18 kB
Progress (1): 19 kB
                   
Downloaded from central: https://repo1.maven.org/maven2/org/apache/xbean/xbean/3.4/xbean-3.4.pom (19 kB at 356 kB/s)
Downloading from central: https://repo1.maven.org/maven2/commons-logging/commons-logging-api/1.1/commons-logging-api-1.1.pom
Progress (1): 1.4 kB
Progress (1): 4.3 kB
Progress (1): 5.3 kB
                    
Downloaded from central: https://repo1.maven.org/maven2/commons-logging/commons-logging-api/1.1/commons-logging-api-1.1.pom (5.3 kB at 103 kB/s)
Downloading from central: https://repo1.maven.org/maven2/org/apache/maven/shared/maven-dependency-tree/2.2/maven-dependency-tree-2.2.pom
Progress (1): 784 B
Progress (1): 2.3 kB
Progress (1): 4.9 kB
Progress (1): 7.3 kB
                    
Downloaded from central: https://repo1.maven.org/maven2/org/apache/maven/shared/maven-dependency-tree/2.2/maven-dependency-tree-2.2.pom (7.3 kB at 132 kB/s)
Downloading from central: https://repo1.maven.org/maven2/org/apache/maven/shared/maven-shared-components/20/maven-shared-components-20.pom
Progress (1): 781 B
Progress (1): 2.4 kB
Progress (1): 4.2 kB
Progress (1): 5.1 kB
                    
Downloaded from central: https://repo1.maven.org/maven2/org/apache/maven/shared/maven-shared-components/20/maven-shared-components-20.pom (5.1 kB at 91 kB/s)
Downloading from central: https://repo1.maven.org/maven2/org/apache/maven/maven-parent/24/maven-parent-24.pom
Progress (1): 730 B
Progress (1): 2.0 kB
Progress (1): 5.7 kB
Progress (1): 10 kB 
Progress (1): 14 kB
Progress (1): 18 kB
Progress (1): 22 kB
Progress (1): 24 kB
Progress (1): 27 kB
Progress (1): 30 kB
Progress (1): 33 kB
Progress (1): 37 kB
                   
Downloaded from central: https://repo1.maven.org/maven2/org/apache/maven/maven-parent/24/maven-parent-24.pom (37 kB at 659 kB/s)
Downloading from central: https://repo1.maven.org/maven2/org/apache/apache/14/apache-14.pom
Progress (1): 745 B
Progress (1): 2.1 kB
Progress (1): 3.9 kB
Progress (1): 7.9 kB
Progress (1): 11 kB 
Progress (1): 15 kB
                   
Downloaded from central: https://repo1.maven.org/maven2/org/apache/apache/14/apache-14.pom (15 kB at 277 kB/s)
Downloading from central: https://repo1.maven.org/maven2/org/codehaus/plexus/plexus-i18n/1.0-beta-6/plexus-i18n-1.0-beta-6.pom
Progress (1): 771 B
                   
Downloaded from central: https://repo1.maven.org/maven2/org/codehaus/plexus/plexus-i18n/1.0-beta-6/plexus-i18n-1.0-beta-6.pom (771 B at 15 kB/s)
Downloading from central: https://repo1.maven.org/maven2/org/codehaus/plexus/plexus-components/1.1.4/plexus-components-1.1.4.pom
Progress (1): 1.2 kB
Progress (1): 2.1 kB
                    
Downloaded from central: https://repo1.maven.org/maven2/org/codehaus/plexus/plexus-components/1.1.4/plexus-components-1.1.4.pom (2.1 kB at 36 kB/s)
Downloading from central: https://repo1.maven.org/maven2/org/apache/maven/plugin-testing/maven-plugin-testing-harness/1.3/maven-plugin-testing-harness-1.3.pom
Progress (1): 819 B
Progress (1): 3.3 kB
Progress (1): 3.4 kB
                    
Downloaded from central: https://repo1.maven.org/maven2/org/apache/maven/plugin-testing/maven-plugin-testing-harness/1.3/maven-plugin-testing-harness-1.3.pom (3.4 kB at 42 kB/s)
Downloading from central: https://repo1.maven.org/maven2/org/apache/maven/plugin-testing/maven-plugin-testing/1.3/maven-plugin-testing-1.3.pom
Progress (1): 768 B
Progress (1): 2.4 kB
Progress (1): 6.3 kB
Progress (1): 9.5 kB
                    
Downloaded from central: https://repo1.maven.org/maven2/org/apache/maven/plugin-testing/maven-plugin-testing/1.3/maven-plugin-testing-1.3.pom (9.5 kB at 129 kB/s)
Downloading from central: https://repo1.maven.org/maven2/org/codehaus/plexus/plexus-archiver/2.2/plexus-archiver-2.2.pom
Progress (1): 1.2 kB
Progress (1): 3.2 kB
                    
Downloaded from central: https://repo1.maven.org/maven2/org/codehaus/plexus/plexus-archiver/2.2/plexus-archiver-2.2.pom (3.2 kB at 64 kB/s)
Downloading from central: https://repo1.maven.org/maven2/org/codehaus/plexus/plexus-components/1.1.20/plexus-components-1.1.20.pom
Progress (1): 1.3 kB
Progress (1): 3.0 kB
                    
Downloaded from central: https://repo1.maven.org/maven2/org/codehaus/plexus/plexus-components/1.1.20/plexus-components-1.1.20.pom (3.0 kB at 64 kB/s)
Downloading from central: https://repo1.maven.org/maven2/org/codehaus/plexus/plexus/3.1/plexus-3.1.pom
Progress (1): 705 B
Progress (1): 2.6 kB
Progress (1): 6.1 kB
Progress (1): 8.8 kB
Progress (1): 13 kB 
Progress (1): 17 kB
Progress (1): 19 kB
                   
Downloaded from central: https://repo1.maven.org/maven2/org/codehaus/plexus/plexus/3.1/plexus-3.1.pom (19 kB at 327 kB/s)
Downloading from central: https://repo1.maven.org/maven2/org/codehaus/plexus/plexus-io/2.0.4/plexus-io-2.0.4.pom
Progress (1): 1.4 kB
Progress (1): 1.7 kB
                    
Downloaded from central: https://repo1.maven.org/maven2/org/codehaus/plexus/plexus-io/2.0.4/plexus-io-2.0.4.pom (1.7 kB at 29 kB/s)
Downloading from central: https://repo1.maven.org/maven2/org/codehaus/plexus/plexus-components/1.1.19/plexus-components-1.1.19.pom
Progress (1): 1.3 kB
Progress (1): 2.7 kB
                    
Downloaded from central: https://repo1.maven.org/maven2/org/codehaus/plexus/plexus-components/1.1.19/plexus-components-1.1.19.pom (2.7 kB at 51 kB/s)
Downloading from central: https://repo1.maven.org/maven2/org/apache/maven/maven-core/2.2.1/maven-core-2.2.1.jar
Downloading from central: https://repo1.maven.org/maven2/org/apache/maven/maven-plugin-parameter-documenter/2.2.1/maven-plugin-parameter-documenter-2.2.1.jar
Downloading from central: https://repo1.maven.org/maven2/org/slf4j/slf4j-jdk14/1.5.6/slf4j-jdk14-1.5.6.jar
Downloading from central: https://repo1.maven.org/maven2/org/apache/maven/maven-error-diagnostics/2.2.1/maven-error-diagnostics-2.2.1.jar
Downloading from central: https://repo1.maven.org/maven2/commons-cli/commons-cli/1.2/commons-cli-1.2.jar
Progress (1): 3.4/8.8 kB
Progress (2): 3.4/8.8 kB | 7.7/41 kB
Progress (3): 3.4/8.8 kB | 7.7/41 kB | 8.2/13 kB
Progress (3): 3.4/8.8 kB | 16/41 kB | 8.2/13 kB 
Progress (3): 3.4/8.8 kB | 32/41 kB | 8.2/13 kB
Progress (3): 3.4/8.8 kB | 41 kB | 8.2/13 kB   
Progress (3): 3.4/8.8 kB | 41 kB | 13 kB    
Progress (4): 3.4/8.8 kB | 41 kB | 13 kB | 7.7/22 kB
Progress (4): 3.4/8.8 kB | 41 kB | 13 kB | 16/22 kB 
Progress (4): 3.4/8.8 kB | 41 kB | 13 kB | 22 kB   
Progress (4): 8.8 kB | 41 kB | 13 kB | 22 kB    
Progress (5): 8.8 kB | 41 kB | 13 kB | 22 kB | 7.7/178 kB
Progress (5): 8.8 kB | 41 kB | 13 kB | 22 kB | 16/178 kB 
Progress (5): 8.8 kB | 41 kB | 13 kB | 22 kB | 32/178 kB
Progress (5): 8.8 kB | 41 kB | 13 kB | 22 kB | 49/178 kB
Progress (5): 8.8 kB | 41 kB | 13 kB | 22 kB | 65/178 kB
Progress (5): 8.8 kB | 41 kB | 13 kB | 22 kB | 81/178 kB
Progress (5): 8.8 kB | 41 kB | 13 kB | 22 kB | 98/178 kB
Progress (5): 8.8 kB | 41 kB | 13 kB | 22 kB | 114/178 kB
Progress (5): 8.8 kB | 41 kB | 13 kB | 22 kB | 131/178 kB
Progress (5): 8.8 kB | 41 kB | 13 kB | 22 kB | 147/178 kB
Progress (5): 8.8 kB | 41 kB | 13 kB | 22 kB | 163/178 kB
Progress (5): 8.8 kB | 41 kB | 13 kB | 22 kB | 178 kB    
                                                     
Downloaded from central: https://repo1.maven.org/maven2/commons-cli/commons-cli/1.2/commons-cli-1.2.jar (41 kB at 685 kB/s)
Downloading from central: https://repo1.maven.org/maven2/org/apache/maven/maven-plugin-descriptor/2.2.1/maven-plugin-descriptor-2.2.1.jar
Downloaded from central: https://repo1.maven.org/maven2/org/apache/maven/maven-error-diagnostics/2.2.1/maven-error-diagnostics-2.2.1.jar (13 kB at 207 kB/s)
Downloading from central: https://repo1.maven.org/maven2/org/apache/maven/maven-monitor/2.2.1/maven-monitor-2.2.1.jar
Downloaded from central: https://repo1.maven.org/maven2/org/apache/maven/maven-plugin-parameter-documenter/2.2.1/maven-plugin-parameter-documenter-2.2.1.jar (22 kB at 347 kB/s)
Downloading from central: https://repo1.maven.org/maven2/org/codehaus/plexus/plexus-utils/3.0.22/plexus-utils-3.0.22.jar
Downloaded from central: https://repo1.maven.org/maven2/org/apache/maven/maven-core/2.2.1/maven-core-2.2.1.jar (178 kB at 2.5 MB/s)
Downloading from central: https://repo1.maven.org/maven2/org/apache/maven/enforcer/enforcer-api/1.4.1/enforcer-api-1.4.1.jar
Downloaded from central: https://repo1.maven.org/maven2/org/slf4j/slf4j-jdk14/1.5.6/slf4j-jdk14-1.5.6.jar (8.8 kB at 126 kB/s)
Downloading from central: https://repo1.maven.org/maven2/org/apache/maven/enforcer/enforcer-rules/1.4.1/enforcer-rules-1.4.1.jar
Progress (1): 7.7/39 kB
Progress (1): 16/39 kB 
Progress (1): 32/39 kB
Progress (1): 39 kB   
Progress (2): 39 kB | 7.7/245 kB
Progress (2): 39 kB | 12/245 kB 
Progress (2): 39 kB | 29/245 kB
Progress (2): 39 kB | 45/245 kB
Progress (2): 39 kB | 61/245 kB
Progress (2): 39 kB | 78/245 kB
Progress (2): 39 kB | 94/245 kB
Progress (2): 39 kB | 111/245 kB
Progress (2): 39 kB | 127/245 kB
Progress (2): 39 kB | 143/245 kB
Progress (2): 39 kB | 160/245 kB
Progress (3): 39 kB | 160/245 kB | 7.7/11 kB
Progress (3): 39 kB | 176/245 kB | 7.7/11 kB
Progress (3): 39 kB | 193/245 kB | 7.7/11 kB
Progress (3): 39 kB | 209/245 kB | 7.7/11 kB
Progress (4): 39 kB | 209/245 kB | 7.7/11 kB | 3.4/10 kB
Progress (4): 39 kB | 225/245 kB | 7.7/11 kB | 3.4/10 kB
Progress (4): 39 kB | 242/245 kB | 7.7/11 kB | 3.4/10 kB
Progress (4): 39 kB | 245 kB | 7.7/11 kB | 3.4/10 kB    
Progress (4): 39 kB | 245 kB | 8.2/11 kB | 3.4/10 kB
Progress (4): 39 kB | 245 kB | 11 kB | 3.4/10 kB    
Progress (4): 39 kB | 245 kB | 11 kB | 10 kB    
                                            
Downloaded from central: https://repo1.maven.org/maven2/org/apache/maven/maven-plugin-descriptor/2.2.1/maven-plugin-descriptor-2.2.1.jar (39 kB at 351 kB/s)
Downloading from central: https://repo1.maven.org/maven2/org/apache/maven/shared/maven-common-artifact-filters/1.4/maven-common-artifact-filters-1.4.jar
Downloaded from central: https://repo1.maven.org/maven2/org/codehaus/plexus/plexus-utils/3.0.22/plexus-utils-3.0.22.jar (245 kB at 2.0 MB/s)
Downloading from central: https://repo1.maven.org/maven2/org/apache/maven/shared/maven-dependency-tree/2.2/maven-dependency-tree-2.2.jar
Progress (3): 11 kB | 10 kB | 8.2/99 kB
Progress (3): 11 kB | 10 kB | 25/99 kB 
                                      
Downloaded from central: https://repo1.maven.org/maven2/org/apache/maven/enforcer/enforcer-api/1.4.1/enforcer-api-1.4.1.jar (11 kB at 89 kB/s)
Downloading from central: https://repo1.maven.org/maven2/org/codehaus/plexus/plexus-component-annotations/1.5.5/plexus-component-annotations-1.5.5.jar
Progress (2): 10 kB | 33/99 kB
Progress (2): 10 kB | 49/99 kB
Progress (2): 10 kB | 66/99 kB
                              
Downloaded from central: https://repo1.maven.org/maven2/org/apache/maven/maven-monitor/2.2.1/maven-monitor-2.2.1.jar (10 kB at 82 kB/s)
Downloading from central: https://repo1.maven.org/maven2/org/eclipse/aether/aether-util/0.9.0.M2/aether-util-0.9.0.M2.jar
Progress (1): 82/99 kB
Progress (1): 98/99 kB
Progress (1): 99 kB   
                   
Downloaded from central: https://repo1.maven.org/maven2/org/apache/maven/enforcer/enforcer-rules/1.4.1/enforcer-rules-1.4.1.jar (99 kB at 701 kB/s)
Downloading from central: https://repo1.maven.org/maven2/org/codehaus/plexus/plexus-i18n/1.0-beta-6/plexus-i18n-1.0-beta-6.jar
Progress (1): 7.7/32 kB
Progress (1): 12/32 kB 
Progress (1): 28/32 kB
Progress (1): 32 kB   
Progress (2): 32 kB | 4.2 kB
Progress (3): 32 kB | 4.2 kB | 7.7/64 kB
Progress (3): 32 kB | 4.2 kB | 16/64 kB 
Progress (3): 32 kB | 4.2 kB | 32/64 kB
Progress (3): 32 kB | 4.2 kB | 49/64 kB
Progress (3): 32 kB | 4.2 kB | 64 kB   
Progress (4): 32 kB | 4.2 kB | 64 kB | 7.7/134 kB
Progress (4): 32 kB | 4.2 kB | 64 kB | 16/134 kB 
Progress (4): 32 kB | 4.2 kB | 64 kB | 32/134 kB
Progress (4): 32 kB | 4.2 kB | 64 kB | 49/134 kB
Progress (4): 32 kB | 4.2 kB | 64 kB | 65/134 kB
Progress (4): 32 kB | 4.2 kB | 64 kB | 81/134 kB
Progress (4): 32 kB | 4.2 kB | 64 kB | 98/134 kB
Progress (4): 32 kB | 4.2 kB | 64 kB | 114/134 kB
Progress (4): 32 kB | 4.2 kB | 64 kB | 131/134 kB
Progress (4): 32 kB | 4.2 kB | 64 kB | 134 kB    
                                             
Downloaded from central: https://repo1.maven.org/maven2/org/apache/maven/shared/maven-common-artifact-filters/1.4/maven-common-artifact-filters-1.4.jar (32 kB at 181 kB/s)
Downloading from central: https://repo1.maven.org/maven2/org/apache/maven/plugin-testing/maven-plugin-testing-harness/1.3/maven-plugin-testing-harness-1.3.jar
Downloaded from central: https://repo1.maven.org/maven2/org/apache/maven/shared/maven-dependency-tree/2.2/maven-dependency-tree-2.2.jar (64 kB at 347 kB/s)
Downloading from central: https://repo1.maven.org/maven2/org/codehaus/plexus/plexus-archiver/2.2/plexus-archiver-2.2.jar
Progress (3): 4.2 kB | 134 kB | 7.7/12 kB
Progress (3): 4.2 kB | 134 kB | 12 kB    
                                     
Downloaded from central: https://repo1.maven.org/maven2/org/eclipse/aether/aether-util/0.9.0.M2/aether-util-0.9.0.M2.jar (134 kB at 714 kB/s)
Downloading from central: https://repo1.maven.org/maven2/org/codehaus/plexus/plexus-io/2.0.4/plexus-io-2.0.4.jar
Downloaded from central: https://repo1.maven.org/maven2/org/codehaus/plexus/plexus-component-annotations/1.5.5/plexus-component-annotations-1.5.5.jar (4.2 kB at 23 kB/s)
Downloading from central: https://repo1.maven.org/maven2/junit/junit/4.11/junit-4.11.jar
Downloaded from central: https://repo1.maven.org/maven2/org/codehaus/plexus/plexus-i18n/1.0-beta-6/plexus-i18n-1.0-beta-6.jar (12 kB at 59 kB/s)
Progress (1): 7.7/245 kB
Progress (1): 8.2/245 kB
Progress (1): 25/245 kB 
Progress (1): 41/245 kB
Progress (1): 57/245 kB
Progress (1): 74/245 kB
Progress (1): 90/245 kB
Progress (1): 106/245 kB
Progress (1): 123/245 kB
Progress (1): 131/245 kB
Progress (1): 147/245 kB
Progress (1): 164/245 kB
Progress (1): 180/245 kB
Progress (1): 197/245 kB
Progress (1): 213/245 kB
Progress (1): 229/245 kB
Progress (1): 245 kB    
Progress (2): 245 kB | 7.7/58 kB
Progress (2): 245 kB | 16/58 kB 
Progress (2): 245 kB | 32/58 kB
Progress (3): 245 kB | 32/58 kB | 7.8/35 kB
Progress (3): 245 kB | 48/58 kB | 7.8/35 kB
Progress (3): 245 kB | 58 kB | 7.8/35 kB   
Progress (3): 245 kB | 58 kB | 16/35 kB 
Progress (3): 245 kB | 58 kB | 32/35 kB
Progress (3): 245 kB | 58 kB | 35 kB   
                                    
Downloaded from central: https://repo1.maven.org/maven2/junit/junit/4.11/junit-4.11.jar (245 kB at 988 kB/s)
Progress (3): 58 kB | 35 kB | 7.8/185 kB
Progress (3): 58 kB | 35 kB | 16/185 kB 
Progress (3): 58 kB | 35 kB | 32/185 kB
Progress (3): 58 kB | 35 kB | 49/185 kB
Progress (3): 58 kB | 35 kB | 65/185 kB
Progress (3): 58 kB | 35 kB | 81/185 kB
Progress (3): 58 kB | 35 kB | 98/185 kB
Progress (3): 58 kB | 35 kB | 114/185 kB
Progress (3): 58 kB | 35 kB | 131/185 kB
Progress (3): 58 kB | 35 kB | 147/185 kB
Progress (3): 58 kB | 35 kB | 163/185 kB
Progress (3): 58 kB | 35 kB | 180/185 kB
Progress (3): 58 kB | 35 kB | 185 kB    
                                    
Downloaded from central: https://repo1.maven.org/maven2/org/codehaus/plexus/plexus-io/2.0.4/plexus-io-2.0.4.jar (58 kB at 226 kB/s)
Downloaded from central: https://repo1.maven.org/maven2/org/apache/maven/plugin-testing/maven-plugin-testing-harness/1.3/maven-plugin-testing-harness-1.3.jar (35 kB at 136 kB/s)
Downloaded from central: https://repo1.maven.org/maven2/org/codehaus/plexus/plexus-archiver/2.2/plexus-archiver-2.2.jar (185 kB at 690 kB/s)
[INFO] 
[INFO] --- resources:3.3.1:resources (default-resources) @ memcached-session-manager ---
[INFO] skip non existing resourceDirectory D:\Khedma\Mr wiem\mutation-test-pipeline\target-repos\152812\core\src\main\resources
[INFO] 
[INFO] --- compiler:3.13.0:compile (default-compile) @ memcached-session-manager ---
[INFO] Recompiling the module because of changed dependency.
[INFO] Compiling 46 source files with javac [debug target 1.6] to target\classes
[WARNING] bootstrap class path not set in conjunction with -source 1.6
[INFO] /D:/Khedma/Mr wiem/mutation-test-pipeline/target-repos/152812/core/src/main/java/de/javakaffee/web/msm/NodeAvailabilityCache.java: Some input files use or override a deprecated API.
[INFO] /D:/Khedma/Mr wiem/mutation-test-pipeline/target-repos/152812/core/src/main/java/de/javakaffee/web/msm/NodeAvailabilityCache.java: Recompile with -Xlint:deprecation for details.
[INFO] /D:/Khedma/Mr wiem/mutation-test-pipeline/target-repos/152812/core/src/main/java/de/javakaffee/web/msm/MemcachedBackupSession.java: D:\Khedma\Mr wiem\mutation-test-pipeline\target-repos\152812\core\src\main\java\de\javakaffee\web\msm\MemcachedBackupSession.java uses unchecked or unsafe operations.
[INFO] /D:/Khedma/Mr wiem/mutation-test-pipeline/target-repos/152812/core/src/main/java/de/javakaffee/web/msm/MemcachedBackupSession.java: Recompile with -Xlint:unchecked for details.
[INFO] ------------------------------------------------------------------------
[INFO] BUILD SUCCESS
[INFO] ------------------------------------------------------------------------
[INFO] Total time:  16.562 s
[INFO] Finished at: 2026-02-24T21:24:07-05:00
[INFO] ------------------------------------------------------------------------

STDERR:
