COMMAND: mvn.cmd -s D:\Khedma\Mr wiem\mutation-test-pipeline\.mvn\settings.xml -DskipTests compile

STDOUT:
[INFO] Scanning for projects...
[INFO] 
[INFO] -------------------------< de.linsin:alterego >-------------------------
[INFO] Building alterego 0.1
[INFO]   from pom.xml
[INFO] --------------------------------[ jar ]---------------------------------
Downloading from central: https://repo1.maven.org/maven2/org/mockito/mockito-core/3.12.4/mockito-core-3.12.4.pom
Progress (1): 1.4 kB
Progress (1): 2.5 kB
                    
Downloaded from central: https://repo1.maven.org/maven2/org/mockito/mockito-core/3.12.4/mockito-core-3.12.4.pom (2.5 kB at 4.4 kB/s)
Downloading from central: https://repo1.maven.org/maven2/net/bytebuddy/byte-buddy/1.11.13/byte-buddy-1.11.13.pom
Progress (1): 993 B
Progress (1): 2.9 kB
Progress (1): 6.7 kB
Progress (1): 10 kB 
Progress (1): 12 kB
                   
Downloaded from central: https://repo1.maven.org/maven2/net/bytebuddy/byte-buddy/1.11.13/byte-buddy-1.11.13.pom (12 kB at 172 kB/s)
Downloading from central: https://repo1.maven.org/maven2/net/bytebuddy/byte-buddy-parent/1.11.13/byte-buddy-parent-1.11.13.pom
Progress (1): 851 B
Progress (1): 1.8 kB
Progress (1): 3.4 kB
Progress (1): 5.9 kB
Progress (1): 6.9 kB
Progress (1): 9.5 kB
Progress (1): 12 kB 
Progress (1): 15 kB
Progress (1): 19 kB
Progress (1): 28 kB
Progress (1): 36 kB
Progress (1): 40 kB
Progress (1): 43 kB
                   
Downloaded from central: https://repo1.maven.org/maven2/net/bytebuddy/byte-buddy-parent/1.11.13/byte-buddy-parent-1.11.13.pom (43 kB at 467 kB/s)
Downloading from central: https://repo1.maven.org/maven2/net/bytebuddy/byte-buddy-agent/1.11.13/byte-buddy-agent-1.11.13.pom
Progress (1): 1.1 kB
Progress (1): 3.0 kB
Progress (1): 5.3 kB
Progress (1): 9.7 kB
Progress (1): 11 kB 
                   
Downloaded from central: https://repo1.maven.org/maven2/net/bytebuddy/byte-buddy-agent/1.11.13/byte-buddy-agent-1.11.13.pom (11 kB at 232 kB/s)
Downloading from central: https://repo1.maven.org/maven2/org/objenesis/objenesis/3.2/objenesis-3.2.pom
Progress (1): 795 B
Progress (1): 1.9 kB
Progress (1): 3.0 kB
                    
Downloaded from central: https://repo1.maven.org/maven2/org/objenesis/objenesis/3.2/objenesis-3.2.pom (3.0 kB at 37 kB/s)
Downloading from central: https://repo1.maven.org/maven2/org/objenesis/objenesis-parent/3.2/objenesis-parent-3.2.pom
Progress (1): 741 B
Progress (1): 1.7 kB
Progress (1): 3.9 kB
Progress (1): 5.9 kB
Progress (1): 8.7 kB
Progress (1): 12 kB 
Progress (1): 15 kB
Progress (1): 18 kB
                   
Downloaded from central: https://repo1.maven.org/maven2/org/objenesis/objenesis-parent/3.2/objenesis-parent-3.2.pom (18 kB at 388 kB/s)
[INFO] 
[INFO] --- resources:3.3.1:resources (default-resources) @ alterego ---
[WARNING] Using platform encoding (Cp1252 actually) to copy filtered resources, i.e. build is platform dependent!
[INFO] skip non existing resourceDirectory D:\Khedma\Mr wiem\mutation-test-pipeline\target-repos\168535\alterego\src\main\resources
[INFO] 
[INFO] --- compiler:2.0.2:compile (default-compile) @ alterego ---
[INFO] Nothing to compile - all classes are up to date
[INFO] ------------------------------------------------------------------------
[INFO] BUILD SUCCESS
[INFO] ------------------------------------------------------------------------
[INFO] Total time:  1.603 s
[INFO] Finished at: 2026-02-25T14:07:12-05:00
[INFO] ------------------------------------------------------------------------

STDERR:
