COMMAND: mvn.cmd -s D:\Khedma\Mr wiem\mutation-test-pipeline\.mvn\settings.xml -DskipTests compile

STDOUT:
[INFO] Scanning for projects...
[WARNING] 
[WARNING] Some problems were encountered while building the effective model for com.tddinaction:sourcecode:jar:0.1-SNAPSHOT
[WARNING] 'dependencies.dependency.(groupId:artifactId:type:classifier)' must be unique: javax.annotation:jsr250-api:jar -> duplicate declaration of version 1.0 @ line 167, column 15
[WARNING] 'build.plugins.plugin.version' for org.apache.maven.plugins:maven-compiler-plugin is missing. @ line 309, column 12
[WARNING] 'repositories.repository.layout' for maven1-repository.dev.java.net uses the unsupported value 'legacy', artifact resolution might fail. @ line 29, column 12
[WARNING] 
[WARNING] It is highly recommended to fix these problems because they threaten the stability of your build.
[WARNING] 
[WARNING] For this reason, future Maven versions might no longer support building such malformed projects.
[WARNING] 
[INFO] 
[INFO] ---------------------< com.tddinaction:sourcecode >---------------------
[INFO] Building TestDrivenSourceCode 0.1-SNAPSHOT
[INFO]   from pom.xml
[INFO] --------------------------------[ jar ]---------------------------------
Downloading from central: https://repo1.maven.org/maven2/junit/junit/4.3.1/junit-4.3.1.pom
Progress (1): 998 B
                   
Downloaded from central: https://repo1.maven.org/maven2/junit/junit/4.3.1/junit-4.3.1.pom (998 B at 1.9 kB/s)
Downloading from central: https://repo1.maven.org/maven2/org/apache/wicket/wicket/1.3.0-beta3/wicket-1.3.0-beta3.pom
Progress (1): 816 B
Progress (1): 1.7 kB
Progress (1): 2.3 kB
                    
Downloaded from central: https://repo1.maven.org/maven2/org/apache/wicket/wicket/1.3.0-beta3/wicket-1.3.0-beta3.pom (2.3 kB at 26 kB/s)
Downloading from central: https://repo1.maven.org/maven2/org/apache/wicket/wicket-jdk14/1.3.0-beta3/wicket-jdk14-1.3.0-beta3.pom
Progress (1): 837 B
Progress (1): 2.3 kB
Progress (1): 3.0 kB
                    
Downloaded from central: https://repo1.maven.org/maven2/org/apache/wicket/wicket-jdk14/1.3.0-beta3/wicket-jdk14-1.3.0-beta3.pom (3.0 kB at 11 kB/s)
Downloading from central: https://repo1.maven.org/maven2/org/apache/wicket/wicket-parent/1.3.0-beta3/wicket-parent-1.3.0-beta3.pom
Progress (1): 753 B
Progress (1): 2.0 kB
Progress (1): 4.7 kB
Progress (1): 8.7 kB
Progress (1): 12 kB 
Progress (1): 15 kB
Progress (1): 19 kB
Progress (1): 20 kB
                   
Downloaded from central: https://repo1.maven.org/maven2/org/apache/wicket/wicket-parent/1.3.0-beta3/wicket-parent-1.3.0-beta3.pom (20 kB at 114 kB/s)
Downloading from central: https://repo1.maven.org/maven2/org/slf4j/slf4j-api/1.4.2/slf4j-api-1.4.2.pom
Progress (1): 1.5 kB
Progress (1): 2.3 kB
                    
Downloaded from central: https://repo1.maven.org/maven2/org/slf4j/slf4j-api/1.4.2/slf4j-api-1.4.2.pom (2.3 kB at 42 kB/s)
Downloading from central: https://repo1.maven.org/maven2/org/slf4j/slf4j-parent/1.4.2/slf4j-parent-1.4.2.pom
Progress (1): 1.2 kB
Progress (1): 2.9 kB
Progress (1): 5.7 kB
Progress (1): 7.1 kB
                    
Downloaded from central: https://repo1.maven.org/maven2/org/slf4j/slf4j-parent/1.4.2/slf4j-parent-1.4.2.pom (7.1 kB at 148 kB/s)
Downloading from central: https://repo1.maven.org/maven2/org/apache/wicket/wicket-spring-annot/1.3.0-beta3/wicket-spring-annot-1.3.0-beta3.pom
Progress (1): 848 B
Progress (1): 1.7 kB
                    
Downloaded from central: https://repo1.maven.org/maven2/org/apache/wicket/wicket-spring-annot/1.3.0-beta3/wicket-spring-annot-1.3.0-beta3.pom (1.7 kB at 12 kB/s)
Downloading from central: https://repo1.maven.org/maven2/org/apache/wicket/wicket-jdk15/1.3.0-beta3/wicket-jdk15-1.3.0-beta3.pom
Progress (1): 837 B
Progress (1): 1.9 kB
Progress (1): 2.5 kB
                    
Downloaded from central: https://repo1.maven.org/maven2/org/apache/wicket/wicket-jdk15/1.3.0-beta3/wicket-jdk15-1.3.0-beta3.pom (2.5 kB at 23 kB/s)
Downloading from central: https://repo1.maven.org/maven2/org/apache/wicket/wicket-spring/1.3.0-beta3/wicket-spring-1.3.0-beta3.pom
Progress (1): 842 B
Progress (1): 2.3 kB
                    
Downloaded from central: https://repo1.maven.org/maven2/org/apache/wicket/wicket-spring/1.3.0-beta3/wicket-spring-1.3.0-beta3.pom (2.3 kB at 14 kB/s)
Downloading from central: https://repo1.maven.org/maven2/org/apache/wicket/wicket-ioc/1.3.0-beta3/wicket-ioc-1.3.0-beta3.pom
Progress (1): 845 B
Progress (1): 1.9 kB
                    
Downloaded from central: https://repo1.maven.org/maven2/org/apache/wicket/wicket-ioc/1.3.0-beta3/wicket-ioc-1.3.0-beta3.pom (1.9 kB at 7.7 kB/s)
Downloading from central: https://repo1.maven.org/maven2/asm/asm/1.5.3/asm-1.5.3.pom
Progress (1): 809 B
                   
Downloaded from central: https://repo1.maven.org/maven2/asm/asm/1.5.3/asm-1.5.3.pom (809 B at 18 kB/s)
Downloading from central: https://repo1.maven.org/maven2/org/springframework/spring/2.0/spring-2.0.pom
Progress (1): 1.2 kB
Progress (1): 5.1 kB
Progress (1): 12 kB 
Progress (1): 13 kB
                   
Downloaded from central: https://repo1.maven.org/maven2/org/springframework/spring/2.0/spring-2.0.pom (13 kB at 201 kB/s)
Downloading from central: https://repo1.maven.org/maven2/org/easymock/easymock/2.3/easymock-2.3.pom
Progress (1): 1.2 kB
Progress (1): 2.5 kB
                    
Downloaded from central: https://repo1.maven.org/maven2/org/easymock/easymock/2.3/easymock-2.3.pom (2.5 kB at 36 kB/s)
Downloading from central: https://repo1.maven.org/maven2/org/easymock/easymockclassextension/2.2/easymockclassextension-2.2.pom
Progress (1): 956 B
                   
Downloaded from central: https://repo1.maven.org/maven2/org/easymock/easymockclassextension/2.2/easymockclassextension-2.2.pom (956 B at 14 kB/s)
Downloading from central: https://repo1.maven.org/maven2/org/easymock/easymock/2.2/easymock-2.2.pom
Progress (1): 670 B
                   
Downloaded from central: https://repo1.maven.org/maven2/org/easymock/easymock/2.2/easymock-2.2.pom (670 B at 13 kB/s)
Downloading from central: https://repo1.maven.org/maven2/org/slf4j/slf4j-simple/1.4.2/slf4j-simple-1.4.2.pom
Progress (1): 1.2 kB
                    
Downloaded from central: https://repo1.maven.org/maven2/org/slf4j/slf4j-simple/1.4.2/slf4j-simple-1.4.2.pom (1.2 kB at 9.3 kB/s)
Downloading from central: https://repo1.maven.org/maven2/commons-dbcp/commons-dbcp/1.2.2/commons-dbcp-1.2.2.pom
Progress (1): 1.5 kB
Progress (1): 3.5 kB
Progress (1): 6.6 kB
Progress (1): 9.3 kB
                    
Downloaded from central: https://repo1.maven.org/maven2/commons-dbcp/commons-dbcp/1.2.2/commons-dbcp-1.2.2.pom (9.3 kB at 153 kB/s)
Downloading from central: https://repo1.maven.org/maven2/commons-pool/commons-pool/1.3/commons-pool-1.3.pom
Progress (1): 1.5 kB
Progress (1): 3.5 kB
Progress (1): 5.9 kB
                    
Downloaded from central: https://repo1.maven.org/maven2/commons-pool/commons-pool/1.3/commons-pool-1.3.pom (5.9 kB at 110 kB/s)
Downloading from central: https://repo1.maven.org/maven2/org/hibernate/hibernate/3.2.4.sp1/hibernate-3.2.4.sp1.pom
Progress (1): 1.1 kB
Progress (1): 3.8 kB
Progress (1): 3.9 kB
                    
Downloaded from central: https://repo1.maven.org/maven2/org/hibernate/hibernate/3.2.4.sp1/hibernate-3.2.4.sp1.pom (3.9 kB at 80 kB/s)
Downloading from central: https://repo1.maven.org/maven2/net/sf/ehcache/ehcache/1.2.3/ehcache-1.2.3.pom
Progress (1): 848 B
Progress (1): 1.9 kB
Progress (1): 5.2 kB
Progress (1): 8.9 kB
Progress (1): 11 kB 
Progress (1): 16 kB
Progress (1): 18 kB
Progress (1): 19 kB
Progress (1): 20 kB
                   
Downloaded from central: https://repo1.maven.org/maven2/net/sf/ehcache/ehcache/1.2.3/ehcache-1.2.3.pom (20 kB at 356 kB/s)
Downloading from central: https://repo1.maven.org/maven2/asm/asm-attrs/1.5.3/asm-attrs-1.5.3.pom
Progress (1): 821 B
                   
Downloaded from central: https://repo1.maven.org/maven2/asm/asm-attrs/1.5.3/asm-attrs-1.5.3.pom (821 B at 21 kB/s)
Downloading from central: https://repo1.maven.org/maven2/dom4j/dom4j/1.6.1/dom4j-1.6.1.pom
Progress (1): 1.9 kB
Progress (1): 4.4 kB
Progress (1): 6.8 kB
                    
Downloaded from central: https://repo1.maven.org/maven2/dom4j/dom4j/1.6.1/dom4j-1.6.1.pom (6.8 kB at 150 kB/s)
Downloading from central: https://repo1.maven.org/maven2/antlr/antlr/2.7.6/antlr-2.7.6.pom
Progress (1): 230 B
                   
Downloaded from central: https://repo1.maven.org/maven2/antlr/antlr/2.7.6/antlr-2.7.6.pom (230 B at 6.4 kB/s)
Downloading from central: https://repo1.maven.org/maven2/cglib/cglib/2.1_3/cglib-2.1_3.pom
Progress (1): 373 B
                   
Downloaded from central: https://repo1.maven.org/maven2/cglib/cglib/2.1_3/cglib-2.1_3.pom (373 B at 11 kB/s)
Downloading from central: https://repo1.maven.org/maven2/commons-collections/commons-collections/2.1.1/commons-collections-2.1.1.pom
Progress (1): 172 B
                   
Downloaded from central: https://repo1.maven.org/maven2/commons-collections/commons-collections/2.1.1/commons-collections-2.1.1.pom (172 B at 3.9 kB/s)
Downloading from central: https://repo1.maven.org/maven2/geronimo-spec/geronimo-spec-jta/1.0.1B-rc4/geronimo-spec-jta-1.0.1B-rc4.pom
Progress (1): 169 B
                   
Downloaded from central: https://repo1.maven.org/maven2/geronimo-spec/geronimo-spec-jta/1.0.1B-rc4/geronimo-spec-jta-1.0.1B-rc4.pom (169 B at 2.8 kB/s)
Downloading from central: https://repo1.maven.org/maven2/org/hibernate/hibernate-entitymanager/3.2.1.ga/hibernate-entitymanager-3.2.1.ga.pom
Progress (1): 1.1 kB
Progress (1): 1.4 kB
                    
Downloaded from central: https://repo1.maven.org/maven2/org/hibernate/hibernate-entitymanager/3.2.1.ga/hibernate-entitymanager-3.2.1.ga.pom (1.4 kB at 20 kB/s)
Downloading from central: https://repo1.maven.org/maven2/org/hibernate/hibernate-annotations/3.2.1.ga/hibernate-annotations-3.2.1.ga.pom
Progress (1): 1.2 kB
                    
Downloaded from central: https://repo1.maven.org/maven2/org/hibernate/hibernate-annotations/3.2.1.ga/hibernate-annotations-3.2.1.ga.pom (1.2 kB at 20 kB/s)
Downloading from central: https://repo1.maven.org/maven2/org/hibernate/hibernate/3.2.1.ga/hibernate-3.2.1.ga.pom
Progress (1): 1.1 kB
Progress (1): 3.8 kB
                    
Downloaded from central: https://repo1.maven.org/maven2/org/hibernate/hibernate/3.2.1.ga/hibernate-3.2.1.ga.pom (3.8 kB at 27 kB/s)
Downloading from central: https://repo1.maven.org/maven2/javax/transaction/jta/1.0.1B/jta-1.0.1B.pom
Progress (1): 515 B
                   
Downloaded from central: https://repo1.maven.org/maven2/javax/transaction/jta/1.0.1B/jta-1.0.1B.pom (515 B at 12 kB/s)
Downloading from central: https://repo1.maven.org/maven2/javax/persistence/persistence-api/1.0/persistence-api-1.0.pom
Progress (1): 1.0 kB
Progress (1): 1.3 kB
                    
Downloaded from central: https://repo1.maven.org/maven2/javax/persistence/persistence-api/1.0/persistence-api-1.0.pom (1.3 kB at 25 kB/s)
Downloading from central: https://repo1.maven.org/maven2/jboss/javassist/3.3.ga/javassist-3.3.ga.pom
Progress (1): 542 B
                   
Downloaded from central: https://repo1.maven.org/maven2/jboss/javassist/3.3.ga/javassist-3.3.ga.pom (542 B at 12 kB/s)
Downloading from central: https://repo1.maven.org/maven2/javassist/javassist/3.3.GA/javassist-3.3.GA.pom
Progress (1): 962 B
Progress (1): 1.1 kB
                    
Downloaded from central: https://repo1.maven.org/maven2/javassist/javassist/3.3.GA/javassist-3.3.GA.pom (1.1 kB at 22 kB/s)
Downloading from central: https://repo1.maven.org/maven2/jboss/jboss-archive-browsing/5.0.0alpha-200607201-119/jboss-archive-browsing-5.0.0alpha-200607201-119.pom
Progress (1): 812 B
                   
Downloaded from central: https://repo1.maven.org/maven2/jboss/jboss-archive-browsing/5.0.0alpha-200607201-119/jboss-archive-browsing-5.0.0alpha-200607201-119.pom (812 B at 17 kB/s)
Downloading from central: https://repo1.maven.org/maven2/javax/ejb/ejb-api/3.0/ejb-api-3.0.pom
Progress (1): 149 B
                   
Downloaded from central: https://repo1.maven.org/maven2/javax/ejb/ejb-api/3.0/ejb-api-3.0.pom (149 B at 2.4 kB/s)
Downloading from central: https://repo1.maven.org/maven2/org/hibernate/hibernate-commons-annotations/3.3.0.ga/hibernate-commons-annotations-3.3.0.ga.pom
Progress (1): 1.1 kB
                    
Downloaded from central: https://repo1.maven.org/maven2/org/hibernate/hibernate-commons-annotations/3.3.0.ga/hibernate-commons-annotations-3.3.0.ga.pom (1.1 kB at 16 kB/s)
Downloading from central: https://repo1.maven.org/maven2/org/mockejb/mockejb/0.6-beta2/mockejb-0.6-beta2.pom
Progress (1): 1.2 kB
                    
Downloaded from central: https://repo1.maven.org/maven2/org/mockejb/mockejb/0.6-beta2/mockejb-0.6-beta2.pom (1.2 kB at 25 kB/s)
Downloading from central: https://repo1.maven.org/maven2/mockobjects/mockobjects-core/0.09/mockobjects-core-0.09.pom
Progress (1): 160 B
                   
Downloaded from central: https://repo1.maven.org/maven2/mockobjects/mockobjects-core/0.09/mockobjects-core-0.09.pom (160 B at 2.5 kB/s)
Downloading from central: https://repo1.maven.org/maven2/mockobjects/mockobjects-jdk1.4-j2ee1.3/0.09/mockobjects-jdk1.4-j2ee1.3-0.09.pom
Progress (1): 170 B
                   
Downloaded from central: https://repo1.maven.org/maven2/mockobjects/mockobjects-jdk1.4-j2ee1.3/0.09/mockobjects-jdk1.4-j2ee1.3-0.09.pom (170 B at 3.0 kB/s)
Downloading from central: https://repo1.maven.org/maven2/mockobjects/mockobjects-jdk1.4/0.09/mockobjects-jdk1.4-0.09.pom
Progress (1): 162 B
                   
Downloaded from central: https://repo1.maven.org/maven2/mockobjects/mockobjects-jdk1.4/0.09/mockobjects-jdk1.4-0.09.pom (162 B at 2.3 kB/s)
Downloading from central: https://repo1.maven.org/maven2/org/springframework/spring-mock/2.0.6/spring-mock-2.0.6.pom
Progress (1): 1.3 kB
Progress (1): 4.2 kB
                    
Downloaded from central: https://repo1.maven.org/maven2/org/springframework/spring-mock/2.0.6/spring-mock-2.0.6.pom (4.2 kB at 67 kB/s)
Downloading from central: https://repo1.maven.org/maven2/org/apache/activemq/activemq-core/4.1.1/activemq-core-4.1.1.pom
Progress (1): 765 B
Progress (1): 3.2 kB
Progress (1): 6.1 kB
Progress (1): 8.7 kB
Progress (1): 11 kB 
Progress (1): 14 kB
Progress (1): 15 kB
                   
Downloaded from central: https://repo1.maven.org/maven2/org/apache/activemq/activemq-core/4.1.1/activemq-core-4.1.1.pom (15 kB at 43 kB/s)
Downloading from central: https://repo1.maven.org/maven2/org/apache/activemq/activemq-parent/4.1.1/activemq-parent-4.1.1.pom
Progress (1): 770 B
Progress (1): 2.3 kB
Progress (1): 5.3 kB
Progress (1): 11 kB 
Progress (1): 13 kB
Progress (1): 17 kB
Progress (1): 24 kB
Progress (1): 28 kB
Progress (1): 31 kB
Progress (1): 32 kB
                   
Downloaded from central: https://repo1.maven.org/maven2/org/apache/activemq/activemq-parent/4.1.1/activemq-parent-4.1.1.pom (32 kB at 112 kB/s)
Downloading from central: https://repo1.maven.org/maven2/backport-util-concurrent/backport-util-concurrent/2.1/backport-util-concurrent-2.1.pom
Progress (1): 909 B
                   
Downloaded from central: https://repo1.maven.org/maven2/backport-util-concurrent/backport-util-concurrent/2.1/backport-util-concurrent-2.1.pom (909 B at 13 kB/s)
Downloading from central: https://repo1.maven.org/maven2/org/apache/activemq/activeio-core/3.0.0-incubator/activeio-core-3.0.0-incubator.pom
Downloading from central: https://repo1.maven.org/maven2/org/apache/geronimo/specs/geronimo-jms_1.1_spec/1.0/geronimo-jms_1.1_spec-1.0.pom
Progress (1): 178 B
                   
Downloaded from central: https://repo1.maven.org/maven2/org/apache/geronimo/specs/geronimo-jms_1.1_spec/1.0/geronimo-jms_1.1_spec-1.0.pom (178 B at 3.4 kB/s)
Downloading from central: https://repo1.maven.org/maven2/org/apache/geronimo/specs/geronimo-j2ee-management_1.0_spec/1.0/geronimo-j2ee-management_1.0_spec-1.0.pom
Progress (1): 190 B
                   
Downloaded from central: https://repo1.maven.org/maven2/org/apache/geronimo/specs/geronimo-j2ee-management_1.0_spec/1.0/geronimo-j2ee-management_1.0_spec-1.0.pom (190 B at 2.6 kB/s)
Downloading from central: https://repo1.maven.org/maven2/org/netbeans/jemmy/2.2.7.5/jemmy-2.2.7.5.pom
Progress (1): 842 B
                   
Downloaded from central: https://repo1.maven.org/maven2/org/netbeans/jemmy/2.2.7.5/jemmy-2.2.7.5.pom (842 B at 12 kB/s)
Downloading from central: https://repo1.maven.org/maven2/abbot/abbot/0.12.3/abbot-0.12.3.pom
Progress (1): 166 B
                   
Downloaded from central: https://repo1.maven.org/maven2/abbot/abbot/0.12.3/abbot-0.12.3.pom (166 B at 2.6 kB/s)
Downloading from central: https://repo1.maven.org/maven2/gnu-regexp/gnu-regexp/1.1.4/gnu-regexp-1.1.4.pom
Progress (1): 154 B
                   
Downloaded from central: https://repo1.maven.org/maven2/gnu-regexp/gnu-regexp/1.1.4/gnu-regexp-1.1.4.pom (154 B at 1.2 kB/s)
Downloading from central: https://repo1.maven.org/maven2/org/dbunit/dbunit/2.2/dbunit-2.2.pom
Progress (1): 937 B
Progress (1): 2.9 kB
Progress (1): 5.0 kB
Progress (1): 7.1 kB
Progress (1): 9.1 kB
Progress (1): 11 kB 
Progress (1): 14 kB
Progress (1): 14 kB
                   
Downloaded from central: https://repo1.maven.org/maven2/org/dbunit/dbunit/2.2/dbunit-2.2.pom (14 kB at 182 kB/s)
Downloading from central: https://repo1.maven.org/maven2/junit-addons/junit-addons/1.4/junit-addons-1.4.pom
Progress (1): 626 B
                   
Downloaded from central: https://repo1.maven.org/maven2/junit-addons/junit-addons/1.4/junit-addons-1.4.pom (626 B at 8.8 kB/s)
Downloading from central: https://repo1.maven.org/maven2/xerces/xercesImpl/2.6.2/xercesImpl-2.6.2.pom
Progress (1): 150 B
                   
Downloaded from central: https://repo1.maven.org/maven2/xerces/xercesImpl/2.6.2/xercesImpl-2.6.2.pom (150 B at 2.9 kB/s)
Downloading from central: https://repo1.maven.org/maven2/xerces/xmlParserAPIs/2.6.2/xmlParserAPIs-2.6.2.pom
Progress (1): 153 B
                   
Downloaded from central: https://repo1.maven.org/maven2/xerces/xmlParserAPIs/2.6.2/xmlParserAPIs-2.6.2.pom (153 B at 4.4 kB/s)
Downloading from central: https://repo1.maven.org/maven2/poi/poi/2.5.1-final-20040804/poi-2.5.1-final-20040804.pom
Progress (1): 191 B
                   
Downloaded from central: https://repo1.maven.org/maven2/poi/poi/2.5.1-final-20040804/poi-2.5.1-final-20040804.pom (191 B at 3.7 kB/s)
Downloading from central: https://repo1.maven.org/maven2/net/sourceforge/jwebunit/jwebunit-htmlunit-plugin/1.4.1/jwebunit-htmlunit-plugin-1.4.1.pom
Progress (1): 1.8 kB
Progress (1): 3.4 kB
                    
Downloaded from central: https://repo1.maven.org/maven2/net/sourceforge/jwebunit/jwebunit-htmlunit-plugin/1.4.1/jwebunit-htmlunit-plugin-1.4.1.pom (3.4 kB at 42 kB/s)
Downloading from central: https://repo1.maven.org/maven2/net/sourceforge/jwebunit/jwebunit/1.4.1/jwebunit-1.4.1.pom
Progress (1): 952 B
Progress (1): 3.8 kB
Progress (1): 6.6 kB
Progress (1): 9.5 kB
Progress (1): 14 kB 
Progress (1): 17 kB
                   
Downloaded from central: https://repo1.maven.org/maven2/net/sourceforge/jwebunit/jwebunit/1.4.1/jwebunit-1.4.1.pom (17 kB at 193 kB/s)
Downloading from central: https://repo1.maven.org/maven2/htmlunit/htmlunit/1.11/htmlunit-1.11.pom
Progress (1): 1.5 kB
Progress (1): 4.2 kB
Progress (1): 6.9 kB
Progress (1): 8.8 kB
                    
Downloaded from central: https://repo1.maven.org/maven2/htmlunit/htmlunit/1.11/htmlunit-1.11.pom (8.8 kB at 129 kB/s)
Downloading from central: https://repo1.maven.org/maven2/jaxen/jaxen/1.1/jaxen-1.1.pom
Progress (1): 1.6 kB
Progress (1): 3.9 kB
Progress (1): 6.3 kB
Progress (1): 7.3 kB
                    
Downloaded from central: https://repo1.maven.org/maven2/jaxen/jaxen/1.1/jaxen-1.1.pom (7.3 kB at 97 kB/s)
Downloading from central: https://repo1.maven.org/maven2/jdom/jdom/1.0/jdom-1.0.pom
Progress (1): 1.2 kB
                    
Downloaded from central: https://repo1.maven.org/maven2/jdom/jdom/1.0/jdom-1.0.pom (1.2 kB at 23 kB/s)
Downloading from central: https://repo1.maven.org/maven2/xml-apis/xml-apis/1.3.02/xml-apis-1.3.02.pom
Progress (1): 357 B
                   
Downloaded from central: https://repo1.maven.org/maven2/xml-apis/xml-apis/1.3.02/xml-apis-1.3.02.pom (357 B at 9.9 kB/s)
Downloading from central: https://repo1.maven.org/maven2/xom/xom/1.0/xom-1.0.pom
Progress (1): 1.4 kB
Progress (1): 1.6 kB
                    
Downloaded from central: https://repo1.maven.org/maven2/xom/xom/1.0/xom-1.0.pom (1.6 kB at 33 kB/s)
Downloading from central: https://repo1.maven.org/maven2/xalan/xalan/2.6.0/xalan-2.6.0.pom
Progress (1): 491 B
                   
Downloaded from central: https://repo1.maven.org/maven2/xalan/xalan/2.6.0/xalan-2.6.0.pom (491 B at 13 kB/s)
Downloading from central: https://repo1.maven.org/maven2/com/ibm/icu/icu4j/2.6.1/icu4j-2.6.1.pom
Progress (1): 150 B
                   
Downloaded from central: https://repo1.maven.org/maven2/com/ibm/icu/icu4j/2.6.1/icu4j-2.6.1.pom (150 B at 4.3 kB/s)
Downloading from central: https://repo1.maven.org/maven2/commons-httpclient/commons-httpclient/3.0.1/commons-httpclient-3.0.1.pom
Progress (1): 878 B
Progress (1): 2.8 kB
Progress (1): 6.0 kB
Progress (1): 8.1 kB
                    
Downloaded from central: https://repo1.maven.org/maven2/commons-httpclient/commons-httpclient/3.0.1/commons-httpclient-3.0.1.pom (8.1 kB at 153 kB/s)
Downloading from central: https://repo1.maven.org/maven2/rhino/js/1.6R5/js-1.6R5.pom
Progress (1): 786 B
                   
Downloaded from central: https://repo1.maven.org/maven2/rhino/js/1.6R5/js-1.6R5.pom (786 B at 11 kB/s)
Downloading from central: https://repo1.maven.org/maven2/nekohtml/nekohtml/0.9.5/nekohtml-0.9.5.pom
Progress (1): 346 B
                   
Downloaded from central: https://repo1.maven.org/maven2/nekohtml/nekohtml/0.9.5/nekohtml-0.9.5.pom (346 B at 10 kB/s)
Downloading from central: https://repo1.maven.org/maven2/xerces/xerces/2.4.0/xerces-2.4.0.pom
Progress (1): 311 B
                   
Downloaded from central: https://repo1.maven.org/maven2/xerces/xerces/2.4.0/xerces-2.4.0.pom (311 B at 9.1 kB/s)
Downloading from central: https://repo1.maven.org/maven2/xerces/xercesImpl/2.4.0/xercesImpl-2.4.0.pom
Progress (1): 150 B
                   
Downloaded from central: https://repo1.maven.org/maven2/xerces/xercesImpl/2.4.0/xercesImpl-2.4.0.pom (150 B at 4.1 kB/s)
Downloading from central: https://repo1.maven.org/maven2/commons-io/commons-io/1.3/commons-io-1.3.pom
Progress (1): 1.5 kB
Progress (1): 4.9 kB
Progress (1): 6.8 kB
Progress (1): 6.8 kB
                    
Downloaded from central: https://repo1.maven.org/maven2/commons-io/commons-io/1.3/commons-io-1.3.pom (6.8 kB at 88 kB/s)
Downloading from central: https://repo1.maven.org/maven2/net/sourceforge/jwebunit/jwebunit-core/1.4.1/jwebunit-core-1.4.1.pom
Progress (1): 1.2 kB
Progress (1): 2.3 kB
                    
Downloaded from central: https://repo1.maven.org/maven2/net/sourceforge/jwebunit/jwebunit-core/1.4.1/jwebunit-core-1.4.1.pom (2.3 kB at 9.2 kB/s)
Downloading from central: https://repo1.maven.org/maven2/regexp/regexp/1.3/regexp-1.3.pom
Progress (1): 145 B
                   
Downloaded from central: https://repo1.maven.org/maven2/regexp/regexp/1.3/regexp-1.3.pom (145 B at 4.3 kB/s)
Downloading from central: https://repo1.maven.org/maven2/javax/servlet/servlet-api/2.4/servlet-api-2.4.pom
Progress (1): 156 B
                   
Downloaded from central: https://repo1.maven.org/maven2/javax/servlet/servlet-api/2.4/servlet-api-2.4.pom (156 B at 4.6 kB/s)
Downloading from central: https://repo1.maven.org/maven2/net/sf/jsptest/jsptest-jsp20/0.11/jsptest-jsp20-0.11.pom
Progress (1): 1.5 kB
Progress (1): 1.7 kB
                    
Downloaded from central: https://repo1.maven.org/maven2/net/sf/jsptest/jsptest-jsp20/0.11/jsptest-jsp20-0.11.pom (1.7 kB at 6.3 kB/s)
Downloading from central: https://repo1.maven.org/maven2/net/sf/jsptest/jsptest/0.11/jsptest-0.11.pom
Progress (1): 1.0 kB
Progress (1): 3.9 kB
Progress (1): 6.8 kB
Progress (1): 7.8 kB
                    
Downloaded from central: https://repo1.maven.org/maven2/net/sf/jsptest/jsptest/0.11/jsptest-0.11.pom (7.8 kB at 31 kB/s)
Downloading from central: https://repo1.maven.org/maven2/net/sf/jsptest/jsptest-framework/0.11/jsptest-framework-0.11.pom
Progress (1): 928 B
                   
Downloaded from central: https://repo1.maven.org/maven2/net/sf/jsptest/jsptest-framework/0.11/jsptest-framework-0.11.pom (928 B at 4.7 kB/s)
Downloading from central: https://repo1.maven.org/maven2/net/sf/jsptest/jsptest-generic/0.11/jsptest-generic-0.11.pom
Progress (1): 1.4 kB
                    
Downloaded from central: https://repo1.maven.org/maven2/net/sf/jsptest/jsptest-generic/0.11/jsptest-generic-0.11.pom (1.4 kB at 5.4 kB/s)
Downloading from central: https://repo1.maven.org/maven2/net/sf/jsptest/jsptest-compiler-api/0.11/jsptest-compiler-api-0.11.pom
Progress (1): 633 B
                   
Downloaded from central: https://repo1.maven.org/maven2/net/sf/jsptest/jsptest-compiler-api/0.11/jsptest-compiler-api-0.11.pom (633 B at 1.7 kB/s)
Downloading from central: https://repo1.maven.org/maven2/jtidy/jtidy/4aug2000r7-dev/jtidy-4aug2000r7-dev.pom
Progress (1): 1.0 kB
Progress (1): 1.3 kB
                    
Downloaded from central: https://repo1.maven.org/maven2/jtidy/jtidy/4aug2000r7-dev/jtidy-4aug2000r7-dev.pom (1.3 kB at 27 kB/s)
Downloading from central: https://repo1.maven.org/maven2/log4j/log4j/1.2.13/log4j-1.2.13.pom
Progress (1): 389 B
                   
Downloaded from central: https://repo1.maven.org/maven2/log4j/log4j/1.2.13/log4j-1.2.13.pom (389 B at 6.2 kB/s)
Downloading from central: https://repo1.maven.org/maven2/jaxen/jaxen/1.1.1/jaxen-1.1.1.pom
Progress (1): 1.6 kB
Progress (1): 3.9 kB
Progress (1): 6.2 kB
Progress (1): 7.5 kB
                    
Downloaded from central: https://repo1.maven.org/maven2/jaxen/jaxen/1.1.1/jaxen-1.1.1.pom (7.5 kB at 159 kB/s)
Downloading from central: https://repo1.maven.org/maven2/net/sf/jsptest/jsptest-common/0.11/jsptest-common-0.11.pom
Progress (1): 647 B
                   
Downloaded from central: https://repo1.maven.org/maven2/net/sf/jsptest/jsptest-common/0.11/jsptest-common-0.11.pom (647 B at 1.8 kB/s)
Downloading from central: https://repo1.maven.org/maven2/javax/servlet/jstl/1.1.2/jstl-1.1.2.pom
Progress (1): 358 B
                   
Downloaded from central: https://repo1.maven.org/maven2/javax/servlet/jstl/1.1.2/jstl-1.1.2.pom (358 B at 9.9 kB/s)
Downloading from central: https://repo1.maven.org/maven2/taglibs/standard/1.1.2/standard-1.1.2.pom
Progress (1): 149 B
                   
Downloaded from central: https://repo1.maven.org/maven2/taglibs/standard/1.1.2/standard-1.1.2.pom (149 B at 2.2 kB/s)
Downloading from central: https://repo1.maven.org/maven2/tomcat/jasper-compiler/5.5.15/jasper-compiler-5.5.15.pom
Progress (1): 919 B
                   
Downloaded from central: https://repo1.maven.org/maven2/tomcat/jasper-compiler/5.5.15/jasper-compiler-5.5.15.pom (919 B at 12 kB/s)
Downloading from central: https://repo1.maven.org/maven2/tomcat/tomcat-parent/5.5.15/tomcat-parent-5.5.15.pom
Progress (1): 898 B
                   
Downloaded from central: https://repo1.maven.org/maven2/tomcat/tomcat-parent/5.5.15/tomcat-parent-5.5.15.pom (898 B at 12 kB/s)
Downloading from central: https://repo1.maven.org/maven2/javax/servlet/jsp-api/2.0/jsp-api-2.0.pom
Progress (1): 362 B
                   
Downloaded from central: https://repo1.maven.org/maven2/javax/servlet/jsp-api/2.0/jsp-api-2.0.pom (362 B at 9.8 kB/s)
Downloading from central: https://repo1.maven.org/maven2/ant/ant/1.6.5/ant-1.6.5.pom
Progress (1): 861 B
                   
Downloaded from central: https://repo1.maven.org/maven2/ant/ant/1.6.5/ant-1.6.5.pom (861 B at 19 kB/s)
Downloading from central: https://repo1.maven.org/maven2/tomcat/jasper-runtime/5.5.15/jasper-runtime-5.5.15.pom
Progress (1): 934 B
                   
Downloaded from central: https://repo1.maven.org/maven2/tomcat/jasper-runtime/5.5.15/jasper-runtime-5.5.15.pom (934 B at 6.2 kB/s)
Downloading from central: https://repo1.maven.org/maven2/commons-el/commons-el/1.0/commons-el-1.0.pom
Progress (1): 1.5 kB
Progress (1): 3.7 kB
Progress (1): 4.1 kB
                    
Downloaded from central: https://repo1.maven.org/maven2/commons-el/commons-el/1.0/commons-el-1.0.pom (4.1 kB at 82 kB/s)
Downloading from central: https://repo1.maven.org/maven2/com/c2/fit/fit/1.1/fit-1.1.pom
Progress (1): 768 B
                   
Downloaded from central: https://repo1.maven.org/maven2/com/c2/fit/fit/1.1/fit-1.1.pom (768 B at 3.0 kB/s)
Downloading from central: https://repo1.maven.org/maven2/org/fitnesse/fitlibrary/20060719/fitlibrary-20060719.pom
Progress (1): 889 B
                   
Downloaded from central: https://repo1.maven.org/maven2/org/fitnesse/fitlibrary/20060719/fitlibrary-20060719.pom (889 B at 12 kB/s)
Downloading from central: https://repo1.maven.org/maven2/org/fitnesse/fitnesse/20060719/fitnesse-20060719.pom
Progress (1): 652 B
                   
Downloaded from central: https://repo1.maven.org/maven2/org/fitnesse/fitnesse/20060719/fitnesse-20060719.pom (652 B at 2.7 kB/s)
Downloading from central: https://repo1.maven.org/maven2/beaninject/beaninject/0.3/beaninject-0.3.pom
[INFO] ------------------------------------------------------------------------
[INFO] BUILD FAILURE
[INFO] ------------------------------------------------------------------------
[INFO] Total time:  11.294 s
[INFO] Finished at: 2026-02-24T21:23:46-05:00
[INFO] ------------------------------------------------------------------------
[ERROR] Failed to execute goal on project sourcecode: Could not collect dependencies for project com.tddinaction:sourcecode:jar:0.1-SNAPSHOT
[ERROR] Failed to read artifact descriptor for org.apache.activemq:activeio-core:jar:3.0.0-incubator
[ERROR] 	Caused by: The following artifacts could not be resolved: org.apache.activemq:activeio-core:pom:3.0.0-incubator (absent): Could not transfer artifact org.apache.activemq:activeio-core:pom:3.0.0-incubator from/to maven-default-http-blocker (http://0.0.0.0/): Blocked mirror for repositories: [jsptest.sf.net (http://jsptest.sf.net/maven2/, default, releases+snapshots), maven2-repository.dev.java.net (http://download.java.net/maven/2/, default, releases+snapshots), maven1-repository.dev.java.net (http://download.java.net/maven/1/, legacy, releases+snapshots), apache.incubating.releases (http://people.apache.org/repo/m2-incubating-repository, default, releases+snapshots), apache.snapshots (http://people.apache.org/repo/m2-snapshot-repository, default, snapshots), laughingpanda.org (http://www.laughingpanda.org/maven2/, default, releases+snapshots)]
[ERROR] Failed to read artifact descriptor for beaninject:beaninject:jar:0.3
[ERROR] 	Caused by: The following artifacts could not be resolved: beaninject:beaninject:pom:0.3 (absent): Could not transfer artifact beaninject:beaninject:pom:0.3 from/to maven-default-http-blocker (http://0.0.0.0/): Blocked mirror for repositories: [jsptest.sf.net (http://jsptest.sf.net/maven2/, default, releases+snapshots), maven2-repository.dev.java.net (http://download.java.net/maven/2/, default, releases+snapshots), maven1-repository.dev.java.net (http://download.java.net/maven/1/, legacy, releases+snapshots), apache.incubating.releases (http://people.apache.org/repo/m2-incubating-repository, default, releases+snapshots), apache.snapshots (http://people.apache.org/repo/m2-snapshot-repository, default, snapshots), laughingpanda.org (http://www.laughingpanda.org/maven2/, default, releases+snapshots)]
[ERROR] 
[ERROR] -> [Help 1]
[ERROR] 
[ERROR] To see the full stack trace of the errors, re-run Maven with the -e switch.
[ERROR] Re-run Maven using the -X switch to enable full debug logging.
[ERROR] 
[ERROR] For more information about the errors and possible solutions, please read the following articles:
[ERROR] [Help 1] http://cwiki.apache.org/confluence/display/MAVEN/DependencyResolutionException

STDERR:
